00:00 +0: loading Y:/AndroidStudioProject/Github/expert-project/test/common_test.dart
00:00 +0: Y:/AndroidStudioProject/Github/expert-project/test/common_test.dart: State Enum RequestState should have Empty, Loading, Loaded, Error values
00:00 +1: Y:/AndroidStudioProject/Github/expert-project/test/common_test.dart: State Enum RequestState values should be distinct
00:00 +2: Y:/AndroidStudioProject/Github/expert-project/test/common_test.dart: State Enum Empty state should represent initial state
00:00 +3: Y:/AndroidStudioProject/Github/expert-project/test/common_test.dart: State Enum Loading state should represent loading state
00:00 +4: Y:/AndroidStudioProject/Github/expert-project/test/common_test.dart: State Enum Loaded state should represent loaded state
00:00 +5: Y:/AndroidStudioProject/Github/expert-project/test/common_test.dart: State Enum Error state should represent error state
00:00 +6: Y:/AndroidStudioProject/Github/expert-project/test/common_test.dart: ServerException ServerException should be an Exception
00:00 +7: Y:/AndroidStudioProject/Github/expert-project/test/common_test.dart: ServerException ServerException can be thrown and caught
00:00 +8: Y:/AndroidStudioProject/Github/expert-project/test/common_test.dart: ServerException ServerException should not be null
00:00 +9: Y:/AndroidStudioProject/Github/expert-project/test/common_test.dart: DatabaseException DatabaseException should have message property
00:00 +10: Y:/AndroidStudioProject/Github/expert-project/test/common_test.dart: DatabaseException DatabaseException should be an Exception
00:00 +11: Y:/AndroidStudioProject/Github/expert-project/test/common_test.dart: DatabaseException DatabaseException can be thrown and caught
00:00 +12: Y:/AndroidStudioProject/Github/expert-project/test/common_test.dart: DatabaseException DatabaseException with different messages
00:00 +13: Y:/AndroidStudioProject/Github/expert-project/test/common_test.dart: CacheException CacheException should have message property
00:00 +14: Y:/AndroidStudioProject/Github/expert-project/test/common_test.dart: CacheException CacheException should be an Exception
00:00 +15: Y:/AndroidStudioProject/Github/expert-project/test/common_test.dart: CacheException CacheException can be thrown and caught
00:00 +16: Y:/AndroidStudioProject/Github/expert-project/test/common_test.dart: CacheException CacheException with different messages
00:00 +17: Y:/AndroidStudioProject/Github/expert-project/test/common_test.dart: Failure ServerFailure should have message
00:00 +18: Y:/AndroidStudioProject/Github/expert-project/test/common_test.dart: Failure ServerFailure props should include message
00:00 +19: Y:/AndroidStudioProject/Github/expert-project/test/common_test.dart: Failure Two ServerFailures with same message should be equal
00:00 +20: Y:/AndroidStudioProject/Github/expert-project/test/common_test.dart: Failure ConnectionFailure should have message
00:00 +21: Y:/AndroidStudioProject/Github/expert-project/test/common_test.dart: Failure ConnectionFailure props should include message
00:00 +22: Y:/AndroidStudioProject/Github/expert-project/test/common_test.dart: Failure DatabaseFailure should have message
00:00 +23: Y:/AndroidStudioProject/Github/expert-project/test/common_test.dart: Failure DatabaseFailure props should include message
00:00 +24: Y:/AndroidStudioProject/Github/expert-project/test/common_test.dart: Failure CacheFailure should have message
00:00 +25: Y:/AndroidStudioProject/Github/expert-project/test/common_test.dart: Failure CacheFailure props should include message
00:00 +26: Y:/AndroidStudioProject/Github/expert-project/test/common_test.dart: Failure Different failure types should not be equal
00:00 +27: Y:/AndroidStudioProject/Github/expert-project/test/common_test.dart: Failure Different failure messages should not be equal
00:00 +28: Y:/AndroidStudioProject/Github/expert-project/test/common_test.dart: NetworkInfo should forward the call to DataConnectionChecker.hasConnection
00:00 +29: Y:/AndroidStudioProject/Github/expert-project/test/common_test.dart: NetworkInfo should return false when there is no connection
00:00 +30: Y:/AndroidStudioProject/Github/expert-project/test/common_test.dart: NetworkInfo should return true when there is connection
00:00 +31: Y:/AndroidStudioProject/Github/expert-project/test/common_test.dart: NetworkInfo NetworkInfo should use DataConnectionChecker
00:00 +32: Y:/AndroidStudioProject/Github/expert-project/test/common_test.dart: Constants BASE_IMAGE_URL should be defined
00:00 +33: Y:/AndroidStudioProject/Github/expert-project/test/common_test.dart: Constants Colors and text styles should be accessible
00:00 +34: Y:/AndroidStudioProject/Github/expert-project/test/data/database_helper_test.dart: DatabaseHelper DatabaseHelper singleton should return same instance
00:00 +35: Y:/AndroidStudioProject/Github/expert-project/test/data/database_helper_test.dart: DatabaseHelper database getter should initialize database
00:00 +35 -1: Y:/AndroidStudioProject/Github/expert-project/test/data/database_helper_test.dart: DatabaseHelper database getter should initialize database [E]
  Bad state: databaseFactory not initialized
  databaseFactory is only initialized when using sqflite. When using `sqflite_common_ffi`
  You must call `databaseFactory = databaseFactoryFfi;` before using global openDatabase API
  
  package:sqflite_common/src/sqflite_database_factory.dart 32:7    databaseFactory.<fn>
  package:sqflite_common/src/sqflite_database_factory.dart 36:6    databaseFactory
  package:sqflite_common/sqflite.dart 111:38                       getDatabasesPath
  package:ditonton/data/datasources/db/database_helper.dart 28:24  DatabaseHelper._initDb
  package:ditonton/data/datasources/db/database_helper.dart 19:25  DatabaseHelper.database
  test\data\database_helper_test.dart 21:39                        main.<fn>.<fn>
  
00:00 +35 -1: Y:/AndroidStudioProject/Github/expert-project/test/data/database_helper_test.dart: DatabaseHelper insertWatchlistGeneral should insert watchlist to database
00:00 +35 -2: Y:/AndroidStudioProject/Github/expert-project/test/data/database_helper_test.dart: DatabaseHelper insertWatchlistGeneral should insert watchlist to database [E]
  Bad state: databaseFactory not initialized
  databaseFactory is only initialized when using sqflite. When using `sqflite_common_ffi`
  You must call `databaseFactory = databaseFactoryFfi;` before using global openDatabase API
  
  package:sqflite_common/src/sqflite_database_factory.dart 32:7    databaseFactory.<fn>
  package:sqflite_common/src/sqflite_database_factory.dart 36:6    databaseFactory
  package:sqflite_common/sqflite.dart 111:38                       getDatabasesPath
  package:ditonton/data/datasources/db/database_helper.dart 28:24  DatabaseHelper._initDb
  package:ditonton/data/datasources/db/database_helper.dart 19:25  DatabaseHelper.database
  package:ditonton/data/datasources/db/database_helper.dart 89:22  DatabaseHelper.insertWatchlistGeneral
  test\data\database_helper_test.dart 34:43                        main.<fn>.<fn>
  
00:00 +35 -2: Y:/AndroidStudioProject/Github/expert-project/test/data/database_helper_test.dart: DatabaseHelper getWatchlist should return list of watchlist
00:00 +35 -3: Y:/AndroidStudioProject/Github/expert-project/test/data/database_helper_test.dart: DatabaseHelper getWatchlist should return list of watchlist [E]
  Bad state: databaseFactory not initialized
  databaseFactory is only initialized when using sqflite. When using `sqflite_common_ffi`
  You must call `databaseFactory = databaseFactoryFfi;` before using global openDatabase API
  
  package:sqflite_common/src/sqflite_database_factory.dart 32:7    databaseFactory.<fn>
  package:sqflite_common/src/sqflite_database_factory.dart 36:6    databaseFactory
  package:sqflite_common/sqflite.dart 111:38                       getDatabasesPath
  package:ditonton/data/datasources/db/database_helper.dart 28:24  DatabaseHelper._initDb
  package:ditonton/data/datasources/db/database_helper.dart 19:25  DatabaseHelper.database
  package:ditonton/data/datasources/db/database_helper.dart 89:22  DatabaseHelper.insertWatchlistGeneral
  test\data\database_helper_test.dart 48:28                        main.<fn>.<fn>
  
00:00 +35 -3: Y:/AndroidStudioProject/Github/expert-project/test/data/database_helper_test.dart: DatabaseHelper getWatchlistById should return watchlist by id
00:00 +35 -4: Y:/AndroidStudioProject/Github/expert-project/test/data/database_helper_test.dart: DatabaseHelper getWatchlistById should return watchlist by id [E]
  Bad state: databaseFactory not initialized
  databaseFactory is only initialized when using sqflite. When using `sqflite_common_ffi`
  You must call `databaseFactory = databaseFactoryFfi;` before using global openDatabase API
  
  package:sqflite_common/src/sqflite_database_factory.dart 32:7    databaseFactory.<fn>
  package:sqflite_common/src/sqflite_database_factory.dart 36:6    databaseFactory
  package:sqflite_common/sqflite.dart 111:38                       getDatabasesPath
  package:ditonton/data/datasources/db/database_helper.dart 28:24  DatabaseHelper._initDb
  package:ditonton/data/datasources/db/database_helper.dart 19:25  DatabaseHelper.database
  package:ditonton/data/datasources/db/database_helper.dart 89:22  DatabaseHelper.insertWatchlistGeneral
  test\data\database_helper_test.dart 63:28                        main.<fn>.<fn>
  
00:00 +35 -4: Y:/AndroidStudioProject/Github/expert-project/test/data/database_helper_test.dart: DatabaseHelper removeWatchlist should return integer result
00:00 +35 -5: Y:/AndroidStudioProject/Github/expert-project/test/data/database_helper_test.dart: DatabaseHelper removeWatchlist should return integer result [E]
  Bad state: databaseFactory not initialized
  databaseFactory is only initialized when using sqflite. When using `sqflite_common_ffi`
  You must call `databaseFactory = databaseFactoryFfi;` before using global openDatabase API
  
  package:sqflite_common/src/sqflite_database_factory.dart 32:7    databaseFactory.<fn>
  package:sqflite_common/src/sqflite_database_factory.dart 36:6    databaseFactory
  package:sqflite_common/sqflite.dart 111:38                       getDatabasesPath
  package:ditonton/data/datasources/db/database_helper.dart 28:24  DatabaseHelper._initDb
  package:ditonton/data/datasources/db/database_helper.dart 19:25  DatabaseHelper.database
  package:ditonton/data/datasources/db/database_helper.dart 89:22  DatabaseHelper.insertWatchlistGeneral
  test\data\database_helper_test.dart 78:28                        main.<fn>.<fn>
  
00:00 +35 -5: Y:/AndroidStudioProject/Github/expert-project/test/data/database_helper_test.dart: DatabaseHelper insertCacheTransaction should work
00:00 +35 -6: Y:/AndroidStudioProject/Github/expert-project/test/data/database_helper_test.dart: DatabaseHelper insertCacheTransaction should work [E]
  Bad state: databaseFactory not initialized
  databaseFactory is only initialized when using sqflite. When using `sqflite_common_ffi`
  You must call `databaseFactory = databaseFactoryFfi;` before using global openDatabase API
  
  package:sqflite_common/src/sqflite_database_factory.dart 32:7    databaseFactory.<fn>
  package:sqflite_common/src/sqflite_database_factory.dart 36:6    databaseFactory
  package:sqflite_common/sqflite.dart 111:38                       getDatabasesPath
  package:ditonton/data/datasources/db/database_helper.dart 28:24  DatabaseHelper._initDb
  package:ditonton/data/datasources/db/database_helper.dart 19:25  DatabaseHelper.database
  package:ditonton/data/datasources/db/database_helper.dart 58:22  DatabaseHelper.insertCacheTransaction
  test\data\database_helper_test.dart 92:28                        main.<fn>.<fn>
  
00:00 +35 -6: Y:/AndroidStudioProject/Github/expert-project/test/data/database_helper_test.dart: DatabaseHelper getCacheMovies should return list
00:00 +35 -7: Y:/AndroidStudioProject/Github/expert-project/test/data/database_helper_test.dart: DatabaseHelper getCacheMovies should return list [E]
  Bad state: databaseFactory not initialized
  databaseFactory is only initialized when using sqflite. When using `sqflite_common_ffi`
  You must call `databaseFactory = databaseFactoryFfi;` before using global openDatabase API
  
  package:sqflite_common/src/sqflite_database_factory.dart 32:7    databaseFactory.<fn>
  package:sqflite_common/src/sqflite_database_factory.dart 36:6    databaseFactory
  package:sqflite_common/sqflite.dart 111:38                       getDatabasesPath
  package:ditonton/data/datasources/db/database_helper.dart 28:24  DatabaseHelper._initDb
  package:ditonton/data/datasources/db/database_helper.dart 19:25  DatabaseHelper.database
  package:ditonton/data/datasources/db/database_helper.dart 69:22  DatabaseHelper.getCacheMovies
  test\data\database_helper_test.dart 99:43                        main.<fn>.<fn>
  
00:00 +35 -7: Y:/AndroidStudioProject/Github/expert-project/test/data/database_helper_test.dart: DatabaseHelper clearCache should return integer
00:00 +35 -8: Y:/AndroidStudioProject/Github/expert-project/test/data/database_helper_test.dart: DatabaseHelper clearCache should return integer [E]
  Bad state: databaseFactory not initialized
  databaseFactory is only initialized when using sqflite. When using `sqflite_common_ffi`
  You must call `databaseFactory = databaseFactoryFfi;` before using global openDatabase API
  
  package:sqflite_common/src/sqflite_database_factory.dart 32:7    databaseFactory.<fn>
  package:sqflite_common/src/sqflite_database_factory.dart 36:6    databaseFactory
  package:sqflite_common/sqflite.dart 111:38                       getDatabasesPath
  package:ditonton/data/datasources/db/database_helper.dart 28:24  DatabaseHelper._initDb
  package:ditonton/data/datasources/db/database_helper.dart 19:25  DatabaseHelper.database
  package:ditonton/data/datasources/db/database_helper.dart 58:22  DatabaseHelper.insertCacheTransaction
  test\data\database_helper_test.dart 111:28                       main.<fn>.<fn>
  
00:00 +35 -8: Y:/AndroidStudioProject/Github/expert-project/test/data/database_helper_test.dart: DatabaseHelper getWatchlistById should handle non-existent id
00:00 +35 -9: Y:/AndroidStudioProject/Github/expert-project/test/data/database_helper_test.dart: DatabaseHelper getWatchlistById should handle non-existent id [E]
  Bad state: databaseFactory not initialized
  databaseFactory is only initialized when using sqflite. When using `sqflite_common_ffi`
  You must call `databaseFactory = databaseFactoryFfi;` before using global openDatabase API
  
  package:sqflite_common/src/sqflite_database_factory.dart 32:7     databaseFactory.<fn>
  package:sqflite_common/src/sqflite_database_factory.dart 36:6     databaseFactory
  package:sqflite_common/sqflite.dart 111:38                        getDatabasesPath
  package:ditonton/data/datasources/db/database_helper.dart 28:24   DatabaseHelper._initDb
  package:ditonton/data/datasources/db/database_helper.dart 19:25   DatabaseHelper.database
  package:ditonton/data/datasources/db/database_helper.dart 103:22  DatabaseHelper.getWatchlistById
  test\data\database_helper_test.dart 118:43                        main.<fn>.<fn>
  
00:00 +35 -9: Y:/AndroidStudioProject/Github/expert-project/test/data/database_helper_test.dart: DatabaseHelper DatabaseHelper should handle multiple operations
00:00 +35 -10: Y:/AndroidStudioProject/Github/expert-project/test/data/database_helper_test.dart: DatabaseHelper DatabaseHelper should handle multiple operations [E]
  Bad state: databaseFactory not initialized
  databaseFactory is only initialized when using sqflite. When using `sqflite_common_ffi`
  You must call `databaseFactory = databaseFactoryFfi;` before using global openDatabase API
  
  package:sqflite_common/src/sqflite_database_factory.dart 32:7    databaseFactory.<fn>
  package:sqflite_common/src/sqflite_database_factory.dart 36:6    databaseFactory
  package:sqflite_common/sqflite.dart 111:38                       getDatabasesPath
  package:ditonton/data/datasources/db/database_helper.dart 28:24  DatabaseHelper._initDb
  package:ditonton/data/datasources/db/database_helper.dart 19:25  DatabaseHelper.database
  package:ditonton/data/datasources/db/database_helper.dart 89:22  DatabaseHelper.insertWatchlistGeneral
  test\data\database_helper_test.dart 139:28                       main.<fn>.<fn>
  
00:00 +35 -10: Y:/AndroidStudioProject/Github/expert-project/test/data/database_helper_test.dart: DatabaseHelper insertCacheTransaction should handle multiple movies
00:00 +35 -11: Y:/AndroidStudioProject/Github/expert-project/test/data/database_helper_test.dart: DatabaseHelper insertCacheTransaction should handle multiple movies [E]
  Bad state: databaseFactory not initialized
  databaseFactory is only initialized when using sqflite. When using `sqflite_common_ffi`
  You must call `databaseFactory = databaseFactoryFfi;` before using global openDatabase API
  
  package:sqflite_common/src/sqflite_database_factory.dart 32:7    databaseFactory.<fn>
  package:sqflite_common/src/sqflite_database_factory.dart 36:6    databaseFactory
  package:sqflite_common/sqflite.dart 111:38                       getDatabasesPath
  package:ditonton/data/datasources/db/database_helper.dart 28:24  DatabaseHelper._initDb
  package:ditonton/data/datasources/db/database_helper.dart 19:25  DatabaseHelper.database
  package:ditonton/data/datasources/db/database_helper.dart 58:22  DatabaseHelper.insertCacheTransaction
  test\data\database_helper_test.dart 162:28                       main.<fn>.<fn>
  
00:00 +35 -11: Y:/AndroidStudioProject/Github/expert-project/test/data/database_helper_test.dart: DatabaseHelper removeWatchlist should return 0 for non-existent watchlist
00:00 +35 -12: Y:/AndroidStudioProject/Github/expert-project/test/data/database_helper_test.dart: DatabaseHelper removeWatchlist should return 0 for non-existent watchlist [E]
  Bad state: databaseFactory not initialized
  databaseFactory is only initialized when using sqflite. When using `sqflite_common_ffi`
  You must call `databaseFactory = databaseFactoryFfi;` before using global openDatabase API
  
  package:sqflite_common/src/sqflite_database_factory.dart 32:7    databaseFactory.<fn>
  package:sqflite_common/src/sqflite_database_factory.dart 36:6    databaseFactory
  package:sqflite_common/sqflite.dart 111:38                       getDatabasesPath
  package:ditonton/data/datasources/db/database_helper.dart 28:24  DatabaseHelper._initDb
  package:ditonton/data/datasources/db/database_helper.dart 19:25  DatabaseHelper.database
  package:ditonton/data/datasources/db/database_helper.dart 94:22  DatabaseHelper.removeWatchlist
  test\data\database_helper_test.dart 169:43                       main.<fn>.<fn>
  
00:00 +35 -12: Y:/AndroidStudioProject/Github/expert-project/test/data/database_helper_test.dart: DatabaseHelper Different cache categories should be separate
00:00 +35 -13: Y:/AndroidStudioProject/Github/expert-project/test/data/database_helper_test.dart: DatabaseHelper Different cache categories should be separate [E]
  Bad state: databaseFactory not initialized
  databaseFactory is only initialized when using sqflite. When using `sqflite_common_ffi`
  You must call `databaseFactory = databaseFactoryFfi;` before using global openDatabase API
  
  package:sqflite_common/src/sqflite_database_factory.dart 32:7    databaseFactory.<fn>
  package:sqflite_common/src/sqflite_database_factory.dart 36:6    databaseFactory
  package:sqflite_common/sqflite.dart 111:38                       getDatabasesPath
  package:ditonton/data/datasources/db/database_helper.dart 28:24  DatabaseHelper._initDb
  package:ditonton/data/datasources/db/database_helper.dart 19:25  DatabaseHelper.database
  package:ditonton/data/datasources/db/database_helper.dart 58:22  DatabaseHelper.insertCacheTransaction
  test\data\database_helper_test.dart 188:28                       main.<fn>.<fn>
  
00:00 +35 -13: Y:/AndroidStudioProject/Github/expert-project/test/data/datasources/movie_local_data_source_test.dart: cache now playing movies should call database helper to save data
00:01 +36 -13: Y:/AndroidStudioProject/Github/expert-project/test/data/datasources/movie_local_data_source_test.dart: cache now playing movies should return list of movies from db when data exist
00:01 +37 -13: Y:/AndroidStudioProject/Github/expert-project/test/data/datasources/movie_local_data_source_test.dart: cache now playing movies should throw CacheException when cache data is not exist
00:01 +38 -13: Y:/AndroidStudioProject/Github/expert-project/test/data/datasources/movie_remote_data_source_test.dart: get Now Playing Movies should return list of Movie Model when the response code is 200
00:01 +39 -13: Y:/AndroidStudioProject/Github/expert-project/test/data/datasources/movie_remote_data_source_test.dart: get Now Playing Movies should throw a ServerException when the response code is 404 or other
00:01 +40 -13: Y:/AndroidStudioProject/Github/expert-project/test/data/datasources/movie_remote_data_source_test.dart: get Popular Movies should return list of movies when response is success (200)
00:01 +41 -13: Y:/AndroidStudioProject/Github/expert-project/test/data/datasources/movie_remote_data_source_test.dart: get Popular Movies should throw a ServerException when the response code is 404 or other
00:01 +42 -13: Y:/AndroidStudioProject/Github/expert-project/test/data/datasources/movie_remote_data_source_test.dart: get Top Rated Movies should return list of movies when response code is 200 
00:01 +43 -13: Y:/AndroidStudioProject/Github/expert-project/test/data/datasources/movie_remote_data_source_test.dart: get Top Rated Movies should throw ServerException when response code is other than 200
00:01 +44 -13: Y:/AndroidStudioProject/Github/expert-project/test/data/datasources/movie_remote_data_source_test.dart: get movie detail should return movie detail when the response code is 200
00:01 +45 -13: Y:/AndroidStudioProject/Github/expert-project/test/data/datasources/movie_remote_data_source_test.dart: get movie detail should throw Server Exception when the response code is 404 or other
00:01 +46 -13: Y:/AndroidStudioProject/Github/expert-project/test/data/datasources/movie_remote_data_source_test.dart: get movie recommendations should return list of Movie Model when the response code is 200
00:01 +47 -13: Y:/AndroidStudioProject/Github/expert-project/test/data/datasources/movie_remote_data_source_test.dart: get movie recommendations should throw Server Exception when the response code is 404 or other
00:01 +48 -13: Y:/AndroidStudioProject/Github/expert-project/test/data/datasources/movie_remote_data_source_test.dart: search movies should return list of movies when response code is 200
00:01 +49 -13: Y:/AndroidStudioProject/Github/expert-project/test/data/datasources/movie_remote_data_source_test.dart: search movies should throw ServerException when response code is other than 200
00:01 +50 -13: loading Y:/AndroidStudioProject/Github/expert-project/test/data/datasources/tv_local_data_source_test.dart
00:03 +50 -13: Y:/AndroidStudioProject/Github/expert-project/test/data/datasources/tv_local_data_source_test.dart: should be able to be instantiated
00:03 +51 -13: Y:/AndroidStudioProject/Github/expert-project/test/data/datasources/tv_remote_data_source_test.dart: get On The Air TV Series should return list of Tv Model when the response code is 200
00:04 +52 -13: Y:/AndroidStudioProject/Github/expert-project/test/data/datasources/tv_remote_data_source_test.dart: get On The Air TV Series should throw a ServerException when the response code is 404 or other
00:04 +53 -13: Y:/AndroidStudioProject/Github/expert-project/test/data/datasources/tv_remote_data_source_test.dart: get Popular TV Series should return list of tv models when response code is 200
00:04 +54 -13: Y:/AndroidStudioProject/Github/expert-project/test/data/datasources/tv_remote_data_source_test.dart: get Popular TV Series should throw ServerException when response code is 404 or other
00:04 +55 -13: Y:/AndroidStudioProject/Github/expert-project/test/data/datasources/tv_remote_data_source_test.dart: get Top Rated TV Series should return list of tv models when response code is 200
00:04 +56 -13: Y:/AndroidStudioProject/Github/expert-project/test/data/datasources/tv_remote_data_source_test.dart: get Top Rated TV Series should throw ServerException when response code is 404 or other
00:04 +57 -13: Y:/AndroidStudioProject/Github/expert-project/test/data/datasources/tv_remote_data_source_test.dart: get tv detail should return tv detail when the response code is 200
00:04 +58 -13: Y:/AndroidStudioProject/Github/expert-project/test/data/datasources/tv_remote_data_source_test.dart: get tv detail should throw ServerException when the response code is 404 or other
00:04 +59 -13: Y:/AndroidStudioProject/Github/expert-project/test/data/datasources/tv_remote_data_source_test.dart: get tv recommendations should return list of Tv Model when the response code is 200
00:04 +60 -13: Y:/AndroidStudioProject/Github/expert-project/test/data/datasources/tv_remote_data_source_test.dart: get tv recommendations should throw ServerException when the response code is 404 or other
00:04 +61 -13: Y:/AndroidStudioProject/Github/expert-project/test/data/datasources/tv_remote_data_source_test.dart: search tv should return list of tv models when response code is 200
00:04 +62 -13: Y:/AndroidStudioProject/Github/expert-project/test/data/datasources/tv_remote_data_source_test.dart: search tv should throw ServerException when response code is 404 or other
00:04 +63 -13: Y:/AndroidStudioProject/Github/expert-project/test/data/datasources/watchlist_local_data_source_test.dart: insert watchlist should return success message when insert to database is success
00:04 +64 -13: Y:/AndroidStudioProject/Github/expert-project/test/data/datasources/watchlist_local_data_source_test.dart: insert watchlist should throw DatabaseException when insert to database is failed
00:04 +65 -13: Y:/AndroidStudioProject/Github/expert-project/test/data/datasources/watchlist_local_data_source_test.dart: remove watchlist should return success message when remove from database is success
00:04 +66 -13: Y:/AndroidStudioProject/Github/expert-project/test/data/datasources/watchlist_local_data_source_test.dart: remove watchlist should throw DatabaseException when remove from database is failed
00:04 +67 -13: Y:/AndroidStudioProject/Github/expert-project/test/data/datasources/watchlist_local_data_source_test.dart: get watchlist by id should return Watchlist Table when data is found
00:04 +68 -13: Y:/AndroidStudioProject/Github/expert-project/test/data/datasources/watchlist_local_data_source_test.dart: get watchlist by id should return null when data is not found
00:04 +69 -13: Y:/AndroidStudioProject/Github/expert-project/test/data/datasources/watchlist_local_data_source_test.dart: get watchlist should return list of WatchlistTable from database
00:04 +70 -13: Y:/AndroidStudioProject/Github/expert-project/test/data/models/genre_model_test.dart: fromJson should return a valid model from JSON
00:04 +71 -13: Y:/AndroidStudioProject/Github/expert-project/test/data/models/genre_model_test.dart: toJson should return a JSON map containing proper data
00:06 +72 -13: Y:/AndroidStudioProject/Github/expert-project/test/data/models/movie_detail_model_test.dart: fromJson should return a valid model from JSON
00:06 +73 -13: Y:/AndroidStudioProject/Github/expert-project/test/data/models/movie_detail_model_test.dart: toJson should return a JSON map containing proper data
00:07 +74 -13: Y:/AndroidStudioProject/Github/expert-project/test/data/models/movie_model_test.dart: should be a subclass of Movie entity
00:07 +75 -13: Y:/AndroidStudioProject/Github/expert-project/test/data/models/movie_response_model_test.dart: fromJson should return a valid model from JSON
00:07 +76 -13: Y:/AndroidStudioProject/Github/expert-project/test/data/models/movie_response_model_test.dart: toJson should return a JSON map containing proper data
00:07 +77 -13: Y:/AndroidStudioProject/Github/expert-project/test/data/models/movie_table_test.dart: should return a JSON map from MovieTable
00:08 +78 -13: Y:/AndroidStudioProject/Github/expert-project/test/data/models/season_model_test.dart: toJson should return a JSON map containing proper data
00:09 +79 -13: Y:/AndroidStudioProject/Github/expert-project/test/data/models/tv_detail_model_test.dart: fromJson should return a valid model from JSON
00:09 +80 -13: Y:/AndroidStudioProject/Github/expert-project/test/data/models/tv_detail_model_test.dart: toJson should return a JSON map containing proper data
00:10 +81 -13: Y:/AndroidStudioProject/Github/expert-project/test/data/models/tv_model_test.dart: should be a subclass of Tv entity
00:10 +82 -13: Y:/AndroidStudioProject/Github/expert-project/test/data/models/tv_response_model_test.dart: fromJson should return a valid model from JSON
00:10 +83 -13: Y:/AndroidStudioProject/Github/expert-project/test/data/models/tv_response_model_test.dart: toJson should return a JSON map containing proper data
00:12 +84 -13: Y:/AndroidStudioProject/Github/expert-project/test/data/models/tv_table_test.dart: should return a JSON map from TvTable
00:12 +85 -13: Y:/AndroidStudioProject/Github/expert-project/test/data/models/watchlist_table_test.dart: should return a JSON map from WatchlistTable
00:12 +86 -13: Y:/AndroidStudioProject/Github/expert-project/test/data/models/watchlist_table_test.dart: should return a Watchlist entity from WatchlistTable
00:13 +87 -13: Y:/AndroidStudioProject/Github/expert-project/test/data/repositories/movie_repository_impl_test.dart: Now Playing Movies should check if the device is online
00:13 +88 -13: Y:/AndroidStudioProject/Github/expert-project/test/data/repositories/movie_repository_impl_test.dart: Now Playing Movies when device is online should return remote data when the call to remote data source is successful
00:13 +89 -13: Y:/AndroidStudioProject/Github/expert-project/test/data/repositories/movie_repository_impl_test.dart: Now Playing Movies when device is online should cache data locally when the call to remote data source is successful
00:13 +90 -13: Y:/AndroidStudioProject/Github/expert-project/test/data/repositories/movie_repository_impl_test.dart: Now Playing Movies when device is online should return server failure when the call to remote data source is unsuccessful
00:13 +91 -13: Y:/AndroidStudioProject/Github/expert-project/test/data/repositories/movie_repository_impl_test.dart: Now Playing Movies when device is offline should return cached data when device is offline
00:13 +92 -13: Y:/AndroidStudioProject/Github/expert-project/test/data/repositories/movie_repository_impl_test.dart: Now Playing Movies when device is offline should return CacheFailure when app has no cache
00:13 +93 -13: Y:/AndroidStudioProject/Github/expert-project/test/data/repositories/movie_repository_impl_test.dart: Popular Movies should return movie list when call to data source is success
00:13 +94 -13: Y:/AndroidStudioProject/Github/expert-project/test/data/repositories/movie_repository_impl_test.dart: Popular Movies should return server failure when call to data source is unsuccessful
00:13 +95 -13: Y:/AndroidStudioProject/Github/expert-project/test/data/repositories/movie_repository_impl_test.dart: Popular Movies should return connection failure when device is not connected to the internet
00:13 +96 -13: Y:/AndroidStudioProject/Github/expert-project/test/data/repositories/movie_repository_impl_test.dart: Top Rated Movies should return movie list when call to data source is successful
00:13 +97 -13: Y:/AndroidStudioProject/Github/expert-project/test/data/repositories/movie_repository_impl_test.dart: Top Rated Movies should return ServerFailure when call to data source is unsuccessful
00:13 +98 -13: Y:/AndroidStudioProject/Github/expert-project/test/data/repositories/movie_repository_impl_test.dart: Top Rated Movies should return ConnectionFailure when device is not connected to the internet
00:13 +99 -13: Y:/AndroidStudioProject/Github/expert-project/test/data/repositories/movie_repository_impl_test.dart: Get Movie Detail should return Movie data when the call to remote data source is successful
00:13 +100 -13: Y:/AndroidStudioProject/Github/expert-project/test/data/repositories/movie_repository_impl_test.dart: Get Movie Detail should return Server Failure when the call to remote data source is unsuccessful
00:13 +101 -13: Y:/AndroidStudioProject/Github/expert-project/test/data/repositories/movie_repository_impl_test.dart: Get Movie Detail should return connection failure when the device is not connected to internet
00:13 +102 -13: Y:/AndroidStudioProject/Github/expert-project/test/data/repositories/movie_repository_impl_test.dart: Get Movie Recommendations should return data (movie list) when the call is successful
00:13 +103 -13: Y:/AndroidStudioProject/Github/expert-project/test/data/repositories/movie_repository_impl_test.dart: Get Movie Recommendations should return server failure when call to remote data source is unsuccessful
00:13 +104 -13: Y:/AndroidStudioProject/Github/expert-project/test/data/repositories/movie_repository_impl_test.dart: Get Movie Recommendations should return connection failure when the device is not connected to the internet
00:13 +105 -13: Y:/AndroidStudioProject/Github/expert-project/test/data/repositories/movie_repository_impl_test.dart: Seach Movies should return movie list when call to data source is successful
00:13 +106 -13: Y:/AndroidStudioProject/Github/expert-project/test/data/repositories/movie_repository_impl_test.dart: Seach Movies should return ServerFailure when call to data source is unsuccessful
00:13 +107 -13: Y:/AndroidStudioProject/Github/expert-project/test/data/repositories/movie_repository_impl_test.dart: Seach Movies should return ConnectionFailure when device is not connected to the internet
00:14 +108 -13: Y:/AndroidStudioProject/Github/expert-project/test/data/repositories/tv_repository_impl_test.dart: On The Air TV Series should return remote data when the call to remote data source is successful
00:14 +109 -13: Y:/AndroidStudioProject/Github/expert-project/test/data/repositories/tv_repository_impl_test.dart: On The Air TV Series should return server failure when the call to remote data source is unsuccessful
00:14 +110 -13: Y:/AndroidStudioProject/Github/expert-project/test/data/repositories/tv_repository_impl_test.dart: On The Air TV Series should return connection failure when the device is not connected to internet
00:14 +111 -13: Y:/AndroidStudioProject/Github/expert-project/test/data/repositories/tv_repository_impl_test.dart: Popular TV Series should return tv list when call to remote data source is success
00:14 +112 -13: Y:/AndroidStudioProject/Github/expert-project/test/data/repositories/tv_repository_impl_test.dart: Popular TV Series should return server failure when call to remote data source is unsuccessful
00:14 +113 -13: Y:/AndroidStudioProject/Github/expert-project/test/data/repositories/tv_repository_impl_test.dart: Popular TV Series should return connection failure when device is not connected to the internet
00:14 +114 -13: Y:/AndroidStudioProject/Github/expert-project/test/data/repositories/tv_repository_impl_test.dart: Top Rated TV Series should return tv list when call to remote data source is success
00:14 +115 -13: Y:/AndroidStudioProject/Github/expert-project/test/data/repositories/tv_repository_impl_test.dart: Top Rated TV Series should return server failure when call to remote data source is unsuccessful
00:14 +116 -13: Y:/AndroidStudioProject/Github/expert-project/test/data/repositories/tv_repository_impl_test.dart: Top Rated TV Series should return connection failure when device is not connected to the internet
00:14 +117 -13: Y:/AndroidStudioProject/Github/expert-project/test/data/repositories/tv_repository_impl_test.dart: Get TV Detail should return TV data when the call to remote data source is successful
00:14 +118 -13: Y:/AndroidStudioProject/Github/expert-project/test/data/repositories/tv_repository_impl_test.dart: Get TV Detail should return Server Failure when the call to remote data source is unsuccessful
00:14 +119 -13: Y:/AndroidStudioProject/Github/expert-project/test/data/repositories/tv_repository_impl_test.dart: Get TV Detail should return connection failure when the device is not connected to internet
00:14 +120 -13: Y:/AndroidStudioProject/Github/expert-project/test/data/repositories/tv_repository_impl_test.dart: Get TV Recommendations should return data (tv list) when the call is successful
00:14 +121 -13: Y:/AndroidStudioProject/Github/expert-project/test/data/repositories/tv_repository_impl_test.dart: Get TV Recommendations should return Server Failure when call to remote data source is unsuccessful
00:14 +122 -13: Y:/AndroidStudioProject/Github/expert-project/test/data/repositories/tv_repository_impl_test.dart: Get TV Recommendations should return connection failure when the device is not connected to internet
00:14 +123 -13: Y:/AndroidStudioProject/Github/expert-project/test/data/repositories/tv_repository_impl_test.dart: Search TV Series should return tv list when call to remote data source is success
00:14 +124 -13: Y:/AndroidStudioProject/Github/expert-project/test/data/repositories/tv_repository_impl_test.dart: Search TV Series should return ServerFailure when call to remote data source is unsuccessful
00:14 +125 -13: Y:/AndroidStudioProject/Github/expert-project/test/data/repositories/tv_repository_impl_test.dart: Search TV Series should return ConnectionFailure when device is not connected to the internet
00:14 +126 -13: Y:/AndroidStudioProject/Github/expert-project/test/data/repositories/watchlist_repository_impl_test.dart: save watchlist should return success message when saving successful
00:14 +127 -13: Y:/AndroidStudioProject/Github/expert-project/test/data/repositories/watchlist_repository_impl_test.dart: save watchlist should return DatabaseFailure when saving unsuccessful
00:14 +128 -13: Y:/AndroidStudioProject/Github/expert-project/test/data/repositories/watchlist_repository_impl_test.dart: remove watchlist should return success message when remove successful
00:14 +129 -13: Y:/AndroidStudioProject/Github/expert-project/test/data/repositories/watchlist_repository_impl_test.dart: remove watchlist should return DatabaseFailure when remove unsuccessful
00:14 +130 -13: Y:/AndroidStudioProject/Github/expert-project/test/data/repositories/watchlist_repository_impl_test.dart: get watchlist status should return watch status whether data is found
00:14 +131 -13: Y:/AndroidStudioProject/Github/expert-project/test/data/repositories/watchlist_repository_impl_test.dart: get watchlist status should return false when data is not found
00:14 +132 -13: Y:/AndroidStudioProject/Github/expert-project/test/data/repositories/watchlist_repository_impl_test.dart: get watchlist should return list of Watchlist
00:15 +133 -13: Y:/AndroidStudioProject/Github/expert-project/test/domain/entities/genre_entity_test.dart: Genre Entity Genre entity should have correct properties
00:15 +134 -13: Y:/AndroidStudioProject/Github/expert-project/test/domain/entities/genre_entity_test.dart: Genre Entity Two Genre entities with same properties should be equal
00:15 +135 -13: Y:/AndroidStudioProject/Github/expert-project/test/domain/entities/genre_entity_test.dart: Genre Entity Genre entities with different id should not be equal
00:15 +136 -13: Y:/AndroidStudioProject/Github/expert-project/test/domain/entities/genre_entity_test.dart: Genre Entity Genre entities with different name should not be equal
00:15 +137 -13: Y:/AndroidStudioProject/Github/expert-project/test/domain/entities/genre_entity_test.dart: Genre Entity Genre props should include id and name
00:15 +138 -13: Y:/AndroidStudioProject/Github/expert-project/test/domain/entities/genre_entity_test.dart: Genre Entity Multiple genres with same properties should be equal
00:16 +139 -13: Y:/AndroidStudioProject/Github/expert-project/test/domain/entities/movie_detail_entity_test.dart: MovieDetail Entity MovieDetail entity should have correct properties
00:16 +140 -13: Y:/AndroidStudioProject/Github/expert-project/test/domain/entities/movie_detail_entity_test.dart: MovieDetail Entity MovieDetail with null backdrop path should work correctly
00:16 +141 -13: Y:/AndroidStudioProject/Github/expert-project/test/domain/entities/movie_detail_entity_test.dart: MovieDetail Entity Two MovieDetail entities with same properties should be equal
00:16 +142 -13: Y:/AndroidStudioProject/Github/expert-project/test/domain/entities/movie_detail_entity_test.dart: MovieDetail Entity Different MovieDetail entities should not be equal
00:16 +143 -13: Y:/AndroidStudioProject/Github/expert-project/test/domain/entities/movie_detail_entity_test.dart: MovieDetail Entity MovieDetail with multiple genres should work correctly
00:17 +144 -13: Y:/AndroidStudioProject/Github/expert-project/test/domain/entities/movie_entity_test.dart: Movie Entity Movie entity should have correct properties
00:17 +145 -13: Y:/AndroidStudioProject/Github/expert-project/test/domain/entities/movie_entity_test.dart: Movie Entity Movie.watchlist constructor should create movie with null optional fields
00:17 +146 -13: Y:/AndroidStudioProject/Github/expert-project/test/domain/entities/movie_entity_test.dart: Movie Entity Two Movie entities with same properties should be equal
00:17 +147 -13: Y:/AndroidStudioProject/Github/expert-project/test/domain/entities/movie_entity_test.dart: Movie Entity Movie.watchlist entities with same properties should be equal
00:17 +148 -13: Y:/AndroidStudioProject/Github/expert-project/test/domain/entities/movie_entity_test.dart: Movie Entity Movie entity with null optional fields should work correctly
00:17 +149 -13: Y:/AndroidStudioProject/Github/expert-project/test/domain/entities/movie_entity_test.dart: Movie Entity Movie entity should support stringify
00:17 +150 -13: Y:/AndroidStudioProject/Github/expert-project/test/domain/entities/movie_entity_test.dart: Movie Entity Different movies should not be equal
00:17 +151 -13: Y:/AndroidStudioProject/Github/expert-project/test/domain/entities/season_entity_test.dart: Season Entity Season entity should have correct properties
00:18 +152 -13: Y:/AndroidStudioProject/Github/expert-project/test/domain/entities/season_entity_test.dart: Season Entity Season entity with null optional fields should work correctly
00:18 +153 -13: Y:/AndroidStudioProject/Github/expert-project/test/domain/entities/season_entity_test.dart: Season Entity Two Season entities with same properties should be equal
00:18 +154 -13: Y:/AndroidStudioProject/Github/expert-project/test/domain/entities/season_entity_test.dart: Season Entity Different seasons should not be equal
00:18 +155 -13: Y:/AndroidStudioProject/Github/expert-project/test/domain/entities/season_entity_test.dart: Season Entity Season props should include all properties
00:18 +156 -13: Y:/AndroidStudioProject/Github/expert-project/test/domain/entities/tv_detail_entity_test.dart: TvDetail Entity TvDetail entity should have correct properties
00:18 +157 -13: Y:/AndroidStudioProject/Github/expert-project/test/domain/entities/tv_detail_entity_test.dart: TvDetail Entity TvDetail with null backdrop path should work correctly
00:18 +158 -13: Y:/AndroidStudioProject/Github/expert-project/test/domain/entities/tv_detail_entity_test.dart: TvDetail Entity Two TvDetail entities with same properties should be equal
00:18 +159 -13: Y:/AndroidStudioProject/Github/expert-project/test/domain/entities/tv_detail_entity_test.dart: TvDetail Entity Different TvDetail entities should not be equal
00:18 +160 -13: Y:/AndroidStudioProject/Github/expert-project/test/domain/entities/tv_detail_entity_test.dart: TvDetail Entity TvDetail with multiple genres should work correctly
00:18 +161 -13: Y:/AndroidStudioProject/Github/expert-project/test/domain/entities/tv_detail_entity_test.dart: TvDetail Entity TvDetail with multiple seasons should work correctly
00:19 +162 -13: Y:/AndroidStudioProject/Github/expert-project/test/domain/entities/tv_entity_test.dart: Tv Entity Tv entity should have correct properties
00:19 +163 -13: Y:/AndroidStudioProject/Github/expert-project/test/domain/entities/tv_entity_test.dart: Tv Entity Tv.watchlist constructor should create tv with null optional fields
00:19 +164 -13: Y:/AndroidStudioProject/Github/expert-project/test/domain/entities/tv_entity_test.dart: Tv Entity Two Tv entities with same properties should be equal
00:19 +165 -13: Y:/AndroidStudioProject/Github/expert-project/test/domain/entities/tv_entity_test.dart: Tv Entity Tv.watchlist entities with same properties should be equal
00:19 +166 -13: Y:/AndroidStudioProject/Github/expert-project/test/domain/entities/tv_entity_test.dart: Tv Entity Tv entity with null optional fields should work correctly
00:19 +167 -13: Y:/AndroidStudioProject/Github/expert-project/test/domain/entities/tv_entity_test.dart: Tv Entity Tv entity should support stringify
00:19 +168 -13: Y:/AndroidStudioProject/Github/expert-project/test/domain/entities/tv_entity_test.dart: Tv Entity Different tvs should not be equal
00:19 +169 -13: Y:/AndroidStudioProject/Github/expert-project/test/domain/entities/watchlist_entity_test.dart: Watchlist Entity Watchlist entity should have correct properties
00:19 +170 -13: Y:/AndroidStudioProject/Github/expert-project/test/domain/entities/watchlist_entity_test.dart: Watchlist Entity Watchlist with null optional fields should work correctly
00:19 +171 -13: Y:/AndroidStudioProject/Github/expert-project/test/domain/entities/watchlist_entity_test.dart: Watchlist Entity Two Watchlist entities with same properties should be equal
00:19 +172 -13: Y:/AndroidStudioProject/Github/expert-project/test/domain/entities/watchlist_entity_test.dart: Watchlist Entity Different Watchlist entities should not be equal
00:19 +173 -13: Y:/AndroidStudioProject/Github/expert-project/test/domain/entities/watchlist_entity_test.dart: Watchlist Entity Watchlist of type tv should work correctly
00:19 +174 -13: Y:/AndroidStudioProject/Github/expert-project/test/domain/entities/watchlist_entity_test.dart: Watchlist Entity Watchlist props should include all properties
00:20 +175 -13: Y:/AndroidStudioProject/Github/expert-project/test/domain/usecases/get_movie_detail_test.dart: should get movie detail from the repository
00:21 +176 -13: Y:/AndroidStudioProject/Github/expert-project/test/domain/usecases/get_movie_recommendations_test.dart: should get list of movie recommendations from the repository
00:22 +177 -13: Y:/AndroidStudioProject/Github/expert-project/test/domain/usecases/get_now_playing_movies_test.dart: should get list of movies from the repository
00:22 +178 -13: Y:/AndroidStudioProject/Github/expert-project/test/domain/usecases/get_on_the_air_tv_test.dart: should get list of tv from the repository
00:23 +179 -13: Y:/AndroidStudioProject/Github/expert-project/test/domain/usecases/get_popular_movies_test.dart: GetPopularMovies Tests execute should get list of movies from the repository when execute function is called
00:24 +180 -13: Y:/AndroidStudioProject/Github/expert-project/test/domain/usecases/get_popular_tv_test.dart: should get list of tv from the repository
00:25 +181 -13: Y:/AndroidStudioProject/Github/expert-project/test/domain/usecases/get_top_rated_movies_test.dart: should get list of movies from repository
00:25 +182 -13: Y:/AndroidStudioProject/Github/expert-project/test/domain/usecases/get_top_rated_tv_test.dart: should get list of tv from the repository
00:26 +183 -13: Y:/AndroidStudioProject/Github/expert-project/test/domain/usecases/get_tv_detail_test.dart: should get tv detail from the repository
00:27 +184 -13: Y:/AndroidStudioProject/Github/expert-project/test/domain/usecases/get_tv_recommendations_test.dart: should get list of tv recommendations from the repository
00:28 +185 -13: Y:/AndroidStudioProject/Github/expert-project/test/domain/usecases/get_watchlist_status_test.dart: should get watchlist status from repository
00:28 +186 -13: Y:/AndroidStudioProject/Github/expert-project/test/domain/usecases/get_watchlist_test.dart: should get list of watchlist from the repository
00:29 +187 -13: Y:/AndroidStudioProject/Github/expert-project/test/domain/usecases/remove_watchlist_test.dart: should remove watchlist item from repository
00:30 +188 -13: Y:/AndroidStudioProject/Github/expert-project/test/domain/usecases/save_watchlist_test.dart: should save item to the repository
00:31 +189 -13: Y:/AndroidStudioProject/Github/expert-project/test/domain/usecases/search_movies_test.dart: should get list of movies from the repository
00:31 +190 -13: Y:/AndroidStudioProject/Github/expert-project/test/domain/usecases/search_tv_test.dart: should get list of tv from the repository
00:32 +191 -13: Y:/AndroidStudioProject/Github/expert-project/test/presentation/pages/about_page_test.dart: AboutPage Widget AboutPage should display Scaffold
00:34 +192 -13: Y:/AndroidStudioProject/Github/expert-project/test/presentation/pages/home_movie_page_test.dart: HomeMoviePage Widget Page should display Scaffold with AppBar
00:34 +193 -13: Y:/AndroidStudioProject/Github/expert-project/test/presentation/pages/home_movie_page_test.dart: HomeMoviePage Widget Page should display Scaffold with AppBar
00:34 +194 -13: Y:/AndroidStudioProject/Github/expert-project/test/presentation/pages/home_movie_page_test.dart: HomeMoviePage Widget Page should display Scaffold with AppBar
00:34 +195 -13: Y:/AndroidStudioProject/Github/expert-project/test/presentation/pages/home_movie_page_test.dart: HomeMoviePage Widget Page should display Scaffold with AppBar
00:34 +196 -13: Y:/AndroidStudioProject/Github/expert-project/test/presentation/pages/home_movie_page_test.dart: HomeMoviePage Widget Page should display Scaffold with AppBar
00:35 +197 -13: Y:/AndroidStudioProject/Github/expert-project/test/presentation/pages/home_tv_page_test.dart: HomeTvPage Widget Page should display Scaffold with AppBar
00:35 +197 -13: Y:/AndroidStudioProject/Github/expert-project/test/presentation/pages/about_page_test.dart: AboutPage Widget AboutPage should have Stack layout
ΓòÉΓòÉΓòí EXCEPTION CAUGHT BY FLUTTER TEST FRAMEWORK Γò₧ΓòÉΓòÉΓòÉΓòÉΓòÉΓòÉΓòÉΓòÉΓòÉΓòÉΓòÉΓòÉΓòÉΓòÉΓòÉΓòÉΓòÉΓòÉΓòÉΓòÉΓòÉΓòÉΓòÉΓòÉΓòÉΓòÉΓòÉΓòÉΓòÉΓòÉΓòÉΓòÉΓòÉΓòÉΓòÉΓòÉΓòÉΓòÉΓòÉΓòÉΓòÉΓòÉΓòÉΓòÉΓòÉΓòÉΓòÉΓòÉΓòÉΓòÉΓòÉΓòÉ
The following TestFailure was thrown running a test:
Expected: exactly one matching candidate
  Actual: _TypeWidgetFinder:<Found 2 widgets with type "Stack": [
            Stack(alignment: AlignmentDirectional.topStart, fit: loose, dependencies:
[Directionality], renderObject: RenderStack#cbb68 relayoutBoundary=up1),
            Stack(alignment: Alignment.centerRight, fit: loose, dependencies: [Directionality],
renderObject: RenderStack#4b212 relayoutBoundary=up1),
          ]>
   Which: is too many

When the exception was thrown, this was the stack:
#4      main.<anonymous closure>.<anonymous closure> (file:///Y:/AndroidStudioProject/Github/expert-project/test/presentation/pages/about_page_test.dart:74:7)
<asynchronous suspension>
#5      testWidgets.<anonymous closure>.<anonymous closure> (package:flutter_test/src/widget_tester.dart:192:15)
<asynchronous suspension>
#6      TestWidgetsFlutterBinding._runTestBody (package:flutter_test/src/binding.dart:1952:5)
<asynchronous suspension>
<asynchronous suspension>
(elided one frame from package:stack_trace)

This was caught by the test expectation on the following line:
  file:///Y:/AndroidStudioProject/Github/expert-project/test/presentation/pages/about_page_test.dart line 74
The test description was:
  AboutPage should have Stack layout
ΓòÉΓòÉΓòÉΓòÉΓòÉΓòÉΓòÉΓòÉΓòÉΓòÉΓòÉΓòÉΓòÉΓòÉΓòÉΓòÉΓòÉΓòÉΓòÉΓòÉΓòÉΓòÉΓòÉΓòÉΓòÉΓòÉΓòÉΓòÉΓòÉΓòÉΓòÉΓòÉΓòÉΓòÉΓòÉΓòÉΓòÉΓòÉΓòÉΓòÉΓòÉΓòÉΓòÉΓòÉΓòÉΓòÉΓòÉΓòÉΓòÉΓòÉΓòÉΓòÉΓòÉΓòÉΓòÉΓòÉΓòÉΓòÉΓòÉΓòÉΓòÉΓòÉΓòÉΓòÉΓòÉΓòÉΓòÉΓòÉΓòÉΓòÉΓòÉΓòÉΓòÉΓòÉΓòÉΓòÉΓòÉΓòÉΓòÉΓòÉΓòÉΓòÉΓòÉΓòÉΓòÉΓòÉΓòÉΓòÉΓòÉΓòÉΓòÉΓòÉΓòÉΓòÉΓòÉΓòÉΓòÉΓòÉΓòÉΓòÉ
00:35 +197 -14: Y:/AndroidStudioProject/Github/expert-project/test/presentation/pages/home_tv_page_test.dart: HomeTvPage Widget Page should display Scaffold with AppBar
00:35 +197 -14: Y:/AndroidStudioProject/Github/expert-project/test/presentation/pages/about_page_test.dart: AboutPage Widget AboutPage should have Stack layout [E]
  Test failed. See exception logs above.
  The test description was: AboutPage should have Stack layout
  
00:35 +198 -14: Y:/AndroidStudioProject/Github/expert-project/test/presentation/pages/home_tv_page_test.dart: HomeTvPage Widget Page should display Scaffold with AppBar
00:35 +199 -14: Y:/AndroidStudioProject/Github/expert-project/test/presentation/pages/home_tv_page_test.dart: HomeTvPage Widget Page should display Scaffold with AppBar
00:35 +200 -14: Y:/AndroidStudioProject/Github/expert-project/test/presentation/pages/home_tv_page_test.dart: HomeTvPage Widget Page should display Scaffold with AppBar
00:35 +201 -14: Y:/AndroidStudioProject/Github/expert-project/test/presentation/pages/home_tv_page_test.dart: HomeTvPage Widget Page should display Scaffold with AppBar
00:35 +202 -14: Y:/AndroidStudioProject/Github/expert-project/test/presentation/pages/home_tv_page_test.dart: HomeTvPage Widget Page should display Scaffold with AppBar
00:35 +203 -14: Y:/AndroidStudioProject/Github/expert-project/test/presentation/pages/home_tv_page_test.dart: HomeTvPage Widget Page should display Scaffold with AppBar
00:35 +204 -14: Y:/AndroidStudioProject/Github/expert-project/test/presentation/pages/home_tv_page_test.dart: HomeTvPage Widget Page should display Scaffold with AppBar
00:35 +205 -14: Y:/AndroidStudioProject/Github/expert-project/test/presentation/pages/home_tv_page_test.dart: HomeTvPage Widget Page should display Scaffold with AppBar
00:35 +206 -14: Y:/AndroidStudioProject/Github/expert-project/test/presentation/pages/home_tv_page_test.dart: HomeTvPage Widget Page should display Scaffold with AppBar
00:35 +207 -14: Y:/AndroidStudioProject/Github/expert-project/test/presentation/pages/movie_detail_page_test.dart: Watchlist button should display add icon when movie not added to watchlist
00:35 +208 -14: Y:/AndroidStudioProject/Github/expert-project/test/presentation/pages/movie_detail_page_test.dart: Watchlist button should display add icon when movie not added to watchlist
00:36 +209 -14: Y:/AndroidStudioProject/Github/expert-project/test/presentation/pages/movie_detail_page_test.dart: Watchlist button should display add icon when movie not added to watchlist
00:36 +210 -14: Y:/AndroidStudioProject/Github/expert-project/test/presentation/pages/movie_detail_page_test.dart: Watchlist button should display add icon when movie not added to watchlist
00:36 +210 -14: Y:/AndroidStudioProject/Github/expert-project/test/presentation/pages/home_movie_page_test.dart: HomeMoviePage Widget Page should display error message
ΓòÉΓòÉΓòí EXCEPTION CAUGHT BY FLUTTER TEST FRAMEWORK Γò₧ΓòÉΓòÉΓòÉΓòÉΓòÉΓòÉΓòÉΓòÉΓòÉΓòÉΓòÉΓòÉΓòÉΓòÉΓòÉΓòÉΓòÉΓòÉΓòÉΓòÉΓòÉΓòÉΓòÉΓòÉΓòÉΓòÉΓòÉΓòÉΓòÉΓòÉΓòÉΓòÉΓòÉΓòÉΓòÉΓòÉΓòÉΓòÉΓòÉΓòÉΓòÉΓòÉΓòÉΓòÉΓòÉΓòÉΓòÉΓòÉΓòÉΓòÉΓòÉΓòÉ
The following TestFailure was thrown running a test:
Expected: exactly one matching candidate
  Actual: _TextWidgetFinder:<Found 3 widgets with text "Failed": [
            Text("Failed", dependencies: [DefaultSelectionStyle, DefaultTextStyle, MediaQuery]),
            Text("Failed", dependencies: [DefaultSelectionStyle, DefaultTextStyle, MediaQuery]),
            Text("Failed", dependencies: [DefaultSelectionStyle, DefaultTextStyle, MediaQuery]),
          ]>
   Which: is too many

When the exception was thrown, this was the stack:
#4      main.<anonymous closure>.<anonymous closure> (file:///Y:/AndroidStudioProject/Github/expert-project/test/presentation/pages/home_movie_page_test.dart:104:7)
<asynchronous suspension>
#5      testWidgets.<anonymous closure>.<anonymous closure> (package:flutter_test/src/widget_tester.dart:192:15)
<asynchronous suspension>
#6      TestWidgetsFlutterBinding._runTestBody (package:flutter_test/src/binding.dart:1952:5)
<asynchronous suspension>
<asynchronous suspension>
(elided one frame from package:stack_trace)

This was caught by the test expectation on the following line:
  file:///Y:/AndroidStudioProject/Github/expert-project/test/presentation/pages/home_movie_page_test.dart line 104
The test description was:
  Page should display error message
ΓòÉΓòÉΓòÉΓòÉΓòÉΓòÉΓòÉΓòÉΓòÉΓòÉΓòÉΓòÉΓòÉΓòÉΓòÉΓòÉΓòÉΓòÉΓòÉΓòÉΓòÉΓòÉΓòÉΓòÉΓòÉΓòÉΓòÉΓòÉΓòÉΓòÉΓòÉΓòÉΓòÉΓòÉΓòÉΓòÉΓòÉΓòÉΓòÉΓòÉΓòÉΓòÉΓòÉΓòÉΓòÉΓòÉΓòÉΓòÉΓòÉΓòÉΓòÉΓòÉΓòÉΓòÉΓòÉΓòÉΓòÉΓòÉΓòÉΓòÉΓòÉΓòÉΓòÉΓòÉΓòÉΓòÉΓòÉΓòÉΓòÉΓòÉΓòÉΓòÉΓòÉΓòÉΓòÉΓòÉΓòÉΓòÉΓòÉΓòÉΓòÉΓòÉΓòÉΓòÉΓòÉΓòÉΓòÉΓòÉΓòÉΓòÉΓòÉΓòÉΓòÉΓòÉΓòÉΓòÉΓòÉΓòÉΓòÉΓòÉ
00:36 +210 -15: Y:/AndroidStudioProject/Github/expert-project/test/presentation/pages/movie_detail_page_test.dart: Watchlist button should display add icon when movie not added to watchlist
00:36 +210 -15: Y:/AndroidStudioProject/Github/expert-project/test/presentation/pages/home_movie_page_test.dart: HomeMoviePage Widget Page should display error message [E]
  Test failed. See exception logs above.
  The test description was: Page should display error message
  
00:36 +211 -15: Y:/AndroidStudioProject/Github/expert-project/test/presentation/pages/movie_detail_page_test.dart: Watchlist button should display add icon when movie not added to watchlist
00:36 +212 -15: Y:/AndroidStudioProject/Github/expert-project/test/presentation/pages/movie_detail_page_test.dart: Watchlist button should display add icon when movie not added to watchlist
00:36 +213 -15: Y:/AndroidStudioProject/Github/expert-project/test/presentation/pages/home_tv_page_test.dart: HomeTvPage Widget Page should display error message
ΓòÉΓòÉΓòí EXCEPTION CAUGHT BY FLUTTER TEST FRAMEWORK Γò₧ΓòÉΓòÉΓòÉΓòÉΓòÉΓòÉΓòÉΓòÉΓòÉΓòÉΓòÉΓòÉΓòÉΓòÉΓòÉΓòÉΓòÉΓòÉΓòÉΓòÉΓòÉΓòÉΓòÉΓòÉΓòÉΓòÉΓòÉΓòÉΓòÉΓòÉΓòÉΓòÉΓòÉΓòÉΓòÉΓòÉΓòÉΓòÉΓòÉΓòÉΓòÉΓòÉΓòÉΓòÉΓòÉΓòÉΓòÉΓòÉΓòÉΓòÉΓòÉΓòÉ
The following TestFailure was thrown running a test:
Expected: exactly one matching candidate
  Actual: _TextWidgetFinder:<Found 3 widgets with text "Failed": [
            Text("Failed", dependencies: [DefaultSelectionStyle, DefaultTextStyle, MediaQuery]),
            Text("Failed", dependencies: [DefaultSelectionStyle, DefaultTextStyle, MediaQuery]),
            Text("Failed", dependencies: [DefaultSelectionStyle, DefaultTextStyle, MediaQuery]),
          ]>
   Which: is too many

When the exception was thrown, this was the stack:
#4      main.<anonymous closure>.<anonymous closure> (file:///Y:/AndroidStudioProject/Github/expert-project/test/presentation/pages/home_tv_page_test.dart:92:7)
<asynchronous suspension>
#5      testWidgets.<anonymous closure>.<anonymous closure> (package:flutter_test/src/widget_tester.dart:192:15)
<asynchronous suspension>
#6      TestWidgetsFlutterBinding._runTestBody (package:flutter_test/src/binding.dart:1952:5)
<asynchronous suspension>
<asynchronous suspension>
(elided one frame from package:stack_trace)

This was caught by the test expectation on the following line:
  file:///Y:/AndroidStudioProject/Github/expert-project/test/presentation/pages/home_tv_page_test.dart line 92
The test description was:
  Page should display error message
ΓòÉΓòÉΓòÉΓòÉΓòÉΓòÉΓòÉΓòÉΓòÉΓòÉΓòÉΓòÉΓòÉΓòÉΓòÉΓòÉΓòÉΓòÉΓòÉΓòÉΓòÉΓòÉΓòÉΓòÉΓòÉΓòÉΓòÉΓòÉΓòÉΓòÉΓòÉΓòÉΓòÉΓòÉΓòÉΓòÉΓòÉΓòÉΓòÉΓòÉΓòÉΓòÉΓòÉΓòÉΓòÉΓòÉΓòÉΓòÉΓòÉΓòÉΓòÉΓòÉΓòÉΓòÉΓòÉΓòÉΓòÉΓòÉΓòÉΓòÉΓòÉΓòÉΓòÉΓòÉΓòÉΓòÉΓòÉΓòÉΓòÉΓòÉΓòÉΓòÉΓòÉΓòÉΓòÉΓòÉΓòÉΓòÉΓòÉΓòÉΓòÉΓòÉΓòÉΓòÉΓòÉΓòÉΓòÉΓòÉΓòÉΓòÉΓòÉΓòÉΓòÉΓòÉΓòÉΓòÉΓòÉΓòÉΓòÉΓòÉ
00:36 +213 -16: Y:/AndroidStudioProject/Github/expert-project/test/presentation/pages/home_tv_page_test.dart: HomeTvPage Widget Page should display error message [E]
  Test failed. See exception logs above.
  The test description was: Page should display error message
  
00:36 +213 -16: Y:/AndroidStudioProject/Github/expert-project/test/presentation/pages/movie_detail_page_test.dart: Watchlist button should dispay check icon when movie is added to wathclist
00:37 +214 -16: Y:/AndroidStudioProject/Github/expert-project/test/presentation/pages/home_tv_page_test.dart: HomeTvPage Widget Page should have drawer
ΓòÉΓòÉΓòí EXCEPTION CAUGHT BY FLUTTER TEST FRAMEWORK Γò₧ΓòÉΓòÉΓòÉΓòÉΓòÉΓòÉΓòÉΓòÉΓòÉΓòÉΓòÉΓòÉΓòÉΓòÉΓòÉΓòÉΓòÉΓòÉΓòÉΓòÉΓòÉΓòÉΓòÉΓòÉΓòÉΓòÉΓòÉΓòÉΓòÉΓòÉΓòÉΓòÉΓòÉΓòÉΓòÉΓòÉΓòÉΓòÉΓòÉΓòÉΓòÉΓòÉΓòÉΓòÉΓòÉΓòÉΓòÉΓòÉΓòÉΓòÉΓòÉΓòÉ
The following TestFailure was thrown running a test:
Expected: exactly one matching candidate
  Actual: _TypeWidgetFinder:<Found 0 widgets with type "Drawer": []>
   Which: means none were found but one was expected

When the exception was thrown, this was the stack:
#4      main.<anonymous closure>.<anonymous closure> (file:///Y:/AndroidStudioProject/Github/expert-project/test/presentation/pages/home_tv_page_test.dart:102:7)
<asynchronous suspension>
#5      testWidgets.<anonymous closure>.<anonymous closure> (package:flutter_test/src/widget_tester.dart:192:15)
<asynchronous suspension>
#6      TestWidgetsFlutterBinding._runTestBody (package:flutter_test/src/binding.dart:1952:5)
<asynchronous suspension>
<asynchronous suspension>
(elided one frame from package:stack_trace)

This was caught by the test expectation on the following line:
  file:///Y:/AndroidStudioProject/Github/expert-project/test/presentation/pages/home_tv_page_test.dart line 102
The test description was:
  Page should have drawer
ΓòÉΓòÉΓòÉΓòÉΓòÉΓòÉΓòÉΓòÉΓòÉΓòÉΓòÉΓòÉΓòÉΓòÉΓòÉΓòÉΓòÉΓòÉΓòÉΓòÉΓòÉΓòÉΓòÉΓòÉΓòÉΓòÉΓòÉΓòÉΓòÉΓòÉΓòÉΓòÉΓòÉΓòÉΓòÉΓòÉΓòÉΓòÉΓòÉΓòÉΓòÉΓòÉΓòÉΓòÉΓòÉΓòÉΓòÉΓòÉΓòÉΓòÉΓòÉΓòÉΓòÉΓòÉΓòÉΓòÉΓòÉΓòÉΓòÉΓòÉΓòÉΓòÉΓòÉΓòÉΓòÉΓòÉΓòÉΓòÉΓòÉΓòÉΓòÉΓòÉΓòÉΓòÉΓòÉΓòÉΓòÉΓòÉΓòÉΓòÉΓòÉΓòÉΓòÉΓòÉΓòÉΓòÉΓòÉΓòÉΓòÉΓòÉΓòÉΓòÉΓòÉΓòÉΓòÉΓòÉΓòÉΓòÉΓòÉΓòÉ
00:37 +214 -17: Y:/AndroidStudioProject/Github/expert-project/test/presentation/pages/movie_detail_page_test.dart: Watchlist button should display Snackbar when added to watchlist
00:37 +214 -17: Y:/AndroidStudioProject/Github/expert-project/test/presentation/pages/home_tv_page_test.dart: HomeTvPage Widget Page should have drawer [E]
  Test failed. See exception logs above.
  The test description was: Page should have drawer
  
00:37 +215 -17: Y:/AndroidStudioProject/Github/expert-project/test/presentation/pages/movie_detail_page_test.dart: Watchlist button should display AlertDialog when add to watchlist failed
00:38 +216 -17: Y:/AndroidStudioProject/Github/expert-project/test/presentation/pages/on_the_air_tv_page_test.dart: OnTheAirTvPage Widget Page should display Scaffold with AppBar
ΓòÉΓòÉΓòí EXCEPTION CAUGHT BY WIDGETS LIBRARY Γò₧ΓòÉΓòÉΓòÉΓòÉΓòÉΓòÉΓòÉΓòÉΓòÉΓòÉΓòÉΓòÉΓòÉΓòÉΓòÉΓòÉΓòÉΓòÉΓòÉΓòÉΓòÉΓòÉΓòÉΓòÉΓòÉΓòÉΓòÉΓòÉΓòÉΓòÉΓòÉΓòÉΓòÉΓòÉΓòÉΓòÉΓòÉΓòÉΓòÉΓòÉΓòÉΓòÉΓòÉΓòÉΓòÉΓòÉΓòÉΓòÉΓòÉΓòÉΓòÉΓòÉΓòÉΓòÉΓòÉΓòÉΓòÉΓòÉΓòÉ
The following MissingStubError was thrown building Consumer<OnTheAirTvNotifier>(dirty, dependencies:
[_InheritedProviderScope<OnTheAirTvNotifier?>]):
'message'
No stub was found which matches the arguments of this method call:
message

Add a stub for this method using Mockito's 'when' API, or generate the MockOnTheAirTvNotifier mock
with the @GenerateNiceMocks annotation (see
https://pub.dev/documentation/mockito/latest/annotations/MockSpec-class.html).

The relevant error-causing widget was:
  Consumer<OnTheAirTvNotifier>
  Consumer:file:///Y:/AndroidStudioProject/Github/expert-project/lib/presentation/pages/on_the_air_tv_page.dart:31:16

When the exception was thrown, this was the stack:
#0      Mock._noSuchMethod (package:mockito/src/mock.dart:201:7)
#1      Mock.noSuchMethod (package:mockito/src/mock.dart:195:47)
#2      MockOnTheAirTvNotifier.message (file:///Y:/AndroidStudioProject/Github/expert-project/test/presentation/pages/on_the_air_tv_page_test.mocks.dart:73:32)
#3      _OnTheAirTvPageState.build.<anonymous closure> (package:ditonton/presentation/pages/on_the_air_tv_page.dart:48:34)
#4      Consumer.buildWithChild (package:provider/src/consumer.dart:179:19)
#5      SingleChildStatelessWidget.build (package:nested/nested.dart:259:41)
#6      StatelessElement.build (package:flutter/src/widgets/framework.dart:5889:49)
#7      SingleChildStatelessElement.build (package:nested/nested.dart:279:18)
#8      ComponentElement.performRebuild (package:flutter/src/widgets/framework.dart:5817:15)
#9      Element.rebuild (package:flutter/src/widgets/framework.dart:5529:7)
#10     ComponentElement._firstBuild (package:flutter/src/widgets/framework.dart:5799:5)
#11     ComponentElement.mount (package:flutter/src/widgets/framework.dart:5793:5)
#12     SingleChildWidgetElementMixin.mount (package:nested/nested.dart:222:11)
...     Normal element mounting (28 frames)
#40     Element.inflateWidget (package:flutter/src/widgets/framework.dart:4587:20)
#41     MultiChildRenderObjectElement.inflateWidget (package:flutter/src/widgets/framework.dart:7264:36)
#42     MultiChildRenderObjectElement.mount (package:flutter/src/widgets/framework.dart:7279:32)
...     Normal element mounting (370 frames)
#412    Element.inflateWidget (package:flutter/src/widgets/framework.dart:4587:20)
#413    MultiChildRenderObjectElement.inflateWidget (package:flutter/src/widgets/framework.dart:7264:36)
#414    MultiChildRenderObjectElement.mount (package:flutter/src/widgets/framework.dart:7279:32)
...     Normal element mounting (473 frames)
#887    _InheritedProviderScopeElement.mount (package:provider/src/inherited_provider.dart:424:11)
...     Normal element mounting (7 frames)
#894    SingleChildWidgetElementMixin.mount (package:nested/nested.dart:222:11)
#895    Element.inflateWidget (package:flutter/src/widgets/framework.dart:4587:20)
#896    Element.updateChild (package:flutter/src/widgets/framework.dart:4053:20)
#897    ComponentElement.performRebuild (package:flutter/src/widgets/framework.dart:5841:16)
#898    Element.rebuild (package:flutter/src/widgets/framework.dart:5529:7)
#899    ProxyElement.update (package:flutter/src/widgets/framework.dart:6149:5)
#900    _InheritedNotifierElement.update (package:flutter/src/widgets/inherited_notifier.dart:108:11)
#901    Element.updateChild (package:flutter/src/widgets/framework.dart:4037:15)
#902    ComponentElement.performRebuild (package:flutter/src/widgets/framework.dart:5841:16)
#903    StatefulElement.performRebuild (package:flutter/src/widgets/framework.dart:5982:11)
#904    Element.rebuild (package:flutter/src/widgets/framework.dart:5529:7)
#905    StatefulElement.update (package:flutter/src/widgets/framework.dart:6007:5)
#906    Element.updateChild (package:flutter/src/widgets/framework.dart:4037:15)
#907    ComponentElement.performRebuild (package:flutter/src/widgets/framework.dart:5841:16)
#908    Element.rebuild (package:flutter/src/widgets/framework.dart:5529:7)
#909    ProxyElement.update (package:flutter/src/widgets/framework.dart:6149:5)
#910    _InheritedNotifierElement.update (package:flutter/src/widgets/inherited_notifier.dart:108:11)
#911    Element.updateChild (package:flutter/src/widgets/framework.dart:4037:15)
#912    ComponentElement.performRebuild (package:flutter/src/widgets/framework.dart:5841:16)
#913    StatefulElement.performRebuild (package:flutter/src/widgets/framework.dart:5982:11)
#914    Element.rebuild (package:flutter/src/widgets/framework.dart:5529:7)
#915    StatefulElement.update (package:flutter/src/widgets/framework.dart:6007:5)
#916    Element.updateChild (package:flutter/src/widgets/framework.dart:4037:15)
#917    ComponentElement.performRebuild (package:flutter/src/widgets/framework.dart:5841:16)
#918    StatefulElement.performRebuild (package:flutter/src/widgets/framework.dart:5982:11)
#919    Element.rebuild (package:flutter/src/widgets/framework.dart:5529:7)
#920    StatefulElement.update (package:flutter/src/widgets/framework.dart:6007:5)
#921    Element.updateChild (package:flutter/src/widgets/framework.dart:4037:15)
#922    ComponentElement.performRebuild (package:flutter/src/widgets/framework.dart:5841:16)
#923    Element.rebuild (package:flutter/src/widgets/framework.dart:5529:7)
#924    ProxyElement.update (package:flutter/src/widgets/framework.dart:6149:5)
#925    Element.updateChild (package:flutter/src/widgets/framework.dart:4037:15)
#926    ComponentElement.performRebuild (package:flutter/src/widgets/framework.dart:5841:16)
#927    StatefulElement.performRebuild (package:flutter/src/widgets/framework.dart:5982:11)
#928    Element.rebuild (package:flutter/src/widgets/framework.dart:5529:7)
#929    StatefulElement.update (package:flutter/src/widgets/framework.dart:6007:5)
#930    Element.updateChild (package:flutter/src/widgets/framework.dart:4037:15)
#931    ComponentElement.performRebuild (package:flutter/src/widgets/framework.dart:5841:16)
#932    Element.rebuild (package:flutter/src/widgets/framework.dart:5529:7)
#933    ProxyElement.update (package:flutter/src/widgets/framework.dart:6149:5)
#934    Element.updateChild (package:flutter/src/widgets/framework.dart:4037:15)
#935    ComponentElement.performRebuild (package:flutter/src/widgets/framework.dart:5841:16)
#936    Element.rebuild (package:flutter/src/widgets/framework.dart:5529:7)
#937    ProxyElement.update (package:flutter/src/widgets/framework.dart:6149:5)
#938    Element.updateChild (package:flutter/src/widgets/framework.dart:4037:15)
#939    _RawViewElement._updateChild (package:flutter/src/widgets/view.dart:481:16)
#940    _RawViewElement.update (package:flutter/src/widgets/view.dart:568:5)
#941    Element.updateChild (package:flutter/src/widgets/framework.dart:4037:15)
#942    ComponentElement.performRebuild (package:flutter/src/widgets/framework.dart:5841:16)
#943    Element.rebuild (package:flutter/src/widgets/framework.dart:5529:7)
#944    StatelessElement.update (package:flutter/src/widgets/framework.dart:5895:5)
#945    Element.updateChild (package:flutter/src/widgets/framework.dart:4037:15)
#946    ComponentElement.performRebuild (package:flutter/src/widgets/framework.dart:5841:16)
#947    StatefulElement.performRebuild (package:flutter/src/widgets/framework.dart:5982:11)
#948    Element.rebuild (package:flutter/src/widgets/framework.dart:5529:7)
#949    StatefulElement.update (package:flutter/src/widgets/framework.dart:6007:5)
#950    Element.updateChild (package:flutter/src/widgets/framework.dart:4037:15)
#951    RootElement._rebuild (package:flutter/src/widgets/binding.dart:2091:16)
#952    RootElement.update (package:flutter/src/widgets/binding.dart:2069:5)
#953    RootElement.performRebuild (package:flutter/src/widgets/binding.dart:2083:7)
#954    Element.rebuild (package:flutter/src/widgets/framework.dart:5529:7)
#955    BuildScope._tryRebuild (package:flutter/src/widgets/framework.dart:2750:15)
#956    BuildScope._flushDirtyElements (package:flutter/src/widgets/framework.dart:2807:11)
#957    BuildOwner.buildScope (package:flutter/src/widgets/framework.dart:3111:18)
#958    AutomatedTestWidgetsFlutterBinding.drawFrame (package:flutter_test/src/binding.dart:2431:19)
#959    RendererBinding._handlePersistentFrameCallback (package:flutter/src/rendering/binding.dart:509:5)
#960    SchedulerBinding._invokeFrameCallback (package:flutter/src/scheduler/binding.dart:1430:15)
#961    SchedulerBinding.handleDrawFrame (package:flutter/src/scheduler/binding.dart:1345:9)
#962    AutomatedTestWidgetsFlutterBinding.pump.<anonymous closure> (package:flutter_test/src/binding.dart:2260:9)
#965    TestAsyncUtils.guard (package:flutter_test/src/test_async_utils.dart:74:41)
#966    AutomatedTestWidgetsFlutterBinding.pump (package:flutter_test/src/binding.dart:2249:27)
#967    WidgetTester.pumpWidget.<anonymous closure> (package:flutter_test/src/widget_tester.dart:598:22)
#970    TestAsyncUtils.guard (package:flutter_test/src/test_async_utils.dart:74:41)
#971    WidgetTester.pumpWidget (package:flutter_test/src/widget_tester.dart:595:27)
#972    main.<anonymous closure>.<anonymous closure> (file:///Y:/AndroidStudioProject/Github/expert-project/test/presentation/pages/on_the_air_tv_page_test.dart:33:20)
#973    testWidgets.<anonymous closure>.<anonymous closure> (package:flutter_test/src/widget_tester.dart:192:29)
<asynchronous suspension>
#974    TestWidgetsFlutterBinding._runTestBody (package:flutter_test/src/binding.dart:1952:5)
<asynchronous suspension>
<asynchronous suspension>
(elided 5 frames from dart:async and package:stack_trace)

ΓòÉΓòÉΓòÉΓòÉΓòÉΓòÉΓòÉΓòÉΓòÉΓòÉΓòÉΓòÉΓòÉΓòÉΓòÉΓòÉΓòÉΓòÉΓòÉΓòÉΓòÉΓòÉΓòÉΓòÉΓòÉΓòÉΓòÉΓòÉΓòÉΓòÉΓòÉΓòÉΓòÉΓòÉΓòÉΓòÉΓòÉΓòÉΓòÉΓòÉΓòÉΓòÉΓòÉΓòÉΓòÉΓòÉΓòÉΓòÉΓòÉΓòÉΓòÉΓòÉΓòÉΓòÉΓòÉΓòÉΓòÉΓòÉΓòÉΓòÉΓòÉΓòÉΓòÉΓòÉΓòÉΓòÉΓòÉΓòÉΓòÉΓòÉΓòÉΓòÉΓòÉΓòÉΓòÉΓòÉΓòÉΓòÉΓòÉΓòÉΓòÉΓòÉΓòÉΓòÉΓòÉΓòÉΓòÉΓòÉΓòÉΓòÉΓòÉΓòÉΓòÉΓòÉΓòÉΓòÉΓòÉΓòÉΓòÉΓòÉ
00:39 +216 -18: Y:/AndroidStudioProject/Github/expert-project/test/presentation/pages/popular_movies_page_test.dart: Page should display center progress bar when loading
00:39 +216 -18: Y:/AndroidStudioProject/Github/expert-project/test/presentation/pages/on_the_air_tv_page_test.dart: OnTheAirTvPage Widget Page should display Scaffold with AppBar [E]
  Test failed. See exception logs above.
  The test description was: Page should display Scaffold with AppBar
  
00:40 +216 -18: Y:/AndroidStudioProject/Github/expert-project/test/presentation/pages/on_the_air_tv_page_test.dart: OnTheAirTvPage Widget Page should display correct title
ΓòÉΓòÉΓòí EXCEPTION CAUGHT BY WIDGETS LIBRARY Γò₧ΓòÉΓòÉΓòÉΓòÉΓòÉΓòÉΓòÉΓòÉΓòÉΓòÉΓòÉΓòÉΓòÉΓòÉΓòÉΓòÉΓòÉΓòÉΓòÉΓòÉΓòÉΓòÉΓòÉΓòÉΓòÉΓòÉΓòÉΓòÉΓòÉΓòÉΓòÉΓòÉΓòÉΓòÉΓòÉΓòÉΓòÉΓòÉΓòÉΓòÉΓòÉΓòÉΓòÉΓòÉΓòÉΓòÉΓòÉΓòÉΓòÉΓòÉΓòÉΓòÉΓòÉΓòÉΓòÉΓòÉΓòÉΓòÉΓòÉ
The following MissingStubError was thrown building Consumer<OnTheAirTvNotifier>(dirty, dependencies:
[_InheritedProviderScope<OnTheAirTvNotifier?>]):
'message'
No stub was found which matches the arguments of this method call:
message

Add a stub for this method using Mockito's 'when' API, or generate the MockOnTheAirTvNotifier mock
with the @GenerateNiceMocks annotation (see
https://pub.dev/documentation/mockito/latest/annotations/MockSpec-class.html).

The relevant error-causing widget was:
  Consumer<OnTheAirTvNotifier>
  Consumer:file:///Y:/AndroidStudioProject/Github/expert-project/lib/presentation/pages/on_the_air_tv_page.dart:31:16

When the exception was thrown, this was the stack:
#0      Mock._noSuchMethod (package:mockito/src/mock.dart:201:7)
#1      Mock.noSuchMethod (package:mockito/src/mock.dart:195:47)
#2      MockOnTheAirTvNotifier.message (file:///Y:/AndroidStudioProject/Github/expert-project/test/presentation/pages/on_the_air_tv_page_test.mocks.dart:73:32)
#3      _OnTheAirTvPageState.build.<anonymous closure> (package:ditonton/presentation/pages/on_the_air_tv_page.dart:48:34)
#4      Consumer.buildWithChild (package:provider/src/consumer.dart:179:19)
#5      SingleChildStatelessWidget.build (package:nested/nested.dart:259:41)
#6      StatelessElement.build (package:flutter/src/widgets/framework.dart:5889:49)
#7      SingleChildStatelessElement.build (package:nested/nested.dart:279:18)
#8      ComponentElement.performRebuild (package:flutter/src/widgets/framework.dart:5817:15)
#9      Element.rebuild (package:flutter/src/widgets/framework.dart:5529:7)
#10     ComponentElement._firstBuild (package:flutter/src/widgets/framework.dart:5799:5)
#11     ComponentElement.mount (package:flutter/src/widgets/framework.dart:5793:5)
#12     SingleChildWidgetElementMixin.mount (package:nested/nested.dart:222:11)
...     Normal element mounting (28 frames)
#40     Element.inflateWidget (package:flutter/src/widgets/framework.dart:4587:20)
#41     MultiChildRenderObjectElement.inflateWidget (package:flutter/src/widgets/framework.dart:7264:36)
#42     MultiChildRenderObjectElement.mount (package:flutter/src/widgets/framework.dart:7279:32)
...     Normal element mounting (370 frames)
#412    Element.inflateWidget (package:flutter/src/widgets/framework.dart:4587:20)
#413    MultiChildRenderObjectElement.inflateWidget (package:flutter/src/widgets/framework.dart:7264:36)
#414    MultiChildRenderObjectElement.mount (package:flutter/src/widgets/framework.dart:7279:32)
...     Normal element mounting (473 frames)
#887    _InheritedProviderScopeElement.mount (package:provider/src/inherited_provider.dart:424:11)
...     Normal element mounting (7 frames)
#894    SingleChildWidgetElementMixin.mount (package:nested/nested.dart:222:11)
#895    Element.inflateWidget (package:flutter/src/widgets/framework.dart:4587:20)
#896    Element.updateChild (package:flutter/src/widgets/framework.dart:4053:20)
#897    ComponentElement.performRebuild (package:flutter/src/widgets/framework.dart:5841:16)
#898    Element.rebuild (package:flutter/src/widgets/framework.dart:5529:7)
#899    ProxyElement.update (package:flutter/src/widgets/framework.dart:6149:5)
#900    _InheritedNotifierElement.update (package:flutter/src/widgets/inherited_notifier.dart:108:11)
#901    Element.updateChild (package:flutter/src/widgets/framework.dart:4037:15)
#902    ComponentElement.performRebuild (package:flutter/src/widgets/framework.dart:5841:16)
#903    StatefulElement.performRebuild (package:flutter/src/widgets/framework.dart:5982:11)
#904    Element.rebuild (package:flutter/src/widgets/framework.dart:5529:7)
#905    StatefulElement.update (package:flutter/src/widgets/framework.dart:6007:5)
#906    Element.updateChild (package:flutter/src/widgets/framework.dart:4037:15)
#907    ComponentElement.performRebuild (package:flutter/src/widgets/framework.dart:5841:16)
#908    Element.rebuild (package:flutter/src/widgets/framework.dart:5529:7)
#909    ProxyElement.update (package:flutter/src/widgets/framework.dart:6149:5)
#910    _InheritedNotifierElement.update (package:flutter/src/widgets/inherited_notifier.dart:108:11)
#911    Element.updateChild (package:flutter/src/widgets/framework.dart:4037:15)
#912    ComponentElement.performRebuild (package:flutter/src/widgets/framework.dart:5841:16)
#913    StatefulElement.performRebuild (package:flutter/src/widgets/framework.dart:5982:11)
#914    Element.rebuild (package:flutter/src/widgets/framework.dart:5529:7)
#915    StatefulElement.update (package:flutter/src/widgets/framework.dart:6007:5)
#916    Element.updateChild (package:flutter/src/widgets/framework.dart:4037:15)
#917    ComponentElement.performRebuild (package:flutter/src/widgets/framework.dart:5841:16)
#918    StatefulElement.performRebuild (package:flutter/src/widgets/framework.dart:5982:11)
#919    Element.rebuild (package:flutter/src/widgets/framework.dart:5529:7)
#920    StatefulElement.update (package:flutter/src/widgets/framework.dart:6007:5)
#921    Element.updateChild (package:flutter/src/widgets/framework.dart:4037:15)
#922    ComponentElement.performRebuild (package:flutter/src/widgets/framework.dart:5841:16)
#923    Element.rebuild (package:flutter/src/widgets/framework.dart:5529:7)
#924    ProxyElement.update (package:flutter/src/widgets/framework.dart:6149:5)
#925    Element.updateChild (package:flutter/src/widgets/framework.dart:4037:15)
#926    ComponentElement.performRebuild (package:flutter/src/widgets/framework.dart:5841:16)
#927    StatefulElement.performRebuild (package:flutter/src/widgets/framework.dart:5982:11)
#928    Element.rebuild (package:flutter/src/widgets/framework.dart:5529:7)
#929    StatefulElement.update (package:flutter/src/widgets/framework.dart:6007:5)
#930    Element.updateChild (package:flutter/src/widgets/framework.dart:4037:15)
#931    ComponentElement.performRebuild (package:flutter/src/widgets/framework.dart:5841:16)
#932    Element.rebuild (package:flutter/src/widgets/framework.dart:5529:7)
#933    ProxyElement.update (package:flutter/src/widgets/framework.dart:6149:5)
#934    Element.updateChild (package:flutter/src/widgets/framework.dart:4037:15)
#935    ComponentElement.performRebuild (package:flutter/src/widgets/framework.dart:5841:16)
#936    Element.rebuild (package:flutter/src/widgets/framework.dart:5529:7)
#937    ProxyElement.update (package:flutter/src/widgets/framework.dart:6149:5)
#938    Element.updateChild (package:flutter/src/widgets/framework.dart:4037:15)
#939    _RawViewElement._updateChild (package:flutter/src/widgets/view.dart:481:16)
#940    _RawViewElement.update (package:flutter/src/widgets/view.dart:568:5)
#941    Element.updateChild (package:flutter/src/widgets/framework.dart:4037:15)
#942    ComponentElement.performRebuild (package:flutter/src/widgets/framework.dart:5841:16)
#943    Element.rebuild (package:flutter/src/widgets/framework.dart:5529:7)
#944    StatelessElement.update (package:flutter/src/widgets/framework.dart:5895:5)
#945    Element.updateChild (package:flutter/src/widgets/framework.dart:4037:15)
#946    ComponentElement.performRebuild (package:flutter/src/widgets/framework.dart:5841:16)
#947    StatefulElement.performRebuild (package:flutter/src/widgets/framework.dart:5982:11)
#948    Element.rebuild (package:flutter/src/widgets/framework.dart:5529:7)
#949    StatefulElement.update (package:flutter/src/widgets/framework.dart:6007:5)
#950    Element.updateChild (package:flutter/src/widgets/framework.dart:4037:15)
#951    RootElement._rebuild (package:flutter/src/widgets/binding.dart:2091:16)
#952    RootElement.update (package:flutter/src/widgets/binding.dart:2069:5)
#953    RootElement.performRebuild (package:flutter/src/widgets/binding.dart:2083:7)
#954    Element.rebuild (package:flutter/src/widgets/framework.dart:5529:7)
#955    BuildScope._tryRebuild (package:flutter/src/widgets/framework.dart:2750:15)
#956    BuildScope._flushDirtyElements (package:flutter/src/widgets/framework.dart:2807:11)
#957    BuildOwner.buildScope (package:flutter/src/widgets/framework.dart:3111:18)
#958    AutomatedTestWidgetsFlutterBinding.drawFrame (package:flutter_test/src/binding.dart:2431:19)
#959    RendererBinding._handlePersistentFrameCallback (package:flutter/src/rendering/binding.dart:509:5)
#960    SchedulerBinding._invokeFrameCallback (package:flutter/src/scheduler/binding.dart:1430:15)
#961    SchedulerBinding.handleDrawFrame (package:flutter/src/scheduler/binding.dart:1345:9)
#962    AutomatedTestWidgetsFlutterBinding.pump.<anonymous closure> (package:flutter_test/src/binding.dart:2260:9)
#965    TestAsyncUtils.guard (package:flutter_test/src/test_async_utils.dart:74:41)
#966    AutomatedTestWidgetsFlutterBinding.pump (package:flutter_test/src/binding.dart:2249:27)
#967    WidgetTester.pumpWidget.<anonymous closure> (package:flutter_test/src/widget_tester.dart:598:22)
#970    TestAsyncUtils.guard (package:flutter_test/src/test_async_utils.dart:74:41)
#971    WidgetTester.pumpWidget (package:flutter_test/src/widget_tester.dart:595:27)
#972    main.<anonymous closure>.<anonymous closure> (file:///Y:/AndroidStudioProject/Github/expert-project/test/presentation/pages/on_the_air_tv_page_test.dart:42:20)
#973    testWidgets.<anonymous closure>.<anonymous closure> (package:flutter_test/src/widget_tester.dart:192:29)
<asynchronous suspension>
#974    TestWidgetsFlutterBinding._runTestBody (package:flutter_test/src/binding.dart:1952:5)
<asynchronous suspension>
<asynchronous suspension>
(elided 5 frames from dart:async and package:stack_trace)

ΓòÉΓòÉΓòÉΓòÉΓòÉΓòÉΓòÉΓòÉΓòÉΓòÉΓòÉΓòÉΓòÉΓòÉΓòÉΓòÉΓòÉΓòÉΓòÉΓòÉΓòÉΓòÉΓòÉΓòÉΓòÉΓòÉΓòÉΓòÉΓòÉΓòÉΓòÉΓòÉΓòÉΓòÉΓòÉΓòÉΓòÉΓòÉΓòÉΓòÉΓòÉΓòÉΓòÉΓòÉΓòÉΓòÉΓòÉΓòÉΓòÉΓòÉΓòÉΓòÉΓòÉΓòÉΓòÉΓòÉΓòÉΓòÉΓòÉΓòÉΓòÉΓòÉΓòÉΓòÉΓòÉΓòÉΓòÉΓòÉΓòÉΓòÉΓòÉΓòÉΓòÉΓòÉΓòÉΓòÉΓòÉΓòÉΓòÉΓòÉΓòÉΓòÉΓòÉΓòÉΓòÉΓòÉΓòÉΓòÉΓòÉΓòÉΓòÉΓòÉΓòÉΓòÉΓòÉΓòÉΓòÉΓòÉΓòÉΓòÉ
00:40 +216 -19: Y:/AndroidStudioProject/Github/expert-project/test/presentation/pages/popular_movies_page_test.dart: Page should display center progress bar when loading
00:40 +216 -19: Y:/AndroidStudioProject/Github/expert-project/test/presentation/pages/on_the_air_tv_page_test.dart: OnTheAirTvPage Widget Page should display correct title [E]
  Test failed. See exception logs above.
  The test description was: Page should display correct title
  
00:40 +217 -19: Y:/AndroidStudioProject/Github/expert-project/test/presentation/pages/popular_movies_page_test.dart: Page should display center progress bar when loading
00:40 +218 -19: Y:/AndroidStudioProject/Github/expert-project/test/presentation/pages/popular_movies_page_test.dart: Page should display center progress bar when loading
00:40 +219 -19: Y:/AndroidStudioProject/Github/expert-project/test/presentation/pages/popular_movies_page_test.dart: Page should display center progress bar when loading
00:40 +220 -19: Y:/AndroidStudioProject/Github/expert-project/test/presentation/pages/popular_movies_page_test.dart: Page should display center progress bar when loading
00:40 +221 -19: Y:/AndroidStudioProject/Github/expert-project/test/presentation/pages/popular_tv_page_test.dart: PopularTvPage Widget Page should display Scaffold with AppBar
00:40 +222 -19: Y:/AndroidStudioProject/Github/expert-project/test/presentation/pages/popular_tv_page_test.dart: PopularTvPage Widget Page should display Scaffold with AppBar
00:40 +223 -19: Y:/AndroidStudioProject/Github/expert-project/test/presentation/pages/popular_tv_page_test.dart: PopularTvPage Widget Page should display Scaffold with AppBar
ΓòÉΓòÉΓòí EXCEPTION CAUGHT BY WIDGETS LIBRARY Γò₧ΓòÉΓòÉΓòÉΓòÉΓòÉΓòÉΓòÉΓòÉΓòÉΓòÉΓòÉΓòÉΓòÉΓòÉΓòÉΓòÉΓòÉΓòÉΓòÉΓòÉΓòÉΓòÉΓòÉΓòÉΓòÉΓòÉΓòÉΓòÉΓòÉΓòÉΓòÉΓòÉΓòÉΓòÉΓòÉΓòÉΓòÉΓòÉΓòÉΓòÉΓòÉΓòÉΓòÉΓòÉΓòÉΓòÉΓòÉΓòÉΓòÉΓòÉΓòÉΓòÉΓòÉΓòÉΓòÉΓòÉΓòÉΓòÉΓòÉ
The following MissingStubError was thrown building Consumer<PopularTvNotifier>(dirty, dependencies:
[_InheritedProviderScope<PopularTvNotifier?>]):
'message'
No stub was found which matches the arguments of this method call:
message

Add a stub for this method using Mockito's 'when' API, or generate the MockPopularTvNotifier mock
with the @GenerateNiceMocks annotation (see
https://pub.dev/documentation/mockito/latest/annotations/MockSpec-class.html).

The relevant error-causing widget was:
  Consumer<PopularTvNotifier>
  Consumer:file:///Y:/AndroidStudioProject/Github/expert-project/lib/presentation/pages/popular_tv_page.dart:31:16

When the exception was thrown, this was the stack:
#0      Mock._noSuchMethod (package:mockito/src/mock.dart:201:7)
#1      Mock.noSuchMethod (package:mockito/src/mock.dart:195:47)
#2      MockPopularTvNotifier.message (file:///Y:/AndroidStudioProject/Github/expert-project/test/presentation/pages/popular_tv_page_test.mocks.dart:71:32)
#3      _PopularTvPageState.build.<anonymous closure> (package:ditonton/presentation/pages/popular_tv_page.dart:48:34)
#4      Consumer.buildWithChild (package:provider/src/consumer.dart:179:19)
#5      SingleChildStatelessWidget.build (package:nested/nested.dart:259:41)
#6      StatelessElement.build (package:flutter/src/widgets/framework.dart:5889:49)
#7      SingleChildStatelessElement.build (package:nested/nested.dart:279:18)
#8      ComponentElement.performRebuild (package:flutter/src/widgets/framework.dart:5817:15)
#9      Element.rebuild (package:flutter/src/widgets/framework.dart:5529:7)
#10     ComponentElement._firstBuild (package:flutter/src/widgets/framework.dart:5799:5)
#11     ComponentElement.mount (package:flutter/src/widgets/framework.dart:5793:5)
#12     SingleChildWidgetElementMixin.mount (package:nested/nested.dart:222:11)
...     Normal element mounting (28 frames)
#40     Element.inflateWidget (package:flutter/src/widgets/framework.dart:4587:20)
#41     MultiChildRenderObjectElement.inflateWidget (package:flutter/src/widgets/framework.dart:7264:36)
#42     MultiChildRenderObjectElement.mount (package:flutter/src/widgets/framework.dart:7279:32)
...     Normal element mounting (370 frames)
#412    Element.inflateWidget (package:flutter/src/widgets/framework.dart:4587:20)
#413    MultiChildRenderObjectElement.inflateWidget (package:flutter/src/widgets/framework.dart:7264:36)
#414    MultiChildRenderObjectElement.mount (package:flutter/src/widgets/framework.dart:7279:32)
...     Normal element mounting (473 frames)
#887    _InheritedProviderScopeElement.mount (package:provider/src/inherited_provider.dart:424:11)
...     Normal element mounting (7 frames)
#894    SingleChildWidgetElementMixin.mount (package:nested/nested.dart:222:11)
#895    Element.inflateWidget (package:flutter/src/widgets/framework.dart:4587:20)
#896    Element.updateChild (package:flutter/src/widgets/framework.dart:4053:20)
#897    ComponentElement.performRebuild (package:flutter/src/widgets/framework.dart:5841:16)
#898    Element.rebuild (package:flutter/src/widgets/framework.dart:5529:7)
#899    ProxyElement.update (package:flutter/src/widgets/framework.dart:6149:5)
#900    _InheritedNotifierElement.update (package:flutter/src/widgets/inherited_notifier.dart:108:11)
#901    Element.updateChild (package:flutter/src/widgets/framework.dart:4037:15)
#902    ComponentElement.performRebuild (package:flutter/src/widgets/framework.dart:5841:16)
#903    StatefulElement.performRebuild (package:flutter/src/widgets/framework.dart:5982:11)
#904    Element.rebuild (package:flutter/src/widgets/framework.dart:5529:7)
#905    StatefulElement.update (package:flutter/src/widgets/framework.dart:6007:5)
#906    Element.updateChild (package:flutter/src/widgets/framework.dart:4037:15)
#907    ComponentElement.performRebuild (package:flutter/src/widgets/framework.dart:5841:16)
#908    Element.rebuild (package:flutter/src/widgets/framework.dart:5529:7)
#909    ProxyElement.update (package:flutter/src/widgets/framework.dart:6149:5)
#910    _InheritedNotifierElement.update (package:flutter/src/widgets/inherited_notifier.dart:108:11)
#911    Element.updateChild (package:flutter/src/widgets/framework.dart:4037:15)
#912    ComponentElement.performRebuild (package:flutter/src/widgets/framework.dart:5841:16)
#913    StatefulElement.performRebuild (package:flutter/src/widgets/framework.dart:5982:11)
#914    Element.rebuild (package:flutter/src/widgets/framework.dart:5529:7)
#915    StatefulElement.update (package:flutter/src/widgets/framework.dart:6007:5)
#916    Element.updateChild (package:flutter/src/widgets/framework.dart:4037:15)
#917    ComponentElement.performRebuild (package:flutter/src/widgets/framework.dart:5841:16)
#918    StatefulElement.performRebuild (package:flutter/src/widgets/framework.dart:5982:11)
#919    Element.rebuild (package:flutter/src/widgets/framework.dart:5529:7)
#920    StatefulElement.update (package:flutter/src/widgets/framework.dart:6007:5)
#921    Element.updateChild (package:flutter/src/widgets/framework.dart:4037:15)
#922    ComponentElement.performRebuild (package:flutter/src/widgets/framework.dart:5841:16)
#923    Element.rebuild (package:flutter/src/widgets/framework.dart:5529:7)
#924    ProxyElement.update (package:flutter/src/widgets/framework.dart:6149:5)
#925    Element.updateChild (package:flutter/src/widgets/framework.dart:4037:15)
#926    ComponentElement.performRebuild (package:flutter/src/widgets/framework.dart:5841:16)
#927    StatefulElement.performRebuild (package:flutter/src/widgets/framework.dart:5982:11)
#928    Element.rebuild (package:flutter/src/widgets/framework.dart:5529:7)
#929    StatefulElement.update (package:flutter/src/widgets/framework.dart:6007:5)
#930    Element.updateChild (package:flutter/src/widgets/framework.dart:4037:15)
#931    ComponentElement.performRebuild (package:flutter/src/widgets/framework.dart:5841:16)
#932    Element.rebuild (package:flutter/src/widgets/framework.dart:5529:7)
#933    ProxyElement.update (package:flutter/src/widgets/framework.dart:6149:5)
#934    Element.updateChild (package:flutter/src/widgets/framework.dart:4037:15)
#935    ComponentElement.performRebuild (package:flutter/src/widgets/framework.dart:5841:16)
#936    Element.rebuild (package:flutter/src/widgets/framework.dart:5529:7)
#937    ProxyElement.update (package:flutter/src/widgets/framework.dart:6149:5)
#938    Element.updateChild (package:flutter/src/widgets/framework.dart:4037:15)
#939    _RawViewElement._updateChild (package:flutter/src/widgets/view.dart:481:16)
#940    _RawViewElement.update (package:flutter/src/widgets/view.dart:568:5)
#941    Element.updateChild (package:flutter/src/widgets/framework.dart:4037:15)
#942    ComponentElement.performRebuild (package:flutter/src/widgets/framework.dart:5841:16)
#943    Element.rebuild (package:flutter/src/widgets/framework.dart:5529:7)
#944    StatelessElement.update (package:flutter/src/widgets/framework.dart:5895:5)
#945    Element.updateChild (package:flutter/src/widgets/framework.dart:4037:15)
#946    ComponentElement.performRebuild (package:flutter/src/widgets/framework.dart:5841:16)
#947    StatefulElement.performRebuild (package:flutter/src/widgets/framework.dart:5982:11)
#948    Element.rebuild (package:flutter/src/widgets/framework.dart:5529:7)
#949    StatefulElement.update (package:flutter/src/widgets/framework.dart:6007:5)
#950    Element.updateChild (package:flutter/src/widgets/framework.dart:4037:15)
#951    RootElement._rebuild (package:flutter/src/widgets/binding.dart:2091:16)
#952    RootElement.update (package:flutter/src/widgets/binding.dart:2069:5)
#953    RootElement.performRebuild (package:flutter/src/widgets/binding.dart:2083:7)
#954    Element.rebuild (package:flutter/src/widgets/framework.dart:5529:7)
#955    BuildScope._tryRebuild (package:flutter/src/widgets/framework.dart:2750:15)
#956    BuildScope._flushDirtyElements (package:flutter/src/widgets/framework.dart:2807:11)
#957    BuildOwner.buildScope (package:flutter/src/widgets/framework.dart:3111:18)
#958    AutomatedTestWidgetsFlutterBinding.drawFrame (package:flutter_test/src/binding.dart:2431:19)
#959    RendererBinding._handlePersistentFrameCallback (package:flutter/src/rendering/binding.dart:509:5)
#960    SchedulerBinding._invokeFrameCallback (package:flutter/src/scheduler/binding.dart:1430:15)
#961    SchedulerBinding.handleDrawFrame (package:flutter/src/scheduler/binding.dart:1345:9)
#962    AutomatedTestWidgetsFlutterBinding.pump.<anonymous closure> (package:flutter_test/src/binding.dart:2260:9)
#965    TestAsyncUtils.guard (package:flutter_test/src/test_async_utils.dart:74:41)
#966    AutomatedTestWidgetsFlutterBinding.pump (package:flutter_test/src/binding.dart:2249:27)
#967    WidgetTester.pumpWidget.<anonymous closure> (package:flutter_test/src/widget_tester.dart:598:22)
#970    TestAsyncUtils.guard (package:flutter_test/src/test_async_utils.dart:74:41)
#971    WidgetTester.pumpWidget (package:flutter_test/src/widget_tester.dart:595:27)
#972    main.<anonymous closure>.<anonymous closure> (file:///Y:/AndroidStudioProject/Github/expert-project/test/presentation/pages/popular_tv_page_test.dart:33:20)
#973    testWidgets.<anonymous closure>.<anonymous closure> (package:flutter_test/src/widget_tester.dart:192:29)
<asynchronous suspension>
#974    TestWidgetsFlutterBinding._runTestBody (package:flutter_test/src/binding.dart:1952:5)
<asynchronous suspension>
<asynchronous suspension>
(elided 5 frames from dart:async and package:stack_trace)

ΓòÉΓòÉΓòÉΓòÉΓòÉΓòÉΓòÉΓòÉΓòÉΓòÉΓòÉΓòÉΓòÉΓòÉΓòÉΓòÉΓòÉΓòÉΓòÉΓòÉΓòÉΓòÉΓòÉΓòÉΓòÉΓòÉΓòÉΓòÉΓòÉΓòÉΓòÉΓòÉΓòÉΓòÉΓòÉΓòÉΓòÉΓòÉΓòÉΓòÉΓòÉΓòÉΓòÉΓòÉΓòÉΓòÉΓòÉΓòÉΓòÉΓòÉΓòÉΓòÉΓòÉΓòÉΓòÉΓòÉΓòÉΓòÉΓòÉΓòÉΓòÉΓòÉΓòÉΓòÉΓòÉΓòÉΓòÉΓòÉΓòÉΓòÉΓòÉΓòÉΓòÉΓòÉΓòÉΓòÉΓòÉΓòÉΓòÉΓòÉΓòÉΓòÉΓòÉΓòÉΓòÉΓòÉΓòÉΓòÉΓòÉΓòÉΓòÉΓòÉΓòÉΓòÉΓòÉΓòÉΓòÉΓòÉΓòÉΓòÉ
00:41 +223 -20: Y:/AndroidStudioProject/Github/expert-project/test/presentation/pages/search_page_test.dart: SearchPage Widget Page should display Scaffold
00:41 +223 -20: Y:/AndroidStudioProject/Github/expert-project/test/presentation/pages/popular_tv_page_test.dart: PopularTvPage Widget Page should display Scaffold with AppBar [E]
  Test failed. See exception logs above.
  The test description was: Page should display Scaffold with AppBar
  
00:41 +223 -20: Y:/AndroidStudioProject/Github/expert-project/test/presentation/pages/popular_tv_page_test.dart: PopularTvPage Widget Page should display correct title
ΓòÉΓòÉΓòí EXCEPTION CAUGHT BY WIDGETS LIBRARY Γò₧ΓòÉΓòÉΓòÉΓòÉΓòÉΓòÉΓòÉΓòÉΓòÉΓòÉΓòÉΓòÉΓòÉΓòÉΓòÉΓòÉΓòÉΓòÉΓòÉΓòÉΓòÉΓòÉΓòÉΓòÉΓòÉΓòÉΓòÉΓòÉΓòÉΓòÉΓòÉΓòÉΓòÉΓòÉΓòÉΓòÉΓòÉΓòÉΓòÉΓòÉΓòÉΓòÉΓòÉΓòÉΓòÉΓòÉΓòÉΓòÉΓòÉΓòÉΓòÉΓòÉΓòÉΓòÉΓòÉΓòÉΓòÉΓòÉΓòÉ
The following MissingStubError was thrown building Consumer<PopularTvNotifier>(dirty, dependencies:
[_InheritedProviderScope<PopularTvNotifier?>]):
'message'
No stub was found which matches the arguments of this method call:
message

Add a stub for this method using Mockito's 'when' API, or generate the MockPopularTvNotifier mock
with the @GenerateNiceMocks annotation (see
https://pub.dev/documentation/mockito/latest/annotations/MockSpec-class.html).

The relevant error-causing widget was:
  Consumer<PopularTvNotifier>
  Consumer:file:///Y:/AndroidStudioProject/Github/expert-project/lib/presentation/pages/popular_tv_page.dart:31:16

When the exception was thrown, this was the stack:
#0      Mock._noSuchMethod (package:mockito/src/mock.dart:201:7)
#1      Mock.noSuchMethod (package:mockito/src/mock.dart:195:47)
#2      MockPopularTvNotifier.message (file:///Y:/AndroidStudioProject/Github/expert-project/test/presentation/pages/popular_tv_page_test.mocks.dart:71:32)
#3      _PopularTvPageState.build.<anonymous closure> (package:ditonton/presentation/pages/popular_tv_page.dart:48:34)
#4      Consumer.buildWithChild (package:provider/src/consumer.dart:179:19)
#5      SingleChildStatelessWidget.build (package:nested/nested.dart:259:41)
#6      StatelessElement.build (package:flutter/src/widgets/framework.dart:5889:49)
#7      SingleChildStatelessElement.build (package:nested/nested.dart:279:18)
#8      ComponentElement.performRebuild (package:flutter/src/widgets/framework.dart:5817:15)
#9      Element.rebuild (package:flutter/src/widgets/framework.dart:5529:7)
#10     ComponentElement._firstBuild (package:flutter/src/widgets/framework.dart:5799:5)
#11     ComponentElement.mount (package:flutter/src/widgets/framework.dart:5793:5)
#12     SingleChildWidgetElementMixin.mount (package:nested/nested.dart:222:11)
...     Normal element mounting (28 frames)
#40     Element.inflateWidget (package:flutter/src/widgets/framework.dart:4587:20)
#41     MultiChildRenderObjectElement.inflateWidget (package:flutter/src/widgets/framework.dart:7264:36)
#42     MultiChildRenderObjectElement.mount (package:flutter/src/widgets/framework.dart:7279:32)
...     Normal element mounting (370 frames)
#412    Element.inflateWidget (package:flutter/src/widgets/framework.dart:4587:20)
#413    MultiChildRenderObjectElement.inflateWidget (package:flutter/src/widgets/framework.dart:7264:36)
#414    MultiChildRenderObjectElement.mount (package:flutter/src/widgets/framework.dart:7279:32)
...     Normal element mounting (473 frames)
#887    _InheritedProviderScopeElement.mount (package:provider/src/inherited_provider.dart:424:11)
...     Normal element mounting (7 frames)
#894    SingleChildWidgetElementMixin.mount (package:nested/nested.dart:222:11)
#895    Element.inflateWidget (package:flutter/src/widgets/framework.dart:4587:20)
#896    Element.updateChild (package:flutter/src/widgets/framework.dart:4053:20)
#897    ComponentElement.performRebuild (package:flutter/src/widgets/framework.dart:5841:16)
#898    Element.rebuild (package:flutter/src/widgets/framework.dart:5529:7)
#899    ProxyElement.update (package:flutter/src/widgets/framework.dart:6149:5)
#900    _InheritedNotifierElement.update (package:flutter/src/widgets/inherited_notifier.dart:108:11)
#901    Element.updateChild (package:flutter/src/widgets/framework.dart:4037:15)
#902    ComponentElement.performRebuild (package:flutter/src/widgets/framework.dart:5841:16)
#903    StatefulElement.performRebuild (package:flutter/src/widgets/framework.dart:5982:11)
#904    Element.rebuild (package:flutter/src/widgets/framework.dart:5529:7)
#905    StatefulElement.update (package:flutter/src/widgets/framework.dart:6007:5)
#906    Element.updateChild (package:flutter/src/widgets/framework.dart:4037:15)
#907    ComponentElement.performRebuild (package:flutter/src/widgets/framework.dart:5841:16)
#908    Element.rebuild (package:flutter/src/widgets/framework.dart:5529:7)
#909    ProxyElement.update (package:flutter/src/widgets/framework.dart:6149:5)
#910    _InheritedNotifierElement.update (package:flutter/src/widgets/inherited_notifier.dart:108:11)
#911    Element.updateChild (package:flutter/src/widgets/framework.dart:4037:15)
#912    ComponentElement.performRebuild (package:flutter/src/widgets/framework.dart:5841:16)
#913    StatefulElement.performRebuild (package:flutter/src/widgets/framework.dart:5982:11)
#914    Element.rebuild (package:flutter/src/widgets/framework.dart:5529:7)
#915    StatefulElement.update (package:flutter/src/widgets/framework.dart:6007:5)
#916    Element.updateChild (package:flutter/src/widgets/framework.dart:4037:15)
#917    ComponentElement.performRebuild (package:flutter/src/widgets/framework.dart:5841:16)
#918    StatefulElement.performRebuild (package:flutter/src/widgets/framework.dart:5982:11)
#919    Element.rebuild (package:flutter/src/widgets/framework.dart:5529:7)
#920    StatefulElement.update (package:flutter/src/widgets/framework.dart:6007:5)
#921    Element.updateChild (package:flutter/src/widgets/framework.dart:4037:15)
#922    ComponentElement.performRebuild (package:flutter/src/widgets/framework.dart:5841:16)
#923    Element.rebuild (package:flutter/src/widgets/framework.dart:5529:7)
#924    ProxyElement.update (package:flutter/src/widgets/framework.dart:6149:5)
#925    Element.updateChild (package:flutter/src/widgets/framework.dart:4037:15)
#926    ComponentElement.performRebuild (package:flutter/src/widgets/framework.dart:5841:16)
#927    StatefulElement.performRebuild (package:flutter/src/widgets/framework.dart:5982:11)
#928    Element.rebuild (package:flutter/src/widgets/framework.dart:5529:7)
#929    StatefulElement.update (package:flutter/src/widgets/framework.dart:6007:5)
#930    Element.updateChild (package:flutter/src/widgets/framework.dart:4037:15)
#931    ComponentElement.performRebuild (package:flutter/src/widgets/framework.dart:5841:16)
#932    Element.rebuild (package:flutter/src/widgets/framework.dart:5529:7)
#933    ProxyElement.update (package:flutter/src/widgets/framework.dart:6149:5)
#934    Element.updateChild (package:flutter/src/widgets/framework.dart:4037:15)
#935    ComponentElement.performRebuild (package:flutter/src/widgets/framework.dart:5841:16)
#936    Element.rebuild (package:flutter/src/widgets/framework.dart:5529:7)
#937    ProxyElement.update (package:flutter/src/widgets/framework.dart:6149:5)
#938    Element.updateChild (package:flutter/src/widgets/framework.dart:4037:15)
#939    _RawViewElement._updateChild (package:flutter/src/widgets/view.dart:481:16)
#940    _RawViewElement.update (package:flutter/src/widgets/view.dart:568:5)
#941    Element.updateChild (package:flutter/src/widgets/framework.dart:4037:15)
#942    ComponentElement.performRebuild (package:flutter/src/widgets/framework.dart:5841:16)
#943    Element.rebuild (package:flutter/src/widgets/framework.dart:5529:7)
#944    StatelessElement.update (package:flutter/src/widgets/framework.dart:5895:5)
#945    Element.updateChild (package:flutter/src/widgets/framework.dart:4037:15)
#946    ComponentElement.performRebuild (package:flutter/src/widgets/framework.dart:5841:16)
#947    StatefulElement.performRebuild (package:flutter/src/widgets/framework.dart:5982:11)
#948    Element.rebuild (package:flutter/src/widgets/framework.dart:5529:7)
#949    StatefulElement.update (package:flutter/src/widgets/framework.dart:6007:5)
#950    Element.updateChild (package:flutter/src/widgets/framework.dart:4037:15)
#951    RootElement._rebuild (package:flutter/src/widgets/binding.dart:2091:16)
#952    RootElement.update (package:flutter/src/widgets/binding.dart:2069:5)
#953    RootElement.performRebuild (package:flutter/src/widgets/binding.dart:2083:7)
#954    Element.rebuild (package:flutter/src/widgets/framework.dart:5529:7)
#955    BuildScope._tryRebuild (package:flutter/src/widgets/framework.dart:2750:15)
#956    BuildScope._flushDirtyElements (package:flutter/src/widgets/framework.dart:2807:11)
#957    BuildOwner.buildScope (package:flutter/src/widgets/framework.dart:3111:18)
#958    AutomatedTestWidgetsFlutterBinding.drawFrame (package:flutter_test/src/binding.dart:2431:19)
#959    RendererBinding._handlePersistentFrameCallback (package:flutter/src/rendering/binding.dart:509:5)
#960    SchedulerBinding._invokeFrameCallback (package:flutter/src/scheduler/binding.dart:1430:15)
#961    SchedulerBinding.handleDrawFrame (package:flutter/src/scheduler/binding.dart:1345:9)
#962    AutomatedTestWidgetsFlutterBinding.pump.<anonymous closure> (package:flutter_test/src/binding.dart:2260:9)
#965    TestAsyncUtils.guard (package:flutter_test/src/test_async_utils.dart:74:41)
#966    AutomatedTestWidgetsFlutterBinding.pump (package:flutter_test/src/binding.dart:2249:27)
#967    WidgetTester.pumpWidget.<anonymous closure> (package:flutter_test/src/widget_tester.dart:598:22)
#970    TestAsyncUtils.guard (package:flutter_test/src/test_async_utils.dart:74:41)
#971    WidgetTester.pumpWidget (package:flutter_test/src/widget_tester.dart:595:27)
#972    main.<anonymous closure>.<anonymous closure> (file:///Y:/AndroidStudioProject/Github/expert-project/test/presentation/pages/popular_tv_page_test.dart:42:20)
#973    testWidgets.<anonymous closure>.<anonymous closure> (package:flutter_test/src/widget_tester.dart:192:29)
<asynchronous suspension>
#974    TestWidgetsFlutterBinding._runTestBody (package:flutter_test/src/binding.dart:1952:5)
<asynchronous suspension>
<asynchronous suspension>
(elided 5 frames from dart:async and package:stack_trace)

ΓòÉΓòÉΓòÉΓòÉΓòÉΓòÉΓòÉΓòÉΓòÉΓòÉΓòÉΓòÉΓòÉΓòÉΓòÉΓòÉΓòÉΓòÉΓòÉΓòÉΓòÉΓòÉΓòÉΓòÉΓòÉΓòÉΓòÉΓòÉΓòÉΓòÉΓòÉΓòÉΓòÉΓòÉΓòÉΓòÉΓòÉΓòÉΓòÉΓòÉΓòÉΓòÉΓòÉΓòÉΓòÉΓòÉΓòÉΓòÉΓòÉΓòÉΓòÉΓòÉΓòÉΓòÉΓòÉΓòÉΓòÉΓòÉΓòÉΓòÉΓòÉΓòÉΓòÉΓòÉΓòÉΓòÉΓòÉΓòÉΓòÉΓòÉΓòÉΓòÉΓòÉΓòÉΓòÉΓòÉΓòÉΓòÉΓòÉΓòÉΓòÉΓòÉΓòÉΓòÉΓòÉΓòÉΓòÉΓòÉΓòÉΓòÉΓòÉΓòÉΓòÉΓòÉΓòÉΓòÉΓòÉΓòÉΓòÉΓòÉ
00:41 +223 -21: Y:/AndroidStudioProject/Github/expert-project/test/presentation/pages/search_page_test.dart: SearchPage Widget Page should display Scaffold
00:41 +223 -21: Y:/AndroidStudioProject/Github/expert-project/test/presentation/pages/popular_tv_page_test.dart: PopularTvPage Widget Page should display correct title [E]
  Test failed. See exception logs above.
  The test description was: Page should display correct title
  
00:41 +224 -21: Y:/AndroidStudioProject/Github/expert-project/test/presentation/pages/search_page_test.dart: SearchPage Widget Page should display Scaffold
00:41 +225 -21: Y:/AndroidStudioProject/Github/expert-project/test/presentation/pages/search_page_test.dart: SearchPage Widget Page should display Scaffold
00:41 +226 -21: Y:/AndroidStudioProject/Github/expert-project/test/presentation/pages/search_page_test.dart: SearchPage Widget Page should display Scaffold
00:41 +227 -21: Y:/AndroidStudioProject/Github/expert-project/test/presentation/pages/search_page_test.dart: SearchPage Widget Page should display Scaffold
00:42 +228 -21: Y:/AndroidStudioProject/Github/expert-project/test/presentation/pages/search_page_test.dart: SearchPage Widget Page should display search title
00:42 +229 -21: Y:/AndroidStudioProject/Github/expert-project/test/presentation/pages/search_page_test.dart: SearchPage Widget Page should display search TextField
00:42 +230 -21: Y:/AndroidStudioProject/Github/expert-project/test/presentation/pages/search_page_test.dart: SearchPage Widget Page should display search result heading
00:42 +231 -21: Y:/AndroidStudioProject/Github/expert-project/test/presentation/pages/search_page_test.dart: SearchPage Widget Page should display loading indicator when loading
00:42 +232 -21: Y:/AndroidStudioProject/Github/expert-project/test/presentation/pages/search_page_test.dart: SearchPage Widget Page should display search results when loaded
00:43 +233 -21: Y:/AndroidStudioProject/Github/expert-project/test/presentation/pages/search_page_test.dart: SearchPage Widget Page should display empty container when empty
00:43 +234 -21: Y:/AndroidStudioProject/Github/expert-project/test/presentation/pages/search_page_test.dart: SearchPage Widget Page should have correct route name
00:43 +235 -21: Y:/AndroidStudioProject/Github/expert-project/test/presentation/pages/top_rated_movies_page_test.dart: Page should display progress bar when loading
00:43 +236 -21: Y:/AndroidStudioProject/Github/expert-project/test/presentation/pages/top_rated_movies_page_test.dart: Page should display progress bar when loading
00:44 +237 -21: Y:/AndroidStudioProject/Github/expert-project/test/presentation/pages/top_rated_tv_page_test.dart: TopRatedTvPage Widget Page should display Scaffold with AppBar
00:44 +238 -21: Y:/AndroidStudioProject/Github/expert-project/test/presentation/pages/top_rated_tv_page_test.dart: TopRatedTvPage Widget Page should display Scaffold with AppBar
00:44 +239 -21: Y:/AndroidStudioProject/Github/expert-project/test/presentation/pages/top_rated_tv_page_test.dart: TopRatedTvPage Widget Page should display Scaffold with AppBar
ΓòÉΓòÉΓòí EXCEPTION CAUGHT BY WIDGETS LIBRARY Γò₧ΓòÉΓòÉΓòÉΓòÉΓòÉΓòÉΓòÉΓòÉΓòÉΓòÉΓòÉΓòÉΓòÉΓòÉΓòÉΓòÉΓòÉΓòÉΓòÉΓòÉΓòÉΓòÉΓòÉΓòÉΓòÉΓòÉΓòÉΓòÉΓòÉΓòÉΓòÉΓòÉΓòÉΓòÉΓòÉΓòÉΓòÉΓòÉΓòÉΓòÉΓòÉΓòÉΓòÉΓòÉΓòÉΓòÉΓòÉΓòÉΓòÉΓòÉΓòÉΓòÉΓòÉΓòÉΓòÉΓòÉΓòÉΓòÉΓòÉ
The following MissingStubError was thrown building Consumer<TopRatedTvNotifier>(dirty, dependencies:
[_InheritedProviderScope<TopRatedTvNotifier?>]):
'message'
No stub was found which matches the arguments of this method call:
message

Add a stub for this method using Mockito's 'when' API, or generate the MockTopRatedTvNotifier mock
with the @GenerateNiceMocks annotation (see
https://pub.dev/documentation/mockito/latest/annotations/MockSpec-class.html).

The relevant error-causing widget was:
  Consumer<TopRatedTvNotifier>
  Consumer:file:///Y:/AndroidStudioProject/Github/expert-project/lib/presentation/pages/top_rated_tv_page.dart:31:16

When the exception was thrown, this was the stack:
#0      Mock._noSuchMethod (package:mockito/src/mock.dart:201:7)
#1      Mock.noSuchMethod (package:mockito/src/mock.dart:195:47)
#2      MockTopRatedTvNotifier.message (file:///Y:/AndroidStudioProject/Github/expert-project/test/presentation/pages/top_rated_tv_page_test.mocks.dart:73:32)
#3      _TopRatedTvPageState.build.<anonymous closure> (package:ditonton/presentation/pages/top_rated_tv_page.dart:48:34)
#4      Consumer.buildWithChild (package:provider/src/consumer.dart:179:19)
#5      SingleChildStatelessWidget.build (package:nested/nested.dart:259:41)
#6      StatelessElement.build (package:flutter/src/widgets/framework.dart:5889:49)
#7      SingleChildStatelessElement.build (package:nested/nested.dart:279:18)
#8      ComponentElement.performRebuild (package:flutter/src/widgets/framework.dart:5817:15)
#9      Element.rebuild (package:flutter/src/widgets/framework.dart:5529:7)
#10     ComponentElement._firstBuild (package:flutter/src/widgets/framework.dart:5799:5)
#11     ComponentElement.mount (package:flutter/src/widgets/framework.dart:5793:5)
#12     SingleChildWidgetElementMixin.mount (package:nested/nested.dart:222:11)
...     Normal element mounting (28 frames)
#40     Element.inflateWidget (package:flutter/src/widgets/framework.dart:4587:20)
#41     MultiChildRenderObjectElement.inflateWidget (package:flutter/src/widgets/framework.dart:7264:36)
#42     MultiChildRenderObjectElement.mount (package:flutter/src/widgets/framework.dart:7279:32)
...     Normal element mounting (370 frames)
#412    Element.inflateWidget (package:flutter/src/widgets/framework.dart:4587:20)
#413    MultiChildRenderObjectElement.inflateWidget (package:flutter/src/widgets/framework.dart:7264:36)
#414    MultiChildRenderObjectElement.mount (package:flutter/src/widgets/framework.dart:7279:32)
...     Normal element mounting (473 frames)
#887    _InheritedProviderScopeElement.mount (package:provider/src/inherited_provider.dart:424:11)
...     Normal element mounting (7 frames)
#894    SingleChildWidgetElementMixin.mount (package:nested/nested.dart:222:11)
#895    Element.inflateWidget (package:flutter/src/widgets/framework.dart:4587:20)
#896    Element.updateChild (package:flutter/src/widgets/framework.dart:4053:20)
#897    ComponentElement.performRebuild (package:flutter/src/widgets/framework.dart:5841:16)
#898    Element.rebuild (package:flutter/src/widgets/framework.dart:5529:7)
#899    ProxyElement.update (package:flutter/src/widgets/framework.dart:6149:5)
#900    _InheritedNotifierElement.update (package:flutter/src/widgets/inherited_notifier.dart:108:11)
#901    Element.updateChild (package:flutter/src/widgets/framework.dart:4037:15)
#902    ComponentElement.performRebuild (package:flutter/src/widgets/framework.dart:5841:16)
#903    StatefulElement.performRebuild (package:flutter/src/widgets/framework.dart:5982:11)
#904    Element.rebuild (package:flutter/src/widgets/framework.dart:5529:7)
#905    StatefulElement.update (package:flutter/src/widgets/framework.dart:6007:5)
#906    Element.updateChild (package:flutter/src/widgets/framework.dart:4037:15)
#907    ComponentElement.performRebuild (package:flutter/src/widgets/framework.dart:5841:16)
#908    Element.rebuild (package:flutter/src/widgets/framework.dart:5529:7)
#909    ProxyElement.update (package:flutter/src/widgets/framework.dart:6149:5)
#910    _InheritedNotifierElement.update (package:flutter/src/widgets/inherited_notifier.dart:108:11)
#911    Element.updateChild (package:flutter/src/widgets/framework.dart:4037:15)
#912    ComponentElement.performRebuild (package:flutter/src/widgets/framework.dart:5841:16)
#913    StatefulElement.performRebuild (package:flutter/src/widgets/framework.dart:5982:11)
#914    Element.rebuild (package:flutter/src/widgets/framework.dart:5529:7)
#915    StatefulElement.update (package:flutter/src/widgets/framework.dart:6007:5)
#916    Element.updateChild (package:flutter/src/widgets/framework.dart:4037:15)
#917    ComponentElement.performRebuild (package:flutter/src/widgets/framework.dart:5841:16)
#918    StatefulElement.performRebuild (package:flutter/src/widgets/framework.dart:5982:11)
#919    Element.rebuild (package:flutter/src/widgets/framework.dart:5529:7)
#920    StatefulElement.update (package:flutter/src/widgets/framework.dart:6007:5)
#921    Element.updateChild (package:flutter/src/widgets/framework.dart:4037:15)
#922    ComponentElement.performRebuild (package:flutter/src/widgets/framework.dart:5841:16)
#923    Element.rebuild (package:flutter/src/widgets/framework.dart:5529:7)
#924    ProxyElement.update (package:flutter/src/widgets/framework.dart:6149:5)
#925    Element.updateChild (package:flutter/src/widgets/framework.dart:4037:15)
#926    ComponentElement.performRebuild (package:flutter/src/widgets/framework.dart:5841:16)
#927    StatefulElement.performRebuild (package:flutter/src/widgets/framework.dart:5982:11)
#928    Element.rebuild (package:flutter/src/widgets/framework.dart:5529:7)
#929    StatefulElement.update (package:flutter/src/widgets/framework.dart:6007:5)
#930    Element.updateChild (package:flutter/src/widgets/framework.dart:4037:15)
#931    ComponentElement.performRebuild (package:flutter/src/widgets/framework.dart:5841:16)
#932    Element.rebuild (package:flutter/src/widgets/framework.dart:5529:7)
#933    ProxyElement.update (package:flutter/src/widgets/framework.dart:6149:5)
#934    Element.updateChild (package:flutter/src/widgets/framework.dart:4037:15)
#935    ComponentElement.performRebuild (package:flutter/src/widgets/framework.dart:5841:16)
#936    Element.rebuild (package:flutter/src/widgets/framework.dart:5529:7)
#937    ProxyElement.update (package:flutter/src/widgets/framework.dart:6149:5)
#938    Element.updateChild (package:flutter/src/widgets/framework.dart:4037:15)
#939    _RawViewElement._updateChild (package:flutter/src/widgets/view.dart:481:16)
#940    _RawViewElement.update (package:flutter/src/widgets/view.dart:568:5)
#941    Element.updateChild (package:flutter/src/widgets/framework.dart:4037:15)
#942    ComponentElement.performRebuild (package:flutter/src/widgets/framework.dart:5841:16)
#943    Element.rebuild (package:flutter/src/widgets/framework.dart:5529:7)
#944    StatelessElement.update (package:flutter/src/widgets/framework.dart:5895:5)
#945    Element.updateChild (package:flutter/src/widgets/framework.dart:4037:15)
#946    ComponentElement.performRebuild (package:flutter/src/widgets/framework.dart:5841:16)
#947    StatefulElement.performRebuild (package:flutter/src/widgets/framework.dart:5982:11)
#948    Element.rebuild (package:flutter/src/widgets/framework.dart:5529:7)
#949    StatefulElement.update (package:flutter/src/widgets/framework.dart:6007:5)
#950    Element.updateChild (package:flutter/src/widgets/framework.dart:4037:15)
#951    RootElement._rebuild (package:flutter/src/widgets/binding.dart:2091:16)
#952    RootElement.update (package:flutter/src/widgets/binding.dart:2069:5)
#953    RootElement.performRebuild (package:flutter/src/widgets/binding.dart:2083:7)
#954    Element.rebuild (package:flutter/src/widgets/framework.dart:5529:7)
#955    BuildScope._tryRebuild (package:flutter/src/widgets/framework.dart:2750:15)
#956    BuildScope._flushDirtyElements (package:flutter/src/widgets/framework.dart:2807:11)
#957    BuildOwner.buildScope (package:flutter/src/widgets/framework.dart:3111:18)
#958    AutomatedTestWidgetsFlutterBinding.drawFrame (package:flutter_test/src/binding.dart:2431:19)
#959    RendererBinding._handlePersistentFrameCallback (package:flutter/src/rendering/binding.dart:509:5)
#960    SchedulerBinding._invokeFrameCallback (package:flutter/src/scheduler/binding.dart:1430:15)
#961    SchedulerBinding.handleDrawFrame (package:flutter/src/scheduler/binding.dart:1345:9)
#962    AutomatedTestWidgetsFlutterBinding.pump.<anonymous closure> (package:flutter_test/src/binding.dart:2260:9)
#965    TestAsyncUtils.guard (package:flutter_test/src/test_async_utils.dart:74:41)
#966    AutomatedTestWidgetsFlutterBinding.pump (package:flutter_test/src/binding.dart:2249:27)
#967    WidgetTester.pumpWidget.<anonymous closure> (package:flutter_test/src/widget_tester.dart:598:22)
#970    TestAsyncUtils.guard (package:flutter_test/src/test_async_utils.dart:74:41)
#971    WidgetTester.pumpWidget (package:flutter_test/src/widget_tester.dart:595:27)
#972    main.<anonymous closure>.<anonymous closure> (file:///Y:/AndroidStudioProject/Github/expert-project/test/presentation/pages/top_rated_tv_page_test.dart:33:20)
#973    testWidgets.<anonymous closure>.<anonymous closure> (package:flutter_test/src/widget_tester.dart:192:29)
<asynchronous suspension>
#974    TestWidgetsFlutterBinding._runTestBody (package:flutter_test/src/binding.dart:1952:5)
<asynchronous suspension>
<asynchronous suspension>
(elided 5 frames from dart:async and package:stack_trace)

ΓòÉΓòÉΓòÉΓòÉΓòÉΓòÉΓòÉΓòÉΓòÉΓòÉΓòÉΓòÉΓòÉΓòÉΓòÉΓòÉΓòÉΓòÉΓòÉΓòÉΓòÉΓòÉΓòÉΓòÉΓòÉΓòÉΓòÉΓòÉΓòÉΓòÉΓòÉΓòÉΓòÉΓòÉΓòÉΓòÉΓòÉΓòÉΓòÉΓòÉΓòÉΓòÉΓòÉΓòÉΓòÉΓòÉΓòÉΓòÉΓòÉΓòÉΓòÉΓòÉΓòÉΓòÉΓòÉΓòÉΓòÉΓòÉΓòÉΓòÉΓòÉΓòÉΓòÉΓòÉΓòÉΓòÉΓòÉΓòÉΓòÉΓòÉΓòÉΓòÉΓòÉΓòÉΓòÉΓòÉΓòÉΓòÉΓòÉΓòÉΓòÉΓòÉΓòÉΓòÉΓòÉΓòÉΓòÉΓòÉΓòÉΓòÉΓòÉΓòÉΓòÉΓòÉΓòÉΓòÉΓòÉΓòÉΓòÉΓòÉ
00:44 +239 -22: Y:/AndroidStudioProject/Github/expert-project/test/presentation/pages/tv_detail_page_test.dart: TvDetailPage Widget Page should display progress bar when loading
00:45 +239 -22: Y:/AndroidStudioProject/Github/expert-project/test/presentation/pages/top_rated_tv_page_test.dart: TopRatedTvPage Widget Page should display Scaffold with AppBar [E]
  Test failed. See exception logs above.
  The test description was: Page should display Scaffold with AppBar
  
00:45 +239 -22: Y:/AndroidStudioProject/Github/expert-project/test/presentation/pages/top_rated_tv_page_test.dart: TopRatedTvPage Widget Page should display correct title
ΓòÉΓòÉΓòí EXCEPTION CAUGHT BY WIDGETS LIBRARY Γò₧ΓòÉΓòÉΓòÉΓòÉΓòÉΓòÉΓòÉΓòÉΓòÉΓòÉΓòÉΓòÉΓòÉΓòÉΓòÉΓòÉΓòÉΓòÉΓòÉΓòÉΓòÉΓòÉΓòÉΓòÉΓòÉΓòÉΓòÉΓòÉΓòÉΓòÉΓòÉΓòÉΓòÉΓòÉΓòÉΓòÉΓòÉΓòÉΓòÉΓòÉΓòÉΓòÉΓòÉΓòÉΓòÉΓòÉΓòÉΓòÉΓòÉΓòÉΓòÉΓòÉΓòÉΓòÉΓòÉΓòÉΓòÉΓòÉΓòÉ
The following MissingStubError was thrown building Consumer<TopRatedTvNotifier>(dirty, dependencies:
[_InheritedProviderScope<TopRatedTvNotifier?>]):
'message'
No stub was found which matches the arguments of this method call:
message

Add a stub for this method using Mockito's 'when' API, or generate the MockTopRatedTvNotifier mock
with the @GenerateNiceMocks annotation (see
https://pub.dev/documentation/mockito/latest/annotations/MockSpec-class.html).

The relevant error-causing widget was:
  Consumer<TopRatedTvNotifier>
  Consumer:file:///Y:/AndroidStudioProject/Github/expert-project/lib/presentation/pages/top_rated_tv_page.dart:31:16

When the exception was thrown, this was the stack:
#0      Mock._noSuchMethod (package:mockito/src/mock.dart:201:7)
#1      Mock.noSuchMethod (package:mockito/src/mock.dart:195:47)
#2      MockTopRatedTvNotifier.message (file:///Y:/AndroidStudioProject/Github/expert-project/test/presentation/pages/top_rated_tv_page_test.mocks.dart:73:32)
#3      _TopRatedTvPageState.build.<anonymous closure> (package:ditonton/presentation/pages/top_rated_tv_page.dart:48:34)
#4      Consumer.buildWithChild (package:provider/src/consumer.dart:179:19)
#5      SingleChildStatelessWidget.build (package:nested/nested.dart:259:41)
#6      StatelessElement.build (package:flutter/src/widgets/framework.dart:5889:49)
#7      SingleChildStatelessElement.build (package:nested/nested.dart:279:18)
#8      ComponentElement.performRebuild (package:flutter/src/widgets/framework.dart:5817:15)
#9      Element.rebuild (package:flutter/src/widgets/framework.dart:5529:7)
#10     ComponentElement._firstBuild (package:flutter/src/widgets/framework.dart:5799:5)
#11     ComponentElement.mount (package:flutter/src/widgets/framework.dart:5793:5)
#12     SingleChildWidgetElementMixin.mount (package:nested/nested.dart:222:11)
...     Normal element mounting (28 frames)
#40     Element.inflateWidget (package:flutter/src/widgets/framework.dart:4587:20)
#41     MultiChildRenderObjectElement.inflateWidget (package:flutter/src/widgets/framework.dart:7264:36)
#42     MultiChildRenderObjectElement.mount (package:flutter/src/widgets/framework.dart:7279:32)
...     Normal element mounting (370 frames)
#412    Element.inflateWidget (package:flutter/src/widgets/framework.dart:4587:20)
#413    MultiChildRenderObjectElement.inflateWidget (package:flutter/src/widgets/framework.dart:7264:36)
#414    MultiChildRenderObjectElement.mount (package:flutter/src/widgets/framework.dart:7279:32)
...     Normal element mounting (473 frames)
#887    _InheritedProviderScopeElement.mount (package:provider/src/inherited_provider.dart:424:11)
...     Normal element mounting (7 frames)
#894    SingleChildWidgetElementMixin.mount (package:nested/nested.dart:222:11)
#895    Element.inflateWidget (package:flutter/src/widgets/framework.dart:4587:20)
#896    Element.updateChild (package:flutter/src/widgets/framework.dart:4053:20)
#897    ComponentElement.performRebuild (package:flutter/src/widgets/framework.dart:5841:16)
#898    Element.rebuild (package:flutter/src/widgets/framework.dart:5529:7)
#899    ProxyElement.update (package:flutter/src/widgets/framework.dart:6149:5)
#900    _InheritedNotifierElement.update (package:flutter/src/widgets/inherited_notifier.dart:108:11)
#901    Element.updateChild (package:flutter/src/widgets/framework.dart:4037:15)
#902    ComponentElement.performRebuild (package:flutter/src/widgets/framework.dart:5841:16)
#903    StatefulElement.performRebuild (package:flutter/src/widgets/framework.dart:5982:11)
#904    Element.rebuild (package:flutter/src/widgets/framework.dart:5529:7)
#905    StatefulElement.update (package:flutter/src/widgets/framework.dart:6007:5)
#906    Element.updateChild (package:flutter/src/widgets/framework.dart:4037:15)
#907    ComponentElement.performRebuild (package:flutter/src/widgets/framework.dart:5841:16)
#908    Element.rebuild (package:flutter/src/widgets/framework.dart:5529:7)
#909    ProxyElement.update (package:flutter/src/widgets/framework.dart:6149:5)
#910    _InheritedNotifierElement.update (package:flutter/src/widgets/inherited_notifier.dart:108:11)
#911    Element.updateChild (package:flutter/src/widgets/framework.dart:4037:15)
#912    ComponentElement.performRebuild (package:flutter/src/widgets/framework.dart:5841:16)
#913    StatefulElement.performRebuild (package:flutter/src/widgets/framework.dart:5982:11)
#914    Element.rebuild (package:flutter/src/widgets/framework.dart:5529:7)
#915    StatefulElement.update (package:flutter/src/widgets/framework.dart:6007:5)
#916    Element.updateChild (package:flutter/src/widgets/framework.dart:4037:15)
#917    ComponentElement.performRebuild (package:flutter/src/widgets/framework.dart:5841:16)
#918    StatefulElement.performRebuild (package:flutter/src/widgets/framework.dart:5982:11)
#919    Element.rebuild (package:flutter/src/widgets/framework.dart:5529:7)
#920    StatefulElement.update (package:flutter/src/widgets/framework.dart:6007:5)
#921    Element.updateChild (package:flutter/src/widgets/framework.dart:4037:15)
#922    ComponentElement.performRebuild (package:flutter/src/widgets/framework.dart:5841:16)
#923    Element.rebuild (package:flutter/src/widgets/framework.dart:5529:7)
#924    ProxyElement.update (package:flutter/src/widgets/framework.dart:6149:5)
#925    Element.updateChild (package:flutter/src/widgets/framework.dart:4037:15)
#926    ComponentElement.performRebuild (package:flutter/src/widgets/framework.dart:5841:16)
#927    StatefulElement.performRebuild (package:flutter/src/widgets/framework.dart:5982:11)
#928    Element.rebuild (package:flutter/src/widgets/framework.dart:5529:7)
#929    StatefulElement.update (package:flutter/src/widgets/framework.dart:6007:5)
#930    Element.updateChild (package:flutter/src/widgets/framework.dart:4037:15)
#931    ComponentElement.performRebuild (package:flutter/src/widgets/framework.dart:5841:16)
#932    Element.rebuild (package:flutter/src/widgets/framework.dart:5529:7)
#933    ProxyElement.update (package:flutter/src/widgets/framework.dart:6149:5)
#934    Element.updateChild (package:flutter/src/widgets/framework.dart:4037:15)
#935    ComponentElement.performRebuild (package:flutter/src/widgets/framework.dart:5841:16)
#936    Element.rebuild (package:flutter/src/widgets/framework.dart:5529:7)
#937    ProxyElement.update (package:flutter/src/widgets/framework.dart:6149:5)
#938    Element.updateChild (package:flutter/src/widgets/framework.dart:4037:15)
#939    _RawViewElement._updateChild (package:flutter/src/widgets/view.dart:481:16)
#940    _RawViewElement.update (package:flutter/src/widgets/view.dart:568:5)
#941    Element.updateChild (package:flutter/src/widgets/framework.dart:4037:15)
#942    ComponentElement.performRebuild (package:flutter/src/widgets/framework.dart:5841:16)
#943    Element.rebuild (package:flutter/src/widgets/framework.dart:5529:7)
#944    StatelessElement.update (package:flutter/src/widgets/framework.dart:5895:5)
#945    Element.updateChild (package:flutter/src/widgets/framework.dart:4037:15)
#946    ComponentElement.performRebuild (package:flutter/src/widgets/framework.dart:5841:16)
#947    StatefulElement.performRebuild (package:flutter/src/widgets/framework.dart:5982:11)
#948    Element.rebuild (package:flutter/src/widgets/framework.dart:5529:7)
#949    StatefulElement.update (package:flutter/src/widgets/framework.dart:6007:5)
#950    Element.updateChild (package:flutter/src/widgets/framework.dart:4037:15)
#951    RootElement._rebuild (package:flutter/src/widgets/binding.dart:2091:16)
#952    RootElement.update (package:flutter/src/widgets/binding.dart:2069:5)
#953    RootElement.performRebuild (package:flutter/src/widgets/binding.dart:2083:7)
#954    Element.rebuild (package:flutter/src/widgets/framework.dart:5529:7)
#955    BuildScope._tryRebuild (package:flutter/src/widgets/framework.dart:2750:15)
#956    BuildScope._flushDirtyElements (package:flutter/src/widgets/framework.dart:2807:11)
#957    BuildOwner.buildScope (package:flutter/src/widgets/framework.dart:3111:18)
#958    AutomatedTestWidgetsFlutterBinding.drawFrame (package:flutter_test/src/binding.dart:2431:19)
#959    RendererBinding._handlePersistentFrameCallback (package:flutter/src/rendering/binding.dart:509:5)
#960    SchedulerBinding._invokeFrameCallback (package:flutter/src/scheduler/binding.dart:1430:15)
#961    SchedulerBinding.handleDrawFrame (package:flutter/src/scheduler/binding.dart:1345:9)
#962    AutomatedTestWidgetsFlutterBinding.pump.<anonymous closure> (package:flutter_test/src/binding.dart:2260:9)
#965    TestAsyncUtils.guard (package:flutter_test/src/test_async_utils.dart:74:41)
#966    AutomatedTestWidgetsFlutterBinding.pump (package:flutter_test/src/binding.dart:2249:27)
#967    WidgetTester.pumpWidget.<anonymous closure> (package:flutter_test/src/widget_tester.dart:598:22)
#970    TestAsyncUtils.guard (package:flutter_test/src/test_async_utils.dart:74:41)
#971    WidgetTester.pumpWidget (package:flutter_test/src/widget_tester.dart:595:27)
#972    main.<anonymous closure>.<anonymous closure> (file:///Y:/AndroidStudioProject/Github/expert-project/test/presentation/pages/top_rated_tv_page_test.dart:42:20)
#973    testWidgets.<anonymous closure>.<anonymous closure> (package:flutter_test/src/widget_tester.dart:192:29)
<asynchronous suspension>
#974    TestWidgetsFlutterBinding._runTestBody (package:flutter_test/src/binding.dart:1952:5)
<asynchronous suspension>
<asynchronous suspension>
(elided 5 frames from dart:async and package:stack_trace)

ΓòÉΓòÉΓòÉΓòÉΓòÉΓòÉΓòÉΓòÉΓòÉΓòÉΓòÉΓòÉΓòÉΓòÉΓòÉΓòÉΓòÉΓòÉΓòÉΓòÉΓòÉΓòÉΓòÉΓòÉΓòÉΓòÉΓòÉΓòÉΓòÉΓòÉΓòÉΓòÉΓòÉΓòÉΓòÉΓòÉΓòÉΓòÉΓòÉΓòÉΓòÉΓòÉΓòÉΓòÉΓòÉΓòÉΓòÉΓòÉΓòÉΓòÉΓòÉΓòÉΓòÉΓòÉΓòÉΓòÉΓòÉΓòÉΓòÉΓòÉΓòÉΓòÉΓòÉΓòÉΓòÉΓòÉΓòÉΓòÉΓòÉΓòÉΓòÉΓòÉΓòÉΓòÉΓòÉΓòÉΓòÉΓòÉΓòÉΓòÉΓòÉΓòÉΓòÉΓòÉΓòÉΓòÉΓòÉΓòÉΓòÉΓòÉΓòÉΓòÉΓòÉΓòÉΓòÉΓòÉΓòÉΓòÉΓòÉΓòÉ
00:45 +239 -23: Y:/AndroidStudioProject/Github/expert-project/test/presentation/pages/tv_detail_page_test.dart: TvDetailPage Widget Page should display progress bar when loading
00:45 +239 -23: Y:/AndroidStudioProject/Github/expert-project/test/presentation/pages/top_rated_tv_page_test.dart: TopRatedTvPage Widget Page should display correct title [E]
  Test failed. See exception logs above.
  The test description was: Page should display correct title
  
00:45 +240 -23: Y:/AndroidStudioProject/Github/expert-project/test/presentation/pages/tv_detail_page_test.dart: TvDetailPage Widget Page should display progress bar when loading
00:45 +241 -23: Y:/AndroidStudioProject/Github/expert-project/test/presentation/pages/tv_detail_page_test.dart: TvDetailPage Widget Page should display progress bar when loading
00:45 +242 -23: Y:/AndroidStudioProject/Github/expert-project/test/presentation/pages/tv_detail_page_test.dart: TvDetailPage Widget Page should display progress bar when loading
00:45 +243 -23: Y:/AndroidStudioProject/Github/expert-project/test/presentation/pages/tv_detail_page_test.dart: TvDetailPage Widget Page should display progress bar when loading
00:45 +244 -23: Y:/AndroidStudioProject/Github/expert-project/test/presentation/pages/tv_detail_page_test.dart: TvDetailPage Widget Page should display tv detail when loaded
ΓòÉΓòÉΓòí EXCEPTION CAUGHT BY WIDGETS LIBRARY Γò₧ΓòÉΓòÉΓòÉΓòÉΓòÉΓòÉΓòÉΓòÉΓòÉΓòÉΓòÉΓòÉΓòÉΓòÉΓòÉΓòÉΓòÉΓòÉΓòÉΓòÉΓòÉΓòÉΓòÉΓòÉΓòÉΓòÉΓòÉΓòÉΓòÉΓòÉΓòÉΓòÉΓòÉΓòÉΓòÉΓòÉΓòÉΓòÉΓòÉΓòÉΓòÉΓòÉΓòÉΓòÉΓòÉΓòÉΓòÉΓòÉΓòÉΓòÉΓòÉΓòÉΓòÉΓòÉΓòÉΓòÉΓòÉΓòÉΓòÉ
The following MissingStubError was thrown building Consumer<TvDetailNotifier>(dirty, dependencies:
[_InheritedProviderScope<TvDetailNotifier?>]):
'recommendationState'
No stub was found which matches the arguments of this method call:
recommendationState

Add a stub for this method using Mockito's 'when' API, or generate the MockTvDetailNotifier mock
with the @GenerateNiceMocks annotation (see
https://pub.dev/documentation/mockito/latest/annotations/MockSpec-class.html).

The relevant error-causing widget was:
  Consumer<TvDetailNotifier>
  Consumer:file:///Y:/AndroidStudioProject/Github/expert-project/lib/presentation/pages/tv_detail_page.dart:230:29

When the exception was thrown, this was the stack:
#0      Mock._noSuchMethod (package:mockito/src/mock.dart:201:7)
#1      Mock.noSuchMethod (package:mockito/src/mock.dart:195:47)
#2      MockTvDetailNotifier.recommendationState (file:///Y:/AndroidStudioProject/Github/expert-project/test/presentation/pages/tv_detail_page_test.mocks.dart:174:54)
#3      TvDetailContent.build.<anonymous closure>.<anonymous closure> (package:ditonton/presentation/pages/tv_detail_page.dart:232:42)
#4      Consumer.buildWithChild (package:provider/src/consumer.dart:179:19)
#5      SingleChildStatelessWidget.build (package:nested/nested.dart:259:41)
#6      StatelessElement.build (package:flutter/src/widgets/framework.dart:5889:49)
#7      SingleChildStatelessElement.build (package:nested/nested.dart:279:18)
#8      ComponentElement.performRebuild (package:flutter/src/widgets/framework.dart:5817:15)
#9      Element.rebuild (package:flutter/src/widgets/framework.dart:5529:7)
#10     ComponentElement._firstBuild (package:flutter/src/widgets/framework.dart:5799:5)
#11     ComponentElement.mount (package:flutter/src/widgets/framework.dart:5793:5)
#12     SingleChildWidgetElementMixin.mount (package:nested/nested.dart:222:11)
#13     Element.inflateWidget (package:flutter/src/widgets/framework.dart:4587:20)
#14     MultiChildRenderObjectElement.inflateWidget (package:flutter/src/widgets/framework.dart:7264:36)
#15     MultiChildRenderObjectElement.mount (package:flutter/src/widgets/framework.dart:7279:32)
...     Normal element mounting (99 frames)
#114    Element.inflateWidget (package:flutter/src/widgets/framework.dart:4587:20)
#115    MultiChildRenderObjectElement.inflateWidget (package:flutter/src/widgets/framework.dart:7264:36)
#116    MultiChildRenderObjectElement.mount (package:flutter/src/widgets/framework.dart:7279:32)
...     Normal element mounting (19 frames)
#135    Element.inflateWidget (package:flutter/src/widgets/framework.dart:4587:20)
#136    Element.updateChild (package:flutter/src/widgets/framework.dart:4059:18)
#137    _LayoutBuilderElement._rebuildWithConstraints.updateChildCallback (package:flutter/src/widgets/layout_builder.dart:247:18)
#138    BuildOwner.buildScope (package:flutter/src/widgets/framework.dart:3101:19)
#139    _LayoutBuilderElement._rebuildWithConstraints (package:flutter/src/widgets/layout_builder.dart:270:12)
#140    RenderAbstractLayoutBuilderMixin.layoutCallback (package:flutter/src/widgets/layout_builder.dart:333:38)
#141    RenderObjectWithLayoutCallbackMixin.runLayoutCallback.<anonymous closure> (package:flutter/src/rendering/object.dart:4302:33)
#142    RenderObject.invokeLayoutCallback.<anonymous closure> (package:flutter/src/rendering/object.dart:3026:17)
#143    PipelineOwner._enableMutationsToDirtySubtrees (package:flutter/src/rendering/object.dart:1223:15)
#144    RenderObject.invokeLayoutCallback (package:flutter/src/rendering/object.dart:3025:14)
#145    RenderObjectWithLayoutCallbackMixin.runLayoutCallback (package:flutter/src/rendering/object.dart:4302:5)
#146    _RenderLayoutBuilder.performLayout (package:flutter/src/widgets/layout_builder.dart:447:5)
#147    RenderObject.layout (package:flutter/src/rendering/object.dart:2907:7)
#148    RenderPadding.performLayout (package:flutter/src/rendering/shifted_box.dart:262:12)
#149    RenderObject.layout (package:flutter/src/rendering/object.dart:2907:7)
#150    ChildLayoutHelper.layoutChild (package:flutter/src/rendering/layout_helper.dart:62:11)
#151    RenderStack._computeSize (package:flutter/src/rendering/stack.dart:647:43)
#152    RenderStack.performLayout (package:flutter/src/rendering/stack.dart:682:12)
#153    RenderObject.layout (package:flutter/src/rendering/object.dart:2907:7)
#154    RenderPadding.performLayout (package:flutter/src/rendering/shifted_box.dart:262:12)
#155    RenderObject.layout (package:flutter/src/rendering/object.dart:2907:7)
#156    MultiChildLayoutDelegate.layoutChild (package:flutter/src/rendering/custom_layout.dart:180:12)
#157    _ScaffoldLayout.performLayout (package:flutter/src/material/scaffold.dart:1113:7)
#158    MultiChildLayoutDelegate._callPerformLayout (package:flutter/src/rendering/custom_layout.dart:246:7)
#159    RenderCustomMultiChildLayoutBox.performLayout (package:flutter/src/rendering/custom_layout.dart:417:14)
#160    RenderObject.layout (package:flutter/src/rendering/object.dart:2907:7)
#161    RenderProxyBoxMixin.performLayout (package:flutter/src/rendering/proxy_box.dart:118:18)
#162    RenderObject.layout (package:flutter/src/rendering/object.dart:2907:7)
#163    RenderProxyBoxMixin.performLayout (package:flutter/src/rendering/proxy_box.dart:118:18)
#164    _RenderCustomClip.performLayout (package:flutter/src/rendering/proxy_box.dart:1549:11)
#165    RenderObject.layout (package:flutter/src/rendering/object.dart:2907:7)
#166    RenderProxyBoxMixin.performLayout (package:flutter/src/rendering/proxy_box.dart:118:18)
#167    RenderObject.layout (package:flutter/src/rendering/object.dart:2907:7)
#168    RenderProxyBoxMixin.performLayout (package:flutter/src/rendering/proxy_box.dart:118:18)
#169    RenderObject.layout (package:flutter/src/rendering/object.dart:2907:7)
#170    RenderProxyBoxMixin.performLayout (package:flutter/src/rendering/proxy_box.dart:118:18)
#171    RenderObject.layout (package:flutter/src/rendering/object.dart:2907:7)
#172    RenderProxyBoxMixin.performLayout (package:flutter/src/rendering/proxy_box.dart:118:18)
#173    RenderObject.layout (package:flutter/src/rendering/object.dart:2907:7)
#174    RenderProxyBoxMixin.performLayout (package:flutter/src/rendering/proxy_box.dart:118:18)
#175    RenderObject.layout (package:flutter/src/rendering/object.dart:2907:7)
#176    RenderProxyBoxMixin.performLayout (package:flutter/src/rendering/proxy_box.dart:118:18)
#177    RenderObject.layout (package:flutter/src/rendering/object.dart:2907:7)
#178    RenderProxyBoxMixin.performLayout (package:flutter/src/rendering/proxy_box.dart:118:18)
#179    RenderObject.layout (package:flutter/src/rendering/object.dart:2907:7)
#180    RenderProxyBoxMixin.performLayout (package:flutter/src/rendering/proxy_box.dart:118:18)
#181    RenderObject.layout (package:flutter/src/rendering/object.dart:2907:7)
#182    RenderProxyBoxMixin.performLayout (package:flutter/src/rendering/proxy_box.dart:118:18)
#183    RenderObject.layout (package:flutter/src/rendering/object.dart:2907:7)
#184    RenderProxyBoxMixin.performLayout (package:flutter/src/rendering/proxy_box.dart:118:18)
#185    RenderObject.layout (package:flutter/src/rendering/object.dart:2907:7)
#186    RenderProxyBoxMixin.performLayout (package:flutter/src/rendering/proxy_box.dart:118:18)
#187    RenderObject.layout (package:flutter/src/rendering/object.dart:2907:7)
#188    RenderProxyBoxMixin.performLayout (package:flutter/src/rendering/proxy_box.dart:118:18)
#189    RenderObject.layout (package:flutter/src/rendering/object.dart:2907:7)
#190    RenderProxyBoxMixin.performLayout (package:flutter/src/rendering/proxy_box.dart:118:18)
#191    RenderObject.layout (package:flutter/src/rendering/object.dart:2907:7)
#192    RenderProxyBoxMixin.performLayout (package:flutter/src/rendering/proxy_box.dart:118:18)
#193    RenderObject.layout (package:flutter/src/rendering/object.dart:2907:7)
#194    RenderProxyBoxMixin.performLayout (package:flutter/src/rendering/proxy_box.dart:118:18)
#195    RenderObject.layout (package:flutter/src/rendering/object.dart:2907:7)
#196    RenderProxyBoxMixin.performLayout (package:flutter/src/rendering/proxy_box.dart:118:18)
#197    RenderOffstage.performLayout (package:flutter/src/rendering/proxy_box.dart:3923:13)
#198    RenderObject.layout (package:flutter/src/rendering/object.dart:2907:7)
#199    RenderProxyBoxMixin.performLayout (package:flutter/src/rendering/proxy_box.dart:118:18)
#200    RenderObject.layout (package:flutter/src/rendering/object.dart:2907:7)
#201    _RenderTheaterMixin.layoutChild (package:flutter/src/widgets/overlay.dart:1124:13)
#202    _RenderTheater.performLayout (package:flutter/src/widgets/overlay.dart:1481:9)
#203    RenderObject.layout (package:flutter/src/rendering/object.dart:2907:7)
#204    RenderProxyBoxMixin.performLayout (package:flutter/src/rendering/proxy_box.dart:118:18)
#205    RenderObject.layout (package:flutter/src/rendering/object.dart:2907:7)
#206    RenderProxyBoxMixin.performLayout (package:flutter/src/rendering/proxy_box.dart:118:18)
#207    RenderObject.layout (package:flutter/src/rendering/object.dart:2907:7)
#208    RenderProxyBoxMixin.performLayout (package:flutter/src/rendering/proxy_box.dart:118:18)
#209    RenderObject.layout (package:flutter/src/rendering/object.dart:2907:7)
#210    RenderProxyBoxMixin.performLayout (package:flutter/src/rendering/proxy_box.dart:118:18)
#211    RenderCustomPaint.performLayout (package:flutter/src/rendering/custom_paint.dart:574:11)
#212    RenderObject.layout (package:flutter/src/rendering/object.dart:2907:7)
#213    RenderProxyBoxMixin.performLayout (package:flutter/src/rendering/proxy_box.dart:118:18)
#214    RenderObject.layout (package:flutter/src/rendering/object.dart:2907:7)
#215    RenderProxyBoxMixin.performLayout (package:flutter/src/rendering/proxy_box.dart:118:18)
#216    RenderObject.layout (package:flutter/src/rendering/object.dart:2907:7)
#217    RenderProxyBoxMixin.performLayout (package:flutter/src/rendering/proxy_box.dart:118:18)
#218    RenderObject.layout (package:flutter/src/rendering/object.dart:2907:7)
#219    RenderProxyBoxMixin.performLayout (package:flutter/src/rendering/proxy_box.dart:118:18)
#220    RenderObject.layout (package:flutter/src/rendering/object.dart:2907:7)
#221    RenderProxyBoxMixin.performLayout (package:flutter/src/rendering/proxy_box.dart:118:18)
#222    RenderObject.layout (package:flutter/src/rendering/object.dart:2907:7)
#223    RenderProxyBoxMixin.performLayout (package:flutter/src/rendering/proxy_box.dart:118:18)
#224    RenderObject.layout (package:flutter/src/rendering/object.dart:2907:7)
#225    RenderView.performLayout (package:flutter/src/rendering/view.dart:292:12)
#226    RenderObject._layoutWithoutResize (package:flutter/src/rendering/object.dart:2755:7)
#227    PipelineOwner.flushLayout (package:flutter/src/rendering/object.dart:1174:18)
#228    PipelineOwner.flushLayout (package:flutter/src/rendering/object.dart:1187:15)
#229    AutomatedTestWidgetsFlutterBinding.drawFrame (package:flutter_test/src/binding.dart:2433:27)
#230    RendererBinding._handlePersistentFrameCallback (package:flutter/src/rendering/binding.dart:509:5)
#231    SchedulerBinding._invokeFrameCallback (package:flutter/src/scheduler/binding.dart:1430:15)
#232    SchedulerBinding.handleDrawFrame (package:flutter/src/scheduler/binding.dart:1345:9)
#233    AutomatedTestWidgetsFlutterBinding.pump.<anonymous closure> (package:flutter_test/src/binding.dart:2260:9)
#236    TestAsyncUtils.guard (package:flutter_test/src/test_async_utils.dart:74:41)
#237    AutomatedTestWidgetsFlutterBinding.pump (package:flutter_test/src/binding.dart:2249:27)
#238    WidgetTester.pumpWidget.<anonymous closure> (package:flutter_test/src/widget_tester.dart:598:22)
#241    TestAsyncUtils.guard (package:flutter_test/src/test_async_utils.dart:74:41)
#242    WidgetTester.pumpWidget (package:flutter_test/src/widget_tester.dart:595:27)
#243    main.<anonymous closure>.<anonymous closure> (file:///Y:/AndroidStudioProject/Github/expert-project/test/presentation/pages/tv_detail_page_test.dart:67:20)
#244    testWidgets.<anonymous closure>.<anonymous closure> (package:flutter_test/src/widget_tester.dart:192:29)
<asynchronous suspension>
#245    TestWidgetsFlutterBinding._runTestBody (package:flutter_test/src/binding.dart:1952:5)
<asynchronous suspension>
<asynchronous suspension>
(elided 5 frames from dart:async and package:stack_trace)

ΓòÉΓòÉΓòÉΓòÉΓòÉΓòÉΓòÉΓòÉΓòÉΓòÉΓòÉΓòÉΓòÉΓòÉΓòÉΓòÉΓòÉΓòÉΓòÉΓòÉΓòÉΓòÉΓòÉΓòÉΓòÉΓòÉΓòÉΓòÉΓòÉΓòÉΓòÉΓòÉΓòÉΓòÉΓòÉΓòÉΓòÉΓòÉΓòÉΓòÉΓòÉΓòÉΓòÉΓòÉΓòÉΓòÉΓòÉΓòÉΓòÉΓòÉΓòÉΓòÉΓòÉΓòÉΓòÉΓòÉΓòÉΓòÉΓòÉΓòÉΓòÉΓòÉΓòÉΓòÉΓòÉΓòÉΓòÉΓòÉΓòÉΓòÉΓòÉΓòÉΓòÉΓòÉΓòÉΓòÉΓòÉΓòÉΓòÉΓòÉΓòÉΓòÉΓòÉΓòÉΓòÉΓòÉΓòÉΓòÉΓòÉΓòÉΓòÉΓòÉΓòÉΓòÉΓòÉΓòÉΓòÉΓòÉΓòÉΓòÉ
ΓòÉΓòÉΓòí EXCEPTION CAUGHT BY RENDERING LIBRARY Γò₧ΓòÉΓòÉΓòÉΓòÉΓòÉΓòÉΓòÉΓòÉΓòÉΓòÉΓòÉΓòÉΓòÉΓòÉΓòÉΓòÉΓòÉΓòÉΓòÉΓòÉΓòÉΓòÉΓòÉΓòÉΓòÉΓòÉΓòÉΓòÉΓòÉΓòÉΓòÉΓòÉΓòÉΓòÉΓòÉΓòÉΓòÉΓòÉΓòÉΓòÉΓòÉΓòÉΓòÉΓòÉΓòÉΓòÉΓòÉΓòÉΓòÉΓòÉΓòÉΓòÉΓòÉΓòÉΓòÉΓòÉΓòÉ
The following assertion was thrown during performResize():
Horizontal viewport was given unbounded height.
Viewports expand in the cross axis to fill their container and constrain their children to match
their extent in the cross axis. In this case, a horizontal viewport was given an unlimited amount of
vertical space in which to expand.

The relevant error-causing widget was:
  ListView
  ListView:file:///Y:/AndroidStudioProject/Github/expert-project/lib/presentation/pages/tv_detail_page.dart:184:38

When the exception was thrown, this was the stack:
#0      debugCheckHasBoundedAxis.<anonymous closure> (package:flutter/src/rendering/debug.dart:415:13)
#1      debugCheckHasBoundedAxis (package:flutter/src/rendering/debug.dart:426:4)
#2      RenderViewport.computeDryLayout (package:flutter/src/rendering/viewport.dart:1681:12)
#3      RenderBox.performResize (package:flutter/src/rendering/box.dart:2871:12)
#4      RenderObject.layout (package:flutter/src/rendering/object.dart:2886:9)
#5      RenderProxyBoxMixin.performLayout (package:flutter/src/rendering/proxy_box.dart:118:18)
#6      RenderObject.layout (package:flutter/src/rendering/object.dart:2907:7)
#7      RenderProxyBoxMixin.performLayout (package:flutter/src/rendering/proxy_box.dart:118:18)
#8      RenderObject.layout (package:flutter/src/rendering/object.dart:2907:7)
#9      RenderProxyBoxMixin.performLayout (package:flutter/src/rendering/proxy_box.dart:118:18)
#10     RenderObject.layout (package:flutter/src/rendering/object.dart:2907:7)
#11     RenderProxyBoxMixin.performLayout (package:flutter/src/rendering/proxy_box.dart:118:18)
#12     RenderObject.layout (package:flutter/src/rendering/object.dart:2907:7)
#13     RenderProxyBoxMixin.performLayout (package:flutter/src/rendering/proxy_box.dart:118:18)
#14     RenderObject.layout (package:flutter/src/rendering/object.dart:2907:7)
#15     RenderProxyBoxMixin.performLayout (package:flutter/src/rendering/proxy_box.dart:118:18)
#16     RenderObject.layout (package:flutter/src/rendering/object.dart:2907:7)
#17     RenderProxyBoxMixin.performLayout (package:flutter/src/rendering/proxy_box.dart:118:18)
#18     RenderObject.layout (package:flutter/src/rendering/object.dart:2907:7)
#19     RenderProxyBoxMixin.performLayout (package:flutter/src/rendering/proxy_box.dart:118:18)
#20     _RenderCustomClip.performLayout (package:flutter/src/rendering/proxy_box.dart:1549:11)
#21     RenderObject.layout (package:flutter/src/rendering/object.dart:2907:7)
#22     ChildLayoutHelper.layoutChild (package:flutter/src/rendering/layout_helper.dart:62:11)
#23     RenderFlex._computeSizes (package:flutter/src/rendering/flex.dart:1237:28)
#24     RenderFlex.performLayout (package:flutter/src/rendering/flex.dart:1329:32)
#25     RenderObject.layout (package:flutter/src/rendering/object.dart:2907:7)
#26     _RenderSingleChildViewport.performLayout (package:flutter/src/widgets/single_child_scroll_view.dart:502:14)
#27     RenderObject.layout (package:flutter/src/rendering/object.dart:2907:7)
#28     RenderProxyBoxMixin.performLayout (package:flutter/src/rendering/proxy_box.dart:118:18)
#29     RenderObject.layout (package:flutter/src/rendering/object.dart:2907:7)
#30     RenderProxyBoxMixin.performLayout (package:flutter/src/rendering/proxy_box.dart:118:18)
#31     RenderObject.layout (package:flutter/src/rendering/object.dart:2907:7)
#32     RenderProxyBoxMixin.performLayout (package:flutter/src/rendering/proxy_box.dart:118:18)
#33     RenderObject.layout (package:flutter/src/rendering/object.dart:2907:7)
#34     RenderProxyBoxMixin.performLayout (package:flutter/src/rendering/proxy_box.dart:118:18)
#35     RenderObject.layout (package:flutter/src/rendering/object.dart:2907:7)
#36     RenderProxyBoxMixin.performLayout (package:flutter/src/rendering/proxy_box.dart:118:18)
#37     RenderObject.layout (package:flutter/src/rendering/object.dart:2907:7)
#38     RenderProxyBoxMixin.performLayout (package:flutter/src/rendering/proxy_box.dart:118:18)
#39     RenderObject.layout (package:flutter/src/rendering/object.dart:2907:7)
#40     RenderProxyBoxMixin.performLayout (package:flutter/src/rendering/proxy_box.dart:118:18)
#41     RenderObject.layout (package:flutter/src/rendering/object.dart:2907:7)
#42     RenderProxyBoxMixin.performLayout (package:flutter/src/rendering/proxy_box.dart:118:18)
#43     _RenderCustomClip.performLayout (package:flutter/src/rendering/proxy_box.dart:1549:11)
#44     RenderObject.layout (package:flutter/src/rendering/object.dart:2907:7)
#45     RenderPadding.performLayout (package:flutter/src/rendering/shifted_box.dart:262:12)
#46     RenderObject.layout (package:flutter/src/rendering/object.dart:2907:7)
#47     ChildLayoutHelper.layoutChild (package:flutter/src/rendering/layout_helper.dart:62:11)
#48     RenderStack._computeSize (package:flutter/src/rendering/stack.dart:647:43)
#49     RenderStack.performLayout (package:flutter/src/rendering/stack.dart:682:12)
#50     RenderObject.layout (package:flutter/src/rendering/object.dart:2907:7)
#51     RenderPadding.performLayout (package:flutter/src/rendering/shifted_box.dart:262:12)
#52     RenderObject.layout (package:flutter/src/rendering/object.dart:2907:7)
#53     RenderProxyBoxMixin.performLayout (package:flutter/src/rendering/proxy_box.dart:118:18)
#54     RenderObject.layout (package:flutter/src/rendering/object.dart:2907:7)
#55     RenderFractionallySizedOverflowBox.performLayout (package:flutter/src/rendering/shifted_box.dart:1298:14)
#56     RenderObject.layout (package:flutter/src/rendering/object.dart:2907:7)
#57     RenderConstrainedBox.performLayout (package:flutter/src/rendering/proxy_box.dart:296:14)
#58     RenderObject.layout (package:flutter/src/rendering/object.dart:2907:7)
#59     _RenderLayoutBuilder.performLayout (package:flutter/src/widgets/layout_builder.dart:449:14)
#60     RenderObject.layout (package:flutter/src/rendering/object.dart:2907:7)
#61     RenderPadding.performLayout (package:flutter/src/rendering/shifted_box.dart:262:12)
#62     RenderObject.layout (package:flutter/src/rendering/object.dart:2907:7)
#63     ChildLayoutHelper.layoutChild (package:flutter/src/rendering/layout_helper.dart:62:11)
#64     RenderStack._computeSize (package:flutter/src/rendering/stack.dart:647:43)
#65     RenderStack.performLayout (package:flutter/src/rendering/stack.dart:682:12)
#66     RenderObject.layout (package:flutter/src/rendering/object.dart:2907:7)
#67     RenderPadding.performLayout (package:flutter/src/rendering/shifted_box.dart:262:12)
#68     RenderObject.layout (package:flutter/src/rendering/object.dart:2907:7)
#69     MultiChildLayoutDelegate.layoutChild (package:flutter/src/rendering/custom_layout.dart:180:12)
#70     _ScaffoldLayout.performLayout (package:flutter/src/material/scaffold.dart:1113:7)
#71     MultiChildLayoutDelegate._callPerformLayout (package:flutter/src/rendering/custom_layout.dart:246:7)
#72     RenderCustomMultiChildLayoutBox.performLayout (package:flutter/src/rendering/custom_layout.dart:417:14)
#73     RenderObject.layout (package:flutter/src/rendering/object.dart:2907:7)
#74     RenderProxyBoxMixin.performLayout (package:flutter/src/rendering/proxy_box.dart:118:18)
#75     RenderObject.layout (package:flutter/src/rendering/object.dart:2907:7)
#76     RenderProxyBoxMixin.performLayout (package:flutter/src/rendering/proxy_box.dart:118:18)
#77     _RenderCustomClip.performLayout (package:flutter/src/rendering/proxy_box.dart:1549:11)
#78     RenderObject.layout (package:flutter/src/rendering/object.dart:2907:7)
#79     RenderProxyBoxMixin.performLayout (package:flutter/src/rendering/proxy_box.dart:118:18)
#80     RenderObject.layout (package:flutter/src/rendering/object.dart:2907:7)
#81     RenderProxyBoxMixin.performLayout (package:flutter/src/rendering/proxy_box.dart:118:18)
#82     RenderObject.layout (package:flutter/src/rendering/object.dart:2907:7)
#83     RenderProxyBoxMixin.performLayout (package:flutter/src/rendering/proxy_box.dart:118:18)
#84     RenderObject.layout (package:flutter/src/rendering/object.dart:2907:7)
#85     RenderProxyBoxMixin.performLayout (package:flutter/src/rendering/proxy_box.dart:118:18)
#86     RenderObject.layout (package:flutter/src/rendering/object.dart:2907:7)
#87     RenderProxyBoxMixin.performLayout (package:flutter/src/rendering/proxy_box.dart:118:18)
#88     RenderObject.layout (package:flutter/src/rendering/object.dart:2907:7)
#89     RenderProxyBoxMixin.performLayout (package:flutter/src/rendering/proxy_box.dart:118:18)
#90     RenderObject.layout (package:flutter/src/rendering/object.dart:2907:7)
#91     RenderProxyBoxMixin.performLayout (package:flutter/src/rendering/proxy_box.dart:118:18)
#92     RenderObject.layout (package:flutter/src/rendering/object.dart:2907:7)
#93     RenderProxyBoxMixin.performLayout (package:flutter/src/rendering/proxy_box.dart:118:18)
#94     RenderObject.layout (package:flutter/src/rendering/object.dart:2907:7)
#95     RenderProxyBoxMixin.performLayout (package:flutter/src/rendering/proxy_box.dart:118:18)
#96     RenderObject.layout (package:flutter/src/rendering/object.dart:2907:7)
#97     RenderProxyBoxMixin.performLayout (package:flutter/src/rendering/proxy_box.dart:118:18)
#98     RenderObject.layout (package:flutter/src/rendering/object.dart:2907:7)
#99     RenderProxyBoxMixin.performLayout (package:flutter/src/rendering/proxy_box.dart:118:18)
#100    RenderObject.layout (package:flutter/src/rendering/object.dart:2907:7)
#101    RenderProxyBoxMixin.performLayout (package:flutter/src/rendering/proxy_box.dart:118:18)
#102    RenderObject.layout (package:flutter/src/rendering/object.dart:2907:7)
#103    RenderProxyBoxMixin.performLayout (package:flutter/src/rendering/proxy_box.dart:118:18)
#104    RenderObject.layout (package:flutter/src/rendering/object.dart:2907:7)
#105    RenderProxyBoxMixin.performLayout (package:flutter/src/rendering/proxy_box.dart:118:18)
#106    RenderObject.layout (package:flutter/src/rendering/object.dart:2907:7)
#107    RenderProxyBoxMixin.performLayout (package:flutter/src/rendering/proxy_box.dart:118:18)
#108    RenderObject.layout (package:flutter/src/rendering/object.dart:2907:7)
#109    RenderProxyBoxMixin.performLayout (package:flutter/src/rendering/proxy_box.dart:118:18)
#110    RenderOffstage.performLayout (package:flutter/src/rendering/proxy_box.dart:3923:13)
#111    RenderObject.layout (package:flutter/src/rendering/object.dart:2907:7)
#112    RenderProxyBoxMixin.performLayout (package:flutter/src/rendering/proxy_box.dart:118:18)
#113    RenderObject.layout (package:flutter/src/rendering/object.dart:2907:7)
#114    _RenderTheaterMixin.layoutChild (package:flutter/src/widgets/overlay.dart:1124:13)
#115    _RenderTheater.performLayout (package:flutter/src/widgets/overlay.dart:1481:9)
#116    RenderObject.layout (package:flutter/src/rendering/object.dart:2907:7)
#117    RenderProxyBoxMixin.performLayout (package:flutter/src/rendering/proxy_box.dart:118:18)
#118    RenderObject.layout (package:flutter/src/rendering/object.dart:2907:7)
#119    RenderProxyBoxMixin.performLayout (package:flutter/src/rendering/proxy_box.dart:118:18)
#120    RenderObject.layout (package:flutter/src/rendering/object.dart:2907:7)
#121    RenderProxyBoxMixin.performLayout (package:flutter/src/rendering/proxy_box.dart:118:18)
#122    RenderObject.layout (package:flutter/src/rendering/object.dart:2907:7)
#123    RenderProxyBoxMixin.performLayout (package:flutter/src/rendering/proxy_box.dart:118:18)
#124    RenderCustomPaint.performLayout (package:flutter/src/rendering/custom_paint.dart:574:11)
#125    RenderObject.layout (package:flutter/src/rendering/object.dart:2907:7)
#126    RenderProxyBoxMixin.performLayout (package:flutter/src/rendering/proxy_box.dart:118:18)
#127    RenderObject.layout (package:flutter/src/rendering/object.dart:2907:7)
#128    RenderProxyBoxMixin.performLayout (package:flutter/src/rendering/proxy_box.dart:118:18)
#129    RenderObject.layout (package:flutter/src/rendering/object.dart:2907:7)
#130    RenderProxyBoxMixin.performLayout (package:flutter/src/rendering/proxy_box.dart:118:18)
#131    RenderObject.layout (package:flutter/src/rendering/object.dart:2907:7)
#132    RenderProxyBoxMixin.performLayout (package:flutter/src/rendering/proxy_box.dart:118:18)
#133    RenderObject.layout (package:flutter/src/rendering/object.dart:2907:7)
#134    RenderProxyBoxMixin.performLayout (package:flutter/src/rendering/proxy_box.dart:118:18)
#135    RenderObject.layout (package:flutter/src/rendering/object.dart:2907:7)
#136    RenderProxyBoxMixin.performLayout (package:flutter/src/rendering/proxy_box.dart:118:18)
#137    RenderObject.layout (package:flutter/src/rendering/object.dart:2907:7)
#138    RenderView.performLayout (package:flutter/src/rendering/view.dart:292:12)
#139    RenderObject._layoutWithoutResize (package:flutter/src/rendering/object.dart:2755:7)
#140    PipelineOwner.flushLayout (package:flutter/src/rendering/object.dart:1174:18)
#141    PipelineOwner.flushLayout (package:flutter/src/rendering/object.dart:1187:15)
#142    AutomatedTestWidgetsFlutterBinding.drawFrame (package:flutter_test/src/binding.dart:2433:27)
#143    RendererBinding._handlePersistentFrameCallback (package:flutter/src/rendering/binding.dart:509:5)
#144    SchedulerBinding._invokeFrameCallback (package:flutter/src/scheduler/binding.dart:1430:15)
#145    SchedulerBinding.handleDrawFrame (package:flutter/src/scheduler/binding.dart:1345:9)
#146    AutomatedTestWidgetsFlutterBinding.pump.<anonymous closure> (package:flutter_test/src/binding.dart:2260:9)
#149    TestAsyncUtils.guard (package:flutter_test/src/test_async_utils.dart:74:41)
#150    AutomatedTestWidgetsFlutterBinding.pump (package:flutter_test/src/binding.dart:2249:27)
#151    WidgetTester.pumpWidget.<anonymous closure> (package:flutter_test/src/widget_tester.dart:598:22)
#154    TestAsyncUtils.guard (package:flutter_test/src/test_async_utils.dart:74:41)
#155    WidgetTester.pumpWidget (package:flutter_test/src/widget_tester.dart:595:27)
#156    main.<anonymous closure>.<anonymous closure> (file:///Y:/AndroidStudioProject/Github/expert-project/test/presentation/pages/tv_detail_page_test.dart:67:20)
#157    testWidgets.<anonymous closure>.<anonymous closure> (package:flutter_test/src/widget_tester.dart:192:29)
<asynchronous suspension>
#158    TestWidgetsFlutterBinding._runTestBody (package:flutter_test/src/binding.dart:1952:5)
<asynchronous suspension>
<asynchronous suspension>
(elided 5 frames from dart:async and package:stack_trace)

The following RenderObject was being processed when the exception was fired: RenderViewport#4442a NEEDS-LAYOUT NEEDS-PAINT NEEDS-COMPOSITING-BITS-UPDATE:
  needs compositing
  creator: Viewport ΓåÉ IgnorePointer-[GlobalKey#758d2] ΓåÉ Semantics ΓåÉ Listener ΓåÉ _GestureSemantics ΓåÉ
    RawGestureDetector-[LabeledGlobalKey<RawGestureDetectorState>#186f7] ΓåÉ Listener ΓåÉ _ScrollableScope
    ΓåÉ _ScrollSemantics-[GlobalKey#84812] ΓåÉ NotificationListener<ScrollMetricsNotification> ΓåÉ Transform
    ΓåÉ StretchEffect ΓåÉ Γï»
  parentData: <none> (can use size)
  constraints: BoxConstraints(0.0<=w<=768.0, 0.0<=h<=Infinity)
  size: MISSING
  axisDirection: right
  crossAxisDirection: down
  offset: ScrollPositionWithSingleContext#896b5(offset: 0.0, range: null..null, viewport: null,
    ScrollableState, ClampingScrollPhysics -> RangeMaintainingScrollPhysics, IdleScrollActivity#9ec7d,
    ScrollDirection.idle)
  anchor: 0.0
This RenderObject had the following descendants (showing up to depth 5):
    center child: RenderSliverPadding#41a3e NEEDS-LAYOUT NEEDS-PAINT NEEDS-COMPOSITING-BITS-UPDATE
      child: RenderSliverList#c0e59 NEEDS-LAYOUT NEEDS-PAINT
ΓòÉΓòÉΓòÉΓòÉΓòÉΓòÉΓòÉΓòÉΓòÉΓòÉΓòÉΓòÉΓòÉΓòÉΓòÉΓòÉΓòÉΓòÉΓòÉΓòÉΓòÉΓòÉΓòÉΓòÉΓòÉΓòÉΓòÉΓòÉΓòÉΓòÉΓòÉΓòÉΓòÉΓòÉΓòÉΓòÉΓòÉΓòÉΓòÉΓòÉΓòÉΓòÉΓòÉΓòÉΓòÉΓòÉΓòÉΓòÉΓòÉΓòÉΓòÉΓòÉΓòÉΓòÉΓòÉΓòÉΓòÉΓòÉΓòÉΓòÉΓòÉΓòÉΓòÉΓòÉΓòÉΓòÉΓòÉΓòÉΓòÉΓòÉΓòÉΓòÉΓòÉΓòÉΓòÉΓòÉΓòÉΓòÉΓòÉΓòÉΓòÉΓòÉΓòÉΓòÉΓòÉΓòÉΓòÉΓòÉΓòÉΓòÉΓòÉΓòÉΓòÉΓòÉΓòÉΓòÉΓòÉΓòÉΓòÉΓòÉ
ΓòÉΓòÉΓòí EXCEPTION CAUGHT BY RENDERING LIBRARY Γò₧ΓòÉΓòÉΓòÉΓòÉΓòÉΓòÉΓòÉΓòÉΓòÉΓòÉΓòÉΓòÉΓòÉΓòÉΓòÉΓòÉΓòÉΓòÉΓòÉΓòÉΓòÉΓòÉΓòÉΓòÉΓòÉΓòÉΓòÉΓòÉΓòÉΓòÉΓòÉΓòÉΓòÉΓòÉΓòÉΓòÉΓòÉΓòÉΓòÉΓòÉΓòÉΓòÉΓòÉΓòÉΓòÉΓòÉΓòÉΓòÉΓòÉΓòÉΓòÉΓòÉΓòÉΓòÉΓòÉΓòÉΓòÉ
The following assertion was thrown during performLayout():
RenderBox was not laid out: RenderViewport#4442a NEEDS-LAYOUT NEEDS-PAINT
NEEDS-COMPOSITING-BITS-UPDATE
'package:flutter/src/rendering/box.dart':
Failed assertion: line 2251 pos 12: 'hasSize'

Either the assertion indicates an error in the framework itself, or we should provide substantially
more information in this error message to help you determine and fix the underlying cause.
In either case, please report this assertion by filing a bug on GitHub:
  https://github.com/flutter/flutter/issues/new?template=02_bug.yml

The relevant error-causing widget was:
  ListView
  ListView:file:///Y:/AndroidStudioProject/Github/expert-project/lib/presentation/pages/tv_detail_page.dart:184:38

When the exception was thrown, this was the stack:
#2      RenderBox.size (package:flutter/src/rendering/box.dart:2251:12)
#3      RenderViewport.performLayout (package:flutter/src/rendering/viewport.dart:1700:39)
#4      RenderObject.layout (package:flutter/src/rendering/object.dart:2907:7)
#5      RenderProxyBoxMixin.performLayout (package:flutter/src/rendering/proxy_box.dart:118:18)
#6      RenderObject.layout (package:flutter/src/rendering/object.dart:2907:7)
#7      RenderProxyBoxMixin.performLayout (package:flutter/src/rendering/proxy_box.dart:118:18)
#8      RenderObject.layout (package:flutter/src/rendering/object.dart:2907:7)
#9      RenderProxyBoxMixin.performLayout (package:flutter/src/rendering/proxy_box.dart:118:18)
#10     RenderObject.layout (package:flutter/src/rendering/object.dart:2907:7)
#11     RenderProxyBoxMixin.performLayout (package:flutter/src/rendering/proxy_box.dart:118:18)
#12     RenderObject.layout (package:flutter/src/rendering/object.dart:2907:7)
#13     RenderProxyBoxMixin.performLayout (package:flutter/src/rendering/proxy_box.dart:118:18)
#14     RenderObject.layout (package:flutter/src/rendering/object.dart:2907:7)
#15     RenderProxyBoxMixin.performLayout (package:flutter/src/rendering/proxy_box.dart:118:18)
#16     RenderObject.layout (package:flutter/src/rendering/object.dart:2907:7)
#17     RenderProxyBoxMixin.performLayout (package:flutter/src/rendering/proxy_box.dart:118:18)
#18     RenderObject.layout (package:flutter/src/rendering/object.dart:2907:7)
#19     RenderProxyBoxMixin.performLayout (package:flutter/src/rendering/proxy_box.dart:118:18)
#20     _RenderCustomClip.performLayout (package:flutter/src/rendering/proxy_box.dart:1549:11)
#21     RenderObject.layout (package:flutter/src/rendering/object.dart:2907:7)
#22     ChildLayoutHelper.layoutChild (package:flutter/src/rendering/layout_helper.dart:62:11)
#23     RenderFlex._computeSizes (package:flutter/src/rendering/flex.dart:1237:28)
#24     RenderFlex.performLayout (package:flutter/src/rendering/flex.dart:1329:32)
#25     RenderObject.layout (package:flutter/src/rendering/object.dart:2907:7)
#26     _RenderSingleChildViewport.performLayout (package:flutter/src/widgets/single_child_scroll_view.dart:502:14)
#27     RenderObject.layout (package:flutter/src/rendering/object.dart:2907:7)
#28     RenderProxyBoxMixin.performLayout (package:flutter/src/rendering/proxy_box.dart:118:18)
#29     RenderObject.layout (package:flutter/src/rendering/object.dart:2907:7)
#30     RenderProxyBoxMixin.performLayout (package:flutter/src/rendering/proxy_box.dart:118:18)
#31     RenderObject.layout (package:flutter/src/rendering/object.dart:2907:7)
#32     RenderProxyBoxMixin.performLayout (package:flutter/src/rendering/proxy_box.dart:118:18)
#33     RenderObject.layout (package:flutter/src/rendering/object.dart:2907:7)
#34     RenderProxyBoxMixin.performLayout (package:flutter/src/rendering/proxy_box.dart:118:18)
#35     RenderObject.layout (package:flutter/src/rendering/object.dart:2907:7)
#36     RenderProxyBoxMixin.performLayout (package:flutter/src/rendering/proxy_box.dart:118:18)
#37     RenderObject.layout (package:flutter/src/rendering/object.dart:2907:7)
#38     RenderProxyBoxMixin.performLayout (package:flutter/src/rendering/proxy_box.dart:118:18)
#39     RenderObject.layout (package:flutter/src/rendering/object.dart:2907:7)
#40     RenderProxyBoxMixin.performLayout (package:flutter/src/rendering/proxy_box.dart:118:18)
#41     RenderObject.layout (package:flutter/src/rendering/object.dart:2907:7)
#42     RenderProxyBoxMixin.performLayout (package:flutter/src/rendering/proxy_box.dart:118:18)
#43     _RenderCustomClip.performLayout (package:flutter/src/rendering/proxy_box.dart:1549:11)
#44     RenderObject.layout (package:flutter/src/rendering/object.dart:2907:7)
#45     RenderPadding.performLayout (package:flutter/src/rendering/shifted_box.dart:262:12)
#46     RenderObject.layout (package:flutter/src/rendering/object.dart:2907:7)
#47     ChildLayoutHelper.layoutChild (package:flutter/src/rendering/layout_helper.dart:62:11)
#48     RenderStack._computeSize (package:flutter/src/rendering/stack.dart:647:43)
#49     RenderStack.performLayout (package:flutter/src/rendering/stack.dart:682:12)
#50     RenderObject.layout (package:flutter/src/rendering/object.dart:2907:7)
#51     RenderPadding.performLayout (package:flutter/src/rendering/shifted_box.dart:262:12)
#52     RenderObject.layout (package:flutter/src/rendering/object.dart:2907:7)
#53     RenderProxyBoxMixin.performLayout (package:flutter/src/rendering/proxy_box.dart:118:18)
#54     RenderObject.layout (package:flutter/src/rendering/object.dart:2907:7)
#55     RenderFractionallySizedOverflowBox.performLayout (package:flutter/src/rendering/shifted_box.dart:1298:14)
#56     RenderObject.layout (package:flutter/src/rendering/object.dart:2907:7)
#57     RenderConstrainedBox.performLayout (package:flutter/src/rendering/proxy_box.dart:296:14)
#58     RenderObject.layout (package:flutter/src/rendering/object.dart:2907:7)
#59     _RenderLayoutBuilder.performLayout (package:flutter/src/widgets/layout_builder.dart:449:14)
#60     RenderObject.layout (package:flutter/src/rendering/object.dart:2907:7)
#61     RenderPadding.performLayout (package:flutter/src/rendering/shifted_box.dart:262:12)
#62     RenderObject.layout (package:flutter/src/rendering/object.dart:2907:7)
#63     ChildLayoutHelper.layoutChild (package:flutter/src/rendering/layout_helper.dart:62:11)
#64     RenderStack._computeSize (package:flutter/src/rendering/stack.dart:647:43)
#65     RenderStack.performLayout (package:flutter/src/rendering/stack.dart:682:12)
#66     RenderObject.layout (package:flutter/src/rendering/object.dart:2907:7)
#67     RenderPadding.performLayout (package:flutter/src/rendering/shifted_box.dart:262:12)
#68     RenderObject.layout (package:flutter/src/rendering/object.dart:2907:7)
#69     MultiChildLayoutDelegate.layoutChild (package:flutter/src/rendering/custom_layout.dart:180:12)
#70     _ScaffoldLayout.performLayout (package:flutter/src/material/scaffold.dart:1113:7)
#71     MultiChildLayoutDelegate._callPerformLayout (package:flutter/src/rendering/custom_layout.dart:246:7)
#72     RenderCustomMultiChildLayoutBox.performLayout (package:flutter/src/rendering/custom_layout.dart:417:14)
#73     RenderObject.layout (package:flutter/src/rendering/object.dart:2907:7)
#74     RenderProxyBoxMixin.performLayout (package:flutter/src/rendering/proxy_box.dart:118:18)
#75     RenderObject.layout (package:flutter/src/rendering/object.dart:2907:7)
#76     RenderProxyBoxMixin.performLayout (package:flutter/src/rendering/proxy_box.dart:118:18)
#77     _RenderCustomClip.performLayout (package:flutter/src/rendering/proxy_box.dart:1549:11)
#78     RenderObject.layout (package:flutter/src/rendering/object.dart:2907:7)
#79     RenderProxyBoxMixin.performLayout (package:flutter/src/rendering/proxy_box.dart:118:18)
#80     RenderObject.layout (package:flutter/src/rendering/object.dart:2907:7)
#81     RenderProxyBoxMixin.performLayout (package:flutter/src/rendering/proxy_box.dart:118:18)
#82     RenderObject.layout (package:flutter/src/rendering/object.dart:2907:7)
#83     RenderProxyBoxMixin.performLayout (package:flutter/src/rendering/proxy_box.dart:118:18)
#84     RenderObject.layout (package:flutter/src/rendering/object.dart:2907:7)
#85     RenderProxyBoxMixin.performLayout (package:flutter/src/rendering/proxy_box.dart:118:18)
#86     RenderObject.layout (package:flutter/src/rendering/object.dart:2907:7)
#87     RenderProxyBoxMixin.performLayout (package:flutter/src/rendering/proxy_box.dart:118:18)
#88     RenderObject.layout (package:flutter/src/rendering/object.dart:2907:7)
#89     RenderProxyBoxMixin.performLayout (package:flutter/src/rendering/proxy_box.dart:118:18)
#90     RenderObject.layout (package:flutter/src/rendering/object.dart:2907:7)
#91     RenderProxyBoxMixin.performLayout (package:flutter/src/rendering/proxy_box.dart:118:18)
#92     RenderObject.layout (package:flutter/src/rendering/object.dart:2907:7)
#93     RenderProxyBoxMixin.performLayout (package:flutter/src/rendering/proxy_box.dart:118:18)
#94     RenderObject.layout (package:flutter/src/rendering/object.dart:2907:7)
#95     RenderProxyBoxMixin.performLayout (package:flutter/src/rendering/proxy_box.dart:118:18)
#96     RenderObject.layout (package:flutter/src/rendering/object.dart:2907:7)
#97     RenderProxyBoxMixin.performLayout (package:flutter/src/rendering/proxy_box.dart:118:18)
#98     RenderObject.layout (package:flutter/src/rendering/object.dart:2907:7)
#99     RenderProxyBoxMixin.performLayout (package:flutter/src/rendering/proxy_box.dart:118:18)
#100    RenderObject.layout (package:flutter/src/rendering/object.dart:2907:7)
#101    RenderProxyBoxMixin.performLayout (package:flutter/src/rendering/proxy_box.dart:118:18)
#102    RenderObject.layout (package:flutter/src/rendering/object.dart:2907:7)
#103    RenderProxyBoxMixin.performLayout (package:flutter/src/rendering/proxy_box.dart:118:18)
#104    RenderObject.layout (package:flutter/src/rendering/object.dart:2907:7)
#105    RenderProxyBoxMixin.performLayout (package:flutter/src/rendering/proxy_box.dart:118:18)
#106    RenderObject.layout (package:flutter/src/rendering/object.dart:2907:7)
#107    RenderProxyBoxMixin.performLayout (package:flutter/src/rendering/proxy_box.dart:118:18)
#108    RenderObject.layout (package:flutter/src/rendering/object.dart:2907:7)
#109    RenderProxyBoxMixin.performLayout (package:flutter/src/rendering/proxy_box.dart:118:18)
#110    RenderOffstage.performLayout (package:flutter/src/rendering/proxy_box.dart:3923:13)
#111    RenderObject.layout (package:flutter/src/rendering/object.dart:2907:7)
#112    RenderProxyBoxMixin.performLayout (package:flutter/src/rendering/proxy_box.dart:118:18)
#113    RenderObject.layout (package:flutter/src/rendering/object.dart:2907:7)
#114    _RenderTheaterMixin.layoutChild (package:flutter/src/widgets/overlay.dart:1124:13)
#115    _RenderTheater.performLayout (package:flutter/src/widgets/overlay.dart:1481:9)
#116    RenderObject.layout (package:flutter/src/rendering/object.dart:2907:7)
#117    RenderProxyBoxMixin.performLayout (package:flutter/src/rendering/proxy_box.dart:118:18)
#118    RenderObject.layout (package:flutter/src/rendering/object.dart:2907:7)
#119    RenderProxyBoxMixin.performLayout (package:flutter/src/rendering/proxy_box.dart:118:18)
#120    RenderObject.layout (package:flutter/src/rendering/object.dart:2907:7)
#121    RenderProxyBoxMixin.performLayout (package:flutter/src/rendering/proxy_box.dart:118:18)
#122    RenderObject.layout (package:flutter/src/rendering/object.dart:2907:7)
#123    RenderProxyBoxMixin.performLayout (package:flutter/src/rendering/proxy_box.dart:118:18)
#124    RenderCustomPaint.performLayout (package:flutter/src/rendering/custom_paint.dart:574:11)
#125    RenderObject.layout (package:flutter/src/rendering/object.dart:2907:7)
#126    RenderProxyBoxMixin.performLayout (package:flutter/src/rendering/proxy_box.dart:118:18)
#127    RenderObject.layout (package:flutter/src/rendering/object.dart:2907:7)
#128    RenderProxyBoxMixin.performLayout (package:flutter/src/rendering/proxy_box.dart:118:18)
#129    RenderObject.layout (package:flutter/src/rendering/object.dart:2907:7)
#130    RenderProxyBoxMixin.performLayout (package:flutter/src/rendering/proxy_box.dart:118:18)
#131    RenderObject.layout (package:flutter/src/rendering/object.dart:2907:7)
#132    RenderProxyBoxMixin.performLayout (package:flutter/src/rendering/proxy_box.dart:118:18)
#133    RenderObject.layout (package:flutter/src/rendering/object.dart:2907:7)
#134    RenderProxyBoxMixin.performLayout (package:flutter/src/rendering/proxy_box.dart:118:18)
#135    RenderObject.layout (package:flutter/src/rendering/object.dart:2907:7)
#136    RenderProxyBoxMixin.performLayout (package:flutter/src/rendering/proxy_box.dart:118:18)
#137    RenderObject.layout (package:flutter/src/rendering/object.dart:2907:7)
#138    RenderView.performLayout (package:flutter/src/rendering/view.dart:292:12)
#139    RenderObject._layoutWithoutResize (package:flutter/src/rendering/object.dart:2755:7)
#140    PipelineOwner.flushLayout (package:flutter/src/rendering/object.dart:1174:18)
#141    PipelineOwner.flushLayout (package:flutter/src/rendering/object.dart:1187:15)
#142    AutomatedTestWidgetsFlutterBinding.drawFrame (package:flutter_test/src/binding.dart:2433:27)
#143    RendererBinding._handlePersistentFrameCallback (package:flutter/src/rendering/binding.dart:509:5)
#144    SchedulerBinding._invokeFrameCallback (package:flutter/src/scheduler/binding.dart:1430:15)
#145    SchedulerBinding.handleDrawFrame (package:flutter/src/scheduler/binding.dart:1345:9)
#146    AutomatedTestWidgetsFlutterBinding.pump.<anonymous closure> (package:flutter_test/src/binding.dart:2260:9)
#149    TestAsyncUtils.guard (package:flutter_test/src/test_async_utils.dart:74:41)
#150    AutomatedTestWidgetsFlutterBinding.pump (package:flutter_test/src/binding.dart:2249:27)
#151    WidgetTester.pumpWidget.<anonymous closure> (package:flutter_test/src/widget_tester.dart:598:22)
#154    TestAsyncUtils.guard (package:flutter_test/src/test_async_utils.dart:74:41)
#155    WidgetTester.pumpWidget (package:flutter_test/src/widget_tester.dart:595:27)
#156    main.<anonymous closure>.<anonymous closure> (file:///Y:/AndroidStudioProject/Github/expert-project/test/presentation/pages/tv_detail_page_test.dart:67:20)
#157    testWidgets.<anonymous closure>.<anonymous closure> (package:flutter_test/src/widget_tester.dart:192:29)
<asynchronous suspension>
#158    TestWidgetsFlutterBinding._runTestBody (package:flutter_test/src/binding.dart:1952:5)
<asynchronous suspension>
<asynchronous suspension>
(elided 7 frames from class _AssertionError, dart:async, and package:stack_trace)

The following RenderObject was being processed when the exception was fired: RenderViewport#4442a NEEDS-LAYOUT NEEDS-PAINT NEEDS-COMPOSITING-BITS-UPDATE:
  needs compositing
  creator: Viewport ΓåÉ IgnorePointer-[GlobalKey#758d2] ΓåÉ Semantics ΓåÉ Listener ΓåÉ _GestureSemantics ΓåÉ
    RawGestureDetector-[LabeledGlobalKey<RawGestureDetectorState>#186f7] ΓåÉ Listener ΓåÉ _ScrollableScope
    ΓåÉ _ScrollSemantics-[GlobalKey#84812] ΓåÉ NotificationListener<ScrollMetricsNotification> ΓåÉ Transform
    ΓåÉ StretchEffect ΓåÉ Γï»
  parentData: <none> (can use size)
  constraints: BoxConstraints(0.0<=w<=768.0, 0.0<=h<=Infinity)
  size: MISSING
  axisDirection: right
  crossAxisDirection: down
  offset: ScrollPositionWithSingleContext#896b5(offset: 0.0, range: null..null, viewport: null,
    ScrollableState, ClampingScrollPhysics -> RangeMaintainingScrollPhysics, IdleScrollActivity#9ec7d,
    ScrollDirection.idle)
  anchor: 0.0
This RenderObject had the following descendants (showing up to depth 5):
    center child: RenderSliverPadding#41a3e NEEDS-LAYOUT NEEDS-PAINT NEEDS-COMPOSITING-BITS-UPDATE
      child: RenderSliverList#c0e59 NEEDS-LAYOUT NEEDS-PAINT
ΓòÉΓòÉΓòÉΓòÉΓòÉΓòÉΓòÉΓòÉΓòÉΓòÉΓòÉΓòÉΓòÉΓòÉΓòÉΓòÉΓòÉΓòÉΓòÉΓòÉΓòÉΓòÉΓòÉΓòÉΓòÉΓòÉΓòÉΓòÉΓòÉΓòÉΓòÉΓòÉΓòÉΓòÉΓòÉΓòÉΓòÉΓòÉΓòÉΓòÉΓòÉΓòÉΓòÉΓòÉΓòÉΓòÉΓòÉΓòÉΓòÉΓòÉΓòÉΓòÉΓòÉΓòÉΓòÉΓòÉΓòÉΓòÉΓòÉΓòÉΓòÉΓòÉΓòÉΓòÉΓòÉΓòÉΓòÉΓòÉΓòÉΓòÉΓòÉΓòÉΓòÉΓòÉΓòÉΓòÉΓòÉΓòÉΓòÉΓòÉΓòÉΓòÉΓòÉΓòÉΓòÉΓòÉΓòÉΓòÉΓòÉΓòÉΓòÉΓòÉΓòÉΓòÉΓòÉΓòÉΓòÉΓòÉΓòÉΓòÉ
00:47 +245 -23: Y:/AndroidStudioProject/Github/expert-project/test/presentation/pages/tv_detail_page_test.dart: TvDetailPage Widget Page should display tv detail when loaded
ΓòÉΓòÉΓòí EXCEPTION CAUGHT BY RENDERING LIBRARY Γò₧ΓòÉΓòÉΓòÉΓòÉΓòÉΓòÉΓòÉΓòÉΓòÉΓòÉΓòÉΓòÉΓòÉΓòÉΓòÉΓòÉΓòÉΓòÉΓòÉΓòÉΓòÉΓòÉΓòÉΓòÉΓòÉΓòÉΓòÉΓòÉΓòÉΓòÉΓòÉΓòÉΓòÉΓòÉΓòÉΓòÉΓòÉΓòÉΓòÉΓòÉΓòÉΓòÉΓòÉΓòÉΓòÉΓòÉΓòÉΓòÉΓòÉΓòÉΓòÉΓòÉΓòÉΓòÉΓòÉΓòÉΓòÉ
The following assertion was thrown during performLayout():
RenderBox was not laid out: RenderViewport#4442a NEEDS-PAINT NEEDS-COMPOSITING-BITS-UPDATE
'package:flutter/src/rendering/box.dart':
Failed assertion: line 2251 pos 12: 'hasSize'

Either the assertion indicates an error in the framework itself, or we should provide substantially
more information in this error message to help you determine and fix the underlying cause.
In either case, please report this assertion by filing a bug on GitHub:
  https://github.com/flutter/flutter/issues/new?template=02_bug.yml

The relevant error-causing widget was:
  ListView
  ListView:file:///Y:/AndroidStudioProject/Github/expert-project/lib/presentation/pages/tv_detail_page.dart:184:38

When the exception was thrown, this was the stack:
#2      RenderBox.size (package:flutter/src/rendering/box.dart:2251:12)
#3      RenderProxyBoxMixin.performLayout (package:flutter/src/rendering/proxy_box.dart:118:62)
#4      RenderObject.layout (package:flutter/src/rendering/object.dart:2907:7)
#5      RenderProxyBoxMixin.performLayout (package:flutter/src/rendering/proxy_box.dart:118:18)
#6      RenderObject.layout (package:flutter/src/rendering/object.dart:2907:7)
#7      RenderProxyBoxMixin.performLayout (package:flutter/src/rendering/proxy_box.dart:118:18)
#8      RenderObject.layout (package:flutter/src/rendering/object.dart:2907:7)
#9      RenderProxyBoxMixin.performLayout (package:flutter/src/rendering/proxy_box.dart:118:18)
#10     RenderObject.layout (package:flutter/src/rendering/object.dart:2907:7)
#11     RenderProxyBoxMixin.performLayout (package:flutter/src/rendering/proxy_box.dart:118:18)
#12     RenderObject.layout (package:flutter/src/rendering/object.dart:2907:7)
#13     RenderProxyBoxMixin.performLayout (package:flutter/src/rendering/proxy_box.dart:118:18)
#14     RenderObject.layout (package:flutter/src/rendering/object.dart:2907:7)
#15     RenderProxyBoxMixin.performLayout (package:flutter/src/rendering/proxy_box.dart:118:18)
#16     RenderObject.layout (package:flutter/src/rendering/object.dart:2907:7)
#17     RenderProxyBoxMixin.performLayout (package:flutter/src/rendering/proxy_box.dart:118:18)
#18     _RenderCustomClip.performLayout (package:flutter/src/rendering/proxy_box.dart:1549:11)
#19     RenderObject.layout (package:flutter/src/rendering/object.dart:2907:7)
#20     ChildLayoutHelper.layoutChild (package:flutter/src/rendering/layout_helper.dart:62:11)
#21     RenderFlex._computeSizes (package:flutter/src/rendering/flex.dart:1237:28)
#22     RenderFlex.performLayout (package:flutter/src/rendering/flex.dart:1329:32)
#23     RenderObject.layout (package:flutter/src/rendering/object.dart:2907:7)
#24     _RenderSingleChildViewport.performLayout (package:flutter/src/widgets/single_child_scroll_view.dart:502:14)
#25     RenderObject.layout (package:flutter/src/rendering/object.dart:2907:7)
#26     RenderProxyBoxMixin.performLayout (package:flutter/src/rendering/proxy_box.dart:118:18)
#27     RenderObject.layout (package:flutter/src/rendering/object.dart:2907:7)
#28     RenderProxyBoxMixin.performLayout (package:flutter/src/rendering/proxy_box.dart:118:18)
#29     RenderObject.layout (package:flutter/src/rendering/object.dart:2907:7)
#30     RenderProxyBoxMixin.performLayout (package:flutter/src/rendering/proxy_box.dart:118:18)
#31     RenderObject.layout (package:flutter/src/rendering/object.dart:2907:7)
#32     RenderProxyBoxMixin.performLayout (package:flutter/src/rendering/proxy_box.dart:118:18)
#33     RenderObject.layout (package:flutter/src/rendering/object.dart:2907:7)
#34     RenderProxyBoxMixin.performLayout (package:flutter/src/rendering/proxy_box.dart:118:18)
#35     RenderObject.layout (package:flutter/src/rendering/object.dart:2907:7)
#36     RenderProxyBoxMixin.performLayout (package:flutter/src/rendering/proxy_box.dart:118:18)
#37     RenderObject.layout (package:flutter/src/rendering/object.dart:2907:7)
#38     RenderProxyBoxMixin.performLayout (package:flutter/src/rendering/proxy_box.dart:118:18)
#39     RenderObject.layout (package:flutter/src/rendering/object.dart:2907:7)
#40     RenderProxyBoxMixin.performLayout (package:flutter/src/rendering/proxy_box.dart:118:18)
#41     _RenderCustomClip.performLayout (package:flutter/src/rendering/proxy_box.dart:1549:11)
#42     RenderObject.layout (package:flutter/src/rendering/object.dart:2907:7)
#43     RenderPadding.performLayout (package:flutter/src/rendering/shifted_box.dart:262:12)
#44     RenderObject.layout (package:flutter/src/rendering/object.dart:2907:7)
#45     ChildLayoutHelper.layoutChild (package:flutter/src/rendering/layout_helper.dart:62:11)
#46     RenderStack._computeSize (package:flutter/src/rendering/stack.dart:647:43)
#47     RenderStack.performLayout (package:flutter/src/rendering/stack.dart:682:12)
#48     RenderObject.layout (package:flutter/src/rendering/object.dart:2907:7)
#49     RenderPadding.performLayout (package:flutter/src/rendering/shifted_box.dart:262:12)
#50     RenderObject.layout (package:flutter/src/rendering/object.dart:2907:7)
#51     RenderProxyBoxMixin.performLayout (package:flutter/src/rendering/proxy_box.dart:118:18)
#52     RenderObject.layout (package:flutter/src/rendering/object.dart:2907:7)
#53     RenderFractionallySizedOverflowBox.performLayout (package:flutter/src/rendering/shifted_box.dart:1298:14)
#54     RenderObject.layout (package:flutter/src/rendering/object.dart:2907:7)
#55     RenderConstrainedBox.performLayout (package:flutter/src/rendering/proxy_box.dart:296:14)
#56     RenderObject.layout (package:flutter/src/rendering/object.dart:2907:7)
#57     _RenderLayoutBuilder.performLayout (package:flutter/src/widgets/layout_builder.dart:449:14)
#58     RenderObject.layout (package:flutter/src/rendering/object.dart:2907:7)
#59     RenderPadding.performLayout (package:flutter/src/rendering/shifted_box.dart:262:12)
#60     RenderObject.layout (package:flutter/src/rendering/object.dart:2907:7)
#61     ChildLayoutHelper.layoutChild (package:flutter/src/rendering/layout_helper.dart:62:11)
#62     RenderStack._computeSize (package:flutter/src/rendering/stack.dart:647:43)
#63     RenderStack.performLayout (package:flutter/src/rendering/stack.dart:682:12)
#64     RenderObject.layout (package:flutter/src/rendering/object.dart:2907:7)
#65     RenderPadding.performLayout (package:flutter/src/rendering/shifted_box.dart:262:12)
#66     RenderObject.layout (package:flutter/src/rendering/object.dart:2907:7)
#67     MultiChildLayoutDelegate.layoutChild (package:flutter/src/rendering/custom_layout.dart:180:12)
#68     _ScaffoldLayout.performLayout (package:flutter/src/material/scaffold.dart:1113:7)
#69     MultiChildLayoutDelegate._callPerformLayout (package:flutter/src/rendering/custom_layout.dart:246:7)
#70     RenderCustomMultiChildLayoutBox.performLayout (package:flutter/src/rendering/custom_layout.dart:417:14)
#71     RenderObject.layout (package:flutter/src/rendering/object.dart:2907:7)
#72     RenderProxyBoxMixin.performLayout (package:flutter/src/rendering/proxy_box.dart:118:18)
#73     RenderObject.layout (package:flutter/src/rendering/object.dart:2907:7)
#74     RenderProxyBoxMixin.performLayout (package:flutter/src/rendering/proxy_box.dart:118:18)
#75     _RenderCustomClip.performLayout (package:flutter/src/rendering/proxy_box.dart:1549:11)
#76     RenderObject.layout (package:flutter/src/rendering/object.dart:2907:7)
#77     RenderProxyBoxMixin.performLayout (package:flutter/src/rendering/proxy_box.dart:118:18)
#78     RenderObject.layout (package:flutter/src/rendering/object.dart:2907:7)
#79     RenderProxyBoxMixin.performLayout (package:flutter/src/rendering/proxy_box.dart:118:18)
#80     RenderObject.layout (package:flutter/src/rendering/object.dart:2907:7)
#81     RenderProxyBoxMixin.performLayout (package:flutter/src/rendering/proxy_box.dart:118:18)
#82     RenderObject.layout (package:flutter/src/rendering/object.dart:2907:7)
#83     RenderProxyBoxMixin.performLayout (package:flutter/src/rendering/proxy_box.dart:118:18)
#84     RenderObject.layout (package:flutter/src/rendering/object.dart:2907:7)
#85     RenderProxyBoxMixin.performLayout (package:flutter/src/rendering/proxy_box.dart:118:18)
#86     RenderObject.layout (package:flutter/src/rendering/object.dart:2907:7)
#87     RenderProxyBoxMixin.performLayout (package:flutter/src/rendering/proxy_box.dart:118:18)
#88     RenderObject.layout (package:flutter/src/rendering/object.dart:2907:7)
#89     RenderProxyBoxMixin.performLayout (package:flutter/src/rendering/proxy_box.dart:118:18)
#90     RenderObject.layout (package:flutter/src/rendering/object.dart:2907:7)
#91     RenderProxyBoxMixin.performLayout (package:flutter/src/rendering/proxy_box.dart:118:18)
#92     RenderObject.layout (package:flutter/src/rendering/object.dart:2907:7)
#93     RenderProxyBoxMixin.performLayout (package:flutter/src/rendering/proxy_box.dart:118:18)
#94     RenderObject.layout (package:flutter/src/rendering/object.dart:2907:7)
#95     RenderProxyBoxMixin.performLayout (package:flutter/src/rendering/proxy_box.dart:118:18)
#96     RenderObject.layout (package:flutter/src/rendering/object.dart:2907:7)
#97     RenderProxyBoxMixin.performLayout (package:flutter/src/rendering/proxy_box.dart:118:18)
#98     RenderObject.layout (package:flutter/src/rendering/object.dart:2907:7)
#99     RenderProxyBoxMixin.performLayout (package:flutter/src/rendering/proxy_box.dart:118:18)
#100    RenderObject.layout (package:flutter/src/rendering/object.dart:2907:7)
#101    RenderProxyBoxMixin.performLayout (package:flutter/src/rendering/proxy_box.dart:118:18)
#102    RenderObject.layout (package:flutter/src/rendering/object.dart:2907:7)
#103    RenderProxyBoxMixin.performLayout (package:flutter/src/rendering/proxy_box.dart:118:18)
#104    RenderObject.layout (package:flutter/src/rendering/object.dart:2907:7)
#105    RenderProxyBoxMixin.performLayout (package:flutter/src/rendering/proxy_box.dart:118:18)
#106    RenderObject.layout (package:flutter/src/rendering/object.dart:2907:7)
#107    RenderProxyBoxMixin.performLayout (package:flutter/src/rendering/proxy_box.dart:118:18)
#108    RenderOffstage.performLayout (package:flutter/src/rendering/proxy_box.dart:3923:13)
#109    RenderObject.layout (package:flutter/src/rendering/object.dart:2907:7)
#110    RenderProxyBoxMixin.performLayout (package:flutter/src/rendering/proxy_box.dart:118:18)
#111    RenderObject.layout (package:flutter/src/rendering/object.dart:2907:7)
#112    _RenderTheaterMixin.layoutChild (package:flutter/src/widgets/overlay.dart:1124:13)
#113    _RenderTheater.performLayout (package:flutter/src/widgets/overlay.dart:1481:9)
#114    RenderObject.layout (package:flutter/src/rendering/object.dart:2907:7)
#115    RenderProxyBoxMixin.performLayout (package:flutter/src/rendering/proxy_box.dart:118:18)
#116    RenderObject.layout (package:flutter/src/rendering/object.dart:2907:7)
#117    RenderProxyBoxMixin.performLayout (package:flutter/src/rendering/proxy_box.dart:118:18)
#118    RenderObject.layout (package:flutter/src/rendering/object.dart:2907:7)
#119    RenderProxyBoxMixin.performLayout (package:flutter/src/rendering/proxy_box.dart:118:18)
#120    RenderObject.layout (package:flutter/src/rendering/object.dart:2907:7)
#121    RenderProxyBoxMixin.performLayout (package:flutter/src/rendering/proxy_box.dart:118:18)
#122    RenderCustomPaint.performLayout (package:flutter/src/rendering/custom_paint.dart:574:11)
#123    RenderObject.layout (package:flutter/src/rendering/object.dart:2907:7)
#124    RenderProxyBoxMixin.performLayout (package:flutter/src/rendering/proxy_box.dart:118:18)
#125    RenderObject.layout (package:flutter/src/rendering/object.dart:2907:7)
#126    RenderProxyBoxMixin.performLayout (package:flutter/src/rendering/proxy_box.dart:118:18)
#127    RenderObject.layout (package:flutter/src/rendering/object.dart:2907:7)
#128    RenderProxyBoxMixin.performLayout (package:flutter/src/rendering/proxy_box.dart:118:18)
#129    RenderObject.layout (package:flutter/src/rendering/object.dart:2907:7)
#130    RenderProxyBoxMixin.performLayout (package:flutter/src/rendering/proxy_box.dart:118:18)
#131    RenderObject.layout (package:flutter/src/rendering/object.dart:2907:7)
#132    RenderProxyBoxMixin.performLayout (package:flutter/src/rendering/proxy_box.dart:118:18)
#133    RenderObject.layout (package:flutter/src/rendering/object.dart:2907:7)
#134    RenderProxyBoxMixin.performLayout (package:flutter/src/rendering/proxy_box.dart:118:18)
#135    RenderObject.layout (package:flutter/src/rendering/object.dart:2907:7)
#136    RenderView.performLayout (package:flutter/src/rendering/view.dart:292:12)
#137    RenderObject._layoutWithoutResize (package:flutter/src/rendering/object.dart:2755:7)
#138    PipelineOwner.flushLayout (package:flutter/src/rendering/object.dart:1174:18)
#139    PipelineOwner.flushLayout (package:flutter/src/rendering/object.dart:1187:15)
#140    AutomatedTestWidgetsFlutterBinding.drawFrame (package:flutter_test/src/binding.dart:2433:27)
#141    RendererBinding._handlePersistentFrameCallback (package:flutter/src/rendering/binding.dart:509:5)
#142    SchedulerBinding._invokeFrameCallback (package:flutter/src/scheduler/binding.dart:1430:15)
#143    SchedulerBinding.handleDrawFrame (package:flutter/src/scheduler/binding.dart:1345:9)
#144    AutomatedTestWidgetsFlutterBinding.pump.<anonymous closure> (package:flutter_test/src/binding.dart:2260:9)
#147    TestAsyncUtils.guard (package:flutter_test/src/test_async_utils.dart:74:41)
#148    AutomatedTestWidgetsFlutterBinding.pump (package:flutter_test/src/binding.dart:2249:27)
#149    WidgetTester.pumpWidget.<anonymous closure> (package:flutter_test/src/widget_tester.dart:598:22)
#152    TestAsyncUtils.guard (package:flutter_test/src/test_async_utils.dart:74:41)
#153    WidgetTester.pumpWidget (package:flutter_test/src/widget_tester.dart:595:27)
#154    main.<anonymous closure>.<anonymous closure> (file:///Y:/AndroidStudioProject/Github/expert-project/test/presentation/pages/tv_detail_page_test.dart:67:20)
#155    testWidgets.<anonymous closure>.<anonymous closure> (package:flutter_test/src/widget_tester.dart:192:29)
<asynchronous suspension>
#156    TestWidgetsFlutterBinding._runTestBody (package:flutter_test/src/binding.dart:1952:5)
<asynchronous suspension>
<asynchronous suspension>
(elided 7 frames from class _AssertionError, dart:async, and package:stack_trace)

The following RenderObject was being processed when the exception was fired: RenderIgnorePointer#e5c28 relayoutBoundary=up19 NEEDS-LAYOUT NEEDS-PAINT NEEDS-COMPOSITING-BITS-UPDATE:
  creator: IgnorePointer-[GlobalKey#758d2] ΓåÉ Semantics ΓåÉ Listener ΓåÉ _GestureSemantics ΓåÉ
    RawGestureDetector-[LabeledGlobalKey<RawGestureDetectorState>#186f7] ΓåÉ Listener ΓåÉ _ScrollableScope
    ΓåÉ _ScrollSemantics-[GlobalKey#84812] ΓåÉ NotificationListener<ScrollMetricsNotification> ΓåÉ Transform
    ΓåÉ StretchEffect ΓåÉ ClipRect ΓåÉ Γï»
  parentData: <none> (can use size)
  constraints: BoxConstraints(0.0<=w<=768.0, 0.0<=h<=Infinity)
  size: MISSING
  ignoring: false
  ignoringSemantics: null
This RenderObject had the following descendants (showing up to depth 5):
    child: RenderViewport#4442a NEEDS-PAINT NEEDS-COMPOSITING-BITS-UPDATE
      center child: RenderSliverPadding#41a3e NEEDS-LAYOUT NEEDS-PAINT NEEDS-COMPOSITING-BITS-UPDATE
        child: RenderSliverList#c0e59 NEEDS-LAYOUT NEEDS-PAINT
ΓòÉΓòÉΓòÉΓòÉΓòÉΓòÉΓòÉΓòÉΓòÉΓòÉΓòÉΓòÉΓòÉΓòÉΓòÉΓòÉΓòÉΓòÉΓòÉΓòÉΓòÉΓòÉΓòÉΓòÉΓòÉΓòÉΓòÉΓòÉΓòÉΓòÉΓòÉΓòÉΓòÉΓòÉΓòÉΓòÉΓòÉΓòÉΓòÉΓòÉΓòÉΓòÉΓòÉΓòÉΓòÉΓòÉΓòÉΓòÉΓòÉΓòÉΓòÉΓòÉΓòÉΓòÉΓòÉΓòÉΓòÉΓòÉΓòÉΓòÉΓòÉΓòÉΓòÉΓòÉΓòÉΓòÉΓòÉΓòÉΓòÉΓòÉΓòÉΓòÉΓòÉΓòÉΓòÉΓòÉΓòÉΓòÉΓòÉΓòÉΓòÉΓòÉΓòÉΓòÉΓòÉΓòÉΓòÉΓòÉΓòÉΓòÉΓòÉΓòÉΓòÉΓòÉΓòÉΓòÉΓòÉΓòÉΓòÉΓòÉ
ΓòÉΓòÉΓòí EXCEPTION CAUGHT BY RENDERING LIBRARY Γò₧ΓòÉΓòÉΓòÉΓòÉΓòÉΓòÉΓòÉΓòÉΓòÉΓòÉΓòÉΓòÉΓòÉΓòÉΓòÉΓòÉΓòÉΓòÉΓòÉΓòÉΓòÉΓòÉΓòÉΓòÉΓòÉΓòÉΓòÉΓòÉΓòÉΓòÉΓòÉΓòÉΓòÉΓòÉΓòÉΓòÉΓòÉΓòÉΓòÉΓòÉΓòÉΓòÉΓòÉΓòÉΓòÉΓòÉΓòÉΓòÉΓòÉΓòÉΓòÉΓòÉΓòÉΓòÉΓòÉΓòÉΓòÉ
The following assertion was thrown during performLayout():
RenderBox was not laid out: RenderIgnorePointer#e5c28 relayoutBoundary=up19 NEEDS-PAINT
NEEDS-COMPOSITING-BITS-UPDATE
'package:flutter/src/rendering/box.dart':
Failed assertion: line 2251 pos 12: 'hasSize'

Either the assertion indicates an error in the framework itself, or we should provide substantially
more information in this error message to help you determine and fix the underlying cause.
In either case, please report this assertion by filing a bug on GitHub:
  https://github.com/flutter/flutter/issues/new?template=02_bug.yml

The relevant error-causing widget was:
  ListView
  ListView:file:///Y:/AndroidStudioProject/Github/expert-project/lib/presentation/pages/tv_detail_page.dart:184:38

When the exception was thrown, this was the stack:
#2      RenderBox.size (package:flutter/src/rendering/box.dart:2251:12)
#3      RenderProxyBoxMixin.performLayout (package:flutter/src/rendering/proxy_box.dart:118:62)
#4      RenderObject.layout (package:flutter/src/rendering/object.dart:2907:7)
#5      RenderProxyBoxMixin.performLayout (package:flutter/src/rendering/proxy_box.dart:118:18)
#6      RenderObject.layout (package:flutter/src/rendering/object.dart:2907:7)
#7      RenderProxyBoxMixin.performLayout (package:flutter/src/rendering/proxy_box.dart:118:18)
#8      RenderObject.layout (package:flutter/src/rendering/object.dart:2907:7)
#9      RenderProxyBoxMixin.performLayout (package:flutter/src/rendering/proxy_box.dart:118:18)
#10     RenderObject.layout (package:flutter/src/rendering/object.dart:2907:7)
#11     RenderProxyBoxMixin.performLayout (package:flutter/src/rendering/proxy_box.dart:118:18)
#12     RenderObject.layout (package:flutter/src/rendering/object.dart:2907:7)
#13     RenderProxyBoxMixin.performLayout (package:flutter/src/rendering/proxy_box.dart:118:18)
#14     RenderObject.layout (package:flutter/src/rendering/object.dart:2907:7)
#15     RenderProxyBoxMixin.performLayout (package:flutter/src/rendering/proxy_box.dart:118:18)
#16     _RenderCustomClip.performLayout (package:flutter/src/rendering/proxy_box.dart:1549:11)
#17     RenderObject.layout (package:flutter/src/rendering/object.dart:2907:7)
#18     ChildLayoutHelper.layoutChild (package:flutter/src/rendering/layout_helper.dart:62:11)
#19     RenderFlex._computeSizes (package:flutter/src/rendering/flex.dart:1237:28)
#20     RenderFlex.performLayout (package:flutter/src/rendering/flex.dart:1329:32)
#21     RenderObject.layout (package:flutter/src/rendering/object.dart:2907:7)
#22     _RenderSingleChildViewport.performLayout (package:flutter/src/widgets/single_child_scroll_view.dart:502:14)
#23     RenderObject.layout (package:flutter/src/rendering/object.dart:2907:7)
#24     RenderProxyBoxMixin.performLayout (package:flutter/src/rendering/proxy_box.dart:118:18)
#25     RenderObject.layout (package:flutter/src/rendering/object.dart:2907:7)
#26     RenderProxyBoxMixin.performLayout (package:flutter/src/rendering/proxy_box.dart:118:18)
#27     RenderObject.layout (package:flutter/src/rendering/object.dart:2907:7)
#28     RenderProxyBoxMixin.performLayout (package:flutter/src/rendering/proxy_box.dart:118:18)
#29     RenderObject.layout (package:flutter/src/rendering/object.dart:2907:7)
#30     RenderProxyBoxMixin.performLayout (package:flutter/src/rendering/proxy_box.dart:118:18)
#31     RenderObject.layout (package:flutter/src/rendering/object.dart:2907:7)
#32     RenderProxyBoxMixin.performLayout (package:flutter/src/rendering/proxy_box.dart:118:18)
#33     RenderObject.layout (package:flutter/src/rendering/object.dart:2907:7)
#34     RenderProxyBoxMixin.performLayout (package:flutter/src/rendering/proxy_box.dart:118:18)
#35     RenderObject.layout (package:flutter/src/rendering/object.dart:2907:7)
#36     RenderProxyBoxMixin.performLayout (package:flutter/src/rendering/proxy_box.dart:118:18)
#37     RenderObject.layout (package:flutter/src/rendering/object.dart:2907:7)
#38     RenderProxyBoxMixin.performLayout (package:flutter/src/rendering/proxy_box.dart:118:18)
#39     _RenderCustomClip.performLayout (package:flutter/src/rendering/proxy_box.dart:1549:11)
#40     RenderObject.layout (package:flutter/src/rendering/object.dart:2907:7)
#41     RenderPadding.performLayout (package:flutter/src/rendering/shifted_box.dart:262:12)
#42     RenderObject.layout (package:flutter/src/rendering/object.dart:2907:7)
#43     ChildLayoutHelper.layoutChild (package:flutter/src/rendering/layout_helper.dart:62:11)
#44     RenderStack._computeSize (package:flutter/src/rendering/stack.dart:647:43)
#45     RenderStack.performLayout (package:flutter/src/rendering/stack.dart:682:12)
#46     RenderObject.layout (package:flutter/src/rendering/object.dart:2907:7)
#47     RenderPadding.performLayout (package:flutter/src/rendering/shifted_box.dart:262:12)
#48     RenderObject.layout (package:flutter/src/rendering/object.dart:2907:7)
#49     RenderProxyBoxMixin.performLayout (package:flutter/src/rendering/proxy_box.dart:118:18)
#50     RenderObject.layout (package:flutter/src/rendering/object.dart:2907:7)
#51     RenderFractionallySizedOverflowBox.performLayout (package:flutter/src/rendering/shifted_box.dart:1298:14)
#52     RenderObject.layout (package:flutter/src/rendering/object.dart:2907:7)
#53     RenderConstrainedBox.performLayout (package:flutter/src/rendering/proxy_box.dart:296:14)
#54     RenderObject.layout (package:flutter/src/rendering/object.dart:2907:7)
#55     _RenderLayoutBuilder.performLayout (package:flutter/src/widgets/layout_builder.dart:449:14)
#56     RenderObject.layout (package:flutter/src/rendering/object.dart:2907:7)
#57     RenderPadding.performLayout (package:flutter/src/rendering/shifted_box.dart:262:12)
#58     RenderObject.layout (package:flutter/src/rendering/object.dart:2907:7)
#59     ChildLayoutHelper.layoutChild (package:flutter/src/rendering/layout_helper.dart:62:11)
#60     RenderStack._computeSize (package:flutter/src/rendering/stack.dart:647:43)
#61     RenderStack.performLayout (package:flutter/src/rendering/stack.dart:682:12)
#62     RenderObject.layout (package:flutter/src/rendering/object.dart:2907:7)
#63     RenderPadding.performLayout (package:flutter/src/rendering/shifted_box.dart:262:12)
#64     RenderObject.layout (package:flutter/src/rendering/object.dart:2907:7)
#65     MultiChildLayoutDelegate.layoutChild (package:flutter/src/rendering/custom_layout.dart:180:12)
#66     _ScaffoldLayout.performLayout (package:flutter/src/material/scaffold.dart:1113:7)
#67     MultiChildLayoutDelegate._callPerformLayout (package:flutter/src/rendering/custom_layout.dart:246:7)
#68     RenderCustomMultiChildLayoutBox.performLayout (package:flutter/src/rendering/custom_layout.dart:417:14)
#69     RenderObject.layout (package:flutter/src/rendering/object.dart:2907:7)
#70     RenderProxyBoxMixin.performLayout (package:flutter/src/rendering/proxy_box.dart:118:18)
#71     RenderObject.layout (package:flutter/src/rendering/object.dart:2907:7)
#72     RenderProxyBoxMixin.performLayout (package:flutter/src/rendering/proxy_box.dart:118:18)
#73     _RenderCustomClip.performLayout (package:flutter/src/rendering/proxy_box.dart:1549:11)
#74     RenderObject.layout (package:flutter/src/rendering/object.dart:2907:7)
#75     RenderProxyBoxMixin.performLayout (package:flutter/src/rendering/proxy_box.dart:118:18)
#76     RenderObject.layout (package:flutter/src/rendering/object.dart:2907:7)
#77     RenderProxyBoxMixin.performLayout (package:flutter/src/rendering/proxy_box.dart:118:18)
#78     RenderObject.layout (package:flutter/src/rendering/object.dart:2907:7)
#79     RenderProxyBoxMixin.performLayout (package:flutter/src/rendering/proxy_box.dart:118:18)
#80     RenderObject.layout (package:flutter/src/rendering/object.dart:2907:7)
#81     RenderProxyBoxMixin.performLayout (package:flutter/src/rendering/proxy_box.dart:118:18)
#82     RenderObject.layout (package:flutter/src/rendering/object.dart:2907:7)
#83     RenderProxyBoxMixin.performLayout (package:flutter/src/rendering/proxy_box.dart:118:18)
#84     RenderObject.layout (package:flutter/src/rendering/object.dart:2907:7)
#85     RenderProxyBoxMixin.performLayout (package:flutter/src/rendering/proxy_box.dart:118:18)
#86     RenderObject.layout (package:flutter/src/rendering/object.dart:2907:7)
#87     RenderProxyBoxMixin.performLayout (package:flutter/src/rendering/proxy_box.dart:118:18)
#88     RenderObject.layout (package:flutter/src/rendering/object.dart:2907:7)
#89     RenderProxyBoxMixin.performLayout (package:flutter/src/rendering/proxy_box.dart:118:18)
#90     RenderObject.layout (package:flutter/src/rendering/object.dart:2907:7)
#91     RenderProxyBoxMixin.performLayout (package:flutter/src/rendering/proxy_box.dart:118:18)
#92     RenderObject.layout (package:flutter/src/rendering/object.dart:2907:7)
#93     RenderProxyBoxMixin.performLayout (package:flutter/src/rendering/proxy_box.dart:118:18)
#94     RenderObject.layout (package:flutter/src/rendering/object.dart:2907:7)
#95     RenderProxyBoxMixin.performLayout (package:flutter/src/rendering/proxy_box.dart:118:18)
#96     RenderObject.layout (package:flutter/src/rendering/object.dart:2907:7)
#97     RenderProxyBoxMixin.performLayout (package:flutter/src/rendering/proxy_box.dart:118:18)
#98     RenderObject.layout (package:flutter/src/rendering/object.dart:2907:7)
#99     RenderProxyBoxMixin.performLayout (package:flutter/src/rendering/proxy_box.dart:118:18)
#100    RenderObject.layout (package:flutter/src/rendering/object.dart:2907:7)
#101    RenderProxyBoxMixin.performLayout (package:flutter/src/rendering/proxy_box.dart:118:18)
#102    RenderObject.layout (package:flutter/src/rendering/object.dart:2907:7)
#103    RenderProxyBoxMixin.performLayout (package:flutter/src/rendering/proxy_box.dart:118:18)
#104    RenderObject.layout (package:flutter/src/rendering/object.dart:2907:7)
#105    RenderProxyBoxMixin.performLayout (package:flutter/src/rendering/proxy_box.dart:118:18)
#106    RenderOffstage.performLayout (package:flutter/src/rendering/proxy_box.dart:3923:13)
#107    RenderObject.layout (package:flutter/src/rendering/object.dart:2907:7)
#108    RenderProxyBoxMixin.performLayout (package:flutter/src/rendering/proxy_box.dart:118:18)
#109    RenderObject.layout (package:flutter/src/rendering/object.dart:2907:7)
#110    _RenderTheaterMixin.layoutChild (package:flutter/src/widgets/overlay.dart:1124:13)
#111    _RenderTheater.performLayout (package:flutter/src/widgets/overlay.dart:1481:9)
#112    RenderObject.layout (package:flutter/src/rendering/object.dart:2907:7)
#113    RenderProxyBoxMixin.performLayout (package:flutter/src/rendering/proxy_box.dart:118:18)
#114    RenderObject.layout (package:flutter/src/rendering/object.dart:2907:7)
#115    RenderProxyBoxMixin.performLayout (package:flutter/src/rendering/proxy_box.dart:118:18)
#116    RenderObject.layout (package:flutter/src/rendering/object.dart:2907:7)
#117    RenderProxyBoxMixin.performLayout (package:flutter/src/rendering/proxy_box.dart:118:18)
#118    RenderObject.layout (package:flutter/src/rendering/object.dart:2907:7)
#119    RenderProxyBoxMixin.performLayout (package:flutter/src/rendering/proxy_box.dart:118:18)
#120    RenderCustomPaint.performLayout (package:flutter/src/rendering/custom_paint.dart:574:11)
#121    RenderObject.layout (package:flutter/src/rendering/object.dart:2907:7)
#122    RenderProxyBoxMixin.performLayout (package:flutter/src/rendering/proxy_box.dart:118:18)
#123    RenderObject.layout (package:flutter/src/rendering/object.dart:2907:7)
#124    RenderProxyBoxMixin.performLayout (package:flutter/src/rendering/proxy_box.dart:118:18)
#125    RenderObject.layout (package:flutter/src/rendering/object.dart:2907:7)
#126    RenderProxyBoxMixin.performLayout (package:flutter/src/rendering/proxy_box.dart:118:18)
#127    RenderObject.layout (package:flutter/src/rendering/object.dart:2907:7)
#128    RenderProxyBoxMixin.performLayout (package:flutter/src/rendering/proxy_box.dart:118:18)
#129    RenderObject.layout (package:flutter/src/rendering/object.dart:2907:7)
#130    RenderProxyBoxMixin.performLayout (package:flutter/src/rendering/proxy_box.dart:118:18)
#131    RenderObject.layout (package:flutter/src/rendering/object.dart:2907:7)
#132    RenderProxyBoxMixin.performLayout (package:flutter/src/rendering/proxy_box.dart:118:18)
#133    RenderObject.layout (package:flutter/src/rendering/object.dart:2907:7)
#134    RenderView.performLayout (package:flutter/src/rendering/view.dart:292:12)
#135    RenderObject._layoutWithoutResize (package:flutter/src/rendering/object.dart:2755:7)
#136    PipelineOwner.flushLayout (package:flutter/src/rendering/object.dart:1174:18)
#137    PipelineOwner.flushLayout (package:flutter/src/rendering/object.dart:1187:15)
#138    AutomatedTestWidgetsFlutterBinding.drawFrame (package:flutter_test/src/binding.dart:2433:27)
#139    RendererBinding._handlePersistentFrameCallback (package:flutter/src/rendering/binding.dart:509:5)
#140    SchedulerBinding._invokeFrameCallback (package:flutter/src/scheduler/binding.dart:1430:15)
#141    SchedulerBinding.handleDrawFrame (package:flutter/src/scheduler/binding.dart:1345:9)
#142    AutomatedTestWidgetsFlutterBinding.pump.<anonymous closure> (package:flutter_test/src/binding.dart:2260:9)
#145    TestAsyncUtils.guard (package:flutter_test/src/test_async_utils.dart:74:41)
#146    AutomatedTestWidgetsFlutterBinding.pump (package:flutter_test/src/binding.dart:2249:27)
#147    WidgetTester.pumpWidget.<anonymous closure> (package:flutter_test/src/widget_tester.dart:598:22)
#150    TestAsyncUtils.guard (package:flutter_test/src/test_async_utils.dart:74:41)
#151    WidgetTester.pumpWidget (package:flutter_test/src/widget_tester.dart:595:27)
#152    main.<anonymous closure>.<anonymous closure> (file:///Y:/AndroidStudioProject/Github/expert-project/test/presentation/pages/tv_detail_page_test.dart:67:20)
#153    testWidgets.<anonymous closure>.<anonymous closure> (package:flutter_test/src/widget_tester.dart:192:29)
<asynchronous suspension>
#154    TestWidgetsFlutterBinding._runTestBody (package:flutter_test/src/binding.dart:1952:5)
<asynchronous suspension>
<asynchronous suspension>
(elided 7 frames from class _AssertionError, dart:async, and package:stack_trace)

The following RenderObject was being processed when the exception was fired: RenderSemanticsAnnotations#1bfa5 relayoutBoundary=up18 NEEDS-LAYOUT NEEDS-PAINT NEEDS-COMPOSITING-BITS-UPDATE:
  creator: Semantics ΓåÉ Listener ΓåÉ _GestureSemantics ΓåÉ
    RawGestureDetector-[LabeledGlobalKey<RawGestureDetectorState>#186f7] ΓåÉ Listener ΓåÉ _ScrollableScope
    ΓåÉ _ScrollSemantics-[GlobalKey#84812] ΓåÉ NotificationListener<ScrollMetricsNotification> ΓåÉ Transform
    ΓåÉ StretchEffect ΓåÉ ClipRect ΓåÉ AnimatedBuilder ΓåÉ Γï»
  parentData: <none> (can use size)
  constraints: BoxConstraints(0.0<=w<=768.0, 0.0<=h<=Infinity)
  size: MISSING
This RenderObject had the following descendants (showing up to depth 5):
    child: RenderIgnorePointer#e5c28 relayoutBoundary=up19 NEEDS-PAINT NEEDS-COMPOSITING-BITS-UPDATE
      child: RenderViewport#4442a NEEDS-PAINT NEEDS-COMPOSITING-BITS-UPDATE
        center child: RenderSliverPadding#41a3e NEEDS-LAYOUT NEEDS-PAINT NEEDS-COMPOSITING-BITS-UPDATE
          child: RenderSliverList#c0e59 NEEDS-LAYOUT NEEDS-PAINT
ΓòÉΓòÉΓòÉΓòÉΓòÉΓòÉΓòÉΓòÉΓòÉΓòÉΓòÉΓòÉΓòÉΓòÉΓòÉΓòÉΓòÉΓòÉΓòÉΓòÉΓòÉΓòÉΓòÉΓòÉΓòÉΓòÉΓòÉΓòÉΓòÉΓòÉΓòÉΓòÉΓòÉΓòÉΓòÉΓòÉΓòÉΓòÉΓòÉΓòÉΓòÉΓòÉΓòÉΓòÉΓòÉΓòÉΓòÉΓòÉΓòÉΓòÉΓòÉΓòÉΓòÉΓòÉΓòÉΓòÉΓòÉΓòÉΓòÉΓòÉΓòÉΓòÉΓòÉΓòÉΓòÉΓòÉΓòÉΓòÉΓòÉΓòÉΓòÉΓòÉΓòÉΓòÉΓòÉΓòÉΓòÉΓòÉΓòÉΓòÉΓòÉΓòÉΓòÉΓòÉΓòÉΓòÉΓòÉΓòÉΓòÉΓòÉΓòÉΓòÉΓòÉΓòÉΓòÉΓòÉΓòÉΓòÉΓòÉΓòÉ
ΓòÉΓòÉΓòí EXCEPTION CAUGHT BY RENDERING LIBRARY Γò₧ΓòÉΓòÉΓòÉΓòÉΓòÉΓòÉΓòÉΓòÉΓòÉΓòÉΓòÉΓòÉΓòÉΓòÉΓòÉΓòÉΓòÉΓòÉΓòÉΓòÉΓòÉΓòÉΓòÉΓòÉΓòÉΓòÉΓòÉΓòÉΓòÉΓòÉΓòÉΓòÉΓòÉΓòÉΓòÉΓòÉΓòÉΓòÉΓòÉΓòÉΓòÉΓòÉΓòÉΓòÉΓòÉΓòÉΓòÉΓòÉΓòÉΓòÉΓòÉΓòÉΓòÉΓòÉΓòÉΓòÉΓòÉ
The following assertion was thrown during performLayout():
RenderBox was not laid out: RenderSemanticsAnnotations#1bfa5 relayoutBoundary=up18 NEEDS-PAINT
NEEDS-COMPOSITING-BITS-UPDATE
'package:flutter/src/rendering/box.dart':
Failed assertion: line 2251 pos 12: 'hasSize'

Either the assertion indicates an error in the framework itself, or we should provide substantially
more information in this error message to help you determine and fix the underlying cause.
In either case, please report this assertion by filing a bug on GitHub:
  https://github.com/flutter/flutter/issues/new?template=02_bug.yml

The relevant error-causing widget was:
  ListView
  ListView:file:///Y:/AndroidStudioProject/Github/expert-project/lib/presentation/pages/tv_detail_page.dart:184:38

When the exception was thrown, this was the stack:
#2      RenderBox.size (package:flutter/src/rendering/box.dart:2251:12)
#3      RenderProxyBoxMixin.performLayout (package:flutter/src/rendering/proxy_box.dart:118:62)
#4      RenderObject.layout (package:flutter/src/rendering/object.dart:2907:7)
#5      RenderProxyBoxMixin.performLayout (package:flutter/src/rendering/proxy_box.dart:118:18)
#6      RenderObject.layout (package:flutter/src/rendering/object.dart:2907:7)
#7      RenderProxyBoxMixin.performLayout (package:flutter/src/rendering/proxy_box.dart:118:18)
#8      RenderObject.layout (package:flutter/src/rendering/object.dart:2907:7)
#9      RenderProxyBoxMixin.performLayout (package:flutter/src/rendering/proxy_box.dart:118:18)
#10     RenderObject.layout (package:flutter/src/rendering/object.dart:2907:7)
#11     RenderProxyBoxMixin.performLayout (package:flutter/src/rendering/proxy_box.dart:118:18)
#12     RenderObject.layout (package:flutter/src/rendering/object.dart:2907:7)
#13     RenderProxyBoxMixin.performLayout (package:flutter/src/rendering/proxy_box.dart:118:18)
#14     _RenderCustomClip.performLayout (package:flutter/src/rendering/proxy_box.dart:1549:11)
#15     RenderObject.layout (package:flutter/src/rendering/object.dart:2907:7)
#16     ChildLayoutHelper.layoutChild (package:flutter/src/rendering/layout_helper.dart:62:11)
#17     RenderFlex._computeSizes (package:flutter/src/rendering/flex.dart:1237:28)
#18     RenderFlex.performLayout (package:flutter/src/rendering/flex.dart:1329:32)
#19     RenderObject.layout (package:flutter/src/rendering/object.dart:2907:7)
#20     _RenderSingleChildViewport.performLayout (package:flutter/src/widgets/single_child_scroll_view.dart:502:14)
#21     RenderObject.layout (package:flutter/src/rendering/object.dart:2907:7)
#22     RenderProxyBoxMixin.performLayout (package:flutter/src/rendering/proxy_box.dart:118:18)
#23     RenderObject.layout (package:flutter/src/rendering/object.dart:2907:7)
#24     RenderProxyBoxMixin.performLayout (package:flutter/src/rendering/proxy_box.dart:118:18)
#25     RenderObject.layout (package:flutter/src/rendering/object.dart:2907:7)
#26     RenderProxyBoxMixin.performLayout (package:flutter/src/rendering/proxy_box.dart:118:18)
#27     RenderObject.layout (package:flutter/src/rendering/object.dart:2907:7)
#28     RenderProxyBoxMixin.performLayout (package:flutter/src/rendering/proxy_box.dart:118:18)
#29     RenderObject.layout (package:flutter/src/rendering/object.dart:2907:7)
#30     RenderProxyBoxMixin.performLayout (package:flutter/src/rendering/proxy_box.dart:118:18)
#31     RenderObject.layout (package:flutter/src/rendering/object.dart:2907:7)
#32     RenderProxyBoxMixin.performLayout (package:flutter/src/rendering/proxy_box.dart:118:18)
#33     RenderObject.layout (package:flutter/src/rendering/object.dart:2907:7)
#34     RenderProxyBoxMixin.performLayout (package:flutter/src/rendering/proxy_box.dart:118:18)
#35     RenderObject.layout (package:flutter/src/rendering/object.dart:2907:7)
#36     RenderProxyBoxMixin.performLayout (package:flutter/src/rendering/proxy_box.dart:118:18)
#37     _RenderCustomClip.performLayout (package:flutter/src/rendering/proxy_box.dart:1549:11)
#38     RenderObject.layout (package:flutter/src/rendering/object.dart:2907:7)
#39     RenderPadding.performLayout (package:flutter/src/rendering/shifted_box.dart:262:12)
#40     RenderObject.layout (package:flutter/src/rendering/object.dart:2907:7)
#41     ChildLayoutHelper.layoutChild (package:flutter/src/rendering/layout_helper.dart:62:11)
#42     RenderStack._computeSize (package:flutter/src/rendering/stack.dart:647:43)
#43     RenderStack.performLayout (package:flutter/src/rendering/stack.dart:682:12)
#44     RenderObject.layout (package:flutter/src/rendering/object.dart:2907:7)
#45     RenderPadding.performLayout (package:flutter/src/rendering/shifted_box.dart:262:12)
#46     RenderObject.layout (package:flutter/src/rendering/object.dart:2907:7)
#47     RenderProxyBoxMixin.performLayout (package:flutter/src/rendering/proxy_box.dart:118:18)
#48     RenderObject.layout (package:flutter/src/rendering/object.dart:2907:7)
#49     RenderFractionallySizedOverflowBox.performLayout (package:flutter/src/rendering/shifted_box.dart:1298:14)
#50     RenderObject.layout (package:flutter/src/rendering/object.dart:2907:7)
#51     RenderConstrainedBox.performLayout (package:flutter/src/rendering/proxy_box.dart:296:14)
#52     RenderObject.layout (package:flutter/src/rendering/object.dart:2907:7)
#53     _RenderLayoutBuilder.performLayout (package:flutter/src/widgets/layout_builder.dart:449:14)
#54     RenderObject.layout (package:flutter/src/rendering/object.dart:2907:7)
#55     RenderPadding.performLayout (package:flutter/src/rendering/shifted_box.dart:262:12)
#56     RenderObject.layout (package:flutter/src/rendering/object.dart:2907:7)
#57     ChildLayoutHelper.layoutChild (package:flutter/src/rendering/layout_helper.dart:62:11)
#58     RenderStack._computeSize (package:flutter/src/rendering/stack.dart:647:43)
#59     RenderStack.performLayout (package:flutter/src/rendering/stack.dart:682:12)
#60     RenderObject.layout (package:flutter/src/rendering/object.dart:2907:7)
#61     RenderPadding.performLayout (package:flutter/src/rendering/shifted_box.dart:262:12)
#62     RenderObject.layout (package:flutter/src/rendering/object.dart:2907:7)
#63     MultiChildLayoutDelegate.layoutChild (package:flutter/src/rendering/custom_layout.dart:180:12)
#64     _ScaffoldLayout.performLayout (package:flutter/src/material/scaffold.dart:1113:7)
#65     MultiChildLayoutDelegate._callPerformLayout (package:flutter/src/rendering/custom_layout.dart:246:7)
#66     RenderCustomMultiChildLayoutBox.performLayout (package:flutter/src/rendering/custom_layout.dart:417:14)
#67     RenderObject.layout (package:flutter/src/rendering/object.dart:2907:7)
#68     RenderProxyBoxMixin.performLayout (package:flutter/src/rendering/proxy_box.dart:118:18)
#69     RenderObject.layout (package:flutter/src/rendering/object.dart:2907:7)
#70     RenderProxyBoxMixin.performLayout (package:flutter/src/rendering/proxy_box.dart:118:18)
#71     _RenderCustomClip.performLayout (package:flutter/src/rendering/proxy_box.dart:1549:11)
#72     RenderObject.layout (package:flutter/src/rendering/object.dart:2907:7)
#73     RenderProxyBoxMixin.performLayout (package:flutter/src/rendering/proxy_box.dart:118:18)
#74     RenderObject.layout (package:flutter/src/rendering/object.dart:2907:7)
#75     RenderProxyBoxMixin.performLayout (package:flutter/src/rendering/proxy_box.dart:118:18)
#76     RenderObject.layout (package:flutter/src/rendering/object.dart:2907:7)
#77     RenderProxyBoxMixin.performLayout (package:flutter/src/rendering/proxy_box.dart:118:18)
#78     RenderObject.layout (package:flutter/src/rendering/object.dart:2907:7)
#79     RenderProxyBoxMixin.performLayout (package:flutter/src/rendering/proxy_box.dart:118:18)
#80     RenderObject.layout (package:flutter/src/rendering/object.dart:2907:7)
#81     RenderProxyBoxMixin.performLayout (package:flutter/src/rendering/proxy_box.dart:118:18)
#82     RenderObject.layout (package:flutter/src/rendering/object.dart:2907:7)
#83     RenderProxyBoxMixin.performLayout (package:flutter/src/rendering/proxy_box.dart:118:18)
#84     RenderObject.layout (package:flutter/src/rendering/object.dart:2907:7)
#85     RenderProxyBoxMixin.performLayout (package:flutter/src/rendering/proxy_box.dart:118:18)
#86     RenderObject.layout (package:flutter/src/rendering/object.dart:2907:7)
#87     RenderProxyBoxMixin.performLayout (package:flutter/src/rendering/proxy_box.dart:118:18)
#88     RenderObject.layout (package:flutter/src/rendering/object.dart:2907:7)
#89     RenderProxyBoxMixin.performLayout (package:flutter/src/rendering/proxy_box.dart:118:18)
#90     RenderObject.layout (package:flutter/src/rendering/object.dart:2907:7)
#91     RenderProxyBoxMixin.performLayout (package:flutter/src/rendering/proxy_box.dart:118:18)
#92     RenderObject.layout (package:flutter/src/rendering/object.dart:2907:7)
#93     RenderProxyBoxMixin.performLayout (package:flutter/src/rendering/proxy_box.dart:118:18)
#94     RenderObject.layout (package:flutter/src/rendering/object.dart:2907:7)
#95     RenderProxyBoxMixin.performLayout (package:flutter/src/rendering/proxy_box.dart:118:18)
#96     RenderObject.layout (package:flutter/src/rendering/object.dart:2907:7)
#97     RenderProxyBoxMixin.performLayout (package:flutter/src/rendering/proxy_box.dart:118:18)
#98     RenderObject.layout (package:flutter/src/rendering/object.dart:2907:7)
#99     RenderProxyBoxMixin.performLayout (package:flutter/src/rendering/proxy_box.dart:118:18)
#100    RenderObject.layout (package:flutter/src/rendering/object.dart:2907:7)
#101    RenderProxyBoxMixin.performLayout (package:flutter/src/rendering/proxy_box.dart:118:18)
#102    RenderObject.layout (package:flutter/src/rendering/object.dart:2907:7)
#103    RenderProxyBoxMixin.performLayout (package:flutter/src/rendering/proxy_box.dart:118:18)
#104    RenderOffstage.performLayout (package:flutter/src/rendering/proxy_box.dart:3923:13)
#105    RenderObject.layout (package:flutter/src/rendering/object.dart:2907:7)
#106    RenderProxyBoxMixin.performLayout (package:flutter/src/rendering/proxy_box.dart:118:18)
#107    RenderObject.layout (package:flutter/src/rendering/object.dart:2907:7)
#108    _RenderTheaterMixin.layoutChild (package:flutter/src/widgets/overlay.dart:1124:13)
#109    _RenderTheater.performLayout (package:flutter/src/widgets/overlay.dart:1481:9)
#110    RenderObject.layout (package:flutter/src/rendering/object.dart:2907:7)
#111    RenderProxyBoxMixin.performLayout (package:flutter/src/rendering/proxy_box.dart:118:18)
#112    RenderObject.layout (package:flutter/src/rendering/object.dart:2907:7)
#113    RenderProxyBoxMixin.performLayout (package:flutter/src/rendering/proxy_box.dart:118:18)
#114    RenderObject.layout (package:flutter/src/rendering/object.dart:2907:7)
#115    RenderProxyBoxMixin.performLayout (package:flutter/src/rendering/proxy_box.dart:118:18)
#116    RenderObject.layout (package:flutter/src/rendering/object.dart:2907:7)
#117    RenderProxyBoxMixin.performLayout (package:flutter/src/rendering/proxy_box.dart:118:18)
#118    RenderCustomPaint.performLayout (package:flutter/src/rendering/custom_paint.dart:574:11)
#119    RenderObject.layout (package:flutter/src/rendering/object.dart:2907:7)
#120    RenderProxyBoxMixin.performLayout (package:flutter/src/rendering/proxy_box.dart:118:18)
#121    RenderObject.layout (package:flutter/src/rendering/object.dart:2907:7)
#122    RenderProxyBoxMixin.performLayout (package:flutter/src/rendering/proxy_box.dart:118:18)
#123    RenderObject.layout (package:flutter/src/rendering/object.dart:2907:7)
#124    RenderProxyBoxMixin.performLayout (package:flutter/src/rendering/proxy_box.dart:118:18)
#125    RenderObject.layout (package:flutter/src/rendering/object.dart:2907:7)
#126    RenderProxyBoxMixin.performLayout (package:flutter/src/rendering/proxy_box.dart:118:18)
#127    RenderObject.layout (package:flutter/src/rendering/object.dart:2907:7)
#128    RenderProxyBoxMixin.performLayout (package:flutter/src/rendering/proxy_box.dart:118:18)
#129    RenderObject.layout (package:flutter/src/rendering/object.dart:2907:7)
#130    RenderProxyBoxMixin.performLayout (package:flutter/src/rendering/proxy_box.dart:118:18)
#131    RenderObject.layout (package:flutter/src/rendering/object.dart:2907:7)
#132    RenderView.performLayout (package:flutter/src/rendering/view.dart:292:12)
#133    RenderObject._layoutWithoutResize (package:flutter/src/rendering/object.dart:2755:7)
#134    PipelineOwner.flushLayout (package:flutter/src/rendering/object.dart:1174:18)
#135    PipelineOwner.flushLayout (package:flutter/src/rendering/object.dart:1187:15)
#136    AutomatedTestWidgetsFlutterBinding.drawFrame (package:flutter_test/src/binding.dart:2433:27)
#137    RendererBinding._handlePersistentFrameCallback (package:flutter/src/rendering/binding.dart:509:5)
#138    SchedulerBinding._invokeFrameCallback (package:flutter/src/scheduler/binding.dart:1430:15)
#139    SchedulerBinding.handleDrawFrame (package:flutter/src/scheduler/binding.dart:1345:9)
#140    AutomatedTestWidgetsFlutterBinding.pump.<anonymous closure> (package:flutter_test/src/binding.dart:2260:9)
#143    TestAsyncUtils.guard (package:flutter_test/src/test_async_utils.dart:74:41)
#144    AutomatedTestWidgetsFlutterBinding.pump (package:flutter_test/src/binding.dart:2249:27)
#145    WidgetTester.pumpWidget.<anonymous closure> (package:flutter_test/src/widget_tester.dart:598:22)
#148    TestAsyncUtils.guard (package:flutter_test/src/test_async_utils.dart:74:41)
#149    WidgetTester.pumpWidget (package:flutter_test/src/widget_tester.dart:595:27)
#150    main.<anonymous closure>.<anonymous closure> (file:///Y:/AndroidStudioProject/Github/expert-project/test/presentation/pages/tv_detail_page_test.dart:67:20)
#151    testWidgets.<anonymous closure>.<anonymous closure> (package:flutter_test/src/widget_tester.dart:192:29)
<asynchronous suspension>
#152    TestWidgetsFlutterBinding._runTestBody (package:flutter_test/src/binding.dart:1952:5)
<asynchronous suspension>
<asynchronous suspension>
(elided 7 frames from class _AssertionError, dart:async, and package:stack_trace)

The following RenderObject was being processed when the exception was fired: RenderPointerListener#858c6 relayoutBoundary=up17 NEEDS-LAYOUT NEEDS-PAINT NEEDS-COMPOSITING-BITS-UPDATE:
  creator: Listener ΓåÉ _GestureSemantics ΓåÉ
    RawGestureDetector-[LabeledGlobalKey<RawGestureDetectorState>#186f7] ΓåÉ Listener ΓåÉ _ScrollableScope
    ΓåÉ _ScrollSemantics-[GlobalKey#84812] ΓåÉ NotificationListener<ScrollMetricsNotification> ΓåÉ Transform
    ΓåÉ StretchEffect ΓåÉ ClipRect ΓåÉ AnimatedBuilder ΓåÉ NotificationListener<ScrollNotification> ΓåÉ Γï»
  parentData: <none> (can use size)
  constraints: BoxConstraints(0.0<=w<=768.0, 0.0<=h<=Infinity)
  size: MISSING
  behavior: opaque
  listeners: down, panZoomStart
This RenderObject had the following descendants (showing up to depth 5):
    child: RenderSemanticsAnnotations#1bfa5 relayoutBoundary=up18 NEEDS-PAINT NEEDS-COMPOSITING-BITS-UPDATE
      child: RenderIgnorePointer#e5c28 relayoutBoundary=up19 NEEDS-PAINT NEEDS-COMPOSITING-BITS-UPDATE
        child: RenderViewport#4442a NEEDS-PAINT NEEDS-COMPOSITING-BITS-UPDATE
          center child: RenderSliverPadding#41a3e NEEDS-LAYOUT NEEDS-PAINT NEEDS-COMPOSITING-BITS-UPDATE
            child: RenderSliverList#c0e59 NEEDS-LAYOUT NEEDS-PAINT
ΓòÉΓòÉΓòÉΓòÉΓòÉΓòÉΓòÉΓòÉΓòÉΓòÉΓòÉΓòÉΓòÉΓòÉΓòÉΓòÉΓòÉΓòÉΓòÉΓòÉΓòÉΓòÉΓòÉΓòÉΓòÉΓòÉΓòÉΓòÉΓòÉΓòÉΓòÉΓòÉΓòÉΓòÉΓòÉΓòÉΓòÉΓòÉΓòÉΓòÉΓòÉΓòÉΓòÉΓòÉΓòÉΓòÉΓòÉΓòÉΓòÉΓòÉΓòÉΓòÉΓòÉΓòÉΓòÉΓòÉΓòÉΓòÉΓòÉΓòÉΓòÉΓòÉΓòÉΓòÉΓòÉΓòÉΓòÉΓòÉΓòÉΓòÉΓòÉΓòÉΓòÉΓòÉΓòÉΓòÉΓòÉΓòÉΓòÉΓòÉΓòÉΓòÉΓòÉΓòÉΓòÉΓòÉΓòÉΓòÉΓòÉΓòÉΓòÉΓòÉΓòÉΓòÉΓòÉΓòÉΓòÉΓòÉΓòÉΓòÉ
ΓòÉΓòÉΓòí EXCEPTION CAUGHT BY RENDERING LIBRARY Γò₧ΓòÉΓòÉΓòÉΓòÉΓòÉΓòÉΓòÉΓòÉΓòÉΓòÉΓòÉΓòÉΓòÉΓòÉΓòÉΓòÉΓòÉΓòÉΓòÉΓòÉΓòÉΓòÉΓòÉΓòÉΓòÉΓòÉΓòÉΓòÉΓòÉΓòÉΓòÉΓòÉΓòÉΓòÉΓòÉΓòÉΓòÉΓòÉΓòÉΓòÉΓòÉΓòÉΓòÉΓòÉΓòÉΓòÉΓòÉΓòÉΓòÉΓòÉΓòÉΓòÉΓòÉΓòÉΓòÉΓòÉΓòÉ
The following assertion was thrown during performLayout():
RenderBox was not laid out: RenderPointerListener#858c6 relayoutBoundary=up17 NEEDS-PAINT
NEEDS-COMPOSITING-BITS-UPDATE
'package:flutter/src/rendering/box.dart':
Failed assertion: line 2251 pos 12: 'hasSize'

Either the assertion indicates an error in the framework itself, or we should provide substantially
more information in this error message to help you determine and fix the underlying cause.
In either case, please report this assertion by filing a bug on GitHub:
  https://github.com/flutter/flutter/issues/new?template=02_bug.yml

The relevant error-causing widget was:
  ListView
  ListView:file:///Y:/AndroidStudioProject/Github/expert-project/lib/presentation/pages/tv_detail_page.dart:184:38

When the exception was thrown, this was the stack:
#2      RenderBox.size (package:flutter/src/rendering/box.dart:2251:12)
#3      RenderProxyBoxMixin.performLayout (package:flutter/src/rendering/proxy_box.dart:118:62)
#4      RenderObject.layout (package:flutter/src/rendering/object.dart:2907:7)
#5      RenderProxyBoxMixin.performLayout (package:flutter/src/rendering/proxy_box.dart:118:18)
#6      RenderObject.layout (package:flutter/src/rendering/object.dart:2907:7)
#7      RenderProxyBoxMixin.performLayout (package:flutter/src/rendering/proxy_box.dart:118:18)
#8      RenderObject.layout (package:flutter/src/rendering/object.dart:2907:7)
#9      RenderProxyBoxMixin.performLayout (package:flutter/src/rendering/proxy_box.dart:118:18)
#10     RenderObject.layout (package:flutter/src/rendering/object.dart:2907:7)
#11     RenderProxyBoxMixin.performLayout (package:flutter/src/rendering/proxy_box.dart:118:18)
#12     _RenderCustomClip.performLayout (package:flutter/src/rendering/proxy_box.dart:1549:11)
#13     RenderObject.layout (package:flutter/src/rendering/object.dart:2907:7)
#14     ChildLayoutHelper.layoutChild (package:flutter/src/rendering/layout_helper.dart:62:11)
#15     RenderFlex._computeSizes (package:flutter/src/rendering/flex.dart:1237:28)
#16     RenderFlex.performLayout (package:flutter/src/rendering/flex.dart:1329:32)
#17     RenderObject.layout (package:flutter/src/rendering/object.dart:2907:7)
#18     _RenderSingleChildViewport.performLayout (package:flutter/src/widgets/single_child_scroll_view.dart:502:14)
#19     RenderObject.layout (package:flutter/src/rendering/object.dart:2907:7)
#20     RenderProxyBoxMixin.performLayout (package:flutter/src/rendering/proxy_box.dart:118:18)
#21     RenderObject.layout (package:flutter/src/rendering/object.dart:2907:7)
#22     RenderProxyBoxMixin.performLayout (package:flutter/src/rendering/proxy_box.dart:118:18)
#23     RenderObject.layout (package:flutter/src/rendering/object.dart:2907:7)
#24     RenderProxyBoxMixin.performLayout (package:flutter/src/rendering/proxy_box.dart:118:18)
#25     RenderObject.layout (package:flutter/src/rendering/object.dart:2907:7)
#26     RenderProxyBoxMixin.performLayout (package:flutter/src/rendering/proxy_box.dart:118:18)
#27     RenderObject.layout (package:flutter/src/rendering/object.dart:2907:7)
#28     RenderProxyBoxMixin.performLayout (package:flutter/src/rendering/proxy_box.dart:118:18)
#29     RenderObject.layout (package:flutter/src/rendering/object.dart:2907:7)
#30     RenderProxyBoxMixin.performLayout (package:flutter/src/rendering/proxy_box.dart:118:18)
#31     RenderObject.layout (package:flutter/src/rendering/object.dart:2907:7)
#32     RenderProxyBoxMixin.performLayout (package:flutter/src/rendering/proxy_box.dart:118:18)
#33     RenderObject.layout (package:flutter/src/rendering/object.dart:2907:7)
#34     RenderProxyBoxMixin.performLayout (package:flutter/src/rendering/proxy_box.dart:118:18)
#35     _RenderCustomClip.performLayout (package:flutter/src/rendering/proxy_box.dart:1549:11)
#36     RenderObject.layout (package:flutter/src/rendering/object.dart:2907:7)
#37     RenderPadding.performLayout (package:flutter/src/rendering/shifted_box.dart:262:12)
#38     RenderObject.layout (package:flutter/src/rendering/object.dart:2907:7)
#39     ChildLayoutHelper.layoutChild (package:flutter/src/rendering/layout_helper.dart:62:11)
#40     RenderStack._computeSize (package:flutter/src/rendering/stack.dart:647:43)
#41     RenderStack.performLayout (package:flutter/src/rendering/stack.dart:682:12)
#42     RenderObject.layout (package:flutter/src/rendering/object.dart:2907:7)
#43     RenderPadding.performLayout (package:flutter/src/rendering/shifted_box.dart:262:12)
#44     RenderObject.layout (package:flutter/src/rendering/object.dart:2907:7)
#45     RenderProxyBoxMixin.performLayout (package:flutter/src/rendering/proxy_box.dart:118:18)
#46     RenderObject.layout (package:flutter/src/rendering/object.dart:2907:7)
#47     RenderFractionallySizedOverflowBox.performLayout (package:flutter/src/rendering/shifted_box.dart:1298:14)
#48     RenderObject.layout (package:flutter/src/rendering/object.dart:2907:7)
#49     RenderConstrainedBox.performLayout (package:flutter/src/rendering/proxy_box.dart:296:14)
#50     RenderObject.layout (package:flutter/src/rendering/object.dart:2907:7)
#51     _RenderLayoutBuilder.performLayout (package:flutter/src/widgets/layout_builder.dart:449:14)
#52     RenderObject.layout (package:flutter/src/rendering/object.dart:2907:7)
#53     RenderPadding.performLayout (package:flutter/src/rendering/shifted_box.dart:262:12)
#54     RenderObject.layout (package:flutter/src/rendering/object.dart:2907:7)
#55     ChildLayoutHelper.layoutChild (package:flutter/src/rendering/layout_helper.dart:62:11)
#56     RenderStack._computeSize (package:flutter/src/rendering/stack.dart:647:43)
#57     RenderStack.performLayout (package:flutter/src/rendering/stack.dart:682:12)
#58     RenderObject.layout (package:flutter/src/rendering/object.dart:2907:7)
#59     RenderPadding.performLayout (package:flutter/src/rendering/shifted_box.dart:262:12)
#60     RenderObject.layout (package:flutter/src/rendering/object.dart:2907:7)
#61     MultiChildLayoutDelegate.layoutChild (package:flutter/src/rendering/custom_layout.dart:180:12)
#62     _ScaffoldLayout.performLayout (package:flutter/src/material/scaffold.dart:1113:7)
#63     MultiChildLayoutDelegate._callPerformLayout (package:flutter/src/rendering/custom_layout.dart:246:7)
#64     RenderCustomMultiChildLayoutBox.performLayout (package:flutter/src/rendering/custom_layout.dart:417:14)
#65     RenderObject.layout (package:flutter/src/rendering/object.dart:2907:7)
#66     RenderProxyBoxMixin.performLayout (package:flutter/src/rendering/proxy_box.dart:118:18)
#67     RenderObject.layout (package:flutter/src/rendering/object.dart:2907:7)
#68     RenderProxyBoxMixin.performLayout (package:flutter/src/rendering/proxy_box.dart:118:18)
#69     _RenderCustomClip.performLayout (package:flutter/src/rendering/proxy_box.dart:1549:11)
#70     RenderObject.layout (package:flutter/src/rendering/object.dart:2907:7)
#71     RenderProxyBoxMixin.performLayout (package:flutter/src/rendering/proxy_box.dart:118:18)
#72     RenderObject.layout (package:flutter/src/rendering/object.dart:2907:7)
#73     RenderProxyBoxMixin.performLayout (package:flutter/src/rendering/proxy_box.dart:118:18)
#74     RenderObject.layout (package:flutter/src/rendering/object.dart:2907:7)
#75     RenderProxyBoxMixin.performLayout (package:flutter/src/rendering/proxy_box.dart:118:18)
#76     RenderObject.layout (package:flutter/src/rendering/object.dart:2907:7)
#77     RenderProxyBoxMixin.performLayout (package:flutter/src/rendering/proxy_box.dart:118:18)
#78     RenderObject.layout (package:flutter/src/rendering/object.dart:2907:7)
#79     RenderProxyBoxMixin.performLayout (package:flutter/src/rendering/proxy_box.dart:118:18)
#80     RenderObject.layout (package:flutter/src/rendering/object.dart:2907:7)
#81     RenderProxyBoxMixin.performLayout (package:flutter/src/rendering/proxy_box.dart:118:18)
#82     RenderObject.layout (package:flutter/src/rendering/object.dart:2907:7)
#83     RenderProxyBoxMixin.performLayout (package:flutter/src/rendering/proxy_box.dart:118:18)
#84     RenderObject.layout (package:flutter/src/rendering/object.dart:2907:7)
#85     RenderProxyBoxMixin.performLayout (package:flutter/src/rendering/proxy_box.dart:118:18)
#86     RenderObject.layout (package:flutter/src/rendering/object.dart:2907:7)
#87     RenderProxyBoxMixin.performLayout (package:flutter/src/rendering/proxy_box.dart:118:18)
#88     RenderObject.layout (package:flutter/src/rendering/object.dart:2907:7)
#89     RenderProxyBoxMixin.performLayout (package:flutter/src/rendering/proxy_box.dart:118:18)
#90     RenderObject.layout (package:flutter/src/rendering/object.dart:2907:7)
#91     RenderProxyBoxMixin.performLayout (package:flutter/src/rendering/proxy_box.dart:118:18)
#92     RenderObject.layout (package:flutter/src/rendering/object.dart:2907:7)
#93     RenderProxyBoxMixin.performLayout (package:flutter/src/rendering/proxy_box.dart:118:18)
#94     RenderObject.layout (package:flutter/src/rendering/object.dart:2907:7)
#95     RenderProxyBoxMixin.performLayout (package:flutter/src/rendering/proxy_box.dart:118:18)
#96     RenderObject.layout (package:flutter/src/rendering/object.dart:2907:7)
#97     RenderProxyBoxMixin.performLayout (package:flutter/src/rendering/proxy_box.dart:118:18)
#98     RenderObject.layout (package:flutter/src/rendering/object.dart:2907:7)
#99     RenderProxyBoxMixin.performLayout (package:flutter/src/rendering/proxy_box.dart:118:18)
#100    RenderObject.layout (package:flutter/src/rendering/object.dart:2907:7)
#101    RenderProxyBoxMixin.performLayout (package:flutter/src/rendering/proxy_box.dart:118:18)
#102    RenderOffstage.performLayout (package:flutter/src/rendering/proxy_box.dart:3923:13)
#103    RenderObject.layout (package:flutter/src/rendering/object.dart:2907:7)
#104    RenderProxyBoxMixin.performLayout (package:flutter/src/rendering/proxy_box.dart:118:18)
#105    RenderObject.layout (package:flutter/src/rendering/object.dart:2907:7)
#106    _RenderTheaterMixin.layoutChild (package:flutter/src/widgets/overlay.dart:1124:13)
#107    _RenderTheater.performLayout (package:flutter/src/widgets/overlay.dart:1481:9)
#108    RenderObject.layout (package:flutter/src/rendering/object.dart:2907:7)
#109    RenderProxyBoxMixin.performLayout (package:flutter/src/rendering/proxy_box.dart:118:18)
#110    RenderObject.layout (package:flutter/src/rendering/object.dart:2907:7)
#111    RenderProxyBoxMixin.performLayout (package:flutter/src/rendering/proxy_box.dart:118:18)
#112    RenderObject.layout (package:flutter/src/rendering/object.dart:2907:7)
#113    RenderProxyBoxMixin.performLayout (package:flutter/src/rendering/proxy_box.dart:118:18)
#114    RenderObject.layout (package:flutter/src/rendering/object.dart:2907:7)
#115    RenderProxyBoxMixin.performLayout (package:flutter/src/rendering/proxy_box.dart:118:18)
#116    RenderCustomPaint.performLayout (package:flutter/src/rendering/custom_paint.dart:574:11)
#117    RenderObject.layout (package:flutter/src/rendering/object.dart:2907:7)
#118    RenderProxyBoxMixin.performLayout (package:flutter/src/rendering/proxy_box.dart:118:18)
#119    RenderObject.layout (package:flutter/src/rendering/object.dart:2907:7)
#120    RenderProxyBoxMixin.performLayout (package:flutter/src/rendering/proxy_box.dart:118:18)
#121    RenderObject.layout (package:flutter/src/rendering/object.dart:2907:7)
#122    RenderProxyBoxMixin.performLayout (package:flutter/src/rendering/proxy_box.dart:118:18)
#123    RenderObject.layout (package:flutter/src/rendering/object.dart:2907:7)
#124    RenderProxyBoxMixin.performLayout (package:flutter/src/rendering/proxy_box.dart:118:18)
#125    RenderObject.layout (package:flutter/src/rendering/object.dart:2907:7)
#126    RenderProxyBoxMixin.performLayout (package:flutter/src/rendering/proxy_box.dart:118:18)
#127    RenderObject.layout (package:flutter/src/rendering/object.dart:2907:7)
#128    RenderProxyBoxMixin.performLayout (package:flutter/src/rendering/proxy_box.dart:118:18)
#129    RenderObject.layout (package:flutter/src/rendering/object.dart:2907:7)
#130    RenderView.performLayout (package:flutter/src/rendering/view.dart:292:12)
#131    RenderObject._layoutWithoutResize (package:flutter/src/rendering/object.dart:2755:7)
#132    PipelineOwner.flushLayout (package:flutter/src/rendering/object.dart:1174:18)
#133    PipelineOwner.flushLayout (package:flutter/src/rendering/object.dart:1187:15)
#134    AutomatedTestWidgetsFlutterBinding.drawFrame (package:flutter_test/src/binding.dart:2433:27)
#135    RendererBinding._handlePersistentFrameCallback (package:flutter/src/rendering/binding.dart:509:5)
#136    SchedulerBinding._invokeFrameCallback (package:flutter/src/scheduler/binding.dart:1430:15)
#137    SchedulerBinding.handleDrawFrame (package:flutter/src/scheduler/binding.dart:1345:9)
#138    AutomatedTestWidgetsFlutterBinding.pump.<anonymous closure> (package:flutter_test/src/binding.dart:2260:9)
#141    TestAsyncUtils.guard (package:flutter_test/src/test_async_utils.dart:74:41)
#142    AutomatedTestWidgetsFlutterBinding.pump (package:flutter_test/src/binding.dart:2249:27)
#143    WidgetTester.pumpWidget.<anonymous closure> (package:flutter_test/src/widget_tester.dart:598:22)
#146    TestAsyncUtils.guard (package:flutter_test/src/test_async_utils.dart:74:41)
#147    WidgetTester.pumpWidget (package:flutter_test/src/widget_tester.dart:595:27)
#148    main.<anonymous closure>.<anonymous closure> (file:///Y:/AndroidStudioProject/Github/expert-project/test/presentation/pages/tv_detail_page_test.dart:67:20)
#149    testWidgets.<anonymous closure>.<anonymous closure> (package:flutter_test/src/widget_tester.dart:192:29)
<asynchronous suspension>
#150    TestWidgetsFlutterBinding._runTestBody (package:flutter_test/src/binding.dart:1952:5)
<asynchronous suspension>
<asynchronous suspension>
(elided 7 frames from class _AssertionError, dart:async, and package:stack_trace)

The following RenderObject was being processed when the exception was fired: RenderSemanticsGestureHandler#b2c75 relayoutBoundary=up16 NEEDS-LAYOUT NEEDS-PAINT NEEDS-COMPOSITING-BITS-UPDATE:
  creator: _GestureSemantics ΓåÉ RawGestureDetector-[LabeledGlobalKey<RawGestureDetectorState>#186f7] ΓåÉ
    Listener ΓåÉ _ScrollableScope ΓåÉ _ScrollSemantics-[GlobalKey#84812] ΓåÉ
    NotificationListener<ScrollMetricsNotification> ΓåÉ Transform ΓåÉ StretchEffect ΓåÉ ClipRect ΓåÉ
    AnimatedBuilder ΓåÉ NotificationListener<ScrollNotification> ΓåÉ StretchingOverscrollIndicator ΓåÉ Γï»
  parentData: <none> (can use size)
  constraints: BoxConstraints(0.0<=w<=768.0, 0.0<=h<=Infinity)
  size: MISSING
  behavior: opaque
  gestures: <none>
This RenderObject had the following descendants (showing up to depth 5):
    child: RenderPointerListener#858c6 relayoutBoundary=up17 NEEDS-PAINT NEEDS-COMPOSITING-BITS-UPDATE
      child: RenderSemanticsAnnotations#1bfa5 relayoutBoundary=up18 NEEDS-PAINT NEEDS-COMPOSITING-BITS-UPDATE
        child: RenderIgnorePointer#e5c28 relayoutBoundary=up19 NEEDS-PAINT NEEDS-COMPOSITING-BITS-UPDATE
          child: RenderViewport#4442a NEEDS-PAINT NEEDS-COMPOSITING-BITS-UPDATE
            center child: RenderSliverPadding#41a3e NEEDS-LAYOUT NEEDS-PAINT NEEDS-COMPOSITING-BITS-UPDATE
ΓòÉΓòÉΓòÉΓòÉΓòÉΓòÉΓòÉΓòÉΓòÉΓòÉΓòÉΓòÉΓòÉΓòÉΓòÉΓòÉΓòÉΓòÉΓòÉΓòÉΓòÉΓòÉΓòÉΓòÉΓòÉΓòÉΓòÉΓòÉΓòÉΓòÉΓòÉΓòÉΓòÉΓòÉΓòÉΓòÉΓòÉΓòÉΓòÉΓòÉΓòÉΓòÉΓòÉΓòÉΓòÉΓòÉΓòÉΓòÉΓòÉΓòÉΓòÉΓòÉΓòÉΓòÉΓòÉΓòÉΓòÉΓòÉΓòÉΓòÉΓòÉΓòÉΓòÉΓòÉΓòÉΓòÉΓòÉΓòÉΓòÉΓòÉΓòÉΓòÉΓòÉΓòÉΓòÉΓòÉΓòÉΓòÉΓòÉΓòÉΓòÉΓòÉΓòÉΓòÉΓòÉΓòÉΓòÉΓòÉΓòÉΓòÉΓòÉΓòÉΓòÉΓòÉΓòÉΓòÉΓòÉΓòÉΓòÉΓòÉ
ΓòÉΓòÉΓòí EXCEPTION CAUGHT BY RENDERING LIBRARY Γò₧ΓòÉΓòÉΓòÉΓòÉΓòÉΓòÉΓòÉΓòÉΓòÉΓòÉΓòÉΓòÉΓòÉΓòÉΓòÉΓòÉΓòÉΓòÉΓòÉΓòÉΓòÉΓòÉΓòÉΓòÉΓòÉΓòÉΓòÉΓòÉΓòÉΓòÉΓòÉΓòÉΓòÉΓòÉΓòÉΓòÉΓòÉΓòÉΓòÉΓòÉΓòÉΓòÉΓòÉΓòÉΓòÉΓòÉΓòÉΓòÉΓòÉΓòÉΓòÉΓòÉΓòÉΓòÉΓòÉΓòÉΓòÉ
The following assertion was thrown during performLayout():
RenderBox was not laid out: RenderSemanticsGestureHandler#b2c75 relayoutBoundary=up16 NEEDS-PAINT
NEEDS-COMPOSITING-BITS-UPDATE
'package:flutter/src/rendering/box.dart':
Failed assertion: line 2251 pos 12: 'hasSize'

Either the assertion indicates an error in the framework itself, or we should provide substantially
more information in this error message to help you determine and fix the underlying cause.
In either case, please report this assertion by filing a bug on GitHub:
  https://github.com/flutter/flutter/issues/new?template=02_bug.yml

The relevant error-causing widget was:
  ListView
  ListView:file:///Y:/AndroidStudioProject/Github/expert-project/lib/presentation/pages/tv_detail_page.dart:184:38

When the exception was thrown, this was the stack:
#2      RenderBox.size (package:flutter/src/rendering/box.dart:2251:12)
#3      RenderProxyBoxMixin.performLayout (package:flutter/src/rendering/proxy_box.dart:118:62)
#4      RenderObject.layout (package:flutter/src/rendering/object.dart:2907:7)
#5      RenderProxyBoxMixin.performLayout (package:flutter/src/rendering/proxy_box.dart:118:18)
#6      RenderObject.layout (package:flutter/src/rendering/object.dart:2907:7)
#7      RenderProxyBoxMixin.performLayout (package:flutter/src/rendering/proxy_box.dart:118:18)
#8      RenderObject.layout (package:flutter/src/rendering/object.dart:2907:7)
#9      RenderProxyBoxMixin.performLayout (package:flutter/src/rendering/proxy_box.dart:118:18)
#10     _RenderCustomClip.performLayout (package:flutter/src/rendering/proxy_box.dart:1549:11)
#11     RenderObject.layout (package:flutter/src/rendering/object.dart:2907:7)
#12     ChildLayoutHelper.layoutChild (package:flutter/src/rendering/layout_helper.dart:62:11)
#13     RenderFlex._computeSizes (package:flutter/src/rendering/flex.dart:1237:28)
#14     RenderFlex.performLayout (package:flutter/src/rendering/flex.dart:1329:32)
#15     RenderObject.layout (package:flutter/src/rendering/object.dart:2907:7)
#16     _RenderSingleChildViewport.performLayout (package:flutter/src/widgets/single_child_scroll_view.dart:502:14)
#17     RenderObject.layout (package:flutter/src/rendering/object.dart:2907:7)
#18     RenderProxyBoxMixin.performLayout (package:flutter/src/rendering/proxy_box.dart:118:18)
#19     RenderObject.layout (package:flutter/src/rendering/object.dart:2907:7)
#20     RenderProxyBoxMixin.performLayout (package:flutter/src/rendering/proxy_box.dart:118:18)
#21     RenderObject.layout (package:flutter/src/rendering/object.dart:2907:7)
#22     RenderProxyBoxMixin.performLayout (package:flutter/src/rendering/proxy_box.dart:118:18)
#23     RenderObject.layout (package:flutter/src/rendering/object.dart:2907:7)
#24     RenderProxyBoxMixin.performLayout (package:flutter/src/rendering/proxy_box.dart:118:18)
#25     RenderObject.layout (package:flutter/src/rendering/object.dart:2907:7)
#26     RenderProxyBoxMixin.performLayout (package:flutter/src/rendering/proxy_box.dart:118:18)
#27     RenderObject.layout (package:flutter/src/rendering/object.dart:2907:7)
#28     RenderProxyBoxMixin.performLayout (package:flutter/src/rendering/proxy_box.dart:118:18)
#29     RenderObject.layout (package:flutter/src/rendering/object.dart:2907:7)
#30     RenderProxyBoxMixin.performLayout (package:flutter/src/rendering/proxy_box.dart:118:18)
#31     RenderObject.layout (package:flutter/src/rendering/object.dart:2907:7)
#32     RenderProxyBoxMixin.performLayout (package:flutter/src/rendering/proxy_box.dart:118:18)
#33     _RenderCustomClip.performLayout (package:flutter/src/rendering/proxy_box.dart:1549:11)
#34     RenderObject.layout (package:flutter/src/rendering/object.dart:2907:7)
#35     RenderPadding.performLayout (package:flutter/src/rendering/shifted_box.dart:262:12)
#36     RenderObject.layout (package:flutter/src/rendering/object.dart:2907:7)
#37     ChildLayoutHelper.layoutChild (package:flutter/src/rendering/layout_helper.dart:62:11)
#38     RenderStack._computeSize (package:flutter/src/rendering/stack.dart:647:43)
#39     RenderStack.performLayout (package:flutter/src/rendering/stack.dart:682:12)
#40     RenderObject.layout (package:flutter/src/rendering/object.dart:2907:7)
#41     RenderPadding.performLayout (package:flutter/src/rendering/shifted_box.dart:262:12)
#42     RenderObject.layout (package:flutter/src/rendering/object.dart:2907:7)
#43     RenderProxyBoxMixin.performLayout (package:flutter/src/rendering/proxy_box.dart:118:18)
#44     RenderObject.layout (package:flutter/src/rendering/object.dart:2907:7)
#45     RenderFractionallySizedOverflowBox.performLayout (package:flutter/src/rendering/shifted_box.dart:1298:14)
#46     RenderObject.layout (package:flutter/src/rendering/object.dart:2907:7)
#47     RenderConstrainedBox.performLayout (package:flutter/src/rendering/proxy_box.dart:296:14)
#48     RenderObject.layout (package:flutter/src/rendering/object.dart:2907:7)
#49     _RenderLayoutBuilder.performLayout (package:flutter/src/widgets/layout_builder.dart:449:14)
#50     RenderObject.layout (package:flutter/src/rendering/object.dart:2907:7)
#51     RenderPadding.performLayout (package:flutter/src/rendering/shifted_box.dart:262:12)
#52     RenderObject.layout (package:flutter/src/rendering/object.dart:2907:7)
#53     ChildLayoutHelper.layoutChild (package:flutter/src/rendering/layout_helper.dart:62:11)
#54     RenderStack._computeSize (package:flutter/src/rendering/stack.dart:647:43)
#55     RenderStack.performLayout (package:flutter/src/rendering/stack.dart:682:12)
#56     RenderObject.layout (package:flutter/src/rendering/object.dart:2907:7)
#57     RenderPadding.performLayout (package:flutter/src/rendering/shifted_box.dart:262:12)
#58     RenderObject.layout (package:flutter/src/rendering/object.dart:2907:7)
#59     MultiChildLayoutDelegate.layoutChild (package:flutter/src/rendering/custom_layout.dart:180:12)
#60     _ScaffoldLayout.performLayout (package:flutter/src/material/scaffold.dart:1113:7)
#61     MultiChildLayoutDelegate._callPerformLayout (package:flutter/src/rendering/custom_layout.dart:246:7)
#62     RenderCustomMultiChildLayoutBox.performLayout (package:flutter/src/rendering/custom_layout.dart:417:14)
#63     RenderObject.layout (package:flutter/src/rendering/object.dart:2907:7)
#64     RenderProxyBoxMixin.performLayout (package:flutter/src/rendering/proxy_box.dart:118:18)
#65     RenderObject.layout (package:flutter/src/rendering/object.dart:2907:7)
#66     RenderProxyBoxMixin.performLayout (package:flutter/src/rendering/proxy_box.dart:118:18)
#67     _RenderCustomClip.performLayout (package:flutter/src/rendering/proxy_box.dart:1549:11)
#68     RenderObject.layout (package:flutter/src/rendering/object.dart:2907:7)
#69     RenderProxyBoxMixin.performLayout (package:flutter/src/rendering/proxy_box.dart:118:18)
#70     RenderObject.layout (package:flutter/src/rendering/object.dart:2907:7)
#71     RenderProxyBoxMixin.performLayout (package:flutter/src/rendering/proxy_box.dart:118:18)
#72     RenderObject.layout (package:flutter/src/rendering/object.dart:2907:7)
#73     RenderProxyBoxMixin.performLayout (package:flutter/src/rendering/proxy_box.dart:118:18)
#74     RenderObject.layout (package:flutter/src/rendering/object.dart:2907:7)
#75     RenderProxyBoxMixin.performLayout (package:flutter/src/rendering/proxy_box.dart:118:18)
#76     RenderObject.layout (package:flutter/src/rendering/object.dart:2907:7)
#77     RenderProxyBoxMixin.performLayout (package:flutter/src/rendering/proxy_box.dart:118:18)
#78     RenderObject.layout (package:flutter/src/rendering/object.dart:2907:7)
#79     RenderProxyBoxMixin.performLayout (package:flutter/src/rendering/proxy_box.dart:118:18)
#80     RenderObject.layout (package:flutter/src/rendering/object.dart:2907:7)
#81     RenderProxyBoxMixin.performLayout (package:flutter/src/rendering/proxy_box.dart:118:18)
#82     RenderObject.layout (package:flutter/src/rendering/object.dart:2907:7)
#83     RenderProxyBoxMixin.performLayout (package:flutter/src/rendering/proxy_box.dart:118:18)
#84     RenderObject.layout (package:flutter/src/rendering/object.dart:2907:7)
#85     RenderProxyBoxMixin.performLayout (package:flutter/src/rendering/proxy_box.dart:118:18)
#86     RenderObject.layout (package:flutter/src/rendering/object.dart:2907:7)
#87     RenderProxyBoxMixin.performLayout (package:flutter/src/rendering/proxy_box.dart:118:18)
#88     RenderObject.layout (package:flutter/src/rendering/object.dart:2907:7)
#89     RenderProxyBoxMixin.performLayout (package:flutter/src/rendering/proxy_box.dart:118:18)
#90     RenderObject.layout (package:flutter/src/rendering/object.dart:2907:7)
#91     RenderProxyBoxMixin.performLayout (package:flutter/src/rendering/proxy_box.dart:118:18)
#92     RenderObject.layout (package:flutter/src/rendering/object.dart:2907:7)
#93     RenderProxyBoxMixin.performLayout (package:flutter/src/rendering/proxy_box.dart:118:18)
#94     RenderObject.layout (package:flutter/src/rendering/object.dart:2907:7)
#95     RenderProxyBoxMixin.performLayout (package:flutter/src/rendering/proxy_box.dart:118:18)
#96     RenderObject.layout (package:flutter/src/rendering/object.dart:2907:7)
#97     RenderProxyBoxMixin.performLayout (package:flutter/src/rendering/proxy_box.dart:118:18)
#98     RenderObject.layout (package:flutter/src/rendering/object.dart:2907:7)
#99     RenderProxyBoxMixin.performLayout (package:flutter/src/rendering/proxy_box.dart:118:18)
#100    RenderOffstage.performLayout (package:flutter/src/rendering/proxy_box.dart:3923:13)
#101    RenderObject.layout (package:flutter/src/rendering/object.dart:2907:7)
#102    RenderProxyBoxMixin.performLayout (package:flutter/src/rendering/proxy_box.dart:118:18)
#103    RenderObject.layout (package:flutter/src/rendering/object.dart:2907:7)
#104    _RenderTheaterMixin.layoutChild (package:flutter/src/widgets/overlay.dart:1124:13)
#105    _RenderTheater.performLayout (package:flutter/src/widgets/overlay.dart:1481:9)
#106    RenderObject.layout (package:flutter/src/rendering/object.dart:2907:7)
#107    RenderProxyBoxMixin.performLayout (package:flutter/src/rendering/proxy_box.dart:118:18)
#108    RenderObject.layout (package:flutter/src/rendering/object.dart:2907:7)
#109    RenderProxyBoxMixin.performLayout (package:flutter/src/rendering/proxy_box.dart:118:18)
#110    RenderObject.layout (package:flutter/src/rendering/object.dart:2907:7)
#111    RenderProxyBoxMixin.performLayout (package:flutter/src/rendering/proxy_box.dart:118:18)
#112    RenderObject.layout (package:flutter/src/rendering/object.dart:2907:7)
#113    RenderProxyBoxMixin.performLayout (package:flutter/src/rendering/proxy_box.dart:118:18)
#114    RenderCustomPaint.performLayout (package:flutter/src/rendering/custom_paint.dart:574:11)
#115    RenderObject.layout (package:flutter/src/rendering/object.dart:2907:7)
#116    RenderProxyBoxMixin.performLayout (package:flutter/src/rendering/proxy_box.dart:118:18)
#117    RenderObject.layout (package:flutter/src/rendering/object.dart:2907:7)
#118    RenderProxyBoxMixin.performLayout (package:flutter/src/rendering/proxy_box.dart:118:18)
#119    RenderObject.layout (package:flutter/src/rendering/object.dart:2907:7)
#120    RenderProxyBoxMixin.performLayout (package:flutter/src/rendering/proxy_box.dart:118:18)
#121    RenderObject.layout (package:flutter/src/rendering/object.dart:2907:7)
#122    RenderProxyBoxMixin.performLayout (package:flutter/src/rendering/proxy_box.dart:118:18)
#123    RenderObject.layout (package:flutter/src/rendering/object.dart:2907:7)
#124    RenderProxyBoxMixin.performLayout (package:flutter/src/rendering/proxy_box.dart:118:18)
#125    RenderObject.layout (package:flutter/src/rendering/object.dart:2907:7)
#126    RenderProxyBoxMixin.performLayout (package:flutter/src/rendering/proxy_box.dart:118:18)
#127    RenderObject.layout (package:flutter/src/rendering/object.dart:2907:7)
#128    RenderView.performLayout (package:flutter/src/rendering/view.dart:292:12)
#129    RenderObject._layoutWithoutResize (package:flutter/src/rendering/object.dart:2755:7)
#130    PipelineOwner.flushLayout (package:flutter/src/rendering/object.dart:1174:18)
#131    PipelineOwner.flushLayout (package:flutter/src/rendering/object.dart:1187:15)
#132    AutomatedTestWidgetsFlutterBinding.drawFrame (package:flutter_test/src/binding.dart:2433:27)
#133    RendererBinding._handlePersistentFrameCallback (package:flutter/src/rendering/binding.dart:509:5)
#134    SchedulerBinding._invokeFrameCallback (package:flutter/src/scheduler/binding.dart:1430:15)
#135    SchedulerBinding.handleDrawFrame (package:flutter/src/scheduler/binding.dart:1345:9)
#136    AutomatedTestWidgetsFlutterBinding.pump.<anonymous closure> (package:flutter_test/src/binding.dart:2260:9)
#139    TestAsyncUtils.guard (package:flutter_test/src/test_async_utils.dart:74:41)
#140    AutomatedTestWidgetsFlutterBinding.pump (package:flutter_test/src/binding.dart:2249:27)
#141    WidgetTester.pumpWidget.<anonymous closure> (package:flutter_test/src/widget_tester.dart:598:22)
#144    TestAsyncUtils.guard (package:flutter_test/src/test_async_utils.dart:74:41)
#145    WidgetTester.pumpWidget (package:flutter_test/src/widget_tester.dart:595:27)
#146    main.<anonymous closure>.<anonymous closure> (file:///Y:/AndroidStudioProject/Github/expert-project/test/presentation/pages/tv_detail_page_test.dart:67:20)
#147    testWidgets.<anonymous closure>.<anonymous closure> (package:flutter_test/src/widget_tester.dart:192:29)
<asynchronous suspension>
#148    TestWidgetsFlutterBinding._runTestBody (package:flutter_test/src/binding.dart:1952:5)
<asynchronous suspension>
<asynchronous suspension>
(elided 7 frames from class _AssertionError, dart:async, and package:stack_trace)

The following RenderObject was being processed when the exception was fired: RenderPointerListener#5f986 relayoutBoundary=up15 NEEDS-LAYOUT NEEDS-PAINT NEEDS-COMPOSITING-BITS-UPDATE:
  creator: Listener ΓåÉ _ScrollableScope ΓåÉ _ScrollSemantics-[GlobalKey#84812] ΓåÉ
    NotificationListener<ScrollMetricsNotification> ΓåÉ Transform ΓåÉ StretchEffect ΓåÉ ClipRect ΓåÉ
    AnimatedBuilder ΓåÉ NotificationListener<ScrollNotification> ΓåÉ StretchingOverscrollIndicator ΓåÉ
    Scrollable ΓåÉ ListView ΓåÉ Γï»
  parentData: <none> (can use size)
  constraints: BoxConstraints(0.0<=w<=768.0, 0.0<=h<=Infinity)
  size: MISSING
  behavior: deferToChild
  listeners: signal
This RenderObject had the following descendants (showing up to depth 5):
    child: RenderSemanticsGestureHandler#b2c75 relayoutBoundary=up16 NEEDS-PAINT NEEDS-COMPOSITING-BITS-UPDATE
      child: RenderPointerListener#858c6 relayoutBoundary=up17 NEEDS-PAINT NEEDS-COMPOSITING-BITS-UPDATE
        child: RenderSemanticsAnnotations#1bfa5 relayoutBoundary=up18 NEEDS-PAINT NEEDS-COMPOSITING-BITS-UPDATE
          child: RenderIgnorePointer#e5c28 relayoutBoundary=up19 NEEDS-PAINT NEEDS-COMPOSITING-BITS-UPDATE
            child: RenderViewport#4442a NEEDS-PAINT NEEDS-COMPOSITING-BITS-UPDATE
ΓòÉΓòÉΓòÉΓòÉΓòÉΓòÉΓòÉΓòÉΓòÉΓòÉΓòÉΓòÉΓòÉΓòÉΓòÉΓòÉΓòÉΓòÉΓòÉΓòÉΓòÉΓòÉΓòÉΓòÉΓòÉΓòÉΓòÉΓòÉΓòÉΓòÉΓòÉΓòÉΓòÉΓòÉΓòÉΓòÉΓòÉΓòÉΓòÉΓòÉΓòÉΓòÉΓòÉΓòÉΓòÉΓòÉΓòÉΓòÉΓòÉΓòÉΓòÉΓòÉΓòÉΓòÉΓòÉΓòÉΓòÉΓòÉΓòÉΓòÉΓòÉΓòÉΓòÉΓòÉΓòÉΓòÉΓòÉΓòÉΓòÉΓòÉΓòÉΓòÉΓòÉΓòÉΓòÉΓòÉΓòÉΓòÉΓòÉΓòÉΓòÉΓòÉΓòÉΓòÉΓòÉΓòÉΓòÉΓòÉΓòÉΓòÉΓòÉΓòÉΓòÉΓòÉΓòÉΓòÉΓòÉΓòÉΓòÉΓòÉ
ΓòÉΓòÉΓòí EXCEPTION CAUGHT BY RENDERING LIBRARY Γò₧ΓòÉΓòÉΓòÉΓòÉΓòÉΓòÉΓòÉΓòÉΓòÉΓòÉΓòÉΓòÉΓòÉΓòÉΓòÉΓòÉΓòÉΓòÉΓòÉΓòÉΓòÉΓòÉΓòÉΓòÉΓòÉΓòÉΓòÉΓòÉΓòÉΓòÉΓòÉΓòÉΓòÉΓòÉΓòÉΓòÉΓòÉΓòÉΓòÉΓòÉΓòÉΓòÉΓòÉΓòÉΓòÉΓòÉΓòÉΓòÉΓòÉΓòÉΓòÉΓòÉΓòÉΓòÉΓòÉΓòÉΓòÉ
The following assertion was thrown during performLayout():
RenderBox was not laid out: RenderPointerListener#5f986 relayoutBoundary=up15 NEEDS-PAINT
NEEDS-COMPOSITING-BITS-UPDATE
'package:flutter/src/rendering/box.dart':
Failed assertion: line 2251 pos 12: 'hasSize'

Either the assertion indicates an error in the framework itself, or we should provide substantially
more information in this error message to help you determine and fix the underlying cause.
In either case, please report this assertion by filing a bug on GitHub:
  https://github.com/flutter/flutter/issues/new?template=02_bug.yml

The relevant error-causing widget was:
  ListView
  ListView:file:///Y:/AndroidStudioProject/Github/expert-project/lib/presentation/pages/tv_detail_page.dart:184:38

When the exception was thrown, this was the stack:
#2      RenderBox.size (package:flutter/src/rendering/box.dart:2251:12)
#3      RenderProxyBoxMixin.performLayout (package:flutter/src/rendering/proxy_box.dart:118:62)
#4      RenderObject.layout (package:flutter/src/rendering/object.dart:2907:7)
#5      RenderProxyBoxMixin.performLayout (package:flutter/src/rendering/proxy_box.dart:118:18)
#6      RenderObject.layout (package:flutter/src/rendering/object.dart:2907:7)
#7      RenderProxyBoxMixin.performLayout (package:flutter/src/rendering/proxy_box.dart:118:18)
#8      _RenderCustomClip.performLayout (package:flutter/src/rendering/proxy_box.dart:1549:11)
#9      RenderObject.layout (package:flutter/src/rendering/object.dart:2907:7)
#10     ChildLayoutHelper.layoutChild (package:flutter/src/rendering/layout_helper.dart:62:11)
#11     RenderFlex._computeSizes (package:flutter/src/rendering/flex.dart:1237:28)
#12     RenderFlex.performLayout (package:flutter/src/rendering/flex.dart:1329:32)
#13     RenderObject.layout (package:flutter/src/rendering/object.dart:2907:7)
#14     _RenderSingleChildViewport.performLayout (package:flutter/src/widgets/single_child_scroll_view.dart:502:14)
#15     RenderObject.layout (package:flutter/src/rendering/object.dart:2907:7)
#16     RenderProxyBoxMixin.performLayout (package:flutter/src/rendering/proxy_box.dart:118:18)
#17     RenderObject.layout (package:flutter/src/rendering/object.dart:2907:7)
#18     RenderProxyBoxMixin.performLayout (package:flutter/src/rendering/proxy_box.dart:118:18)
#19     RenderObject.layout (package:flutter/src/rendering/object.dart:2907:7)
#20     RenderProxyBoxMixin.performLayout (package:flutter/src/rendering/proxy_box.dart:118:18)
#21     RenderObject.layout (package:flutter/src/rendering/object.dart:2907:7)
#22     RenderProxyBoxMixin.performLayout (package:flutter/src/rendering/proxy_box.dart:118:18)
#23     RenderObject.layout (package:flutter/src/rendering/object.dart:2907:7)
#24     RenderProxyBoxMixin.performLayout (package:flutter/src/rendering/proxy_box.dart:118:18)
#25     RenderObject.layout (package:flutter/src/rendering/object.dart:2907:7)
#26     RenderProxyBoxMixin.performLayout (package:flutter/src/rendering/proxy_box.dart:118:18)
#27     RenderObject.layout (package:flutter/src/rendering/object.dart:2907:7)
#28     RenderProxyBoxMixin.performLayout (package:flutter/src/rendering/proxy_box.dart:118:18)
#29     RenderObject.layout (package:flutter/src/rendering/object.dart:2907:7)
#30     RenderProxyBoxMixin.performLayout (package:flutter/src/rendering/proxy_box.dart:118:18)
#31     _RenderCustomClip.performLayout (package:flutter/src/rendering/proxy_box.dart:1549:11)
#32     RenderObject.layout (package:flutter/src/rendering/object.dart:2907:7)
#33     RenderPadding.performLayout (package:flutter/src/rendering/shifted_box.dart:262:12)
#34     RenderObject.layout (package:flutter/src/rendering/object.dart:2907:7)
#35     ChildLayoutHelper.layoutChild (package:flutter/src/rendering/layout_helper.dart:62:11)
#36     RenderStack._computeSize (package:flutter/src/rendering/stack.dart:647:43)
#37     RenderStack.performLayout (package:flutter/src/rendering/stack.dart:682:12)
#38     RenderObject.layout (package:flutter/src/rendering/object.dart:2907:7)
#39     RenderPadding.performLayout (package:flutter/src/rendering/shifted_box.dart:262:12)
#40     RenderObject.layout (package:flutter/src/rendering/object.dart:2907:7)
#41     RenderProxyBoxMixin.performLayout (package:flutter/src/rendering/proxy_box.dart:118:18)
#42     RenderObject.layout (package:flutter/src/rendering/object.dart:2907:7)
#43     RenderFractionallySizedOverflowBox.performLayout (package:flutter/src/rendering/shifted_box.dart:1298:14)
#44     RenderObject.layout (package:flutter/src/rendering/object.dart:2907:7)
#45     RenderConstrainedBox.performLayout (package:flutter/src/rendering/proxy_box.dart:296:14)
#46     RenderObject.layout (package:flutter/src/rendering/object.dart:2907:7)
#47     _RenderLayoutBuilder.performLayout (package:flutter/src/widgets/layout_builder.dart:449:14)
#48     RenderObject.layout (package:flutter/src/rendering/object.dart:2907:7)
#49     RenderPadding.performLayout (package:flutter/src/rendering/shifted_box.dart:262:12)
#50     RenderObject.layout (package:flutter/src/rendering/object.dart:2907:7)
#51     ChildLayoutHelper.layoutChild (package:flutter/src/rendering/layout_helper.dart:62:11)
#52     RenderStack._computeSize (package:flutter/src/rendering/stack.dart:647:43)
#53     RenderStack.performLayout (package:flutter/src/rendering/stack.dart:682:12)
#54     RenderObject.layout (package:flutter/src/rendering/object.dart:2907:7)
#55     RenderPadding.performLayout (package:flutter/src/rendering/shifted_box.dart:262:12)
#56     RenderObject.layout (package:flutter/src/rendering/object.dart:2907:7)
#57     MultiChildLayoutDelegate.layoutChild (package:flutter/src/rendering/custom_layout.dart:180:12)
#58     _ScaffoldLayout.performLayout (package:flutter/src/material/scaffold.dart:1113:7)
#59     MultiChildLayoutDelegate._callPerformLayout (package:flutter/src/rendering/custom_layout.dart:246:7)
#60     RenderCustomMultiChildLayoutBox.performLayout (package:flutter/src/rendering/custom_layout.dart:417:14)
#61     RenderObject.layout (package:flutter/src/rendering/object.dart:2907:7)
#62     RenderProxyBoxMixin.performLayout (package:flutter/src/rendering/proxy_box.dart:118:18)
#63     RenderObject.layout (package:flutter/src/rendering/object.dart:2907:7)
#64     RenderProxyBoxMixin.performLayout (package:flutter/src/rendering/proxy_box.dart:118:18)
#65     _RenderCustomClip.performLayout (package:flutter/src/rendering/proxy_box.dart:1549:11)
#66     RenderObject.layout (package:flutter/src/rendering/object.dart:2907:7)
#67     RenderProxyBoxMixin.performLayout (package:flutter/src/rendering/proxy_box.dart:118:18)
#68     RenderObject.layout (package:flutter/src/rendering/object.dart:2907:7)
#69     RenderProxyBoxMixin.performLayout (package:flutter/src/rendering/proxy_box.dart:118:18)
#70     RenderObject.layout (package:flutter/src/rendering/object.dart:2907:7)
#71     RenderProxyBoxMixin.performLayout (package:flutter/src/rendering/proxy_box.dart:118:18)
#72     RenderObject.layout (package:flutter/src/rendering/object.dart:2907:7)
#73     RenderProxyBoxMixin.performLayout (package:flutter/src/rendering/proxy_box.dart:118:18)
#74     RenderObject.layout (package:flutter/src/rendering/object.dart:2907:7)
#75     RenderProxyBoxMixin.performLayout (package:flutter/src/rendering/proxy_box.dart:118:18)
#76     RenderObject.layout (package:flutter/src/rendering/object.dart:2907:7)
#77     RenderProxyBoxMixin.performLayout (package:flutter/src/rendering/proxy_box.dart:118:18)
#78     RenderObject.layout (package:flutter/src/rendering/object.dart:2907:7)
#79     RenderProxyBoxMixin.performLayout (package:flutter/src/rendering/proxy_box.dart:118:18)
#80     RenderObject.layout (package:flutter/src/rendering/object.dart:2907:7)
#81     RenderProxyBoxMixin.performLayout (package:flutter/src/rendering/proxy_box.dart:118:18)
#82     RenderObject.layout (package:flutter/src/rendering/object.dart:2907:7)
#83     RenderProxyBoxMixin.performLayout (package:flutter/src/rendering/proxy_box.dart:118:18)
#84     RenderObject.layout (package:flutter/src/rendering/object.dart:2907:7)
#85     RenderProxyBoxMixin.performLayout (package:flutter/src/rendering/proxy_box.dart:118:18)
#86     RenderObject.layout (package:flutter/src/rendering/object.dart:2907:7)
#87     RenderProxyBoxMixin.performLayout (package:flutter/src/rendering/proxy_box.dart:118:18)
#88     RenderObject.layout (package:flutter/src/rendering/object.dart:2907:7)
#89     RenderProxyBoxMixin.performLayout (package:flutter/src/rendering/proxy_box.dart:118:18)
#90     RenderObject.layout (package:flutter/src/rendering/object.dart:2907:7)
#91     RenderProxyBoxMixin.performLayout (package:flutter/src/rendering/proxy_box.dart:118:18)
#92     RenderObject.layout (package:flutter/src/rendering/object.dart:2907:7)
#93     RenderProxyBoxMixin.performLayout (package:flutter/src/rendering/proxy_box.dart:118:18)
#94     RenderObject.layout (package:flutter/src/rendering/object.dart:2907:7)
#95     RenderProxyBoxMixin.performLayout (package:flutter/src/rendering/proxy_box.dart:118:18)
#96     RenderObject.layout (package:flutter/src/rendering/object.dart:2907:7)
#97     RenderProxyBoxMixin.performLayout (package:flutter/src/rendering/proxy_box.dart:118:18)
#98     RenderOffstage.performLayout (package:flutter/src/rendering/proxy_box.dart:3923:13)
#99     RenderObject.layout (package:flutter/src/rendering/object.dart:2907:7)
#100    RenderProxyBoxMixin.performLayout (package:flutter/src/rendering/proxy_box.dart:118:18)
#101    RenderObject.layout (package:flutter/src/rendering/object.dart:2907:7)
#102    _RenderTheaterMixin.layoutChild (package:flutter/src/widgets/overlay.dart:1124:13)
#103    _RenderTheater.performLayout (package:flutter/src/widgets/overlay.dart:1481:9)
#104    RenderObject.layout (package:flutter/src/rendering/object.dart:2907:7)
#105    RenderProxyBoxMixin.performLayout (package:flutter/src/rendering/proxy_box.dart:118:18)
#106    RenderObject.layout (package:flutter/src/rendering/object.dart:2907:7)
#107    RenderProxyBoxMixin.performLayout (package:flutter/src/rendering/proxy_box.dart:118:18)
#108    RenderObject.layout (package:flutter/src/rendering/object.dart:2907:7)
#109    RenderProxyBoxMixin.performLayout (package:flutter/src/rendering/proxy_box.dart:118:18)
#110    RenderObject.layout (package:flutter/src/rendering/object.dart:2907:7)
#111    RenderProxyBoxMixin.performLayout (package:flutter/src/rendering/proxy_box.dart:118:18)
#112    RenderCustomPaint.performLayout (package:flutter/src/rendering/custom_paint.dart:574:11)
#113    RenderObject.layout (package:flutter/src/rendering/object.dart:2907:7)
#114    RenderProxyBoxMixin.performLayout (package:flutter/src/rendering/proxy_box.dart:118:18)
#115    RenderObject.layout (package:flutter/src/rendering/object.dart:2907:7)
#116    RenderProxyBoxMixin.performLayout (package:flutter/src/rendering/proxy_box.dart:118:18)
#117    RenderObject.layout (package:flutter/src/rendering/object.dart:2907:7)
#118    RenderProxyBoxMixin.performLayout (package:flutter/src/rendering/proxy_box.dart:118:18)
#119    RenderObject.layout (package:flutter/src/rendering/object.dart:2907:7)
#120    RenderProxyBoxMixin.performLayout (package:flutter/src/rendering/proxy_box.dart:118:18)
#121    RenderObject.layout (package:flutter/src/rendering/object.dart:2907:7)
#122    RenderProxyBoxMixin.performLayout (package:flutter/src/rendering/proxy_box.dart:118:18)
#123    RenderObject.layout (package:flutter/src/rendering/object.dart:2907:7)
#124    RenderProxyBoxMixin.performLayout (package:flutter/src/rendering/proxy_box.dart:118:18)
#125    RenderObject.layout (package:flutter/src/rendering/object.dart:2907:7)
#126    RenderView.performLayout (package:flutter/src/rendering/view.dart:292:12)
#127    RenderObject._layoutWithoutResize (package:flutter/src/rendering/object.dart:2755:7)
#128    PipelineOwner.flushLayout (package:flutter/src/rendering/object.dart:1174:18)
#129    PipelineOwner.flushLayout (package:flutter/src/rendering/object.dart:1187:15)
#130    AutomatedTestWidgetsFlutterBinding.drawFrame (package:flutter_test/src/binding.dart:2433:27)
#131    RendererBinding._handlePersistentFrameCallback (package:flutter/src/rendering/binding.dart:509:5)
#132    SchedulerBinding._invokeFrameCallback (package:flutter/src/scheduler/binding.dart:1430:15)
#133    SchedulerBinding.handleDrawFrame (package:flutter/src/scheduler/binding.dart:1345:9)
#134    AutomatedTestWidgetsFlutterBinding.pump.<anonymous closure> (package:flutter_test/src/binding.dart:2260:9)
#137    TestAsyncUtils.guard (package:flutter_test/src/test_async_utils.dart:74:41)
#138    AutomatedTestWidgetsFlutterBinding.pump (package:flutter_test/src/binding.dart:2249:27)
#139    WidgetTester.pumpWidget.<anonymous closure> (package:flutter_test/src/widget_tester.dart:598:22)
#142    TestAsyncUtils.guard (package:flutter_test/src/test_async_utils.dart:74:41)
#143    WidgetTester.pumpWidget (package:flutter_test/src/widget_tester.dart:595:27)
#144    main.<anonymous closure>.<anonymous closure> (file:///Y:/AndroidStudioProject/Github/expert-project/test/presentation/pages/tv_detail_page_test.dart:67:20)
#145    testWidgets.<anonymous closure>.<anonymous closure> (package:flutter_test/src/widget_tester.dart:192:29)
<asynchronous suspension>
#146    TestWidgetsFlutterBinding._runTestBody (package:flutter_test/src/binding.dart:1952:5)
<asynchronous suspension>
<asynchronous suspension>
(elided 7 frames from class _AssertionError, dart:async, and package:stack_trace)

The following RenderObject was being processed when the exception was fired: _RenderScrollSemantics#a829c relayoutBoundary=up14 NEEDS-LAYOUT NEEDS-PAINT NEEDS-COMPOSITING-BITS-UPDATE:
  creator: _ScrollSemantics-[GlobalKey#84812] ΓåÉ NotificationListener<ScrollMetricsNotification> ΓåÉ
    Transform ΓåÉ StretchEffect ΓåÉ ClipRect ΓåÉ AnimatedBuilder ΓåÉ NotificationListener<ScrollNotification>
    ΓåÉ StretchingOverscrollIndicator ΓåÉ Scrollable ΓåÉ ListView ΓåÉ Column ΓåÉ _SingleChildViewport ΓåÉ Γï»
  parentData: <none> (can use size)
  constraints: BoxConstraints(0.0<=w<=768.0, 0.0<=h<=Infinity)
  semantic boundary
  size: MISSING
This RenderObject had the following descendants (showing up to depth 5):
    child: RenderPointerListener#5f986 relayoutBoundary=up15 NEEDS-PAINT NEEDS-COMPOSITING-BITS-UPDATE
      child: RenderSemanticsGestureHandler#b2c75 relayoutBoundary=up16 NEEDS-PAINT NEEDS-COMPOSITING-BITS-UPDATE
        child: RenderPointerListener#858c6 relayoutBoundary=up17 NEEDS-PAINT NEEDS-COMPOSITING-BITS-UPDATE
          child: RenderSemanticsAnnotations#1bfa5 relayoutBoundary=up18 NEEDS-PAINT NEEDS-COMPOSITING-BITS-UPDATE
            child: RenderIgnorePointer#e5c28 relayoutBoundary=up19 NEEDS-PAINT NEEDS-COMPOSITING-BITS-UPDATE
ΓòÉΓòÉΓòÉΓòÉΓòÉΓòÉΓòÉΓòÉΓòÉΓòÉΓòÉΓòÉΓòÉΓòÉΓòÉΓòÉΓòÉΓòÉΓòÉΓòÉΓòÉΓòÉΓòÉΓòÉΓòÉΓòÉΓòÉΓòÉΓòÉΓòÉΓòÉΓòÉΓòÉΓòÉΓòÉΓòÉΓòÉΓòÉΓòÉΓòÉΓòÉΓòÉΓòÉΓòÉΓòÉΓòÉΓòÉΓòÉΓòÉΓòÉΓòÉΓòÉΓòÉΓòÉΓòÉΓòÉΓòÉΓòÉΓòÉΓòÉΓòÉΓòÉΓòÉΓòÉΓòÉΓòÉΓòÉΓòÉΓòÉΓòÉΓòÉΓòÉΓòÉΓòÉΓòÉΓòÉΓòÉΓòÉΓòÉΓòÉΓòÉΓòÉΓòÉΓòÉΓòÉΓòÉΓòÉΓòÉΓòÉΓòÉΓòÉΓòÉΓòÉΓòÉΓòÉΓòÉΓòÉΓòÉΓòÉΓòÉ
ΓòÉΓòÉΓòí EXCEPTION CAUGHT BY RENDERING LIBRARY Γò₧ΓòÉΓòÉΓòÉΓòÉΓòÉΓòÉΓòÉΓòÉΓòÉΓòÉΓòÉΓòÉΓòÉΓòÉΓòÉΓòÉΓòÉΓòÉΓòÉΓòÉΓòÉΓòÉΓòÉΓòÉΓòÉΓòÉΓòÉΓòÉΓòÉΓòÉΓòÉΓòÉΓòÉΓòÉΓòÉΓòÉΓòÉΓòÉΓòÉΓòÉΓòÉΓòÉΓòÉΓòÉΓòÉΓòÉΓòÉΓòÉΓòÉΓòÉΓòÉΓòÉΓòÉΓòÉΓòÉΓòÉΓòÉ
The following assertion was thrown during performLayout():
RenderBox was not laid out: _RenderScrollSemantics#a829c relayoutBoundary=up14 NEEDS-PAINT
NEEDS-COMPOSITING-BITS-UPDATE
'package:flutter/src/rendering/box.dart':
Failed assertion: line 2251 pos 12: 'hasSize'

Either the assertion indicates an error in the framework itself, or we should provide substantially
more information in this error message to help you determine and fix the underlying cause.
In either case, please report this assertion by filing a bug on GitHub:
  https://github.com/flutter/flutter/issues/new?template=02_bug.yml

The relevant error-causing widget was:
  ListView
  ListView:file:///Y:/AndroidStudioProject/Github/expert-project/lib/presentation/pages/tv_detail_page.dart:184:38

When the exception was thrown, this was the stack:
#2      RenderBox.size (package:flutter/src/rendering/box.dart:2251:12)
#3      RenderProxyBoxMixin.performLayout (package:flutter/src/rendering/proxy_box.dart:118:62)
#4      RenderObject.layout (package:flutter/src/rendering/object.dart:2907:7)
#5      RenderProxyBoxMixin.performLayout (package:flutter/src/rendering/proxy_box.dart:118:18)
#6      _RenderCustomClip.performLayout (package:flutter/src/rendering/proxy_box.dart:1549:11)
#7      RenderObject.layout (package:flutter/src/rendering/object.dart:2907:7)
#8      ChildLayoutHelper.layoutChild (package:flutter/src/rendering/layout_helper.dart:62:11)
#9      RenderFlex._computeSizes (package:flutter/src/rendering/flex.dart:1237:28)
#10     RenderFlex.performLayout (package:flutter/src/rendering/flex.dart:1329:32)
#11     RenderObject.layout (package:flutter/src/rendering/object.dart:2907:7)
#12     _RenderSingleChildViewport.performLayout (package:flutter/src/widgets/single_child_scroll_view.dart:502:14)
#13     RenderObject.layout (package:flutter/src/rendering/object.dart:2907:7)
#14     RenderProxyBoxMixin.performLayout (package:flutter/src/rendering/proxy_box.dart:118:18)
#15     RenderObject.layout (package:flutter/src/rendering/object.dart:2907:7)
#16     RenderProxyBoxMixin.performLayout (package:flutter/src/rendering/proxy_box.dart:118:18)
#17     RenderObject.layout (package:flutter/src/rendering/object.dart:2907:7)
#18     RenderProxyBoxMixin.performLayout (package:flutter/src/rendering/proxy_box.dart:118:18)
#19     RenderObject.layout (package:flutter/src/rendering/object.dart:2907:7)
#20     RenderProxyBoxMixin.performLayout (package:flutter/src/rendering/proxy_box.dart:118:18)
#21     RenderObject.layout (package:flutter/src/rendering/object.dart:2907:7)
#22     RenderProxyBoxMixin.performLayout (package:flutter/src/rendering/proxy_box.dart:118:18)
#23     RenderObject.layout (package:flutter/src/rendering/object.dart:2907:7)
#24     RenderProxyBoxMixin.performLayout (package:flutter/src/rendering/proxy_box.dart:118:18)
#25     RenderObject.layout (package:flutter/src/rendering/object.dart:2907:7)
#26     RenderProxyBoxMixin.performLayout (package:flutter/src/rendering/proxy_box.dart:118:18)
#27     RenderObject.layout (package:flutter/src/rendering/object.dart:2907:7)
#28     RenderProxyBoxMixin.performLayout (package:flutter/src/rendering/proxy_box.dart:118:18)
#29     _RenderCustomClip.performLayout (package:flutter/src/rendering/proxy_box.dart:1549:11)
#30     RenderObject.layout (package:flutter/src/rendering/object.dart:2907:7)
#31     RenderPadding.performLayout (package:flutter/src/rendering/shifted_box.dart:262:12)
#32     RenderObject.layout (package:flutter/src/rendering/object.dart:2907:7)
#33     ChildLayoutHelper.layoutChild (package:flutter/src/rendering/layout_helper.dart:62:11)
#34     RenderStack._computeSize (package:flutter/src/rendering/stack.dart:647:43)
#35     RenderStack.performLayout (package:flutter/src/rendering/stack.dart:682:12)
#36     RenderObject.layout (package:flutter/src/rendering/object.dart:2907:7)
#37     RenderPadding.performLayout (package:flutter/src/rendering/shifted_box.dart:262:12)
#38     RenderObject.layout (package:flutter/src/rendering/object.dart:2907:7)
#39     RenderProxyBoxMixin.performLayout (package:flutter/src/rendering/proxy_box.dart:118:18)
#40     RenderObject.layout (package:flutter/src/rendering/object.dart:2907:7)
#41     RenderFractionallySizedOverflowBox.performLayout (package:flutter/src/rendering/shifted_box.dart:1298:14)
#42     RenderObject.layout (package:flutter/src/rendering/object.dart:2907:7)
#43     RenderConstrainedBox.performLayout (package:flutter/src/rendering/proxy_box.dart:296:14)
#44     RenderObject.layout (package:flutter/src/rendering/object.dart:2907:7)
#45     _RenderLayoutBuilder.performLayout (package:flutter/src/widgets/layout_builder.dart:449:14)
#46     RenderObject.layout (package:flutter/src/rendering/object.dart:2907:7)
#47     RenderPadding.performLayout (package:flutter/src/rendering/shifted_box.dart:262:12)
#48     RenderObject.layout (package:flutter/src/rendering/object.dart:2907:7)
#49     ChildLayoutHelper.layoutChild (package:flutter/src/rendering/layout_helper.dart:62:11)
#50     RenderStack._computeSize (package:flutter/src/rendering/stack.dart:647:43)
#51     RenderStack.performLayout (package:flutter/src/rendering/stack.dart:682:12)
#52     RenderObject.layout (package:flutter/src/rendering/object.dart:2907:7)
#53     RenderPadding.performLayout (package:flutter/src/rendering/shifted_box.dart:262:12)
#54     RenderObject.layout (package:flutter/src/rendering/object.dart:2907:7)
#55     MultiChildLayoutDelegate.layoutChild (package:flutter/src/rendering/custom_layout.dart:180:12)
#56     _ScaffoldLayout.performLayout (package:flutter/src/material/scaffold.dart:1113:7)
#57     MultiChildLayoutDelegate._callPerformLayout (package:flutter/src/rendering/custom_layout.dart:246:7)
#58     RenderCustomMultiChildLayoutBox.performLayout (package:flutter/src/rendering/custom_layout.dart:417:14)
#59     RenderObject.layout (package:flutter/src/rendering/object.dart:2907:7)
#60     RenderProxyBoxMixin.performLayout (package:flutter/src/rendering/proxy_box.dart:118:18)
#61     RenderObject.layout (package:flutter/src/rendering/object.dart:2907:7)
#62     RenderProxyBoxMixin.performLayout (package:flutter/src/rendering/proxy_box.dart:118:18)
#63     _RenderCustomClip.performLayout (package:flutter/src/rendering/proxy_box.dart:1549:11)
#64     RenderObject.layout (package:flutter/src/rendering/object.dart:2907:7)
#65     RenderProxyBoxMixin.performLayout (package:flutter/src/rendering/proxy_box.dart:118:18)
#66     RenderObject.layout (package:flutter/src/rendering/object.dart:2907:7)
#67     RenderProxyBoxMixin.performLayout (package:flutter/src/rendering/proxy_box.dart:118:18)
#68     RenderObject.layout (package:flutter/src/rendering/object.dart:2907:7)
#69     RenderProxyBoxMixin.performLayout (package:flutter/src/rendering/proxy_box.dart:118:18)
#70     RenderObject.layout (package:flutter/src/rendering/object.dart:2907:7)
#71     RenderProxyBoxMixin.performLayout (package:flutter/src/rendering/proxy_box.dart:118:18)
#72     RenderObject.layout (package:flutter/src/rendering/object.dart:2907:7)
#73     RenderProxyBoxMixin.performLayout (package:flutter/src/rendering/proxy_box.dart:118:18)
#74     RenderObject.layout (package:flutter/src/rendering/object.dart:2907:7)
#75     RenderProxyBoxMixin.performLayout (package:flutter/src/rendering/proxy_box.dart:118:18)
#76     RenderObject.layout (package:flutter/src/rendering/object.dart:2907:7)
#77     RenderProxyBoxMixin.performLayout (package:flutter/src/rendering/proxy_box.dart:118:18)
#78     RenderObject.layout (package:flutter/src/rendering/object.dart:2907:7)
#79     RenderProxyBoxMixin.performLayout (package:flutter/src/rendering/proxy_box.dart:118:18)
#80     RenderObject.layout (package:flutter/src/rendering/object.dart:2907:7)
#81     RenderProxyBoxMixin.performLayout (package:flutter/src/rendering/proxy_box.dart:118:18)
#82     RenderObject.layout (package:flutter/src/rendering/object.dart:2907:7)
#83     RenderProxyBoxMixin.performLayout (package:flutter/src/rendering/proxy_box.dart:118:18)
#84     RenderObject.layout (package:flutter/src/rendering/object.dart:2907:7)
#85     RenderProxyBoxMixin.performLayout (package:flutter/src/rendering/proxy_box.dart:118:18)
#86     RenderObject.layout (package:flutter/src/rendering/object.dart:2907:7)
#87     RenderProxyBoxMixin.performLayout (package:flutter/src/rendering/proxy_box.dart:118:18)
#88     RenderObject.layout (package:flutter/src/rendering/object.dart:2907:7)
#89     RenderProxyBoxMixin.performLayout (package:flutter/src/rendering/proxy_box.dart:118:18)
#90     RenderObject.layout (package:flutter/src/rendering/object.dart:2907:7)
#91     RenderProxyBoxMixin.performLayout (package:flutter/src/rendering/proxy_box.dart:118:18)
#92     RenderObject.layout (package:flutter/src/rendering/object.dart:2907:7)
#93     RenderProxyBoxMixin.performLayout (package:flutter/src/rendering/proxy_box.dart:118:18)
#94     RenderObject.layout (package:flutter/src/rendering/object.dart:2907:7)
#95     RenderProxyBoxMixin.performLayout (package:flutter/src/rendering/proxy_box.dart:118:18)
#96     RenderOffstage.performLayout (package:flutter/src/rendering/proxy_box.dart:3923:13)
#97     RenderObject.layout (package:flutter/src/rendering/object.dart:2907:7)
#98     RenderProxyBoxMixin.performLayout (package:flutter/src/rendering/proxy_box.dart:118:18)
#99     RenderObject.layout (package:flutter/src/rendering/object.dart:2907:7)
#100    _RenderTheaterMixin.layoutChild (package:flutter/src/widgets/overlay.dart:1124:13)
#101    _RenderTheater.performLayout (package:flutter/src/widgets/overlay.dart:1481:9)
#102    RenderObject.layout (package:flutter/src/rendering/object.dart:2907:7)
#103    RenderProxyBoxMixin.performLayout (package:flutter/src/rendering/proxy_box.dart:118:18)
#104    RenderObject.layout (package:flutter/src/rendering/object.dart:2907:7)
#105    RenderProxyBoxMixin.performLayout (package:flutter/src/rendering/proxy_box.dart:118:18)
#106    RenderObject.layout (package:flutter/src/rendering/object.dart:2907:7)
#107    RenderProxyBoxMixin.performLayout (package:flutter/src/rendering/proxy_box.dart:118:18)
#108    RenderObject.layout (package:flutter/src/rendering/object.dart:2907:7)
#109    RenderProxyBoxMixin.performLayout (package:flutter/src/rendering/proxy_box.dart:118:18)
#110    RenderCustomPaint.performLayout (package:flutter/src/rendering/custom_paint.dart:574:11)
#111    RenderObject.layout (package:flutter/src/rendering/object.dart:2907:7)
#112    RenderProxyBoxMixin.performLayout (package:flutter/src/rendering/proxy_box.dart:118:18)
#113    RenderObject.layout (package:flutter/src/rendering/object.dart:2907:7)
#114    RenderProxyBoxMixin.performLayout (package:flutter/src/rendering/proxy_box.dart:118:18)
#115    RenderObject.layout (package:flutter/src/rendering/object.dart:2907:7)
#116    RenderProxyBoxMixin.performLayout (package:flutter/src/rendering/proxy_box.dart:118:18)
#117    RenderObject.layout (package:flutter/src/rendering/object.dart:2907:7)
#118    RenderProxyBoxMixin.performLayout (package:flutter/src/rendering/proxy_box.dart:118:18)
#119    RenderObject.layout (package:flutter/src/rendering/object.dart:2907:7)
#120    RenderProxyBoxMixin.performLayout (package:flutter/src/rendering/proxy_box.dart:118:18)
#121    RenderObject.layout (package:flutter/src/rendering/object.dart:2907:7)
#122    RenderProxyBoxMixin.performLayout (package:flutter/src/rendering/proxy_box.dart:118:18)
#123    RenderObject.layout (package:flutter/src/rendering/object.dart:2907:7)
#124    RenderView.performLayout (package:flutter/src/rendering/view.dart:292:12)
#125    RenderObject._layoutWithoutResize (package:flutter/src/rendering/object.dart:2755:7)
#126    PipelineOwner.flushLayout (package:flutter/src/rendering/object.dart:1174:18)
#127    PipelineOwner.flushLayout (package:flutter/src/rendering/object.dart:1187:15)
#128    AutomatedTestWidgetsFlutterBinding.drawFrame (package:flutter_test/src/binding.dart:2433:27)
#129    RendererBinding._handlePersistentFrameCallback (package:flutter/src/rendering/binding.dart:509:5)
#130    SchedulerBinding._invokeFrameCallback (package:flutter/src/scheduler/binding.dart:1430:15)
#131    SchedulerBinding.handleDrawFrame (package:flutter/src/scheduler/binding.dart:1345:9)
#132    AutomatedTestWidgetsFlutterBinding.pump.<anonymous closure> (package:flutter_test/src/binding.dart:2260:9)
#135    TestAsyncUtils.guard (package:flutter_test/src/test_async_utils.dart:74:41)
#136    AutomatedTestWidgetsFlutterBinding.pump (package:flutter_test/src/binding.dart:2249:27)
#137    WidgetTester.pumpWidget.<anonymous closure> (package:flutter_test/src/widget_tester.dart:598:22)
#140    TestAsyncUtils.guard (package:flutter_test/src/test_async_utils.dart:74:41)
#141    WidgetTester.pumpWidget (package:flutter_test/src/widget_tester.dart:595:27)
#142    main.<anonymous closure>.<anonymous closure> (file:///Y:/AndroidStudioProject/Github/expert-project/test/presentation/pages/tv_detail_page_test.dart:67:20)
#143    testWidgets.<anonymous closure>.<anonymous closure> (package:flutter_test/src/widget_tester.dart:192:29)
<asynchronous suspension>
#144    TestWidgetsFlutterBinding._runTestBody (package:flutter_test/src/binding.dart:1952:5)
<asynchronous suspension>
<asynchronous suspension>
(elided 7 frames from class _AssertionError, dart:async, and package:stack_trace)

The following RenderObject was being processed when the exception was fired: RenderTransform#95169 relayoutBoundary=up13 NEEDS-LAYOUT NEEDS-PAINT NEEDS-COMPOSITING-BITS-UPDATE:
  creator: Transform ΓåÉ StretchEffect ΓåÉ ClipRect ΓåÉ AnimatedBuilder ΓåÉ
    NotificationListener<ScrollNotification> ΓåÉ StretchingOverscrollIndicator ΓåÉ Scrollable ΓåÉ ListView ΓåÉ
    Column ΓåÉ _SingleChildViewport ΓåÉ IgnorePointer-[GlobalKey#7f779] ΓåÉ Semantics ΓåÉ Γï»
  parentData: <none> (can use size)
  constraints: BoxConstraints(0.0<=w<=768.0, 0.0<=h<=Infinity)
  size: MISSING
  transform matrix:
    [0] 1.0,0.0,0.0,0.0
    [1] 0.0,1.0,0.0,0.0
    [2] 0.0,0.0,1.0,0.0
    [3] 0.0,0.0,0.0,1.0
  origin: null
  alignment: AlignmentDirectional.centerEnd
  textDirection: ltr
  transformHitTests: true
This RenderObject had the following descendants (showing up to depth 5):
    child: _RenderScrollSemantics#a829c relayoutBoundary=up14 NEEDS-PAINT NEEDS-COMPOSITING-BITS-UPDATE
      child: RenderPointerListener#5f986 relayoutBoundary=up15 NEEDS-PAINT NEEDS-COMPOSITING-BITS-UPDATE
        child: RenderSemanticsGestureHandler#b2c75 relayoutBoundary=up16 NEEDS-PAINT NEEDS-COMPOSITING-BITS-UPDATE
          child: RenderPointerListener#858c6 relayoutBoundary=up17 NEEDS-PAINT NEEDS-COMPOSITING-BITS-UPDATE
            child: RenderSemanticsAnnotations#1bfa5 relayoutBoundary=up18 NEEDS-PAINT NEEDS-COMPOSITING-BITS-UPDATE
ΓòÉΓòÉΓòÉΓòÉΓòÉΓòÉΓòÉΓòÉΓòÉΓòÉΓòÉΓòÉΓòÉΓòÉΓòÉΓòÉΓòÉΓòÉΓòÉΓòÉΓòÉΓòÉΓòÉΓòÉΓòÉΓòÉΓòÉΓòÉΓòÉΓòÉΓòÉΓòÉΓòÉΓòÉΓòÉΓòÉΓòÉΓòÉΓòÉΓòÉΓòÉΓòÉΓòÉΓòÉΓòÉΓòÉΓòÉΓòÉΓòÉΓòÉΓòÉΓòÉΓòÉΓòÉΓòÉΓòÉΓòÉΓòÉΓòÉΓòÉΓòÉΓòÉΓòÉΓòÉΓòÉΓòÉΓòÉΓòÉΓòÉΓòÉΓòÉΓòÉΓòÉΓòÉΓòÉΓòÉΓòÉΓòÉΓòÉΓòÉΓòÉΓòÉΓòÉΓòÉΓòÉΓòÉΓòÉΓòÉΓòÉΓòÉΓòÉΓòÉΓòÉΓòÉΓòÉΓòÉΓòÉΓòÉΓòÉΓòÉ
ΓòÉΓòÉΓòí EXCEPTION CAUGHT BY RENDERING LIBRARY Γò₧ΓòÉΓòÉΓòÉΓòÉΓòÉΓòÉΓòÉΓòÉΓòÉΓòÉΓòÉΓòÉΓòÉΓòÉΓòÉΓòÉΓòÉΓòÉΓòÉΓòÉΓòÉΓòÉΓòÉΓòÉΓòÉΓòÉΓòÉΓòÉΓòÉΓòÉΓòÉΓòÉΓòÉΓòÉΓòÉΓòÉΓòÉΓòÉΓòÉΓòÉΓòÉΓòÉΓòÉΓòÉΓòÉΓòÉΓòÉΓòÉΓòÉΓòÉΓòÉΓòÉΓòÉΓòÉΓòÉΓòÉΓòÉ
The following assertion was thrown during performLayout():
RenderBox was not laid out: RenderTransform#95169 relayoutBoundary=up13 NEEDS-PAINT
NEEDS-COMPOSITING-BITS-UPDATE
'package:flutter/src/rendering/box.dart':
Failed assertion: line 2251 pos 12: 'hasSize'

Either the assertion indicates an error in the framework itself, or we should provide substantially
more information in this error message to help you determine and fix the underlying cause.
In either case, please report this assertion by filing a bug on GitHub:
  https://github.com/flutter/flutter/issues/new?template=02_bug.yml

The relevant error-causing widget was:
  ListView
  ListView:file:///Y:/AndroidStudioProject/Github/expert-project/lib/presentation/pages/tv_detail_page.dart:184:38

When the exception was thrown, this was the stack:
#2      RenderBox.size (package:flutter/src/rendering/box.dart:2251:12)
#3      RenderProxyBoxMixin.performLayout (package:flutter/src/rendering/proxy_box.dart:118:62)
#4      _RenderCustomClip.performLayout (package:flutter/src/rendering/proxy_box.dart:1549:11)
#5      RenderObject.layout (package:flutter/src/rendering/object.dart:2907:7)
#6      ChildLayoutHelper.layoutChild (package:flutter/src/rendering/layout_helper.dart:62:11)
#7      RenderFlex._computeSizes (package:flutter/src/rendering/flex.dart:1237:28)
#8      RenderFlex.performLayout (package:flutter/src/rendering/flex.dart:1329:32)
#9      RenderObject.layout (package:flutter/src/rendering/object.dart:2907:7)
#10     _RenderSingleChildViewport.performLayout (package:flutter/src/widgets/single_child_scroll_view.dart:502:14)
#11     RenderObject.layout (package:flutter/src/rendering/object.dart:2907:7)
#12     RenderProxyBoxMixin.performLayout (package:flutter/src/rendering/proxy_box.dart:118:18)
#13     RenderObject.layout (package:flutter/src/rendering/object.dart:2907:7)
#14     RenderProxyBoxMixin.performLayout (package:flutter/src/rendering/proxy_box.dart:118:18)
#15     RenderObject.layout (package:flutter/src/rendering/object.dart:2907:7)
#16     RenderProxyBoxMixin.performLayout (package:flutter/src/rendering/proxy_box.dart:118:18)
#17     RenderObject.layout (package:flutter/src/rendering/object.dart:2907:7)
#18     RenderProxyBoxMixin.performLayout (package:flutter/src/rendering/proxy_box.dart:118:18)
#19     RenderObject.layout (package:flutter/src/rendering/object.dart:2907:7)
#20     RenderProxyBoxMixin.performLayout (package:flutter/src/rendering/proxy_box.dart:118:18)
#21     RenderObject.layout (package:flutter/src/rendering/object.dart:2907:7)
#22     RenderProxyBoxMixin.performLayout (package:flutter/src/rendering/proxy_box.dart:118:18)
#23     RenderObject.layout (package:flutter/src/rendering/object.dart:2907:7)
#24     RenderProxyBoxMixin.performLayout (package:flutter/src/rendering/proxy_box.dart:118:18)
#25     RenderObject.layout (package:flutter/src/rendering/object.dart:2907:7)
#26     RenderProxyBoxMixin.performLayout (package:flutter/src/rendering/proxy_box.dart:118:18)
#27     _RenderCustomClip.performLayout (package:flutter/src/rendering/proxy_box.dart:1549:11)
#28     RenderObject.layout (package:flutter/src/rendering/object.dart:2907:7)
#29     RenderPadding.performLayout (package:flutter/src/rendering/shifted_box.dart:262:12)
#30     RenderObject.layout (package:flutter/src/rendering/object.dart:2907:7)
#31     ChildLayoutHelper.layoutChild (package:flutter/src/rendering/layout_helper.dart:62:11)
#32     RenderStack._computeSize (package:flutter/src/rendering/stack.dart:647:43)
#33     RenderStack.performLayout (package:flutter/src/rendering/stack.dart:682:12)
#34     RenderObject.layout (package:flutter/src/rendering/object.dart:2907:7)
#35     RenderPadding.performLayout (package:flutter/src/rendering/shifted_box.dart:262:12)
#36     RenderObject.layout (package:flutter/src/rendering/object.dart:2907:7)
#37     RenderProxyBoxMixin.performLayout (package:flutter/src/rendering/proxy_box.dart:118:18)
#38     RenderObject.layout (package:flutter/src/rendering/object.dart:2907:7)
#39     RenderFractionallySizedOverflowBox.performLayout (package:flutter/src/rendering/shifted_box.dart:1298:14)
#40     RenderObject.layout (package:flutter/src/rendering/object.dart:2907:7)
#41     RenderConstrainedBox.performLayout (package:flutter/src/rendering/proxy_box.dart:296:14)
#42     RenderObject.layout (package:flutter/src/rendering/object.dart:2907:7)
#43     _RenderLayoutBuilder.performLayout (package:flutter/src/widgets/layout_builder.dart:449:14)
#44     RenderObject.layout (package:flutter/src/rendering/object.dart:2907:7)
#45     RenderPadding.performLayout (package:flutter/src/rendering/shifted_box.dart:262:12)
#46     RenderObject.layout (package:flutter/src/rendering/object.dart:2907:7)
#47     ChildLayoutHelper.layoutChild (package:flutter/src/rendering/layout_helper.dart:62:11)
#48     RenderStack._computeSize (package:flutter/src/rendering/stack.dart:647:43)
#49     RenderStack.performLayout (package:flutter/src/rendering/stack.dart:682:12)
#50     RenderObject.layout (package:flutter/src/rendering/object.dart:2907:7)
#51     RenderPadding.performLayout (package:flutter/src/rendering/shifted_box.dart:262:12)
#52     RenderObject.layout (package:flutter/src/rendering/object.dart:2907:7)
#53     MultiChildLayoutDelegate.layoutChild (package:flutter/src/rendering/custom_layout.dart:180:12)
#54     _ScaffoldLayout.performLayout (package:flutter/src/material/scaffold.dart:1113:7)
#55     MultiChildLayoutDelegate._callPerformLayout (package:flutter/src/rendering/custom_layout.dart:246:7)
#56     RenderCustomMultiChildLayoutBox.performLayout (package:flutter/src/rendering/custom_layout.dart:417:14)
#57     RenderObject.layout (package:flutter/src/rendering/object.dart:2907:7)
#58     RenderProxyBoxMixin.performLayout (package:flutter/src/rendering/proxy_box.dart:118:18)
#59     RenderObject.layout (package:flutter/src/rendering/object.dart:2907:7)
#60     RenderProxyBoxMixin.performLayout (package:flutter/src/rendering/proxy_box.dart:118:18)
#61     _RenderCustomClip.performLayout (package:flutter/src/rendering/proxy_box.dart:1549:11)
#62     RenderObject.layout (package:flutter/src/rendering/object.dart:2907:7)
#63     RenderProxyBoxMixin.performLayout (package:flutter/src/rendering/proxy_box.dart:118:18)
#64     RenderObject.layout (package:flutter/src/rendering/object.dart:2907:7)
#65     RenderProxyBoxMixin.performLayout (package:flutter/src/rendering/proxy_box.dart:118:18)
#66     RenderObject.layout (package:flutter/src/rendering/object.dart:2907:7)
#67     RenderProxyBoxMixin.performLayout (package:flutter/src/rendering/proxy_box.dart:118:18)
#68     RenderObject.layout (package:flutter/src/rendering/object.dart:2907:7)
#69     RenderProxyBoxMixin.performLayout (package:flutter/src/rendering/proxy_box.dart:118:18)
#70     RenderObject.layout (package:flutter/src/rendering/object.dart:2907:7)
#71     RenderProxyBoxMixin.performLayout (package:flutter/src/rendering/proxy_box.dart:118:18)
#72     RenderObject.layout (package:flutter/src/rendering/object.dart:2907:7)
#73     RenderProxyBoxMixin.performLayout (package:flutter/src/rendering/proxy_box.dart:118:18)
#74     RenderObject.layout (package:flutter/src/rendering/object.dart:2907:7)
#75     RenderProxyBoxMixin.performLayout (package:flutter/src/rendering/proxy_box.dart:118:18)
#76     RenderObject.layout (package:flutter/src/rendering/object.dart:2907:7)
#77     RenderProxyBoxMixin.performLayout (package:flutter/src/rendering/proxy_box.dart:118:18)
#78     RenderObject.layout (package:flutter/src/rendering/object.dart:2907:7)
#79     RenderProxyBoxMixin.performLayout (package:flutter/src/rendering/proxy_box.dart:118:18)
#80     RenderObject.layout (package:flutter/src/rendering/object.dart:2907:7)
#81     RenderProxyBoxMixin.performLayout (package:flutter/src/rendering/proxy_box.dart:118:18)
#82     RenderObject.layout (package:flutter/src/rendering/object.dart:2907:7)
#83     RenderProxyBoxMixin.performLayout (package:flutter/src/rendering/proxy_box.dart:118:18)
#84     RenderObject.layout (package:flutter/src/rendering/object.dart:2907:7)
#85     RenderProxyBoxMixin.performLayout (package:flutter/src/rendering/proxy_box.dart:118:18)
#86     RenderObject.layout (package:flutter/src/rendering/object.dart:2907:7)
#87     RenderProxyBoxMixin.performLayout (package:flutter/src/rendering/proxy_box.dart:118:18)
#88     RenderObject.layout (package:flutter/src/rendering/object.dart:2907:7)
#89     RenderProxyBoxMixin.performLayout (package:flutter/src/rendering/proxy_box.dart:118:18)
#90     RenderObject.layout (package:flutter/src/rendering/object.dart:2907:7)
#91     RenderProxyBoxMixin.performLayout (package:flutter/src/rendering/proxy_box.dart:118:18)
#92     RenderObject.layout (package:flutter/src/rendering/object.dart:2907:7)
#93     RenderProxyBoxMixin.performLayout (package:flutter/src/rendering/proxy_box.dart:118:18)
#94     RenderOffstage.performLayout (package:flutter/src/rendering/proxy_box.dart:3923:13)
#95     RenderObject.layout (package:flutter/src/rendering/object.dart:2907:7)
#96     RenderProxyBoxMixin.performLayout (package:flutter/src/rendering/proxy_box.dart:118:18)
#97     RenderObject.layout (package:flutter/src/rendering/object.dart:2907:7)
#98     _RenderTheaterMixin.layoutChild (package:flutter/src/widgets/overlay.dart:1124:13)
#99     _RenderTheater.performLayout (package:flutter/src/widgets/overlay.dart:1481:9)
#100    RenderObject.layout (package:flutter/src/rendering/object.dart:2907:7)
#101    RenderProxyBoxMixin.performLayout (package:flutter/src/rendering/proxy_box.dart:118:18)
#102    RenderObject.layout (package:flutter/src/rendering/object.dart:2907:7)
#103    RenderProxyBoxMixin.performLayout (package:flutter/src/rendering/proxy_box.dart:118:18)
#104    RenderObject.layout (package:flutter/src/rendering/object.dart:2907:7)
#105    RenderProxyBoxMixin.performLayout (package:flutter/src/rendering/proxy_box.dart:118:18)
#106    RenderObject.layout (package:flutter/src/rendering/object.dart:2907:7)
#107    RenderProxyBoxMixin.performLayout (package:flutter/src/rendering/proxy_box.dart:118:18)
#108    RenderCustomPaint.performLayout (package:flutter/src/rendering/custom_paint.dart:574:11)
#109    RenderObject.layout (package:flutter/src/rendering/object.dart:2907:7)
#110    RenderProxyBoxMixin.performLayout (package:flutter/src/rendering/proxy_box.dart:118:18)
#111    RenderObject.layout (package:flutter/src/rendering/object.dart:2907:7)
#112    RenderProxyBoxMixin.performLayout (package:flutter/src/rendering/proxy_box.dart:118:18)
#113    RenderObject.layout (package:flutter/src/rendering/object.dart:2907:7)
#114    RenderProxyBoxMixin.performLayout (package:flutter/src/rendering/proxy_box.dart:118:18)
#115    RenderObject.layout (package:flutter/src/rendering/object.dart:2907:7)
#116    RenderProxyBoxMixin.performLayout (package:flutter/src/rendering/proxy_box.dart:118:18)
#117    RenderObject.layout (package:flutter/src/rendering/object.dart:2907:7)
#118    RenderProxyBoxMixin.performLayout (package:flutter/src/rendering/proxy_box.dart:118:18)
#119    RenderObject.layout (package:flutter/src/rendering/object.dart:2907:7)
#120    RenderProxyBoxMixin.performLayout (package:flutter/src/rendering/proxy_box.dart:118:18)
#121    RenderObject.layout (package:flutter/src/rendering/object.dart:2907:7)
#122    RenderView.performLayout (package:flutter/src/rendering/view.dart:292:12)
#123    RenderObject._layoutWithoutResize (package:flutter/src/rendering/object.dart:2755:7)
#124    PipelineOwner.flushLayout (package:flutter/src/rendering/object.dart:1174:18)
#125    PipelineOwner.flushLayout (package:flutter/src/rendering/object.dart:1187:15)
#126    AutomatedTestWidgetsFlutterBinding.drawFrame (package:flutter_test/src/binding.dart:2433:27)
#127    RendererBinding._handlePersistentFrameCallback (package:flutter/src/rendering/binding.dart:509:5)
#128    SchedulerBinding._invokeFrameCallback (package:flutter/src/scheduler/binding.dart:1430:15)
#129    SchedulerBinding.handleDrawFrame (package:flutter/src/scheduler/binding.dart:1345:9)
#130    AutomatedTestWidgetsFlutterBinding.pump.<anonymous closure> (package:flutter_test/src/binding.dart:2260:9)
#133    TestAsyncUtils.guard (package:flutter_test/src/test_async_utils.dart:74:41)
#134    AutomatedTestWidgetsFlutterBinding.pump (package:flutter_test/src/binding.dart:2249:27)
#135    WidgetTester.pumpWidget.<anonymous closure> (package:flutter_test/src/widget_tester.dart:598:22)
#138    TestAsyncUtils.guard (package:flutter_test/src/test_async_utils.dart:74:41)
#139    WidgetTester.pumpWidget (package:flutter_test/src/widget_tester.dart:595:27)
#140    main.<anonymous closure>.<anonymous closure> (file:///Y:/AndroidStudioProject/Github/expert-project/test/presentation/pages/tv_detail_page_test.dart:67:20)
#141    testWidgets.<anonymous closure>.<anonymous closure> (package:flutter_test/src/widget_tester.dart:192:29)
<asynchronous suspension>
#142    TestWidgetsFlutterBinding._runTestBody (package:flutter_test/src/binding.dart:1952:5)
<asynchronous suspension>
<asynchronous suspension>
(elided 7 frames from class _AssertionError, dart:async, and package:stack_trace)

The following RenderObject was being processed when the exception was fired: RenderClipRect#8b5ad relayoutBoundary=up12 NEEDS-LAYOUT NEEDS-PAINT NEEDS-COMPOSITING-BITS-UPDATE:
  creator: ClipRect ΓåÉ AnimatedBuilder ΓåÉ NotificationListener<ScrollNotification> ΓåÉ
    StretchingOverscrollIndicator ΓåÉ Scrollable ΓåÉ ListView ΓåÉ Column ΓåÉ _SingleChildViewport ΓåÉ
    IgnorePointer-[GlobalKey#7f779] ΓåÉ Semantics ΓåÉ Listener ΓåÉ _GestureSemantics ΓåÉ Γï»
  parentData: offset=Offset(0.0, 0.0); flex=null; fit=null (can use size)
  constraints: BoxConstraints(0.0<=w<=768.0, 0.0<=h<=Infinity)
  size: MISSING
This RenderObject had the following descendants (showing up to depth 5):
    child: RenderTransform#95169 relayoutBoundary=up13 NEEDS-PAINT NEEDS-COMPOSITING-BITS-UPDATE
      child: _RenderScrollSemantics#a829c relayoutBoundary=up14 NEEDS-PAINT NEEDS-COMPOSITING-BITS-UPDATE
        child: RenderPointerListener#5f986 relayoutBoundary=up15 NEEDS-PAINT NEEDS-COMPOSITING-BITS-UPDATE
          child: RenderSemanticsGestureHandler#b2c75 relayoutBoundary=up16 NEEDS-PAINT NEEDS-COMPOSITING-BITS-UPDATE
            child: RenderPointerListener#858c6 relayoutBoundary=up17 NEEDS-PAINT NEEDS-COMPOSITING-BITS-UPDATE
ΓòÉΓòÉΓòÉΓòÉΓòÉΓòÉΓòÉΓòÉΓòÉΓòÉΓòÉΓòÉΓòÉΓòÉΓòÉΓòÉΓòÉΓòÉΓòÉΓòÉΓòÉΓòÉΓòÉΓòÉΓòÉΓòÉΓòÉΓòÉΓòÉΓòÉΓòÉΓòÉΓòÉΓòÉΓòÉΓòÉΓòÉΓòÉΓòÉΓòÉΓòÉΓòÉΓòÉΓòÉΓòÉΓòÉΓòÉΓòÉΓòÉΓòÉΓòÉΓòÉΓòÉΓòÉΓòÉΓòÉΓòÉΓòÉΓòÉΓòÉΓòÉΓòÉΓòÉΓòÉΓòÉΓòÉΓòÉΓòÉΓòÉΓòÉΓòÉΓòÉΓòÉΓòÉΓòÉΓòÉΓòÉΓòÉΓòÉΓòÉΓòÉΓòÉΓòÉΓòÉΓòÉΓòÉΓòÉΓòÉΓòÉΓòÉΓòÉΓòÉΓòÉΓòÉΓòÉΓòÉΓòÉΓòÉΓòÉΓòÉ
ΓòÉΓòÉΓòí EXCEPTION CAUGHT BY RENDERING LIBRARY Γò₧ΓòÉΓòÉΓòÉΓòÉΓòÉΓòÉΓòÉΓòÉΓòÉΓòÉΓòÉΓòÉΓòÉΓòÉΓòÉΓòÉΓòÉΓòÉΓòÉΓòÉΓòÉΓòÉΓòÉΓòÉΓòÉΓòÉΓòÉΓòÉΓòÉΓòÉΓòÉΓòÉΓòÉΓòÉΓòÉΓòÉΓòÉΓòÉΓòÉΓòÉΓòÉΓòÉΓòÉΓòÉΓòÉΓòÉΓòÉΓòÉΓòÉΓòÉΓòÉΓòÉΓòÉΓòÉΓòÉΓòÉΓòÉ
The following assertion was thrown during performLayout():
RenderBox was not laid out: RenderClipRect#8b5ad relayoutBoundary=up12 NEEDS-PAINT
NEEDS-COMPOSITING-BITS-UPDATE
'package:flutter/src/rendering/box.dart':
Failed assertion: line 2251 pos 12: 'hasSize'

Either the assertion indicates an error in the framework itself, or we should provide substantially
more information in this error message to help you determine and fix the underlying cause.
In either case, please report this assertion by filing a bug on GitHub:
  https://github.com/flutter/flutter/issues/new?template=02_bug.yml

The relevant error-causing widget was:
  Column
  Column:file:///Y:/AndroidStudioProject/Github/expert-project/lib/presentation/pages/tv_detail_page.dart:102:32

When the exception was thrown, this was the stack:
#2      RenderBox.size (package:flutter/src/rendering/box.dart:2251:12)
#3      ChildLayoutHelper.layoutChild (package:flutter/src/rendering/layout_helper.dart:63:18)
#4      RenderFlex._computeSizes (package:flutter/src/rendering/flex.dart:1237:28)
#5      RenderFlex.performLayout (package:flutter/src/rendering/flex.dart:1329:32)
#6      RenderObject.layout (package:flutter/src/rendering/object.dart:2907:7)
#7      _RenderSingleChildViewport.performLayout (package:flutter/src/widgets/single_child_scroll_view.dart:502:14)
#8      RenderObject.layout (package:flutter/src/rendering/object.dart:2907:7)
#9      RenderProxyBoxMixin.performLayout (package:flutter/src/rendering/proxy_box.dart:118:18)
#10     RenderObject.layout (package:flutter/src/rendering/object.dart:2907:7)
#11     RenderProxyBoxMixin.performLayout (package:flutter/src/rendering/proxy_box.dart:118:18)
#12     RenderObject.layout (package:flutter/src/rendering/object.dart:2907:7)
#13     RenderProxyBoxMixin.performLayout (package:flutter/src/rendering/proxy_box.dart:118:18)
#14     RenderObject.layout (package:flutter/src/rendering/object.dart:2907:7)
#15     RenderProxyBoxMixin.performLayout (package:flutter/src/rendering/proxy_box.dart:118:18)
#16     RenderObject.layout (package:flutter/src/rendering/object.dart:2907:7)
#17     RenderProxyBoxMixin.performLayout (package:flutter/src/rendering/proxy_box.dart:118:18)
#18     RenderObject.layout (package:flutter/src/rendering/object.dart:2907:7)
#19     RenderProxyBoxMixin.performLayout (package:flutter/src/rendering/proxy_box.dart:118:18)
#20     RenderObject.layout (package:flutter/src/rendering/object.dart:2907:7)
#21     RenderProxyBoxMixin.performLayout (package:flutter/src/rendering/proxy_box.dart:118:18)
#22     RenderObject.layout (package:flutter/src/rendering/object.dart:2907:7)
#23     RenderProxyBoxMixin.performLayout (package:flutter/src/rendering/proxy_box.dart:118:18)
#24     _RenderCustomClip.performLayout (package:flutter/src/rendering/proxy_box.dart:1549:11)
#25     RenderObject.layout (package:flutter/src/rendering/object.dart:2907:7)
#26     RenderPadding.performLayout (package:flutter/src/rendering/shifted_box.dart:262:12)
#27     RenderObject.layout (package:flutter/src/rendering/object.dart:2907:7)
#28     ChildLayoutHelper.layoutChild (package:flutter/src/rendering/layout_helper.dart:62:11)
#29     RenderStack._computeSize (package:flutter/src/rendering/stack.dart:647:43)
#30     RenderStack.performLayout (package:flutter/src/rendering/stack.dart:682:12)
#31     RenderObject.layout (package:flutter/src/rendering/object.dart:2907:7)
#32     RenderPadding.performLayout (package:flutter/src/rendering/shifted_box.dart:262:12)
#33     RenderObject.layout (package:flutter/src/rendering/object.dart:2907:7)
#34     RenderProxyBoxMixin.performLayout (package:flutter/src/rendering/proxy_box.dart:118:18)
#35     RenderObject.layout (package:flutter/src/rendering/object.dart:2907:7)
#36     RenderFractionallySizedOverflowBox.performLayout (package:flutter/src/rendering/shifted_box.dart:1298:14)
#37     RenderObject.layout (package:flutter/src/rendering/object.dart:2907:7)
#38     RenderConstrainedBox.performLayout (package:flutter/src/rendering/proxy_box.dart:296:14)
#39     RenderObject.layout (package:flutter/src/rendering/object.dart:2907:7)
#40     _RenderLayoutBuilder.performLayout (package:flutter/src/widgets/layout_builder.dart:449:14)
#41     RenderObject.layout (package:flutter/src/rendering/object.dart:2907:7)
#42     RenderPadding.performLayout (package:flutter/src/rendering/shifted_box.dart:262:12)
#43     RenderObject.layout (package:flutter/src/rendering/object.dart:2907:7)
#44     ChildLayoutHelper.layoutChild (package:flutter/src/rendering/layout_helper.dart:62:11)
#45     RenderStack._computeSize (package:flutter/src/rendering/stack.dart:647:43)
#46     RenderStack.performLayout (package:flutter/src/rendering/stack.dart:682:12)
#47     RenderObject.layout (package:flutter/src/rendering/object.dart:2907:7)
#48     RenderPadding.performLayout (package:flutter/src/rendering/shifted_box.dart:262:12)
#49     RenderObject.layout (package:flutter/src/rendering/object.dart:2907:7)
#50     MultiChildLayoutDelegate.layoutChild (package:flutter/src/rendering/custom_layout.dart:180:12)
#51     _ScaffoldLayout.performLayout (package:flutter/src/material/scaffold.dart:1113:7)
#52     MultiChildLayoutDelegate._callPerformLayout (package:flutter/src/rendering/custom_layout.dart:246:7)
#53     RenderCustomMultiChildLayoutBox.performLayout (package:flutter/src/rendering/custom_layout.dart:417:14)
#54     RenderObject.layout (package:flutter/src/rendering/object.dart:2907:7)
#55     RenderProxyBoxMixin.performLayout (package:flutter/src/rendering/proxy_box.dart:118:18)
#56     RenderObject.layout (package:flutter/src/rendering/object.dart:2907:7)
#57     RenderProxyBoxMixin.performLayout (package:flutter/src/rendering/proxy_box.dart:118:18)
#58     _RenderCustomClip.performLayout (package:flutter/src/rendering/proxy_box.dart:1549:11)
#59     RenderObject.layout (package:flutter/src/rendering/object.dart:2907:7)
#60     RenderProxyBoxMixin.performLayout (package:flutter/src/rendering/proxy_box.dart:118:18)
#61     RenderObject.layout (package:flutter/src/rendering/object.dart:2907:7)
#62     RenderProxyBoxMixin.performLayout (package:flutter/src/rendering/proxy_box.dart:118:18)
#63     RenderObject.layout (package:flutter/src/rendering/object.dart:2907:7)
#64     RenderProxyBoxMixin.performLayout (package:flutter/src/rendering/proxy_box.dart:118:18)
#65     RenderObject.layout (package:flutter/src/rendering/object.dart:2907:7)
#66     RenderProxyBoxMixin.performLayout (package:flutter/src/rendering/proxy_box.dart:118:18)
#67     RenderObject.layout (package:flutter/src/rendering/object.dart:2907:7)
#68     RenderProxyBoxMixin.performLayout (package:flutter/src/rendering/proxy_box.dart:118:18)
#69     RenderObject.layout (package:flutter/src/rendering/object.dart:2907:7)
#70     RenderProxyBoxMixin.performLayout (package:flutter/src/rendering/proxy_box.dart:118:18)
#71     RenderObject.layout (package:flutter/src/rendering/object.dart:2907:7)
#72     RenderProxyBoxMixin.performLayout (package:flutter/src/rendering/proxy_box.dart:118:18)
#73     RenderObject.layout (package:flutter/src/rendering/object.dart:2907:7)
#74     RenderProxyBoxMixin.performLayout (package:flutter/src/rendering/proxy_box.dart:118:18)
#75     RenderObject.layout (package:flutter/src/rendering/object.dart:2907:7)
#76     RenderProxyBoxMixin.performLayout (package:flutter/src/rendering/proxy_box.dart:118:18)
#77     RenderObject.layout (package:flutter/src/rendering/object.dart:2907:7)
#78     RenderProxyBoxMixin.performLayout (package:flutter/src/rendering/proxy_box.dart:118:18)
#79     RenderObject.layout (package:flutter/src/rendering/object.dart:2907:7)
#80     RenderProxyBoxMixin.performLayout (package:flutter/src/rendering/proxy_box.dart:118:18)
#81     RenderObject.layout (package:flutter/src/rendering/object.dart:2907:7)
#82     RenderProxyBoxMixin.performLayout (package:flutter/src/rendering/proxy_box.dart:118:18)
#83     RenderObject.layout (package:flutter/src/rendering/object.dart:2907:7)
#84     RenderProxyBoxMixin.performLayout (package:flutter/src/rendering/proxy_box.dart:118:18)
#85     RenderObject.layout (package:flutter/src/rendering/object.dart:2907:7)
#86     RenderProxyBoxMixin.performLayout (package:flutter/src/rendering/proxy_box.dart:118:18)
#87     RenderObject.layout (package:flutter/src/rendering/object.dart:2907:7)
#88     RenderProxyBoxMixin.performLayout (package:flutter/src/rendering/proxy_box.dart:118:18)
#89     RenderObject.layout (package:flutter/src/rendering/object.dart:2907:7)
#90     RenderProxyBoxMixin.performLayout (package:flutter/src/rendering/proxy_box.dart:118:18)
#91     RenderOffstage.performLayout (package:flutter/src/rendering/proxy_box.dart:3923:13)
#92     RenderObject.layout (package:flutter/src/rendering/object.dart:2907:7)
#93     RenderProxyBoxMixin.performLayout (package:flutter/src/rendering/proxy_box.dart:118:18)
#94     RenderObject.layout (package:flutter/src/rendering/object.dart:2907:7)
#95     _RenderTheaterMixin.layoutChild (package:flutter/src/widgets/overlay.dart:1124:13)
#96     _RenderTheater.performLayout (package:flutter/src/widgets/overlay.dart:1481:9)
#97     RenderObject.layout (package:flutter/src/rendering/object.dart:2907:7)
#98     RenderProxyBoxMixin.performLayout (package:flutter/src/rendering/proxy_box.dart:118:18)
#99     RenderObject.layout (package:flutter/src/rendering/object.dart:2907:7)
#100    RenderProxyBoxMixin.performLayout (package:flutter/src/rendering/proxy_box.dart:118:18)
#101    RenderObject.layout (package:flutter/src/rendering/object.dart:2907:7)
#102    RenderProxyBoxMixin.performLayout (package:flutter/src/rendering/proxy_box.dart:118:18)
#103    RenderObject.layout (package:flutter/src/rendering/object.dart:2907:7)
#104    RenderProxyBoxMixin.performLayout (package:flutter/src/rendering/proxy_box.dart:118:18)
#105    RenderCustomPaint.performLayout (package:flutter/src/rendering/custom_paint.dart:574:11)
#106    RenderObject.layout (package:flutter/src/rendering/object.dart:2907:7)
#107    RenderProxyBoxMixin.performLayout (package:flutter/src/rendering/proxy_box.dart:118:18)
#108    RenderObject.layout (package:flutter/src/rendering/object.dart:2907:7)
#109    RenderProxyBoxMixin.performLayout (package:flutter/src/rendering/proxy_box.dart:118:18)
#110    RenderObject.layout (package:flutter/src/rendering/object.dart:2907:7)
#111    RenderProxyBoxMixin.performLayout (package:flutter/src/rendering/proxy_box.dart:118:18)
#112    RenderObject.layout (package:flutter/src/rendering/object.dart:2907:7)
#113    RenderProxyBoxMixin.performLayout (package:flutter/src/rendering/proxy_box.dart:118:18)
#114    RenderObject.layout (package:flutter/src/rendering/object.dart:2907:7)
#115    RenderProxyBoxMixin.performLayout (package:flutter/src/rendering/proxy_box.dart:118:18)
#116    RenderObject.layout (package:flutter/src/rendering/object.dart:2907:7)
#117    RenderProxyBoxMixin.performLayout (package:flutter/src/rendering/proxy_box.dart:118:18)
#118    RenderObject.layout (package:flutter/src/rendering/object.dart:2907:7)
#119    RenderView.performLayout (package:flutter/src/rendering/view.dart:292:12)
#120    RenderObject._layoutWithoutResize (package:flutter/src/rendering/object.dart:2755:7)
#121    PipelineOwner.flushLayout (package:flutter/src/rendering/object.dart:1174:18)
#122    PipelineOwner.flushLayout (package:flutter/src/rendering/object.dart:1187:15)
#123    AutomatedTestWidgetsFlutterBinding.drawFrame (package:flutter_test/src/binding.dart:2433:27)
#124    RendererBinding._handlePersistentFrameCallback (package:flutter/src/rendering/binding.dart:509:5)
#125    SchedulerBinding._invokeFrameCallback (package:flutter/src/scheduler/binding.dart:1430:15)
#126    SchedulerBinding.handleDrawFrame (package:flutter/src/scheduler/binding.dart:1345:9)
#127    AutomatedTestWidgetsFlutterBinding.pump.<anonymous closure> (package:flutter_test/src/binding.dart:2260:9)
#130    TestAsyncUtils.guard (package:flutter_test/src/test_async_utils.dart:74:41)
#131    AutomatedTestWidgetsFlutterBinding.pump (package:flutter_test/src/binding.dart:2249:27)
#132    WidgetTester.pumpWidget.<anonymous closure> (package:flutter_test/src/widget_tester.dart:598:22)
#135    TestAsyncUtils.guard (package:flutter_test/src/test_async_utils.dart:74:41)
#136    WidgetTester.pumpWidget (package:flutter_test/src/widget_tester.dart:595:27)
#137    main.<anonymous closure>.<anonymous closure> (file:///Y:/AndroidStudioProject/Github/expert-project/test/presentation/pages/tv_detail_page_test.dart:67:20)
#138    testWidgets.<anonymous closure>.<anonymous closure> (package:flutter_test/src/widget_tester.dart:192:29)
<asynchronous suspension>
#139    TestWidgetsFlutterBinding._runTestBody (package:flutter_test/src/binding.dart:1952:5)
<asynchronous suspension>
<asynchronous suspension>
(elided 7 frames from class _AssertionError, dart:async, and package:stack_trace)

The following RenderObject was being processed when the exception was fired: RenderFlex#6963e relayoutBoundary=up11 NEEDS-LAYOUT NEEDS-PAINT NEEDS-COMPOSITING-BITS-UPDATE:
  creator: Column ΓåÉ _SingleChildViewport ΓåÉ IgnorePointer-[GlobalKey#7f779] ΓåÉ Semantics ΓåÉ Listener ΓåÉ
    _GestureSemantics ΓåÉ RawGestureDetector-[LabeledGlobalKey<RawGestureDetectorState>#e3ee0] ΓåÉ
    Listener ΓåÉ _ScrollableScope ΓåÉ _ScrollSemantics-[GlobalKey#64490] ΓåÉ
    NotificationListener<ScrollMetricsNotification> ΓåÉ Transform ΓåÉ Γï»
  parentData: <none> (can use size)
  constraints: BoxConstraints(0.0<=w<=768.0, 0.0<=h<=Infinity)
  size: MISSING
  direction: vertical
  mainAxisAlignment: start
  mainAxisSize: max
  crossAxisAlignment: start
  textDirection: ltr
  verticalDirection: down
  spacing: 0.0
This RenderObject had the following descendants (showing up to depth 5):
    child 1: RenderParagraph#330f3 relayoutBoundary=up12 NEEDS-PAINT
      text: TextSpan
    child 2: RenderSemanticsAnnotations#db8d4 relayoutBoundary=up12 NEEDS-PAINT NEEDS-COMPOSITING-BITS-UPDATE
      child: _RenderInputPadding#17178 relayoutBoundary=up13 NEEDS-PAINT NEEDS-COMPOSITING-BITS-UPDATE
        child: RenderConstrainedBox#ebbbf relayoutBoundary=up14 NEEDS-PAINT NEEDS-COMPOSITING-BITS-UPDATE
          child: RenderPhysicalShape#f6863 relayoutBoundary=up15 NEEDS-PAINT NEEDS-COMPOSITING-BITS-UPDATE
            child: RenderCustomPaint#276f9 relayoutBoundary=up16 NEEDS-PAINT NEEDS-COMPOSITING-BITS-UPDATE
    child 3: RenderParagraph#438ce relayoutBoundary=up12 NEEDS-PAINT
      text: TextSpan
    child 4: RenderFlex#d944a relayoutBoundary=up12 NEEDS-PAINT NEEDS-COMPOSITING-BITS-UPDATE
      child 1: RenderClipRect#bb59d relayoutBoundary=up13 NEEDS-PAINT NEEDS-COMPOSITING-BITS-UPDATE
        child: RenderTransform#86000 relayoutBoundary=up14 NEEDS-PAINT NEEDS-COMPOSITING-BITS-UPDATE
          child: _RenderScrollSemantics#46ab0 relayoutBoundary=up15 NEEDS-PAINT NEEDS-COMPOSITING-BITS-UPDATE
            child: RenderPointerListener#661bd relayoutBoundary=up16 NEEDS-PAINT NEEDS-COMPOSITING-BITS-UPDATE
      child 2: RenderParagraph#e8d24 relayoutBoundary=up13 NEEDS-PAINT
        text: TextSpan
    child 5: RenderConstrainedBox#3dcc5 relayoutBoundary=up12 NEEDS-PAINT
    child 6: RenderParagraph#b9fe8 relayoutBoundary=up12 NEEDS-PAINT
      text: TextSpan
    child 7: RenderParagraph#99a68 relayoutBoundary=up12 NEEDS-PAINT
      text: TextSpan
    child 8: RenderConstrainedBox#0a547 relayoutBoundary=up12 NEEDS-PAINT
    child 9: RenderParagraph#607f8 relayoutBoundary=up12 NEEDS-PAINT
      text: TextSpan
    child 10: RenderClipRect#8b5ad relayoutBoundary=up12 NEEDS-PAINT NEEDS-COMPOSITING-BITS-UPDATE
      child: RenderTransform#95169 relayoutBoundary=up13 NEEDS-PAINT NEEDS-COMPOSITING-BITS-UPDATE
        child: _RenderScrollSemantics#a829c relayoutBoundary=up14 NEEDS-PAINT NEEDS-COMPOSITING-BITS-UPDATE
          child: RenderPointerListener#5f986 relayoutBoundary=up15 NEEDS-PAINT NEEDS-COMPOSITING-BITS-UPDATE
            child: RenderSemanticsGestureHandler#b2c75 relayoutBoundary=up16 NEEDS-PAINT NEEDS-COMPOSITING-BITS-UPDATE
ΓòÉΓòÉΓòÉΓòÉΓòÉΓòÉΓòÉΓòÉΓòÉΓòÉΓòÉΓòÉΓòÉΓòÉΓòÉΓòÉΓòÉΓòÉΓòÉΓòÉΓòÉΓòÉΓòÉΓòÉΓòÉΓòÉΓòÉΓòÉΓòÉΓòÉΓòÉΓòÉΓòÉΓòÉΓòÉΓòÉΓòÉΓòÉΓòÉΓòÉΓòÉΓòÉΓòÉΓòÉΓòÉΓòÉΓòÉΓòÉΓòÉΓòÉΓòÉΓòÉΓòÉΓòÉΓòÉΓòÉΓòÉΓòÉΓòÉΓòÉΓòÉΓòÉΓòÉΓòÉΓòÉΓòÉΓòÉΓòÉΓòÉΓòÉΓòÉΓòÉΓòÉΓòÉΓòÉΓòÉΓòÉΓòÉΓòÉΓòÉΓòÉΓòÉΓòÉΓòÉΓòÉΓòÉΓòÉΓòÉΓòÉΓòÉΓòÉΓòÉΓòÉΓòÉΓòÉΓòÉΓòÉΓòÉΓòÉΓòÉ
ΓòÉΓòÉΓòí EXCEPTION CAUGHT BY RENDERING LIBRARY Γò₧ΓòÉΓòÉΓòÉΓòÉΓòÉΓòÉΓòÉΓòÉΓòÉΓòÉΓòÉΓòÉΓòÉΓòÉΓòÉΓòÉΓòÉΓòÉΓòÉΓòÉΓòÉΓòÉΓòÉΓòÉΓòÉΓòÉΓòÉΓòÉΓòÉΓòÉΓòÉΓòÉΓòÉΓòÉΓòÉΓòÉΓòÉΓòÉΓòÉΓòÉΓòÉΓòÉΓòÉΓòÉΓòÉΓòÉΓòÉΓòÉΓòÉΓòÉΓòÉΓòÉΓòÉΓòÉΓòÉΓòÉΓòÉ
The following assertion was thrown during performLayout():
RenderBox was not laid out: RenderFlex#6963e relayoutBoundary=up11 NEEDS-PAINT
NEEDS-COMPOSITING-BITS-UPDATE
'package:flutter/src/rendering/box.dart':
Failed assertion: line 2251 pos 12: 'hasSize'

Either the assertion indicates an error in the framework itself, or we should provide substantially
more information in this error message to help you determine and fix the underlying cause.
In either case, please report this assertion by filing a bug on GitHub:
  https://github.com/flutter/flutter/issues/new?template=02_bug.yml

The relevant error-causing widget was:
  SingleChildScrollView
  SingleChildScrollView:file:///Y:/AndroidStudioProject/Github/expert-project/lib/presentation/pages/tv_detail_page.dart:100:30

When the exception was thrown, this was the stack:
#2      RenderBox.size (package:flutter/src/rendering/box.dart:2251:12)
#3      _RenderSingleChildViewport.performLayout (package:flutter/src/widgets/single_child_scroll_view.dart:503:43)
#4      RenderObject.layout (package:flutter/src/rendering/object.dart:2907:7)
#5      RenderProxyBoxMixin.performLayout (package:flutter/src/rendering/proxy_box.dart:118:18)
#6      RenderObject.layout (package:flutter/src/rendering/object.dart:2907:7)
#7      RenderProxyBoxMixin.performLayout (package:flutter/src/rendering/proxy_box.dart:118:18)
#8      RenderObject.layout (package:flutter/src/rendering/object.dart:2907:7)
#9      RenderProxyBoxMixin.performLayout (package:flutter/src/rendering/proxy_box.dart:118:18)
#10     RenderObject.layout (package:flutter/src/rendering/object.dart:2907:7)
#11     RenderProxyBoxMixin.performLayout (package:flutter/src/rendering/proxy_box.dart:118:18)
#12     RenderObject.layout (package:flutter/src/rendering/object.dart:2907:7)
#13     RenderProxyBoxMixin.performLayout (package:flutter/src/rendering/proxy_box.dart:118:18)
#14     RenderObject.layout (package:flutter/src/rendering/object.dart:2907:7)
#15     RenderProxyBoxMixin.performLayout (package:flutter/src/rendering/proxy_box.dart:118:18)
#16     RenderObject.layout (package:flutter/src/rendering/object.dart:2907:7)
#17     RenderProxyBoxMixin.performLayout (package:flutter/src/rendering/proxy_box.dart:118:18)
#18     RenderObject.layout (package:flutter/src/rendering/object.dart:2907:7)
#19     RenderProxyBoxMixin.performLayout (package:flutter/src/rendering/proxy_box.dart:118:18)
#20     _RenderCustomClip.performLayout (package:flutter/src/rendering/proxy_box.dart:1549:11)
#21     RenderObject.layout (package:flutter/src/rendering/object.dart:2907:7)
#22     RenderPadding.performLayout (package:flutter/src/rendering/shifted_box.dart:262:12)
#23     RenderObject.layout (package:flutter/src/rendering/object.dart:2907:7)
#24     ChildLayoutHelper.layoutChild (package:flutter/src/rendering/layout_helper.dart:62:11)
#25     RenderStack._computeSize (package:flutter/src/rendering/stack.dart:647:43)
#26     RenderStack.performLayout (package:flutter/src/rendering/stack.dart:682:12)
#27     RenderObject.layout (package:flutter/src/rendering/object.dart:2907:7)
#28     RenderPadding.performLayout (package:flutter/src/rendering/shifted_box.dart:262:12)
#29     RenderObject.layout (package:flutter/src/rendering/object.dart:2907:7)
#30     RenderProxyBoxMixin.performLayout (package:flutter/src/rendering/proxy_box.dart:118:18)
#31     RenderObject.layout (package:flutter/src/rendering/object.dart:2907:7)
#32     RenderFractionallySizedOverflowBox.performLayout (package:flutter/src/rendering/shifted_box.dart:1298:14)
#33     RenderObject.layout (package:flutter/src/rendering/object.dart:2907:7)
#34     RenderConstrainedBox.performLayout (package:flutter/src/rendering/proxy_box.dart:296:14)
#35     RenderObject.layout (package:flutter/src/rendering/object.dart:2907:7)
#36     _RenderLayoutBuilder.performLayout (package:flutter/src/widgets/layout_builder.dart:449:14)
#37     RenderObject.layout (package:flutter/src/rendering/object.dart:2907:7)
#38     RenderPadding.performLayout (package:flutter/src/rendering/shifted_box.dart:262:12)
#39     RenderObject.layout (package:flutter/src/rendering/object.dart:2907:7)
#40     ChildLayoutHelper.layoutChild (package:flutter/src/rendering/layout_helper.dart:62:11)
#41     RenderStack._computeSize (package:flutter/src/rendering/stack.dart:647:43)
#42     RenderStack.performLayout (package:flutter/src/rendering/stack.dart:682:12)
#43     RenderObject.layout (package:flutter/src/rendering/object.dart:2907:7)
#44     RenderPadding.performLayout (package:flutter/src/rendering/shifted_box.dart:262:12)
#45     RenderObject.layout (package:flutter/src/rendering/object.dart:2907:7)
#46     MultiChildLayoutDelegate.layoutChild (package:flutter/src/rendering/custom_layout.dart:180:12)
#47     _ScaffoldLayout.performLayout (package:flutter/src/material/scaffold.dart:1113:7)
#48     MultiChildLayoutDelegate._callPerformLayout (package:flutter/src/rendering/custom_layout.dart:246:7)
#49     RenderCustomMultiChildLayoutBox.performLayout (package:flutter/src/rendering/custom_layout.dart:417:14)
#50     RenderObject.layout (package:flutter/src/rendering/object.dart:2907:7)
#51     RenderProxyBoxMixin.performLayout (package:flutter/src/rendering/proxy_box.dart:118:18)
#52     RenderObject.layout (package:flutter/src/rendering/object.dart:2907:7)
#53     RenderProxyBoxMixin.performLayout (package:flutter/src/rendering/proxy_box.dart:118:18)
#54     _RenderCustomClip.performLayout (package:flutter/src/rendering/proxy_box.dart:1549:11)
#55     RenderObject.layout (package:flutter/src/rendering/object.dart:2907:7)
#56     RenderProxyBoxMixin.performLayout (package:flutter/src/rendering/proxy_box.dart:118:18)
#57     RenderObject.layout (package:flutter/src/rendering/object.dart:2907:7)
#58     RenderProxyBoxMixin.performLayout (package:flutter/src/rendering/proxy_box.dart:118:18)
#59     RenderObject.layout (package:flutter/src/rendering/object.dart:2907:7)
#60     RenderProxyBoxMixin.performLayout (package:flutter/src/rendering/proxy_box.dart:118:18)
#61     RenderObject.layout (package:flutter/src/rendering/object.dart:2907:7)
#62     RenderProxyBoxMixin.performLayout (package:flutter/src/rendering/proxy_box.dart:118:18)
#63     RenderObject.layout (package:flutter/src/rendering/object.dart:2907:7)
#64     RenderProxyBoxMixin.performLayout (package:flutter/src/rendering/proxy_box.dart:118:18)
#65     RenderObject.layout (package:flutter/src/rendering/object.dart:2907:7)
#66     RenderProxyBoxMixin.performLayout (package:flutter/src/rendering/proxy_box.dart:118:18)
#67     RenderObject.layout (package:flutter/src/rendering/object.dart:2907:7)
#68     RenderProxyBoxMixin.performLayout (package:flutter/src/rendering/proxy_box.dart:118:18)
#69     RenderObject.layout (package:flutter/src/rendering/object.dart:2907:7)
#70     RenderProxyBoxMixin.performLayout (package:flutter/src/rendering/proxy_box.dart:118:18)
#71     RenderObject.layout (package:flutter/src/rendering/object.dart:2907:7)
#72     RenderProxyBoxMixin.performLayout (package:flutter/src/rendering/proxy_box.dart:118:18)
#73     RenderObject.layout (package:flutter/src/rendering/object.dart:2907:7)
#74     RenderProxyBoxMixin.performLayout (package:flutter/src/rendering/proxy_box.dart:118:18)
#75     RenderObject.layout (package:flutter/src/rendering/object.dart:2907:7)
#76     RenderProxyBoxMixin.performLayout (package:flutter/src/rendering/proxy_box.dart:118:18)
#77     RenderObject.layout (package:flutter/src/rendering/object.dart:2907:7)
#78     RenderProxyBoxMixin.performLayout (package:flutter/src/rendering/proxy_box.dart:118:18)
#79     RenderObject.layout (package:flutter/src/rendering/object.dart:2907:7)
#80     RenderProxyBoxMixin.performLayout (package:flutter/src/rendering/proxy_box.dart:118:18)
#81     RenderObject.layout (package:flutter/src/rendering/object.dart:2907:7)
#82     RenderProxyBoxMixin.performLayout (package:flutter/src/rendering/proxy_box.dart:118:18)
#83     RenderObject.layout (package:flutter/src/rendering/object.dart:2907:7)
#84     RenderProxyBoxMixin.performLayout (package:flutter/src/rendering/proxy_box.dart:118:18)
#85     RenderObject.layout (package:flutter/src/rendering/object.dart:2907:7)
#86     RenderProxyBoxMixin.performLayout (package:flutter/src/rendering/proxy_box.dart:118:18)
#87     RenderOffstage.performLayout (package:flutter/src/rendering/proxy_box.dart:3923:13)
#88     RenderObject.layout (package:flutter/src/rendering/object.dart:2907:7)
#89     RenderProxyBoxMixin.performLayout (package:flutter/src/rendering/proxy_box.dart:118:18)
#90     RenderObject.layout (package:flutter/src/rendering/object.dart:2907:7)
#91     _RenderTheaterMixin.layoutChild (package:flutter/src/widgets/overlay.dart:1124:13)
#92     _RenderTheater.performLayout (package:flutter/src/widgets/overlay.dart:1481:9)
#93     RenderObject.layout (package:flutter/src/rendering/object.dart:2907:7)
#94     RenderProxyBoxMixin.performLayout (package:flutter/src/rendering/proxy_box.dart:118:18)
#95     RenderObject.layout (package:flutter/src/rendering/object.dart:2907:7)
#96     RenderProxyBoxMixin.performLayout (package:flutter/src/rendering/proxy_box.dart:118:18)
#97     RenderObject.layout (package:flutter/src/rendering/object.dart:2907:7)
#98     RenderProxyBoxMixin.performLayout (package:flutter/src/rendering/proxy_box.dart:118:18)
#99     RenderObject.layout (package:flutter/src/rendering/object.dart:2907:7)
#100    RenderProxyBoxMixin.performLayout (package:flutter/src/rendering/proxy_box.dart:118:18)
#101    RenderCustomPaint.performLayout (package:flutter/src/rendering/custom_paint.dart:574:11)
#102    RenderObject.layout (package:flutter/src/rendering/object.dart:2907:7)
#103    RenderProxyBoxMixin.performLayout (package:flutter/src/rendering/proxy_box.dart:118:18)
#104    RenderObject.layout (package:flutter/src/rendering/object.dart:2907:7)
#105    RenderProxyBoxMixin.performLayout (package:flutter/src/rendering/proxy_box.dart:118:18)
#106    RenderObject.layout (package:flutter/src/rendering/object.dart:2907:7)
#107    RenderProxyBoxMixin.performLayout (package:flutter/src/rendering/proxy_box.dart:118:18)
#108    RenderObject.layout (package:flutter/src/rendering/object.dart:2907:7)
#109    RenderProxyBoxMixin.performLayout (package:flutter/src/rendering/proxy_box.dart:118:18)
#110    RenderObject.layout (package:flutter/src/rendering/object.dart:2907:7)
#111    RenderProxyBoxMixin.performLayout (package:flutter/src/rendering/proxy_box.dart:118:18)
#112    RenderObject.layout (package:flutter/src/rendering/object.dart:2907:7)
#113    RenderProxyBoxMixin.performLayout (package:flutter/src/rendering/proxy_box.dart:118:18)
#114    RenderObject.layout (package:flutter/src/rendering/object.dart:2907:7)
#115    RenderView.performLayout (package:flutter/src/rendering/view.dart:292:12)
#116    RenderObject._layoutWithoutResize (package:flutter/src/rendering/object.dart:2755:7)
#117    PipelineOwner.flushLayout (package:flutter/src/rendering/object.dart:1174:18)
#118    PipelineOwner.flushLayout (package:flutter/src/rendering/object.dart:1187:15)
#119    AutomatedTestWidgetsFlutterBinding.drawFrame (package:flutter_test/src/binding.dart:2433:27)
#120    RendererBinding._handlePersistentFrameCallback (package:flutter/src/rendering/binding.dart:509:5)
#121    SchedulerBinding._invokeFrameCallback (package:flutter/src/scheduler/binding.dart:1430:15)
#122    SchedulerBinding.handleDrawFrame (package:flutter/src/scheduler/binding.dart:1345:9)
#123    AutomatedTestWidgetsFlutterBinding.pump.<anonymous closure> (package:flutter_test/src/binding.dart:2260:9)
#126    TestAsyncUtils.guard (package:flutter_test/src/test_async_utils.dart:74:41)
#127    AutomatedTestWidgetsFlutterBinding.pump (package:flutter_test/src/binding.dart:2249:27)
#128    WidgetTester.pumpWidget.<anonymous closure> (package:flutter_test/src/widget_tester.dart:598:22)
#131    TestAsyncUtils.guard (package:flutter_test/src/test_async_utils.dart:74:41)
#132    WidgetTester.pumpWidget (package:flutter_test/src/widget_tester.dart:595:27)
#133    main.<anonymous closure>.<anonymous closure> (file:///Y:/AndroidStudioProject/Github/expert-project/test/presentation/pages/tv_detail_page_test.dart:67:20)
#134    testWidgets.<anonymous closure>.<anonymous closure> (package:flutter_test/src/widget_tester.dart:192:29)
<asynchronous suspension>
#135    TestWidgetsFlutterBinding._runTestBody (package:flutter_test/src/binding.dart:1952:5)
<asynchronous suspension>
<asynchronous suspension>
(elided 7 frames from class _AssertionError, dart:async, and package:stack_trace)

The following RenderObject was being processed when the exception was fired: _RenderSingleChildViewport#4660a relayoutBoundary=up10 NEEDS-LAYOUT NEEDS-PAINT NEEDS-COMPOSITING-BITS-UPDATE:
  needs compositing
  creator: _SingleChildViewport ΓåÉ IgnorePointer-[GlobalKey#7f779] ΓåÉ Semantics ΓåÉ Listener ΓåÉ
    _GestureSemantics ΓåÉ RawGestureDetector-[LabeledGlobalKey<RawGestureDetectorState>#e3ee0] ΓåÉ
    Listener ΓåÉ _ScrollableScope ΓåÉ _ScrollSemantics-[GlobalKey#64490] ΓåÉ
    NotificationListener<ScrollMetricsNotification> ΓåÉ Transform ΓåÉ StretchEffect ΓåÉ Γï»
  parentData: <none> (can use size)
  constraints: BoxConstraints(0.0<=w<=768.0, 0.0<=h<=240.0)
  size: MISSING
  offset: Offset(0.0, -0.0)
This RenderObject had the following descendants (showing up to depth 5):
    child: RenderFlex#6963e relayoutBoundary=up11 NEEDS-PAINT NEEDS-COMPOSITING-BITS-UPDATE
      child 1: RenderParagraph#330f3 relayoutBoundary=up12 NEEDS-PAINT
        text: TextSpan
      child 2: RenderSemanticsAnnotations#db8d4 relayoutBoundary=up12 NEEDS-PAINT NEEDS-COMPOSITING-BITS-UPDATE
        child: _RenderInputPadding#17178 relayoutBoundary=up13 NEEDS-PAINT NEEDS-COMPOSITING-BITS-UPDATE
          child: RenderConstrainedBox#ebbbf relayoutBoundary=up14 NEEDS-PAINT NEEDS-COMPOSITING-BITS-UPDATE
            child: RenderPhysicalShape#f6863 relayoutBoundary=up15 NEEDS-PAINT NEEDS-COMPOSITING-BITS-UPDATE
      child 3: RenderParagraph#438ce relayoutBoundary=up12 NEEDS-PAINT
        text: TextSpan
      child 4: RenderFlex#d944a relayoutBoundary=up12 NEEDS-PAINT NEEDS-COMPOSITING-BITS-UPDATE
        child 1: RenderClipRect#bb59d relayoutBoundary=up13 NEEDS-PAINT NEEDS-COMPOSITING-BITS-UPDATE
          child: RenderTransform#86000 relayoutBoundary=up14 NEEDS-PAINT NEEDS-COMPOSITING-BITS-UPDATE
            child: _RenderScrollSemantics#46ab0 relayoutBoundary=up15 NEEDS-PAINT NEEDS-COMPOSITING-BITS-UPDATE
        child 2: RenderParagraph#e8d24 relayoutBoundary=up13 NEEDS-PAINT
          text: TextSpan
      child 5: RenderConstrainedBox#3dcc5 relayoutBoundary=up12 NEEDS-PAINT
      child 6: RenderParagraph#b9fe8 relayoutBoundary=up12 NEEDS-PAINT
        text: TextSpan
      child 7: RenderParagraph#99a68 relayoutBoundary=up12 NEEDS-PAINT
        text: TextSpan
      child 8: RenderConstrainedBox#0a547 relayoutBoundary=up12 NEEDS-PAINT
      child 9: RenderParagraph#607f8 relayoutBoundary=up12 NEEDS-PAINT
        text: TextSpan
      child 10: RenderClipRect#8b5ad relayoutBoundary=up12 NEEDS-PAINT NEEDS-COMPOSITING-BITS-UPDATE
        child: RenderTransform#95169 relayoutBoundary=up13 NEEDS-PAINT NEEDS-COMPOSITING-BITS-UPDATE
          child: _RenderScrollSemantics#a829c relayoutBoundary=up14 NEEDS-PAINT NEEDS-COMPOSITING-BITS-UPDATE
            child: RenderPointerListener#5f986 relayoutBoundary=up15 NEEDS-PAINT NEEDS-COMPOSITING-BITS-UPDATE
ΓòÉΓòÉΓòÉΓòÉΓòÉΓòÉΓòÉΓòÉΓòÉΓòÉΓòÉΓòÉΓòÉΓòÉΓòÉΓòÉΓòÉΓòÉΓòÉΓòÉΓòÉΓòÉΓòÉΓòÉΓòÉΓòÉΓòÉΓòÉΓòÉΓòÉΓòÉΓòÉΓòÉΓòÉΓòÉΓòÉΓòÉΓòÉΓòÉΓòÉΓòÉΓòÉΓòÉΓòÉΓòÉΓòÉΓòÉΓòÉΓòÉΓòÉΓòÉΓòÉΓòÉΓòÉΓòÉΓòÉΓòÉΓòÉΓòÉΓòÉΓòÉΓòÉΓòÉΓòÉΓòÉΓòÉΓòÉΓòÉΓòÉΓòÉΓòÉΓòÉΓòÉΓòÉΓòÉΓòÉΓòÉΓòÉΓòÉΓòÉΓòÉΓòÉΓòÉΓòÉΓòÉΓòÉΓòÉΓòÉΓòÉΓòÉΓòÉΓòÉΓòÉΓòÉΓòÉΓòÉΓòÉΓòÉΓòÉΓòÉ
ΓòÉΓòÉΓòí EXCEPTION CAUGHT BY RENDERING LIBRARY Γò₧ΓòÉΓòÉΓòÉΓòÉΓòÉΓòÉΓòÉΓòÉΓòÉΓòÉΓòÉΓòÉΓòÉΓòÉΓòÉΓòÉΓòÉΓòÉΓòÉΓòÉΓòÉΓòÉΓòÉΓòÉΓòÉΓòÉΓòÉΓòÉΓòÉΓòÉΓòÉΓòÉΓòÉΓòÉΓòÉΓòÉΓòÉΓòÉΓòÉΓòÉΓòÉΓòÉΓòÉΓòÉΓòÉΓòÉΓòÉΓòÉΓòÉΓòÉΓòÉΓòÉΓòÉΓòÉΓòÉΓòÉΓòÉ
The following assertion was thrown during performLayout():
RenderBox was not laid out: _RenderSingleChildViewport#4660a relayoutBoundary=up10 NEEDS-PAINT
NEEDS-COMPOSITING-BITS-UPDATE
'package:flutter/src/rendering/box.dart':
Failed assertion: line 2251 pos 12: 'hasSize'

Either the assertion indicates an error in the framework itself, or we should provide substantially
more information in this error message to help you determine and fix the underlying cause.
In either case, please report this assertion by filing a bug on GitHub:
  https://github.com/flutter/flutter/issues/new?template=02_bug.yml

The relevant error-causing widget was:
  SingleChildScrollView
  SingleChildScrollView:file:///Y:/AndroidStudioProject/Github/expert-project/lib/presentation/pages/tv_detail_page.dart:100:30

When the exception was thrown, this was the stack:
#2      RenderBox.size (package:flutter/src/rendering/box.dart:2251:12)
#3      RenderProxyBoxMixin.performLayout (package:flutter/src/rendering/proxy_box.dart:118:62)
#4      RenderObject.layout (package:flutter/src/rendering/object.dart:2907:7)
#5      RenderProxyBoxMixin.performLayout (package:flutter/src/rendering/proxy_box.dart:118:18)
#6      RenderObject.layout (package:flutter/src/rendering/object.dart:2907:7)
#7      RenderProxyBoxMixin.performLayout (package:flutter/src/rendering/proxy_box.dart:118:18)
#8      RenderObject.layout (package:flutter/src/rendering/object.dart:2907:7)
#9      RenderProxyBoxMixin.performLayout (package:flutter/src/rendering/proxy_box.dart:118:18)
#10     RenderObject.layout (package:flutter/src/rendering/object.dart:2907:7)
#11     RenderProxyBoxMixin.performLayout (package:flutter/src/rendering/proxy_box.dart:118:18)
#12     RenderObject.layout (package:flutter/src/rendering/object.dart:2907:7)
#13     RenderProxyBoxMixin.performLayout (package:flutter/src/rendering/proxy_box.dart:118:18)
#14     RenderObject.layout (package:flutter/src/rendering/object.dart:2907:7)
#15     RenderProxyBoxMixin.performLayout (package:flutter/src/rendering/proxy_box.dart:118:18)
#16     RenderObject.layout (package:flutter/src/rendering/object.dart:2907:7)
#17     RenderProxyBoxMixin.performLayout (package:flutter/src/rendering/proxy_box.dart:118:18)
#18     _RenderCustomClip.performLayout (package:flutter/src/rendering/proxy_box.dart:1549:11)
#19     RenderObject.layout (package:flutter/src/rendering/object.dart:2907:7)
#20     RenderPadding.performLayout (package:flutter/src/rendering/shifted_box.dart:262:12)
#21     RenderObject.layout (package:flutter/src/rendering/object.dart:2907:7)
#22     ChildLayoutHelper.layoutChild (package:flutter/src/rendering/layout_helper.dart:62:11)
#23     RenderStack._computeSize (package:flutter/src/rendering/stack.dart:647:43)
#24     RenderStack.performLayout (package:flutter/src/rendering/stack.dart:682:12)
#25     RenderObject.layout (package:flutter/src/rendering/object.dart:2907:7)
#26     RenderPadding.performLayout (package:flutter/src/rendering/shifted_box.dart:262:12)
#27     RenderObject.layout (package:flutter/src/rendering/object.dart:2907:7)
#28     RenderProxyBoxMixin.performLayout (package:flutter/src/rendering/proxy_box.dart:118:18)
#29     RenderObject.layout (package:flutter/src/rendering/object.dart:2907:7)
#30     RenderFractionallySizedOverflowBox.performLayout (package:flutter/src/rendering/shifted_box.dart:1298:14)
#31     RenderObject.layout (package:flutter/src/rendering/object.dart:2907:7)
#32     RenderConstrainedBox.performLayout (package:flutter/src/rendering/proxy_box.dart:296:14)
#33     RenderObject.layout (package:flutter/src/rendering/object.dart:2907:7)
#34     _RenderLayoutBuilder.performLayout (package:flutter/src/widgets/layout_builder.dart:449:14)
#35     RenderObject.layout (package:flutter/src/rendering/object.dart:2907:7)
#36     RenderPadding.performLayout (package:flutter/src/rendering/shifted_box.dart:262:12)
#37     RenderObject.layout (package:flutter/src/rendering/object.dart:2907:7)
#38     ChildLayoutHelper.layoutChild (package:flutter/src/rendering/layout_helper.dart:62:11)
#39     RenderStack._computeSize (package:flutter/src/rendering/stack.dart:647:43)
#40     RenderStack.performLayout (package:flutter/src/rendering/stack.dart:682:12)
#41     RenderObject.layout (package:flutter/src/rendering/object.dart:2907:7)
#42     RenderPadding.performLayout (package:flutter/src/rendering/shifted_box.dart:262:12)
#43     RenderObject.layout (package:flutter/src/rendering/object.dart:2907:7)
#44     MultiChildLayoutDelegate.layoutChild (package:flutter/src/rendering/custom_layout.dart:180:12)
#45     _ScaffoldLayout.performLayout (package:flutter/src/material/scaffold.dart:1113:7)
#46     MultiChildLayoutDelegate._callPerformLayout (package:flutter/src/rendering/custom_layout.dart:246:7)
#47     RenderCustomMultiChildLayoutBox.performLayout (package:flutter/src/rendering/custom_layout.dart:417:14)
#48     RenderObject.layout (package:flutter/src/rendering/object.dart:2907:7)
#49     RenderProxyBoxMixin.performLayout (package:flutter/src/rendering/proxy_box.dart:118:18)
#50     RenderObject.layout (package:flutter/src/rendering/object.dart:2907:7)
#51     RenderProxyBoxMixin.performLayout (package:flutter/src/rendering/proxy_box.dart:118:18)
#52     _RenderCustomClip.performLayout (package:flutter/src/rendering/proxy_box.dart:1549:11)
#53     RenderObject.layout (package:flutter/src/rendering/object.dart:2907:7)
#54     RenderProxyBoxMixin.performLayout (package:flutter/src/rendering/proxy_box.dart:118:18)
#55     RenderObject.layout (package:flutter/src/rendering/object.dart:2907:7)
#56     RenderProxyBoxMixin.performLayout (package:flutter/src/rendering/proxy_box.dart:118:18)
#57     RenderObject.layout (package:flutter/src/rendering/object.dart:2907:7)
#58     RenderProxyBoxMixin.performLayout (package:flutter/src/rendering/proxy_box.dart:118:18)
#59     RenderObject.layout (package:flutter/src/rendering/object.dart:2907:7)
#60     RenderProxyBoxMixin.performLayout (package:flutter/src/rendering/proxy_box.dart:118:18)
#61     RenderObject.layout (package:flutter/src/rendering/object.dart:2907:7)
#62     RenderProxyBoxMixin.performLayout (package:flutter/src/rendering/proxy_box.dart:118:18)
#63     RenderObject.layout (package:flutter/src/rendering/object.dart:2907:7)
#64     RenderProxyBoxMixin.performLayout (package:flutter/src/rendering/proxy_box.dart:118:18)
#65     RenderObject.layout (package:flutter/src/rendering/object.dart:2907:7)
#66     RenderProxyBoxMixin.performLayout (package:flutter/src/rendering/proxy_box.dart:118:18)
#67     RenderObject.layout (package:flutter/src/rendering/object.dart:2907:7)
#68     RenderProxyBoxMixin.performLayout (package:flutter/src/rendering/proxy_box.dart:118:18)
#69     RenderObject.layout (package:flutter/src/rendering/object.dart:2907:7)
#70     RenderProxyBoxMixin.performLayout (package:flutter/src/rendering/proxy_box.dart:118:18)
#71     RenderObject.layout (package:flutter/src/rendering/object.dart:2907:7)
#72     RenderProxyBoxMixin.performLayout (package:flutter/src/rendering/proxy_box.dart:118:18)
#73     RenderObject.layout (package:flutter/src/rendering/object.dart:2907:7)
#74     RenderProxyBoxMixin.performLayout (package:flutter/src/rendering/proxy_box.dart:118:18)
#75     RenderObject.layout (package:flutter/src/rendering/object.dart:2907:7)
#76     RenderProxyBoxMixin.performLayout (package:flutter/src/rendering/proxy_box.dart:118:18)
#77     RenderObject.layout (package:flutter/src/rendering/object.dart:2907:7)
#78     RenderProxyBoxMixin.performLayout (package:flutter/src/rendering/proxy_box.dart:118:18)
#79     RenderObject.layout (package:flutter/src/rendering/object.dart:2907:7)
#80     RenderProxyBoxMixin.performLayout (package:flutter/src/rendering/proxy_box.dart:118:18)
#81     RenderObject.layout (package:flutter/src/rendering/object.dart:2907:7)
#82     RenderProxyBoxMixin.performLayout (package:flutter/src/rendering/proxy_box.dart:118:18)
#83     RenderObject.layout (package:flutter/src/rendering/object.dart:2907:7)
#84     RenderProxyBoxMixin.performLayout (package:flutter/src/rendering/proxy_box.dart:118:18)
#85     RenderOffstage.performLayout (package:flutter/src/rendering/proxy_box.dart:3923:13)
#86     RenderObject.layout (package:flutter/src/rendering/object.dart:2907:7)
#87     RenderProxyBoxMixin.performLayout (package:flutter/src/rendering/proxy_box.dart:118:18)
#88     RenderObject.layout (package:flutter/src/rendering/object.dart:2907:7)
#89     _RenderTheaterMixin.layoutChild (package:flutter/src/widgets/overlay.dart:1124:13)
#90     _RenderTheater.performLayout (package:flutter/src/widgets/overlay.dart:1481:9)
#91     RenderObject.layout (package:flutter/src/rendering/object.dart:2907:7)
#92     RenderProxyBoxMixin.performLayout (package:flutter/src/rendering/proxy_box.dart:118:18)
#93     RenderObject.layout (package:flutter/src/rendering/object.dart:2907:7)
#94     RenderProxyBoxMixin.performLayout (package:flutter/src/rendering/proxy_box.dart:118:18)
#95     RenderObject.layout (package:flutter/src/rendering/object.dart:2907:7)
#96     RenderProxyBoxMixin.performLayout (package:flutter/src/rendering/proxy_box.dart:118:18)
#97     RenderObject.layout (package:flutter/src/rendering/object.dart:2907:7)
#98     RenderProxyBoxMixin.performLayout (package:flutter/src/rendering/proxy_box.dart:118:18)
#99     RenderCustomPaint.performLayout (package:flutter/src/rendering/custom_paint.dart:574:11)
#100    RenderObject.layout (package:flutter/src/rendering/object.dart:2907:7)
#101    RenderProxyBoxMixin.performLayout (package:flutter/src/rendering/proxy_box.dart:118:18)
#102    RenderObject.layout (package:flutter/src/rendering/object.dart:2907:7)
#103    RenderProxyBoxMixin.performLayout (package:flutter/src/rendering/proxy_box.dart:118:18)
#104    RenderObject.layout (package:flutter/src/rendering/object.dart:2907:7)
#105    RenderProxyBoxMixin.performLayout (package:flutter/src/rendering/proxy_box.dart:118:18)
#106    RenderObject.layout (package:flutter/src/rendering/object.dart:2907:7)
#107    RenderProxyBoxMixin.performLayout (package:flutter/src/rendering/proxy_box.dart:118:18)
#108    RenderObject.layout (package:flutter/src/rendering/object.dart:2907:7)
#109    RenderProxyBoxMixin.performLayout (package:flutter/src/rendering/proxy_box.dart:118:18)
#110    RenderObject.layout (package:flutter/src/rendering/object.dart:2907:7)
#111    RenderProxyBoxMixin.performLayout (package:flutter/src/rendering/proxy_box.dart:118:18)
#112    RenderObject.layout (package:flutter/src/rendering/object.dart:2907:7)
#113    RenderView.performLayout (package:flutter/src/rendering/view.dart:292:12)
#114    RenderObject._layoutWithoutResize (package:flutter/src/rendering/object.dart:2755:7)
#115    PipelineOwner.flushLayout (package:flutter/src/rendering/object.dart:1174:18)
#116    PipelineOwner.flushLayout (package:flutter/src/rendering/object.dart:1187:15)
#117    AutomatedTestWidgetsFlutterBinding.drawFrame (package:flutter_test/src/binding.dart:2433:27)
#118    RendererBinding._handlePersistentFrameCallback (package:flutter/src/rendering/binding.dart:509:5)
#119    SchedulerBinding._invokeFrameCallback (package:flutter/src/scheduler/binding.dart:1430:15)
#120    SchedulerBinding.handleDrawFrame (package:flutter/src/scheduler/binding.dart:1345:9)
#121    AutomatedTestWidgetsFlutterBinding.pump.<anonymous closure> (package:flutter_test/src/binding.dart:2260:9)
#124    TestAsyncUtils.guard (package:flutter_test/src/test_async_utils.dart:74:41)
#125    AutomatedTestWidgetsFlutterBinding.pump (package:flutter_test/src/binding.dart:2249:27)
#126    WidgetTester.pumpWidget.<anonymous closure> (package:flutter_test/src/widget_tester.dart:598:22)
#129    TestAsyncUtils.guard (package:flutter_test/src/test_async_utils.dart:74:41)
#130    WidgetTester.pumpWidget (package:flutter_test/src/widget_tester.dart:595:27)
#131    main.<anonymous closure>.<anonymous closure> (file:///Y:/AndroidStudioProject/Github/expert-project/test/presentation/pages/tv_detail_page_test.dart:67:20)
#132    testWidgets.<anonymous closure>.<anonymous closure> (package:flutter_test/src/widget_tester.dart:192:29)
<asynchronous suspension>
#133    TestWidgetsFlutterBinding._runTestBody (package:flutter_test/src/binding.dart:1952:5)
<asynchronous suspension>
<asynchronous suspension>
(elided 7 frames from class _AssertionError, dart:async, and package:stack_trace)

The following RenderObject was being processed when the exception was fired: RenderIgnorePointer#7c7e5 relayoutBoundary=up9 NEEDS-LAYOUT NEEDS-PAINT NEEDS-COMPOSITING-BITS-UPDATE:
  creator: IgnorePointer-[GlobalKey#7f779] ΓåÉ Semantics ΓåÉ Listener ΓåÉ _GestureSemantics ΓåÉ
    RawGestureDetector-[LabeledGlobalKey<RawGestureDetectorState>#e3ee0] ΓåÉ Listener ΓåÉ _ScrollableScope
    ΓåÉ _ScrollSemantics-[GlobalKey#64490] ΓåÉ NotificationListener<ScrollMetricsNotification> ΓåÉ Transform
    ΓåÉ StretchEffect ΓåÉ ClipRect ΓåÉ Γï»
  parentData: <none> (can use size)
  constraints: BoxConstraints(0.0<=w<=768.0, 0.0<=h<=240.0)
  size: MISSING
  ignoring: false
  ignoringSemantics: null
This RenderObject had the following descendants (showing up to depth 5):
    child: _RenderSingleChildViewport#4660a relayoutBoundary=up10 NEEDS-PAINT NEEDS-COMPOSITING-BITS-UPDATE
      child: RenderFlex#6963e relayoutBoundary=up11 NEEDS-PAINT NEEDS-COMPOSITING-BITS-UPDATE
        child 1: RenderParagraph#330f3 relayoutBoundary=up12 NEEDS-PAINT
          text: TextSpan
        child 2: RenderSemanticsAnnotations#db8d4 relayoutBoundary=up12 NEEDS-PAINT NEEDS-COMPOSITING-BITS-UPDATE
          child: _RenderInputPadding#17178 relayoutBoundary=up13 NEEDS-PAINT NEEDS-COMPOSITING-BITS-UPDATE
            child: RenderConstrainedBox#ebbbf relayoutBoundary=up14 NEEDS-PAINT NEEDS-COMPOSITING-BITS-UPDATE
        child 3: RenderParagraph#438ce relayoutBoundary=up12 NEEDS-PAINT
          text: TextSpan
        child 4: RenderFlex#d944a relayoutBoundary=up12 NEEDS-PAINT NEEDS-COMPOSITING-BITS-UPDATE
          child 1: RenderClipRect#bb59d relayoutBoundary=up13 NEEDS-PAINT NEEDS-COMPOSITING-BITS-UPDATE
            child: RenderTransform#86000 relayoutBoundary=up14 NEEDS-PAINT NEEDS-COMPOSITING-BITS-UPDATE
          child 2: RenderParagraph#e8d24 relayoutBoundary=up13 NEEDS-PAINT
            text: TextSpan
        child 5: RenderConstrainedBox#3dcc5 relayoutBoundary=up12 NEEDS-PAINT
        child 6: RenderParagraph#b9fe8 relayoutBoundary=up12 NEEDS-PAINT
          text: TextSpan
        child 7: RenderParagraph#99a68 relayoutBoundary=up12 NEEDS-PAINT
          text: TextSpan
        child 8: RenderConstrainedBox#0a547 relayoutBoundary=up12 NEEDS-PAINT
        child 9: RenderParagraph#607f8 relayoutBoundary=up12 NEEDS-PAINT
          text: TextSpan
        child 10: RenderClipRect#8b5ad relayoutBoundary=up12 NEEDS-PAINT NEEDS-COMPOSITING-BITS-UPDATE
          child: RenderTransform#95169 relayoutBoundary=up13 NEEDS-PAINT NEEDS-COMPOSITING-BITS-UPDATE
            child: _RenderScrollSemantics#a829c relayoutBoundary=up14 NEEDS-PAINT NEEDS-COMPOSITING-BITS-UPDATE
        child 11: RenderConstrainedBox#9bacf NEEDS-LAYOUT NEEDS-PAINT
        child 12: RenderParagraph#71f02 NEEDS-LAYOUT NEEDS-PAINT
          text: TextSpan
ΓòÉΓòÉΓòÉΓòÉΓòÉΓòÉΓòÉΓòÉΓòÉΓòÉΓòÉΓòÉΓòÉΓòÉΓòÉΓòÉΓòÉΓòÉΓòÉΓòÉΓòÉΓòÉΓòÉΓòÉΓòÉΓòÉΓòÉΓòÉΓòÉΓòÉΓòÉΓòÉΓòÉΓòÉΓòÉΓòÉΓòÉΓòÉΓòÉΓòÉΓòÉΓòÉΓòÉΓòÉΓòÉΓòÉΓòÉΓòÉΓòÉΓòÉΓòÉΓòÉΓòÉΓòÉΓòÉΓòÉΓòÉΓòÉΓòÉΓòÉΓòÉΓòÉΓòÉΓòÉΓòÉΓòÉΓòÉΓòÉΓòÉΓòÉΓòÉΓòÉΓòÉΓòÉΓòÉΓòÉΓòÉΓòÉΓòÉΓòÉΓòÉΓòÉΓòÉΓòÉΓòÉΓòÉΓòÉΓòÉΓòÉΓòÉΓòÉΓòÉΓòÉΓòÉΓòÉΓòÉΓòÉΓòÉΓòÉΓòÉ
ΓòÉΓòÉΓòí EXCEPTION CAUGHT BY RENDERING LIBRARY Γò₧ΓòÉΓòÉΓòÉΓòÉΓòÉΓòÉΓòÉΓòÉΓòÉΓòÉΓòÉΓòÉΓòÉΓòÉΓòÉΓòÉΓòÉΓòÉΓòÉΓòÉΓòÉΓòÉΓòÉΓòÉΓòÉΓòÉΓòÉΓòÉΓòÉΓòÉΓòÉΓòÉΓòÉΓòÉΓòÉΓòÉΓòÉΓòÉΓòÉΓòÉΓòÉΓòÉΓòÉΓòÉΓòÉΓòÉΓòÉΓòÉΓòÉΓòÉΓòÉΓòÉΓòÉΓòÉΓòÉΓòÉΓòÉ
The following assertion was thrown during performLayout():
RenderBox was not laid out: RenderIgnorePointer#7c7e5 relayoutBoundary=up9 NEEDS-PAINT
NEEDS-COMPOSITING-BITS-UPDATE
'package:flutter/src/rendering/box.dart':
Failed assertion: line 2251 pos 12: 'hasSize'

Either the assertion indicates an error in the framework itself, or we should provide substantially
more information in this error message to help you determine and fix the underlying cause.
In either case, please report this assertion by filing a bug on GitHub:
  https://github.com/flutter/flutter/issues/new?template=02_bug.yml

The relevant error-causing widget was:
  SingleChildScrollView
  SingleChildScrollView:file:///Y:/AndroidStudioProject/Github/expert-project/lib/presentation/pages/tv_detail_page.dart:100:30

When the exception was thrown, this was the stack:
#2      RenderBox.size (package:flutter/src/rendering/box.dart:2251:12)
#3      RenderProxyBoxMixin.performLayout (package:flutter/src/rendering/proxy_box.dart:118:62)
#4      RenderObject.layout (package:flutter/src/rendering/object.dart:2907:7)
#5      RenderProxyBoxMixin.performLayout (package:flutter/src/rendering/proxy_box.dart:118:18)
#6      RenderObject.layout (package:flutter/src/rendering/object.dart:2907:7)
#7      RenderProxyBoxMixin.performLayout (package:flutter/src/rendering/proxy_box.dart:118:18)
#8      RenderObject.layout (package:flutter/src/rendering/object.dart:2907:7)
#9      RenderProxyBoxMixin.performLayout (package:flutter/src/rendering/proxy_box.dart:118:18)
#10     RenderObject.layout (package:flutter/src/rendering/object.dart:2907:7)
#11     RenderProxyBoxMixin.performLayout (package:flutter/src/rendering/proxy_box.dart:118:18)
#12     RenderObject.layout (package:flutter/src/rendering/object.dart:2907:7)
#13     RenderProxyBoxMixin.performLayout (package:flutter/src/rendering/proxy_box.dart:118:18)
#14     RenderObject.layout (package:flutter/src/rendering/object.dart:2907:7)
#15     RenderProxyBoxMixin.performLayout (package:flutter/src/rendering/proxy_box.dart:118:18)
#16     _RenderCustomClip.performLayout (package:flutter/src/rendering/proxy_box.dart:1549:11)
#17     RenderObject.layout (package:flutter/src/rendering/object.dart:2907:7)
#18     RenderPadding.performLayout (package:flutter/src/rendering/shifted_box.dart:262:12)
#19     RenderObject.layout (package:flutter/src/rendering/object.dart:2907:7)
#20     ChildLayoutHelper.layoutChild (package:flutter/src/rendering/layout_helper.dart:62:11)
#21     RenderStack._computeSize (package:flutter/src/rendering/stack.dart:647:43)
#22     RenderStack.performLayout (package:flutter/src/rendering/stack.dart:682:12)
#23     RenderObject.layout (package:flutter/src/rendering/object.dart:2907:7)
#24     RenderPadding.performLayout (package:flutter/src/rendering/shifted_box.dart:262:12)
#25     RenderObject.layout (package:flutter/src/rendering/object.dart:2907:7)
#26     RenderProxyBoxMixin.performLayout (package:flutter/src/rendering/proxy_box.dart:118:18)
#27     RenderObject.layout (package:flutter/src/rendering/object.dart:2907:7)
#28     RenderFractionallySizedOverflowBox.performLayout (package:flutter/src/rendering/shifted_box.dart:1298:14)
#29     RenderObject.layout (package:flutter/src/rendering/object.dart:2907:7)
#30     RenderConstrainedBox.performLayout (package:flutter/src/rendering/proxy_box.dart:296:14)
#31     RenderObject.layout (package:flutter/src/rendering/object.dart:2907:7)
#32     _RenderLayoutBuilder.performLayout (package:flutter/src/widgets/layout_builder.dart:449:14)
#33     RenderObject.layout (package:flutter/src/rendering/object.dart:2907:7)
#34     RenderPadding.performLayout (package:flutter/src/rendering/shifted_box.dart:262:12)
#35     RenderObject.layout (package:flutter/src/rendering/object.dart:2907:7)
#36     ChildLayoutHelper.layoutChild (package:flutter/src/rendering/layout_helper.dart:62:11)
#37     RenderStack._computeSize (package:flutter/src/rendering/stack.dart:647:43)
#38     RenderStack.performLayout (package:flutter/src/rendering/stack.dart:682:12)
#39     RenderObject.layout (package:flutter/src/rendering/object.dart:2907:7)
#40     RenderPadding.performLayout (package:flutter/src/rendering/shifted_box.dart:262:12)
#41     RenderObject.layout (package:flutter/src/rendering/object.dart:2907:7)
#42     MultiChildLayoutDelegate.layoutChild (package:flutter/src/rendering/custom_layout.dart:180:12)
#43     _ScaffoldLayout.performLayout (package:flutter/src/material/scaffold.dart:1113:7)
#44     MultiChildLayoutDelegate._callPerformLayout (package:flutter/src/rendering/custom_layout.dart:246:7)
#45     RenderCustomMultiChildLayoutBox.performLayout (package:flutter/src/rendering/custom_layout.dart:417:14)
#46     RenderObject.layout (package:flutter/src/rendering/object.dart:2907:7)
#47     RenderProxyBoxMixin.performLayout (package:flutter/src/rendering/proxy_box.dart:118:18)
#48     RenderObject.layout (package:flutter/src/rendering/object.dart:2907:7)
#49     RenderProxyBoxMixin.performLayout (package:flutter/src/rendering/proxy_box.dart:118:18)
#50     _RenderCustomClip.performLayout (package:flutter/src/rendering/proxy_box.dart:1549:11)
#51     RenderObject.layout (package:flutter/src/rendering/object.dart:2907:7)
#52     RenderProxyBoxMixin.performLayout (package:flutter/src/rendering/proxy_box.dart:118:18)
#53     RenderObject.layout (package:flutter/src/rendering/object.dart:2907:7)
#54     RenderProxyBoxMixin.performLayout (package:flutter/src/rendering/proxy_box.dart:118:18)
#55     RenderObject.layout (package:flutter/src/rendering/object.dart:2907:7)
#56     RenderProxyBoxMixin.performLayout (package:flutter/src/rendering/proxy_box.dart:118:18)
#57     RenderObject.layout (package:flutter/src/rendering/object.dart:2907:7)
#58     RenderProxyBoxMixin.performLayout (package:flutter/src/rendering/proxy_box.dart:118:18)
#59     RenderObject.layout (package:flutter/src/rendering/object.dart:2907:7)
#60     RenderProxyBoxMixin.performLayout (package:flutter/src/rendering/proxy_box.dart:118:18)
#61     RenderObject.layout (package:flutter/src/rendering/object.dart:2907:7)
#62     RenderProxyBoxMixin.performLayout (package:flutter/src/rendering/proxy_box.dart:118:18)
#63     RenderObject.layout (package:flutter/src/rendering/object.dart:2907:7)
#64     RenderProxyBoxMixin.performLayout (package:flutter/src/rendering/proxy_box.dart:118:18)
#65     RenderObject.layout (package:flutter/src/rendering/object.dart:2907:7)
#66     RenderProxyBoxMixin.performLayout (package:flutter/src/rendering/proxy_box.dart:118:18)
#67     RenderObject.layout (package:flutter/src/rendering/object.dart:2907:7)
#68     RenderProxyBoxMixin.performLayout (package:flutter/src/rendering/proxy_box.dart:118:18)
#69     RenderObject.layout (package:flutter/src/rendering/object.dart:2907:7)
#70     RenderProxyBoxMixin.performLayout (package:flutter/src/rendering/proxy_box.dart:118:18)
#71     RenderObject.layout (package:flutter/src/rendering/object.dart:2907:7)
#72     RenderProxyBoxMixin.performLayout (package:flutter/src/rendering/proxy_box.dart:118:18)
#73     RenderObject.layout (package:flutter/src/rendering/object.dart:2907:7)
#74     RenderProxyBoxMixin.performLayout (package:flutter/src/rendering/proxy_box.dart:118:18)
#75     RenderObject.layout (package:flutter/src/rendering/object.dart:2907:7)
#76     RenderProxyBoxMixin.performLayout (package:flutter/src/rendering/proxy_box.dart:118:18)
#77     RenderObject.layout (package:flutter/src/rendering/object.dart:2907:7)
#78     RenderProxyBoxMixin.performLayout (package:flutter/src/rendering/proxy_box.dart:118:18)
#79     RenderObject.layout (package:flutter/src/rendering/object.dart:2907:7)
#80     RenderProxyBoxMixin.performLayout (package:flutter/src/rendering/proxy_box.dart:118:18)
#81     RenderObject.layout (package:flutter/src/rendering/object.dart:2907:7)
#82     RenderProxyBoxMixin.performLayout (package:flutter/src/rendering/proxy_box.dart:118:18)
#83     RenderOffstage.performLayout (package:flutter/src/rendering/proxy_box.dart:3923:13)
#84     RenderObject.layout (package:flutter/src/rendering/object.dart:2907:7)
#85     RenderProxyBoxMixin.performLayout (package:flutter/src/rendering/proxy_box.dart:118:18)
#86     RenderObject.layout (package:flutter/src/rendering/object.dart:2907:7)
#87     _RenderTheaterMixin.layoutChild (package:flutter/src/widgets/overlay.dart:1124:13)
#88     _RenderTheater.performLayout (package:flutter/src/widgets/overlay.dart:1481:9)
#89     RenderObject.layout (package:flutter/src/rendering/object.dart:2907:7)
#90     RenderProxyBoxMixin.performLayout (package:flutter/src/rendering/proxy_box.dart:118:18)
#91     RenderObject.layout (package:flutter/src/rendering/object.dart:2907:7)
#92     RenderProxyBoxMixin.performLayout (package:flutter/src/rendering/proxy_box.dart:118:18)
#93     RenderObject.layout (package:flutter/src/rendering/object.dart:2907:7)
#94     RenderProxyBoxMixin.performLayout (package:flutter/src/rendering/proxy_box.dart:118:18)
#95     RenderObject.layout (package:flutter/src/rendering/object.dart:2907:7)
#96     RenderProxyBoxMixin.performLayout (package:flutter/src/rendering/proxy_box.dart:118:18)
#97     RenderCustomPaint.performLayout (package:flutter/src/rendering/custom_paint.dart:574:11)
#98     RenderObject.layout (package:flutter/src/rendering/object.dart:2907:7)
#99     RenderProxyBoxMixin.performLayout (package:flutter/src/rendering/proxy_box.dart:118:18)
#100    RenderObject.layout (package:flutter/src/rendering/object.dart:2907:7)
#101    RenderProxyBoxMixin.performLayout (package:flutter/src/rendering/proxy_box.dart:118:18)
#102    RenderObject.layout (package:flutter/src/rendering/object.dart:2907:7)
#103    RenderProxyBoxMixin.performLayout (package:flutter/src/rendering/proxy_box.dart:118:18)
#104    RenderObject.layout (package:flutter/src/rendering/object.dart:2907:7)
#105    RenderProxyBoxMixin.performLayout (package:flutter/src/rendering/proxy_box.dart:118:18)
#106    RenderObject.layout (package:flutter/src/rendering/object.dart:2907:7)
#107    RenderProxyBoxMixin.performLayout (package:flutter/src/rendering/proxy_box.dart:118:18)
#108    RenderObject.layout (package:flutter/src/rendering/object.dart:2907:7)
#109    RenderProxyBoxMixin.performLayout (package:flutter/src/rendering/proxy_box.dart:118:18)
#110    RenderObject.layout (package:flutter/src/rendering/object.dart:2907:7)
#111    RenderView.performLayout (package:flutter/src/rendering/view.dart:292:12)
#112    RenderObject._layoutWithoutResize (package:flutter/src/rendering/object.dart:2755:7)
#113    PipelineOwner.flushLayout (package:flutter/src/rendering/object.dart:1174:18)
#114    PipelineOwner.flushLayout (package:flutter/src/rendering/object.dart:1187:15)
#115    AutomatedTestWidgetsFlutterBinding.drawFrame (package:flutter_test/src/binding.dart:2433:27)
#116    RendererBinding._handlePersistentFrameCallback (package:flutter/src/rendering/binding.dart:509:5)
#117    SchedulerBinding._invokeFrameCallback (package:flutter/src/scheduler/binding.dart:1430:15)
#118    SchedulerBinding.handleDrawFrame (package:flutter/src/scheduler/binding.dart:1345:9)
#119    AutomatedTestWidgetsFlutterBinding.pump.<anonymous closure> (package:flutter_test/src/binding.dart:2260:9)
#122    TestAsyncUtils.guard (package:flutter_test/src/test_async_utils.dart:74:41)
#123    AutomatedTestWidgetsFlutterBinding.pump (package:flutter_test/src/binding.dart:2249:27)
#124    WidgetTester.pumpWidget.<anonymous closure> (package:flutter_test/src/widget_tester.dart:598:22)
#127    TestAsyncUtils.guard (package:flutter_test/src/test_async_utils.dart:74:41)
#128    WidgetTester.pumpWidget (package:flutter_test/src/widget_tester.dart:595:27)
#129    main.<anonymous closure>.<anonymous closure> (file:///Y:/AndroidStudioProject/Github/expert-project/test/presentation/pages/tv_detail_page_test.dart:67:20)
#130    testWidgets.<anonymous closure>.<anonymous closure> (package:flutter_test/src/widget_tester.dart:192:29)
<asynchronous suspension>
#131    TestWidgetsFlutterBinding._runTestBody (package:flutter_test/src/binding.dart:1952:5)
<asynchronous suspension>
<asynchronous suspension>
(elided 7 frames from class _AssertionError, dart:async, and package:stack_trace)

The following RenderObject was being processed when the exception was fired: RenderSemanticsAnnotations#dabbe relayoutBoundary=up8 NEEDS-LAYOUT NEEDS-PAINT NEEDS-COMPOSITING-BITS-UPDATE:
  creator: Semantics ΓåÉ Listener ΓåÉ _GestureSemantics ΓåÉ
    RawGestureDetector-[LabeledGlobalKey<RawGestureDetectorState>#e3ee0] ΓåÉ Listener ΓåÉ _ScrollableScope
    ΓåÉ _ScrollSemantics-[GlobalKey#64490] ΓåÉ NotificationListener<ScrollMetricsNotification> ΓåÉ Transform
    ΓåÉ StretchEffect ΓåÉ ClipRect ΓåÉ AnimatedBuilder ΓåÉ Γï»
  parentData: <none> (can use size)
  constraints: BoxConstraints(0.0<=w<=768.0, 0.0<=h<=240.0)
  size: MISSING
This RenderObject had the following descendants (showing up to depth 5):
    child: RenderIgnorePointer#7c7e5 relayoutBoundary=up9 NEEDS-PAINT NEEDS-COMPOSITING-BITS-UPDATE
      child: _RenderSingleChildViewport#4660a relayoutBoundary=up10 NEEDS-PAINT NEEDS-COMPOSITING-BITS-UPDATE
        child: RenderFlex#6963e relayoutBoundary=up11 NEEDS-PAINT NEEDS-COMPOSITING-BITS-UPDATE
          child 1: RenderParagraph#330f3 relayoutBoundary=up12 NEEDS-PAINT
            text: TextSpan
          child 2: RenderSemanticsAnnotations#db8d4 relayoutBoundary=up12 NEEDS-PAINT NEEDS-COMPOSITING-BITS-UPDATE
            child: _RenderInputPadding#17178 relayoutBoundary=up13 NEEDS-PAINT NEEDS-COMPOSITING-BITS-UPDATE
          child 3: RenderParagraph#438ce relayoutBoundary=up12 NEEDS-PAINT
            text: TextSpan
          child 4: RenderFlex#d944a relayoutBoundary=up12 NEEDS-PAINT NEEDS-COMPOSITING-BITS-UPDATE
            child 1: RenderClipRect#bb59d relayoutBoundary=up13 NEEDS-PAINT NEEDS-COMPOSITING-BITS-UPDATE
            child 2: RenderParagraph#e8d24 relayoutBoundary=up13 NEEDS-PAINT
          child 5: RenderConstrainedBox#3dcc5 relayoutBoundary=up12 NEEDS-PAINT
          child 6: RenderParagraph#b9fe8 relayoutBoundary=up12 NEEDS-PAINT
            text: TextSpan
          child 7: RenderParagraph#99a68 relayoutBoundary=up12 NEEDS-PAINT
            text: TextSpan
          child 8: RenderConstrainedBox#0a547 relayoutBoundary=up12 NEEDS-PAINT
          child 9: RenderParagraph#607f8 relayoutBoundary=up12 NEEDS-PAINT
            text: TextSpan
          child 10: RenderClipRect#8b5ad relayoutBoundary=up12 NEEDS-PAINT NEEDS-COMPOSITING-BITS-UPDATE
            child: RenderTransform#95169 relayoutBoundary=up13 NEEDS-PAINT NEEDS-COMPOSITING-BITS-UPDATE
          child 11: RenderConstrainedBox#9bacf NEEDS-LAYOUT NEEDS-PAINT
          child 12: RenderParagraph#71f02 NEEDS-LAYOUT NEEDS-PAINT
            text: TextSpan
          child 13: RenderErrorBox#dbf9b NEEDS-LAYOUT NEEDS-PAINT
ΓòÉΓòÉΓòÉΓòÉΓòÉΓòÉΓòÉΓòÉΓòÉΓòÉΓòÉΓòÉΓòÉΓòÉΓòÉΓòÉΓòÉΓòÉΓòÉΓòÉΓòÉΓòÉΓòÉΓòÉΓòÉΓòÉΓòÉΓòÉΓòÉΓòÉΓòÉΓòÉΓòÉΓòÉΓòÉΓòÉΓòÉΓòÉΓòÉΓòÉΓòÉΓòÉΓòÉΓòÉΓòÉΓòÉΓòÉΓòÉΓòÉΓòÉΓòÉΓòÉΓòÉΓòÉΓòÉΓòÉΓòÉΓòÉΓòÉΓòÉΓòÉΓòÉΓòÉΓòÉΓòÉΓòÉΓòÉΓòÉΓòÉΓòÉΓòÉΓòÉΓòÉΓòÉΓòÉΓòÉΓòÉΓòÉΓòÉΓòÉΓòÉΓòÉΓòÉΓòÉΓòÉΓòÉΓòÉΓòÉΓòÉΓòÉΓòÉΓòÉΓòÉΓòÉΓòÉΓòÉΓòÉΓòÉΓòÉΓòÉ
ΓòÉΓòÉΓòí EXCEPTION CAUGHT BY RENDERING LIBRARY Γò₧ΓòÉΓòÉΓòÉΓòÉΓòÉΓòÉΓòÉΓòÉΓòÉΓòÉΓòÉΓòÉΓòÉΓòÉΓòÉΓòÉΓòÉΓòÉΓòÉΓòÉΓòÉΓòÉΓòÉΓòÉΓòÉΓòÉΓòÉΓòÉΓòÉΓòÉΓòÉΓòÉΓòÉΓòÉΓòÉΓòÉΓòÉΓòÉΓòÉΓòÉΓòÉΓòÉΓòÉΓòÉΓòÉΓòÉΓòÉΓòÉΓòÉΓòÉΓòÉΓòÉΓòÉΓòÉΓòÉΓòÉΓòÉ
The following assertion was thrown during performLayout():
RenderBox was not laid out: RenderSemanticsAnnotations#dabbe relayoutBoundary=up8 NEEDS-PAINT
NEEDS-COMPOSITING-BITS-UPDATE
'package:flutter/src/rendering/box.dart':
Failed assertion: line 2251 pos 12: 'hasSize'

Either the assertion indicates an error in the framework itself, or we should provide substantially
more information in this error message to help you determine and fix the underlying cause.
In either case, please report this assertion by filing a bug on GitHub:
  https://github.com/flutter/flutter/issues/new?template=02_bug.yml

The relevant error-causing widget was:
  SingleChildScrollView
  SingleChildScrollView:file:///Y:/AndroidStudioProject/Github/expert-project/lib/presentation/pages/tv_detail_page.dart:100:30

When the exception was thrown, this was the stack:
#2      RenderBox.size (package:flutter/src/rendering/box.dart:2251:12)
#3      RenderProxyBoxMixin.performLayout (package:flutter/src/rendering/proxy_box.dart:118:62)
#4      RenderObject.layout (package:flutter/src/rendering/object.dart:2907:7)
#5      RenderProxyBoxMixin.performLayout (package:flutter/src/rendering/proxy_box.dart:118:18)
#6      RenderObject.layout (package:flutter/src/rendering/object.dart:2907:7)
#7      RenderProxyBoxMixin.performLayout (package:flutter/src/rendering/proxy_box.dart:118:18)
#8      RenderObject.layout (package:flutter/src/rendering/object.dart:2907:7)
#9      RenderProxyBoxMixin.performLayout (package:flutter/src/rendering/proxy_box.dart:118:18)
#10     RenderObject.layout (package:flutter/src/rendering/object.dart:2907:7)
#11     RenderProxyBoxMixin.performLayout (package:flutter/src/rendering/proxy_box.dart:118:18)
#12     RenderObject.layout (package:flutter/src/rendering/object.dart:2907:7)
#13     RenderProxyBoxMixin.performLayout (package:flutter/src/rendering/proxy_box.dart:118:18)
#14     _RenderCustomClip.performLayout (package:flutter/src/rendering/proxy_box.dart:1549:11)
#15     RenderObject.layout (package:flutter/src/rendering/object.dart:2907:7)
#16     RenderPadding.performLayout (package:flutter/src/rendering/shifted_box.dart:262:12)
#17     RenderObject.layout (package:flutter/src/rendering/object.dart:2907:7)
#18     ChildLayoutHelper.layoutChild (package:flutter/src/rendering/layout_helper.dart:62:11)
#19     RenderStack._computeSize (package:flutter/src/rendering/stack.dart:647:43)
#20     RenderStack.performLayout (package:flutter/src/rendering/stack.dart:682:12)
#21     RenderObject.layout (package:flutter/src/rendering/object.dart:2907:7)
#22     RenderPadding.performLayout (package:flutter/src/rendering/shifted_box.dart:262:12)
#23     RenderObject.layout (package:flutter/src/rendering/object.dart:2907:7)
#24     RenderProxyBoxMixin.performLayout (package:flutter/src/rendering/proxy_box.dart:118:18)
#25     RenderObject.layout (package:flutter/src/rendering/object.dart:2907:7)
#26     RenderFractionallySizedOverflowBox.performLayout (package:flutter/src/rendering/shifted_box.dart:1298:14)
#27     RenderObject.layout (package:flutter/src/rendering/object.dart:2907:7)
#28     RenderConstrainedBox.performLayout (package:flutter/src/rendering/proxy_box.dart:296:14)
#29     RenderObject.layout (package:flutter/src/rendering/object.dart:2907:7)
#30     _RenderLayoutBuilder.performLayout (package:flutter/src/widgets/layout_builder.dart:449:14)
#31     RenderObject.layout (package:flutter/src/rendering/object.dart:2907:7)
#32     RenderPadding.performLayout (package:flutter/src/rendering/shifted_box.dart:262:12)
#33     RenderObject.layout (package:flutter/src/rendering/object.dart:2907:7)
#34     ChildLayoutHelper.layoutChild (package:flutter/src/rendering/layout_helper.dart:62:11)
#35     RenderStack._computeSize (package:flutter/src/rendering/stack.dart:647:43)
#36     RenderStack.performLayout (package:flutter/src/rendering/stack.dart:682:12)
#37     RenderObject.layout (package:flutter/src/rendering/object.dart:2907:7)
#38     RenderPadding.performLayout (package:flutter/src/rendering/shifted_box.dart:262:12)
#39     RenderObject.layout (package:flutter/src/rendering/object.dart:2907:7)
#40     MultiChildLayoutDelegate.layoutChild (package:flutter/src/rendering/custom_layout.dart:180:12)
#41     _ScaffoldLayout.performLayout (package:flutter/src/material/scaffold.dart:1113:7)
#42     MultiChildLayoutDelegate._callPerformLayout (package:flutter/src/rendering/custom_layout.dart:246:7)
#43     RenderCustomMultiChildLayoutBox.performLayout (package:flutter/src/rendering/custom_layout.dart:417:14)
#44     RenderObject.layout (package:flutter/src/rendering/object.dart:2907:7)
#45     RenderProxyBoxMixin.performLayout (package:flutter/src/rendering/proxy_box.dart:118:18)
#46     RenderObject.layout (package:flutter/src/rendering/object.dart:2907:7)
#47     RenderProxyBoxMixin.performLayout (package:flutter/src/rendering/proxy_box.dart:118:18)
#48     _RenderCustomClip.performLayout (package:flutter/src/rendering/proxy_box.dart:1549:11)
#49     RenderObject.layout (package:flutter/src/rendering/object.dart:2907:7)
#50     RenderProxyBoxMixin.performLayout (package:flutter/src/rendering/proxy_box.dart:118:18)
#51     RenderObject.layout (package:flutter/src/rendering/object.dart:2907:7)
#52     RenderProxyBoxMixin.performLayout (package:flutter/src/rendering/proxy_box.dart:118:18)
#53     RenderObject.layout (package:flutter/src/rendering/object.dart:2907:7)
#54     RenderProxyBoxMixin.performLayout (package:flutter/src/rendering/proxy_box.dart:118:18)
#55     RenderObject.layout (package:flutter/src/rendering/object.dart:2907:7)
#56     RenderProxyBoxMixin.performLayout (package:flutter/src/rendering/proxy_box.dart:118:18)
#57     RenderObject.layout (package:flutter/src/rendering/object.dart:2907:7)
#58     RenderProxyBoxMixin.performLayout (package:flutter/src/rendering/proxy_box.dart:118:18)
#59     RenderObject.layout (package:flutter/src/rendering/object.dart:2907:7)
#60     RenderProxyBoxMixin.performLayout (package:flutter/src/rendering/proxy_box.dart:118:18)
#61     RenderObject.layout (package:flutter/src/rendering/object.dart:2907:7)
#62     RenderProxyBoxMixin.performLayout (package:flutter/src/rendering/proxy_box.dart:118:18)
#63     RenderObject.layout (package:flutter/src/rendering/object.dart:2907:7)
#64     RenderProxyBoxMixin.performLayout (package:flutter/src/rendering/proxy_box.dart:118:18)
#65     RenderObject.layout (package:flutter/src/rendering/object.dart:2907:7)
#66     RenderProxyBoxMixin.performLayout (package:flutter/src/rendering/proxy_box.dart:118:18)
#67     RenderObject.layout (package:flutter/src/rendering/object.dart:2907:7)
#68     RenderProxyBoxMixin.performLayout (package:flutter/src/rendering/proxy_box.dart:118:18)
#69     RenderObject.layout (package:flutter/src/rendering/object.dart:2907:7)
#70     RenderProxyBoxMixin.performLayout (package:flutter/src/rendering/proxy_box.dart:118:18)
#71     RenderObject.layout (package:flutter/src/rendering/object.dart:2907:7)
#72     RenderProxyBoxMixin.performLayout (package:flutter/src/rendering/proxy_box.dart:118:18)
#73     RenderObject.layout (package:flutter/src/rendering/object.dart:2907:7)
#74     RenderProxyBoxMixin.performLayout (package:flutter/src/rendering/proxy_box.dart:118:18)
#75     RenderObject.layout (package:flutter/src/rendering/object.dart:2907:7)
#76     RenderProxyBoxMixin.performLayout (package:flutter/src/rendering/proxy_box.dart:118:18)
#77     RenderObject.layout (package:flutter/src/rendering/object.dart:2907:7)
#78     RenderProxyBoxMixin.performLayout (package:flutter/src/rendering/proxy_box.dart:118:18)
#79     RenderObject.layout (package:flutter/src/rendering/object.dart:2907:7)
#80     RenderProxyBoxMixin.performLayout (package:flutter/src/rendering/proxy_box.dart:118:18)
#81     RenderOffstage.performLayout (package:flutter/src/rendering/proxy_box.dart:3923:13)
#82     RenderObject.layout (package:flutter/src/rendering/object.dart:2907:7)
#83     RenderProxyBoxMixin.performLayout (package:flutter/src/rendering/proxy_box.dart:118:18)
#84     RenderObject.layout (package:flutter/src/rendering/object.dart:2907:7)
#85     _RenderTheaterMixin.layoutChild (package:flutter/src/widgets/overlay.dart:1124:13)
#86     _RenderTheater.performLayout (package:flutter/src/widgets/overlay.dart:1481:9)
#87     RenderObject.layout (package:flutter/src/rendering/object.dart:2907:7)
#88     RenderProxyBoxMixin.performLayout (package:flutter/src/rendering/proxy_box.dart:118:18)
#89     RenderObject.layout (package:flutter/src/rendering/object.dart:2907:7)
#90     RenderProxyBoxMixin.performLayout (package:flutter/src/rendering/proxy_box.dart:118:18)
#91     RenderObject.layout (package:flutter/src/rendering/object.dart:2907:7)
#92     RenderProxyBoxMixin.performLayout (package:flutter/src/rendering/proxy_box.dart:118:18)
#93     RenderObject.layout (package:flutter/src/rendering/object.dart:2907:7)
#94     RenderProxyBoxMixin.performLayout (package:flutter/src/rendering/proxy_box.dart:118:18)
#95     RenderCustomPaint.performLayout (package:flutter/src/rendering/custom_paint.dart:574:11)
#96     RenderObject.layout (package:flutter/src/rendering/object.dart:2907:7)
#97     RenderProxyBoxMixin.performLayout (package:flutter/src/rendering/proxy_box.dart:118:18)
#98     RenderObject.layout (package:flutter/src/rendering/object.dart:2907:7)
#99     RenderProxyBoxMixin.performLayout (package:flutter/src/rendering/proxy_box.dart:118:18)
#100    RenderObject.layout (package:flutter/src/rendering/object.dart:2907:7)
#101    RenderProxyBoxMixin.performLayout (package:flutter/src/rendering/proxy_box.dart:118:18)
#102    RenderObject.layout (package:flutter/src/rendering/object.dart:2907:7)
#103    RenderProxyBoxMixin.performLayout (package:flutter/src/rendering/proxy_box.dart:118:18)
#104    RenderObject.layout (package:flutter/src/rendering/object.dart:2907:7)
#105    RenderProxyBoxMixin.performLayout (package:flutter/src/rendering/proxy_box.dart:118:18)
#106    RenderObject.layout (package:flutter/src/rendering/object.dart:2907:7)
#107    RenderProxyBoxMixin.performLayout (package:flutter/src/rendering/proxy_box.dart:118:18)
#108    RenderObject.layout (package:flutter/src/rendering/object.dart:2907:7)
#109    RenderView.performLayout (package:flutter/src/rendering/view.dart:292:12)
#110    RenderObject._layoutWithoutResize (package:flutter/src/rendering/object.dart:2755:7)
#111    PipelineOwner.flushLayout (package:flutter/src/rendering/object.dart:1174:18)
#112    PipelineOwner.flushLayout (package:flutter/src/rendering/object.dart:1187:15)
#113    AutomatedTestWidgetsFlutterBinding.drawFrame (package:flutter_test/src/binding.dart:2433:27)
#114    RendererBinding._handlePersistentFrameCallback (package:flutter/src/rendering/binding.dart:509:5)
#115    SchedulerBinding._invokeFrameCallback (package:flutter/src/scheduler/binding.dart:1430:15)
#116    SchedulerBinding.handleDrawFrame (package:flutter/src/scheduler/binding.dart:1345:9)
#117    AutomatedTestWidgetsFlutterBinding.pump.<anonymous closure> (package:flutter_test/src/binding.dart:2260:9)
#120    TestAsyncUtils.guard (package:flutter_test/src/test_async_utils.dart:74:41)
#121    AutomatedTestWidgetsFlutterBinding.pump (package:flutter_test/src/binding.dart:2249:27)
#122    WidgetTester.pumpWidget.<anonymous closure> (package:flutter_test/src/widget_tester.dart:598:22)
#125    TestAsyncUtils.guard (package:flutter_test/src/test_async_utils.dart:74:41)
#126    WidgetTester.pumpWidget (package:flutter_test/src/widget_tester.dart:595:27)
#127    main.<anonymous closure>.<anonymous closure> (file:///Y:/AndroidStudioProject/Github/expert-project/test/presentation/pages/tv_detail_page_test.dart:67:20)
#128    testWidgets.<anonymous closure>.<anonymous closure> (package:flutter_test/src/widget_tester.dart:192:29)
<asynchronous suspension>
#129    TestWidgetsFlutterBinding._runTestBody (package:flutter_test/src/binding.dart:1952:5)
<asynchronous suspension>
<asynchronous suspension>
(elided 7 frames from class _AssertionError, dart:async, and package:stack_trace)

The following RenderObject was being processed when the exception was fired: RenderPointerListener#4eff9 relayoutBoundary=up7 NEEDS-LAYOUT NEEDS-PAINT NEEDS-COMPOSITING-BITS-UPDATE:
  creator: Listener ΓåÉ _GestureSemantics ΓåÉ
    RawGestureDetector-[LabeledGlobalKey<RawGestureDetectorState>#e3ee0] ΓåÉ Listener ΓåÉ _ScrollableScope
    ΓåÉ _ScrollSemantics-[GlobalKey#64490] ΓåÉ NotificationListener<ScrollMetricsNotification> ΓåÉ Transform
    ΓåÉ StretchEffect ΓåÉ ClipRect ΓåÉ AnimatedBuilder ΓåÉ NotificationListener<ScrollNotification> ΓåÉ Γï»
  parentData: <none> (can use size)
  constraints: BoxConstraints(0.0<=w<=768.0, 0.0<=h<=240.0)
  size: MISSING
  behavior: opaque
  listeners: down, panZoomStart
This RenderObject had the following descendants (showing up to depth 5):
    child: RenderSemanticsAnnotations#dabbe relayoutBoundary=up8 NEEDS-PAINT NEEDS-COMPOSITING-BITS-UPDATE
      child: RenderIgnorePointer#7c7e5 relayoutBoundary=up9 NEEDS-PAINT NEEDS-COMPOSITING-BITS-UPDATE
        child: _RenderSingleChildViewport#4660a relayoutBoundary=up10 NEEDS-PAINT NEEDS-COMPOSITING-BITS-UPDATE
          child: RenderFlex#6963e relayoutBoundary=up11 NEEDS-PAINT NEEDS-COMPOSITING-BITS-UPDATE
            child 1: RenderParagraph#330f3 relayoutBoundary=up12 NEEDS-PAINT
            child 2: RenderSemanticsAnnotations#db8d4 relayoutBoundary=up12 NEEDS-PAINT NEEDS-COMPOSITING-BITS-UPDATE
            child 3: RenderParagraph#438ce relayoutBoundary=up12 NEEDS-PAINT
            child 4: RenderFlex#d944a relayoutBoundary=up12 NEEDS-PAINT NEEDS-COMPOSITING-BITS-UPDATE
            child 5: RenderConstrainedBox#3dcc5 relayoutBoundary=up12 NEEDS-PAINT
            child 6: RenderParagraph#b9fe8 relayoutBoundary=up12 NEEDS-PAINT
            child 7: RenderParagraph#99a68 relayoutBoundary=up12 NEEDS-PAINT
            child 8: RenderConstrainedBox#0a547 relayoutBoundary=up12 NEEDS-PAINT
            child 9: RenderParagraph#607f8 relayoutBoundary=up12 NEEDS-PAINT
            child 10: RenderClipRect#8b5ad relayoutBoundary=up12 NEEDS-PAINT NEEDS-COMPOSITING-BITS-UPDATE
            child 11: RenderConstrainedBox#9bacf NEEDS-LAYOUT NEEDS-PAINT
            child 12: RenderParagraph#71f02 NEEDS-LAYOUT NEEDS-PAINT
            child 13: RenderErrorBox#dbf9b NEEDS-LAYOUT NEEDS-PAINT
ΓòÉΓòÉΓòÉΓòÉΓòÉΓòÉΓòÉΓòÉΓòÉΓòÉΓòÉΓòÉΓòÉΓòÉΓòÉΓòÉΓòÉΓòÉΓòÉΓòÉΓòÉΓòÉΓòÉΓòÉΓòÉΓòÉΓòÉΓòÉΓòÉΓòÉΓòÉΓòÉΓòÉΓòÉΓòÉΓòÉΓòÉΓòÉΓòÉΓòÉΓòÉΓòÉΓòÉΓòÉΓòÉΓòÉΓòÉΓòÉΓòÉΓòÉΓòÉΓòÉΓòÉΓòÉΓòÉΓòÉΓòÉΓòÉΓòÉΓòÉΓòÉΓòÉΓòÉΓòÉΓòÉΓòÉΓòÉΓòÉΓòÉΓòÉΓòÉΓòÉΓòÉΓòÉΓòÉΓòÉΓòÉΓòÉΓòÉΓòÉΓòÉΓòÉΓòÉΓòÉΓòÉΓòÉΓòÉΓòÉΓòÉΓòÉΓòÉΓòÉΓòÉΓòÉΓòÉΓòÉΓòÉΓòÉΓòÉΓòÉ
ΓòÉΓòÉΓòí EXCEPTION CAUGHT BY RENDERING LIBRARY Γò₧ΓòÉΓòÉΓòÉΓòÉΓòÉΓòÉΓòÉΓòÉΓòÉΓòÉΓòÉΓòÉΓòÉΓòÉΓòÉΓòÉΓòÉΓòÉΓòÉΓòÉΓòÉΓòÉΓòÉΓòÉΓòÉΓòÉΓòÉΓòÉΓòÉΓòÉΓòÉΓòÉΓòÉΓòÉΓòÉΓòÉΓòÉΓòÉΓòÉΓòÉΓòÉΓòÉΓòÉΓòÉΓòÉΓòÉΓòÉΓòÉΓòÉΓòÉΓòÉΓòÉΓòÉΓòÉΓòÉΓòÉΓòÉ
The following assertion was thrown during performLayout():
RenderBox was not laid out: RenderPointerListener#4eff9 relayoutBoundary=up7 NEEDS-PAINT
NEEDS-COMPOSITING-BITS-UPDATE
'package:flutter/src/rendering/box.dart':
Failed assertion: line 2251 pos 12: 'hasSize'

Either the assertion indicates an error in the framework itself, or we should provide substantially
more information in this error message to help you determine and fix the underlying cause.
In either case, please report this assertion by filing a bug on GitHub:
  https://github.com/flutter/flutter/issues/new?template=02_bug.yml

The relevant error-causing widget was:
  SingleChildScrollView
  SingleChildScrollView:file:///Y:/AndroidStudioProject/Github/expert-project/lib/presentation/pages/tv_detail_page.dart:100:30

When the exception was thrown, this was the stack:
#2      RenderBox.size (package:flutter/src/rendering/box.dart:2251:12)
#3      RenderProxyBoxMixin.performLayout (package:flutter/src/rendering/proxy_box.dart:118:62)
#4      RenderObject.layout (package:flutter/src/rendering/object.dart:2907:7)
#5      RenderProxyBoxMixin.performLayout (package:flutter/src/rendering/proxy_box.dart:118:18)
#6      RenderObject.layout (package:flutter/src/rendering/object.dart:2907:7)
#7      RenderProxyBoxMixin.performLayout (package:flutter/src/rendering/proxy_box.dart:118:18)
#8      RenderObject.layout (package:flutter/src/rendering/object.dart:2907:7)
#9      RenderProxyBoxMixin.performLayout (package:flutter/src/rendering/proxy_box.dart:118:18)
#10     RenderObject.layout (package:flutter/src/rendering/object.dart:2907:7)
#11     RenderProxyBoxMixin.performLayout (package:flutter/src/rendering/proxy_box.dart:118:18)
#12     _RenderCustomClip.performLayout (package:flutter/src/rendering/proxy_box.dart:1549:11)
#13     RenderObject.layout (package:flutter/src/rendering/object.dart:2907:7)
#14     RenderPadding.performLayout (package:flutter/src/rendering/shifted_box.dart:262:12)
#15     RenderObject.layout (package:flutter/src/rendering/object.dart:2907:7)
#16     ChildLayoutHelper.layoutChild (package:flutter/src/rendering/layout_helper.dart:62:11)
#17     RenderStack._computeSize (package:flutter/src/rendering/stack.dart:647:43)
#18     RenderStack.performLayout (package:flutter/src/rendering/stack.dart:682:12)
#19     RenderObject.layout (package:flutter/src/rendering/object.dart:2907:7)
#20     RenderPadding.performLayout (package:flutter/src/rendering/shifted_box.dart:262:12)
#21     RenderObject.layout (package:flutter/src/rendering/object.dart:2907:7)
#22     RenderProxyBoxMixin.performLayout (package:flutter/src/rendering/proxy_box.dart:118:18)
#23     RenderObject.layout (package:flutter/src/rendering/object.dart:2907:7)
#24     RenderFractionallySizedOverflowBox.performLayout (package:flutter/src/rendering/shifted_box.dart:1298:14)
#25     RenderObject.layout (package:flutter/src/rendering/object.dart:2907:7)
#26     RenderConstrainedBox.performLayout (package:flutter/src/rendering/proxy_box.dart:296:14)
#27     RenderObject.layout (package:flutter/src/rendering/object.dart:2907:7)
#28     _RenderLayoutBuilder.performLayout (package:flutter/src/widgets/layout_builder.dart:449:14)
#29     RenderObject.layout (package:flutter/src/rendering/object.dart:2907:7)
#30     RenderPadding.performLayout (package:flutter/src/rendering/shifted_box.dart:262:12)
#31     RenderObject.layout (package:flutter/src/rendering/object.dart:2907:7)
#32     ChildLayoutHelper.layoutChild (package:flutter/src/rendering/layout_helper.dart:62:11)
#33     RenderStack._computeSize (package:flutter/src/rendering/stack.dart:647:43)
#34     RenderStack.performLayout (package:flutter/src/rendering/stack.dart:682:12)
#35     RenderObject.layout (package:flutter/src/rendering/object.dart:2907:7)
#36     RenderPadding.performLayout (package:flutter/src/rendering/shifted_box.dart:262:12)
#37     RenderObject.layout (package:flutter/src/rendering/object.dart:2907:7)
#38     MultiChildLayoutDelegate.layoutChild (package:flutter/src/rendering/custom_layout.dart:180:12)
#39     _ScaffoldLayout.performLayout (package:flutter/src/material/scaffold.dart:1113:7)
#40     MultiChildLayoutDelegate._callPerformLayout (package:flutter/src/rendering/custom_layout.dart:246:7)
#41     RenderCustomMultiChildLayoutBox.performLayout (package:flutter/src/rendering/custom_layout.dart:417:14)
#42     RenderObject.layout (package:flutter/src/rendering/object.dart:2907:7)
#43     RenderProxyBoxMixin.performLayout (package:flutter/src/rendering/proxy_box.dart:118:18)
#44     RenderObject.layout (package:flutter/src/rendering/object.dart:2907:7)
#45     RenderProxyBoxMixin.performLayout (package:flutter/src/rendering/proxy_box.dart:118:18)
#46     _RenderCustomClip.performLayout (package:flutter/src/rendering/proxy_box.dart:1549:11)
#47     RenderObject.layout (package:flutter/src/rendering/object.dart:2907:7)
#48     RenderProxyBoxMixin.performLayout (package:flutter/src/rendering/proxy_box.dart:118:18)
#49     RenderObject.layout (package:flutter/src/rendering/object.dart:2907:7)
#50     RenderProxyBoxMixin.performLayout (package:flutter/src/rendering/proxy_box.dart:118:18)
#51     RenderObject.layout (package:flutter/src/rendering/object.dart:2907:7)
#52     RenderProxyBoxMixin.performLayout (package:flutter/src/rendering/proxy_box.dart:118:18)
#53     RenderObject.layout (package:flutter/src/rendering/object.dart:2907:7)
#54     RenderProxyBoxMixin.performLayout (package:flutter/src/rendering/proxy_box.dart:118:18)
#55     RenderObject.layout (package:flutter/src/rendering/object.dart:2907:7)
#56     RenderProxyBoxMixin.performLayout (package:flutter/src/rendering/proxy_box.dart:118:18)
#57     RenderObject.layout (package:flutter/src/rendering/object.dart:2907:7)
#58     RenderProxyBoxMixin.performLayout (package:flutter/src/rendering/proxy_box.dart:118:18)
#59     RenderObject.layout (package:flutter/src/rendering/object.dart:2907:7)
#60     RenderProxyBoxMixin.performLayout (package:flutter/src/rendering/proxy_box.dart:118:18)
#61     RenderObject.layout (package:flutter/src/rendering/object.dart:2907:7)
#62     RenderProxyBoxMixin.performLayout (package:flutter/src/rendering/proxy_box.dart:118:18)
#63     RenderObject.layout (package:flutter/src/rendering/object.dart:2907:7)
#64     RenderProxyBoxMixin.performLayout (package:flutter/src/rendering/proxy_box.dart:118:18)
#65     RenderObject.layout (package:flutter/src/rendering/object.dart:2907:7)
#66     RenderProxyBoxMixin.performLayout (package:flutter/src/rendering/proxy_box.dart:118:18)
#67     RenderObject.layout (package:flutter/src/rendering/object.dart:2907:7)
#68     RenderProxyBoxMixin.performLayout (package:flutter/src/rendering/proxy_box.dart:118:18)
#69     RenderObject.layout (package:flutter/src/rendering/object.dart:2907:7)
#70     RenderProxyBoxMixin.performLayout (package:flutter/src/rendering/proxy_box.dart:118:18)
#71     RenderObject.layout (package:flutter/src/rendering/object.dart:2907:7)
#72     RenderProxyBoxMixin.performLayout (package:flutter/src/rendering/proxy_box.dart:118:18)
#73     RenderObject.layout (package:flutter/src/rendering/object.dart:2907:7)
#74     RenderProxyBoxMixin.performLayout (package:flutter/src/rendering/proxy_box.dart:118:18)
#75     RenderObject.layout (package:flutter/src/rendering/object.dart:2907:7)
#76     RenderProxyBoxMixin.performLayout (package:flutter/src/rendering/proxy_box.dart:118:18)
#77     RenderObject.layout (package:flutter/src/rendering/object.dart:2907:7)
#78     RenderProxyBoxMixin.performLayout (package:flutter/src/rendering/proxy_box.dart:118:18)
#79     RenderOffstage.performLayout (package:flutter/src/rendering/proxy_box.dart:3923:13)
#80     RenderObject.layout (package:flutter/src/rendering/object.dart:2907:7)
#81     RenderProxyBoxMixin.performLayout (package:flutter/src/rendering/proxy_box.dart:118:18)
#82     RenderObject.layout (package:flutter/src/rendering/object.dart:2907:7)
#83     _RenderTheaterMixin.layoutChild (package:flutter/src/widgets/overlay.dart:1124:13)
#84     _RenderTheater.performLayout (package:flutter/src/widgets/overlay.dart:1481:9)
#85     RenderObject.layout (package:flutter/src/rendering/object.dart:2907:7)
#86     RenderProxyBoxMixin.performLayout (package:flutter/src/rendering/proxy_box.dart:118:18)
#87     RenderObject.layout (package:flutter/src/rendering/object.dart:2907:7)
#88     RenderProxyBoxMixin.performLayout (package:flutter/src/rendering/proxy_box.dart:118:18)
#89     RenderObject.layout (package:flutter/src/rendering/object.dart:2907:7)
#90     RenderProxyBoxMixin.performLayout (package:flutter/src/rendering/proxy_box.dart:118:18)
#91     RenderObject.layout (package:flutter/src/rendering/object.dart:2907:7)
#92     RenderProxyBoxMixin.performLayout (package:flutter/src/rendering/proxy_box.dart:118:18)
#93     RenderCustomPaint.performLayout (package:flutter/src/rendering/custom_paint.dart:574:11)
#94     RenderObject.layout (package:flutter/src/rendering/object.dart:2907:7)
#95     RenderProxyBoxMixin.performLayout (package:flutter/src/rendering/proxy_box.dart:118:18)
#96     RenderObject.layout (package:flutter/src/rendering/object.dart:2907:7)
#97     RenderProxyBoxMixin.performLayout (package:flutter/src/rendering/proxy_box.dart:118:18)
#98     RenderObject.layout (package:flutter/src/rendering/object.dart:2907:7)
#99     RenderProxyBoxMixin.performLayout (package:flutter/src/rendering/proxy_box.dart:118:18)
#100    RenderObject.layout (package:flutter/src/rendering/object.dart:2907:7)
#101    RenderProxyBoxMixin.performLayout (package:flutter/src/rendering/proxy_box.dart:118:18)
#102    RenderObject.layout (package:flutter/src/rendering/object.dart:2907:7)
#103    RenderProxyBoxMixin.performLayout (package:flutter/src/rendering/proxy_box.dart:118:18)
#104    RenderObject.layout (package:flutter/src/rendering/object.dart:2907:7)
#105    RenderProxyBoxMixin.performLayout (package:flutter/src/rendering/proxy_box.dart:118:18)
#106    RenderObject.layout (package:flutter/src/rendering/object.dart:2907:7)
#107    RenderView.performLayout (package:flutter/src/rendering/view.dart:292:12)
#108    RenderObject._layoutWithoutResize (package:flutter/src/rendering/object.dart:2755:7)
#109    PipelineOwner.flushLayout (package:flutter/src/rendering/object.dart:1174:18)
#110    PipelineOwner.flushLayout (package:flutter/src/rendering/object.dart:1187:15)
#111    AutomatedTestWidgetsFlutterBinding.drawFrame (package:flutter_test/src/binding.dart:2433:27)
#112    RendererBinding._handlePersistentFrameCallback (package:flutter/src/rendering/binding.dart:509:5)
#113    SchedulerBinding._invokeFrameCallback (package:flutter/src/scheduler/binding.dart:1430:15)
#114    SchedulerBinding.handleDrawFrame (package:flutter/src/scheduler/binding.dart:1345:9)
#115    AutomatedTestWidgetsFlutterBinding.pump.<anonymous closure> (package:flutter_test/src/binding.dart:2260:9)
#118    TestAsyncUtils.guard (package:flutter_test/src/test_async_utils.dart:74:41)
#119    AutomatedTestWidgetsFlutterBinding.pump (package:flutter_test/src/binding.dart:2249:27)
#120    WidgetTester.pumpWidget.<anonymous closure> (package:flutter_test/src/widget_tester.dart:598:22)
#123    TestAsyncUtils.guard (package:flutter_test/src/test_async_utils.dart:74:41)
#124    WidgetTester.pumpWidget (package:flutter_test/src/widget_tester.dart:595:27)
#125    main.<anonymous closure>.<anonymous closure> (file:///Y:/AndroidStudioProject/Github/expert-project/test/presentation/pages/tv_detail_page_test.dart:67:20)
#126    testWidgets.<anonymous closure>.<anonymous closure> (package:flutter_test/src/widget_tester.dart:192:29)
<asynchronous suspension>
#127    TestWidgetsFlutterBinding._runTestBody (package:flutter_test/src/binding.dart:1952:5)
<asynchronous suspension>
<asynchronous suspension>
(elided 7 frames from class _AssertionError, dart:async, and package:stack_trace)

The following RenderObject was being processed when the exception was fired: RenderSemanticsGestureHandler#81e44 relayoutBoundary=up6 NEEDS-LAYOUT NEEDS-PAINT NEEDS-COMPOSITING-BITS-UPDATE:
  creator: _GestureSemantics ΓåÉ RawGestureDetector-[LabeledGlobalKey<RawGestureDetectorState>#e3ee0] ΓåÉ
    Listener ΓåÉ _ScrollableScope ΓåÉ _ScrollSemantics-[GlobalKey#64490] ΓåÉ
    NotificationListener<ScrollMetricsNotification> ΓåÉ Transform ΓåÉ StretchEffect ΓåÉ ClipRect ΓåÉ
    AnimatedBuilder ΓåÉ NotificationListener<ScrollNotification> ΓåÉ StretchingOverscrollIndicator ΓåÉ Γï»
  parentData: <none> (can use size)
  constraints: BoxConstraints(0.0<=w<=768.0, 0.0<=h<=240.0)
  size: MISSING
  behavior: opaque
  gestures: <none>
This RenderObject had the following descendants (showing up to depth 5):
    child: RenderPointerListener#4eff9 relayoutBoundary=up7 NEEDS-PAINT NEEDS-COMPOSITING-BITS-UPDATE
      child: RenderSemanticsAnnotations#dabbe relayoutBoundary=up8 NEEDS-PAINT NEEDS-COMPOSITING-BITS-UPDATE
        child: RenderIgnorePointer#7c7e5 relayoutBoundary=up9 NEEDS-PAINT NEEDS-COMPOSITING-BITS-UPDATE
          child: _RenderSingleChildViewport#4660a relayoutBoundary=up10 NEEDS-PAINT NEEDS-COMPOSITING-BITS-UPDATE
            child: RenderFlex#6963e relayoutBoundary=up11 NEEDS-PAINT NEEDS-COMPOSITING-BITS-UPDATE
ΓòÉΓòÉΓòÉΓòÉΓòÉΓòÉΓòÉΓòÉΓòÉΓòÉΓòÉΓòÉΓòÉΓòÉΓòÉΓòÉΓòÉΓòÉΓòÉΓòÉΓòÉΓòÉΓòÉΓòÉΓòÉΓòÉΓòÉΓòÉΓòÉΓòÉΓòÉΓòÉΓòÉΓòÉΓòÉΓòÉΓòÉΓòÉΓòÉΓòÉΓòÉΓòÉΓòÉΓòÉΓòÉΓòÉΓòÉΓòÉΓòÉΓòÉΓòÉΓòÉΓòÉΓòÉΓòÉΓòÉΓòÉΓòÉΓòÉΓòÉΓòÉΓòÉΓòÉΓòÉΓòÉΓòÉΓòÉΓòÉΓòÉΓòÉΓòÉΓòÉΓòÉΓòÉΓòÉΓòÉΓòÉΓòÉΓòÉΓòÉΓòÉΓòÉΓòÉΓòÉΓòÉΓòÉΓòÉΓòÉΓòÉΓòÉΓòÉΓòÉΓòÉΓòÉΓòÉΓòÉΓòÉΓòÉΓòÉΓòÉ
ΓòÉΓòÉΓòí EXCEPTION CAUGHT BY RENDERING LIBRARY Γò₧ΓòÉΓòÉΓòÉΓòÉΓòÉΓòÉΓòÉΓòÉΓòÉΓòÉΓòÉΓòÉΓòÉΓòÉΓòÉΓòÉΓòÉΓòÉΓòÉΓòÉΓòÉΓòÉΓòÉΓòÉΓòÉΓòÉΓòÉΓòÉΓòÉΓòÉΓòÉΓòÉΓòÉΓòÉΓòÉΓòÉΓòÉΓòÉΓòÉΓòÉΓòÉΓòÉΓòÉΓòÉΓòÉΓòÉΓòÉΓòÉΓòÉΓòÉΓòÉΓòÉΓòÉΓòÉΓòÉΓòÉΓòÉ
The following assertion was thrown during performLayout():
RenderBox was not laid out: RenderSemanticsGestureHandler#81e44 relayoutBoundary=up6 NEEDS-PAINT
NEEDS-COMPOSITING-BITS-UPDATE
'package:flutter/src/rendering/box.dart':
Failed assertion: line 2251 pos 12: 'hasSize'

Either the assertion indicates an error in the framework itself, or we should provide substantially
more information in this error message to help you determine and fix the underlying cause.
In either case, please report this assertion by filing a bug on GitHub:
  https://github.com/flutter/flutter/issues/new?template=02_bug.yml

The relevant error-causing widget was:
  SingleChildScrollView
  SingleChildScrollView:file:///Y:/AndroidStudioProject/Github/expert-project/lib/presentation/pages/tv_detail_page.dart:100:30

When the exception was thrown, this was the stack:
#2      RenderBox.size (package:flutter/src/rendering/box.dart:2251:12)
#3      RenderProxyBoxMixin.performLayout (package:flutter/src/rendering/proxy_box.dart:118:62)
#4      RenderObject.layout (package:flutter/src/rendering/object.dart:2907:7)
#5      RenderProxyBoxMixin.performLayout (package:flutter/src/rendering/proxy_box.dart:118:18)
#6      RenderObject.layout (package:flutter/src/rendering/object.dart:2907:7)
#7      RenderProxyBoxMixin.performLayout (package:flutter/src/rendering/proxy_box.dart:118:18)
#8      RenderObject.layout (package:flutter/src/rendering/object.dart:2907:7)
#9      RenderProxyBoxMixin.performLayout (package:flutter/src/rendering/proxy_box.dart:118:18)
#10     _RenderCustomClip.performLayout (package:flutter/src/rendering/proxy_box.dart:1549:11)
#11     RenderObject.layout (package:flutter/src/rendering/object.dart:2907:7)
#12     RenderPadding.performLayout (package:flutter/src/rendering/shifted_box.dart:262:12)
#13     RenderObject.layout (package:flutter/src/rendering/object.dart:2907:7)
#14     ChildLayoutHelper.layoutChild (package:flutter/src/rendering/layout_helper.dart:62:11)
#15     RenderStack._computeSize (package:flutter/src/rendering/stack.dart:647:43)
#16     RenderStack.performLayout (package:flutter/src/rendering/stack.dart:682:12)
#17     RenderObject.layout (package:flutter/src/rendering/object.dart:2907:7)
#18     RenderPadding.performLayout (package:flutter/src/rendering/shifted_box.dart:262:12)
#19     RenderObject.layout (package:flutter/src/rendering/object.dart:2907:7)
#20     RenderProxyBoxMixin.performLayout (package:flutter/src/rendering/proxy_box.dart:118:18)
#21     RenderObject.layout (package:flutter/src/rendering/object.dart:2907:7)
#22     RenderFractionallySizedOverflowBox.performLayout (package:flutter/src/rendering/shifted_box.dart:1298:14)
#23     RenderObject.layout (package:flutter/src/rendering/object.dart:2907:7)
#24     RenderConstrainedBox.performLayout (package:flutter/src/rendering/proxy_box.dart:296:14)
#25     RenderObject.layout (package:flutter/src/rendering/object.dart:2907:7)
#26     _RenderLayoutBuilder.performLayout (package:flutter/src/widgets/layout_builder.dart:449:14)
#27     RenderObject.layout (package:flutter/src/rendering/object.dart:2907:7)
#28     RenderPadding.performLayout (package:flutter/src/rendering/shifted_box.dart:262:12)
#29     RenderObject.layout (package:flutter/src/rendering/object.dart:2907:7)
#30     ChildLayoutHelper.layoutChild (package:flutter/src/rendering/layout_helper.dart:62:11)
#31     RenderStack._computeSize (package:flutter/src/rendering/stack.dart:647:43)
#32     RenderStack.performLayout (package:flutter/src/rendering/stack.dart:682:12)
#33     RenderObject.layout (package:flutter/src/rendering/object.dart:2907:7)
#34     RenderPadding.performLayout (package:flutter/src/rendering/shifted_box.dart:262:12)
#35     RenderObject.layout (package:flutter/src/rendering/object.dart:2907:7)
#36     MultiChildLayoutDelegate.layoutChild (package:flutter/src/rendering/custom_layout.dart:180:12)
#37     _ScaffoldLayout.performLayout (package:flutter/src/material/scaffold.dart:1113:7)
#38     MultiChildLayoutDelegate._callPerformLayout (package:flutter/src/rendering/custom_layout.dart:246:7)
#39     RenderCustomMultiChildLayoutBox.performLayout (package:flutter/src/rendering/custom_layout.dart:417:14)
#40     RenderObject.layout (package:flutter/src/rendering/object.dart:2907:7)
#41     RenderProxyBoxMixin.performLayout (package:flutter/src/rendering/proxy_box.dart:118:18)
#42     RenderObject.layout (package:flutter/src/rendering/object.dart:2907:7)
#43     RenderProxyBoxMixin.performLayout (package:flutter/src/rendering/proxy_box.dart:118:18)
#44     _RenderCustomClip.performLayout (package:flutter/src/rendering/proxy_box.dart:1549:11)
#45     RenderObject.layout (package:flutter/src/rendering/object.dart:2907:7)
#46     RenderProxyBoxMixin.performLayout (package:flutter/src/rendering/proxy_box.dart:118:18)
#47     RenderObject.layout (package:flutter/src/rendering/object.dart:2907:7)
#48     RenderProxyBoxMixin.performLayout (package:flutter/src/rendering/proxy_box.dart:118:18)
#49     RenderObject.layout (package:flutter/src/rendering/object.dart:2907:7)
#50     RenderProxyBoxMixin.performLayout (package:flutter/src/rendering/proxy_box.dart:118:18)
#51     RenderObject.layout (package:flutter/src/rendering/object.dart:2907:7)
#52     RenderProxyBoxMixin.performLayout (package:flutter/src/rendering/proxy_box.dart:118:18)
#53     RenderObject.layout (package:flutter/src/rendering/object.dart:2907:7)
#54     RenderProxyBoxMixin.performLayout (package:flutter/src/rendering/proxy_box.dart:118:18)
#55     RenderObject.layout (package:flutter/src/rendering/object.dart:2907:7)
#56     RenderProxyBoxMixin.performLayout (package:flutter/src/rendering/proxy_box.dart:118:18)
#57     RenderObject.layout (package:flutter/src/rendering/object.dart:2907:7)
#58     RenderProxyBoxMixin.performLayout (package:flutter/src/rendering/proxy_box.dart:118:18)
#59     RenderObject.layout (package:flutter/src/rendering/object.dart:2907:7)
#60     RenderProxyBoxMixin.performLayout (package:flutter/src/rendering/proxy_box.dart:118:18)
#61     RenderObject.layout (package:flutter/src/rendering/object.dart:2907:7)
#62     RenderProxyBoxMixin.performLayout (package:flutter/src/rendering/proxy_box.dart:118:18)
#63     RenderObject.layout (package:flutter/src/rendering/object.dart:2907:7)
#64     RenderProxyBoxMixin.performLayout (package:flutter/src/rendering/proxy_box.dart:118:18)
#65     RenderObject.layout (package:flutter/src/rendering/object.dart:2907:7)
#66     RenderProxyBoxMixin.performLayout (package:flutter/src/rendering/proxy_box.dart:118:18)
#67     RenderObject.layout (package:flutter/src/rendering/object.dart:2907:7)
#68     RenderProxyBoxMixin.performLayout (package:flutter/src/rendering/proxy_box.dart:118:18)
#69     RenderObject.layout (package:flutter/src/rendering/object.dart:2907:7)
#70     RenderProxyBoxMixin.performLayout (package:flutter/src/rendering/proxy_box.dart:118:18)
#71     RenderObject.layout (package:flutter/src/rendering/object.dart:2907:7)
#72     RenderProxyBoxMixin.performLayout (package:flutter/src/rendering/proxy_box.dart:118:18)
#73     RenderObject.layout (package:flutter/src/rendering/object.dart:2907:7)
#74     RenderProxyBoxMixin.performLayout (package:flutter/src/rendering/proxy_box.dart:118:18)
#75     RenderObject.layout (package:flutter/src/rendering/object.dart:2907:7)
#76     RenderProxyBoxMixin.performLayout (package:flutter/src/rendering/proxy_box.dart:118:18)
#77     RenderOffstage.performLayout (package:flutter/src/rendering/proxy_box.dart:3923:13)
#78     RenderObject.layout (package:flutter/src/rendering/object.dart:2907:7)
#79     RenderProxyBoxMixin.performLayout (package:flutter/src/rendering/proxy_box.dart:118:18)
#80     RenderObject.layout (package:flutter/src/rendering/object.dart:2907:7)
#81     _RenderTheaterMixin.layoutChild (package:flutter/src/widgets/overlay.dart:1124:13)
#82     _RenderTheater.performLayout (package:flutter/src/widgets/overlay.dart:1481:9)
#83     RenderObject.layout (package:flutter/src/rendering/object.dart:2907:7)
#84     RenderProxyBoxMixin.performLayout (package:flutter/src/rendering/proxy_box.dart:118:18)
#85     RenderObject.layout (package:flutter/src/rendering/object.dart:2907:7)
#86     RenderProxyBoxMixin.performLayout (package:flutter/src/rendering/proxy_box.dart:118:18)
#87     RenderObject.layout (package:flutter/src/rendering/object.dart:2907:7)
#88     RenderProxyBoxMixin.performLayout (package:flutter/src/rendering/proxy_box.dart:118:18)
#89     RenderObject.layout (package:flutter/src/rendering/object.dart:2907:7)
#90     RenderProxyBoxMixin.performLayout (package:flutter/src/rendering/proxy_box.dart:118:18)
#91     RenderCustomPaint.performLayout (package:flutter/src/rendering/custom_paint.dart:574:11)
#92     RenderObject.layout (package:flutter/src/rendering/object.dart:2907:7)
#93     RenderProxyBoxMixin.performLayout (package:flutter/src/rendering/proxy_box.dart:118:18)
#94     RenderObject.layout (package:flutter/src/rendering/object.dart:2907:7)
#95     RenderProxyBoxMixin.performLayout (package:flutter/src/rendering/proxy_box.dart:118:18)
#96     RenderObject.layout (package:flutter/src/rendering/object.dart:2907:7)
#97     RenderProxyBoxMixin.performLayout (package:flutter/src/rendering/proxy_box.dart:118:18)
#98     RenderObject.layout (package:flutter/src/rendering/object.dart:2907:7)
#99     RenderProxyBoxMixin.performLayout (package:flutter/src/rendering/proxy_box.dart:118:18)
#100    RenderObject.layout (package:flutter/src/rendering/object.dart:2907:7)
#101    RenderProxyBoxMixin.performLayout (package:flutter/src/rendering/proxy_box.dart:118:18)
#102    RenderObject.layout (package:flutter/src/rendering/object.dart:2907:7)
#103    RenderProxyBoxMixin.performLayout (package:flutter/src/rendering/proxy_box.dart:118:18)
#104    RenderObject.layout (package:flutter/src/rendering/object.dart:2907:7)
#105    RenderView.performLayout (package:flutter/src/rendering/view.dart:292:12)
#106    RenderObject._layoutWithoutResize (package:flutter/src/rendering/object.dart:2755:7)
#107    PipelineOwner.flushLayout (package:flutter/src/rendering/object.dart:1174:18)
#108    PipelineOwner.flushLayout (package:flutter/src/rendering/object.dart:1187:15)
#109    AutomatedTestWidgetsFlutterBinding.drawFrame (package:flutter_test/src/binding.dart:2433:27)
#110    RendererBinding._handlePersistentFrameCallback (package:flutter/src/rendering/binding.dart:509:5)
#111    SchedulerBinding._invokeFrameCallback (package:flutter/src/scheduler/binding.dart:1430:15)
#112    SchedulerBinding.handleDrawFrame (package:flutter/src/scheduler/binding.dart:1345:9)
#113    AutomatedTestWidgetsFlutterBinding.pump.<anonymous closure> (package:flutter_test/src/binding.dart:2260:9)
#116    TestAsyncUtils.guard (package:flutter_test/src/test_async_utils.dart:74:41)
#117    AutomatedTestWidgetsFlutterBinding.pump (package:flutter_test/src/binding.dart:2249:27)
#118    WidgetTester.pumpWidget.<anonymous closure> (package:flutter_test/src/widget_tester.dart:598:22)
#121    TestAsyncUtils.guard (package:flutter_test/src/test_async_utils.dart:74:41)
#122    WidgetTester.pumpWidget (package:flutter_test/src/widget_tester.dart:595:27)
#123    main.<anonymous closure>.<anonymous closure> (file:///Y:/AndroidStudioProject/Github/expert-project/test/presentation/pages/tv_detail_page_test.dart:67:20)
#124    testWidgets.<anonymous closure>.<anonymous closure> (package:flutter_test/src/widget_tester.dart:192:29)
<asynchronous suspension>
#125    TestWidgetsFlutterBinding._runTestBody (package:flutter_test/src/binding.dart:1952:5)
<asynchronous suspension>
<asynchronous suspension>
(elided 7 frames from class _AssertionError, dart:async, and package:stack_trace)

The following RenderObject was being processed when the exception was fired: RenderPointerListener#f9e58 relayoutBoundary=up5 NEEDS-LAYOUT NEEDS-PAINT NEEDS-COMPOSITING-BITS-UPDATE:
  creator: Listener ΓåÉ _ScrollableScope ΓåÉ _ScrollSemantics-[GlobalKey#64490] ΓåÉ
    NotificationListener<ScrollMetricsNotification> ΓåÉ Transform ΓåÉ StretchEffect ΓåÉ ClipRect ΓåÉ
    AnimatedBuilder ΓåÉ NotificationListener<ScrollNotification> ΓåÉ StretchingOverscrollIndicator ΓåÉ
    Scrollable ΓåÉ SingleChildScrollView ΓåÉ Γï»
  parentData: <none> (can use size)
  constraints: BoxConstraints(0.0<=w<=768.0, 0.0<=h<=240.0)
  size: MISSING
  behavior: deferToChild
  listeners: signal
This RenderObject had the following descendants (showing up to depth 5):
    child: RenderSemanticsGestureHandler#81e44 relayoutBoundary=up6 NEEDS-PAINT NEEDS-COMPOSITING-BITS-UPDATE
      child: RenderPointerListener#4eff9 relayoutBoundary=up7 NEEDS-PAINT NEEDS-COMPOSITING-BITS-UPDATE
        child: RenderSemanticsAnnotations#dabbe relayoutBoundary=up8 NEEDS-PAINT NEEDS-COMPOSITING-BITS-UPDATE
          child: RenderIgnorePointer#7c7e5 relayoutBoundary=up9 NEEDS-PAINT NEEDS-COMPOSITING-BITS-UPDATE
            child: _RenderSingleChildViewport#4660a relayoutBoundary=up10 NEEDS-PAINT NEEDS-COMPOSITING-BITS-UPDATE
ΓòÉΓòÉΓòÉΓòÉΓòÉΓòÉΓòÉΓòÉΓòÉΓòÉΓòÉΓòÉΓòÉΓòÉΓòÉΓòÉΓòÉΓòÉΓòÉΓòÉΓòÉΓòÉΓòÉΓòÉΓòÉΓòÉΓòÉΓòÉΓòÉΓòÉΓòÉΓòÉΓòÉΓòÉΓòÉΓòÉΓòÉΓòÉΓòÉΓòÉΓòÉΓòÉΓòÉΓòÉΓòÉΓòÉΓòÉΓòÉΓòÉΓòÉΓòÉΓòÉΓòÉΓòÉΓòÉΓòÉΓòÉΓòÉΓòÉΓòÉΓòÉΓòÉΓòÉΓòÉΓòÉΓòÉΓòÉΓòÉΓòÉΓòÉΓòÉΓòÉΓòÉΓòÉΓòÉΓòÉΓòÉΓòÉΓòÉΓòÉΓòÉΓòÉΓòÉΓòÉΓòÉΓòÉΓòÉΓòÉΓòÉΓòÉΓòÉΓòÉΓòÉΓòÉΓòÉΓòÉΓòÉΓòÉΓòÉΓòÉ
ΓòÉΓòÉΓòí EXCEPTION CAUGHT BY RENDERING LIBRARY Γò₧ΓòÉΓòÉΓòÉΓòÉΓòÉΓòÉΓòÉΓòÉΓòÉΓòÉΓòÉΓòÉΓòÉΓòÉΓòÉΓòÉΓòÉΓòÉΓòÉΓòÉΓòÉΓòÉΓòÉΓòÉΓòÉΓòÉΓòÉΓòÉΓòÉΓòÉΓòÉΓòÉΓòÉΓòÉΓòÉΓòÉΓòÉΓòÉΓòÉΓòÉΓòÉΓòÉΓòÉΓòÉΓòÉΓòÉΓòÉΓòÉΓòÉΓòÉΓòÉΓòÉΓòÉΓòÉΓòÉΓòÉΓòÉ
The following assertion was thrown during performLayout():
RenderBox was not laid out: RenderPointerListener#f9e58 relayoutBoundary=up5 NEEDS-PAINT
NEEDS-COMPOSITING-BITS-UPDATE
'package:flutter/src/rendering/box.dart':
Failed assertion: line 2251 pos 12: 'hasSize'

Either the assertion indicates an error in the framework itself, or we should provide substantially
more information in this error message to help you determine and fix the underlying cause.
In either case, please report this assertion by filing a bug on GitHub:
  https://github.com/flutter/flutter/issues/new?template=02_bug.yml

The relevant error-causing widget was:
  SingleChildScrollView
  SingleChildScrollView:file:///Y:/AndroidStudioProject/Github/expert-project/lib/presentation/pages/tv_detail_page.dart:100:30

When the exception was thrown, this was the stack:
#2      RenderBox.size (package:flutter/src/rendering/box.dart:2251:12)
#3      RenderProxyBoxMixin.performLayout (package:flutter/src/rendering/proxy_box.dart:118:62)
#4      RenderObject.layout (package:flutter/src/rendering/object.dart:2907:7)
#5      RenderProxyBoxMixin.performLayout (package:flutter/src/rendering/proxy_box.dart:118:18)
#6      RenderObject.layout (package:flutter/src/rendering/object.dart:2907:7)
#7      RenderProxyBoxMixin.performLayout (package:flutter/src/rendering/proxy_box.dart:118:18)
#8      _RenderCustomClip.performLayout (package:flutter/src/rendering/proxy_box.dart:1549:11)
#9      RenderObject.layout (package:flutter/src/rendering/object.dart:2907:7)
#10     RenderPadding.performLayout (package:flutter/src/rendering/shifted_box.dart:262:12)
#11     RenderObject.layout (package:flutter/src/rendering/object.dart:2907:7)
#12     ChildLayoutHelper.layoutChild (package:flutter/src/rendering/layout_helper.dart:62:11)
#13     RenderStack._computeSize (package:flutter/src/rendering/stack.dart:647:43)
#14     RenderStack.performLayout (package:flutter/src/rendering/stack.dart:682:12)
#15     RenderObject.layout (package:flutter/src/rendering/object.dart:2907:7)
#16     RenderPadding.performLayout (package:flutter/src/rendering/shifted_box.dart:262:12)
#17     RenderObject.layout (package:flutter/src/rendering/object.dart:2907:7)
#18     RenderProxyBoxMixin.performLayout (package:flutter/src/rendering/proxy_box.dart:118:18)
#19     RenderObject.layout (package:flutter/src/rendering/object.dart:2907:7)
#20     RenderFractionallySizedOverflowBox.performLayout (package:flutter/src/rendering/shifted_box.dart:1298:14)
#21     RenderObject.layout (package:flutter/src/rendering/object.dart:2907:7)
#22     RenderConstrainedBox.performLayout (package:flutter/src/rendering/proxy_box.dart:296:14)
#23     RenderObject.layout (package:flutter/src/rendering/object.dart:2907:7)
#24     _RenderLayoutBuilder.performLayout (package:flutter/src/widgets/layout_builder.dart:449:14)
#25     RenderObject.layout (package:flutter/src/rendering/object.dart:2907:7)
#26     RenderPadding.performLayout (package:flutter/src/rendering/shifted_box.dart:262:12)
#27     RenderObject.layout (package:flutter/src/rendering/object.dart:2907:7)
#28     ChildLayoutHelper.layoutChild (package:flutter/src/rendering/layout_helper.dart:62:11)
#29     RenderStack._computeSize (package:flutter/src/rendering/stack.dart:647:43)
#30     RenderStack.performLayout (package:flutter/src/rendering/stack.dart:682:12)
#31     RenderObject.layout (package:flutter/src/rendering/object.dart:2907:7)
#32     RenderPadding.performLayout (package:flutter/src/rendering/shifted_box.dart:262:12)
#33     RenderObject.layout (package:flutter/src/rendering/object.dart:2907:7)
#34     MultiChildLayoutDelegate.layoutChild (package:flutter/src/rendering/custom_layout.dart:180:12)
#35     _ScaffoldLayout.performLayout (package:flutter/src/material/scaffold.dart:1113:7)
#36     MultiChildLayoutDelegate._callPerformLayout (package:flutter/src/rendering/custom_layout.dart:246:7)
#37     RenderCustomMultiChildLayoutBox.performLayout (package:flutter/src/rendering/custom_layout.dart:417:14)
#38     RenderObject.layout (package:flutter/src/rendering/object.dart:2907:7)
#39     RenderProxyBoxMixin.performLayout (package:flutter/src/rendering/proxy_box.dart:118:18)
#40     RenderObject.layout (package:flutter/src/rendering/object.dart:2907:7)
#41     RenderProxyBoxMixin.performLayout (package:flutter/src/rendering/proxy_box.dart:118:18)
#42     _RenderCustomClip.performLayout (package:flutter/src/rendering/proxy_box.dart:1549:11)
#43     RenderObject.layout (package:flutter/src/rendering/object.dart:2907:7)
#44     RenderProxyBoxMixin.performLayout (package:flutter/src/rendering/proxy_box.dart:118:18)
#45     RenderObject.layout (package:flutter/src/rendering/object.dart:2907:7)
#46     RenderProxyBoxMixin.performLayout (package:flutter/src/rendering/proxy_box.dart:118:18)
#47     RenderObject.layout (package:flutter/src/rendering/object.dart:2907:7)
#48     RenderProxyBoxMixin.performLayout (package:flutter/src/rendering/proxy_box.dart:118:18)
#49     RenderObject.layout (package:flutter/src/rendering/object.dart:2907:7)
#50     RenderProxyBoxMixin.performLayout (package:flutter/src/rendering/proxy_box.dart:118:18)
#51     RenderObject.layout (package:flutter/src/rendering/object.dart:2907:7)
#52     RenderProxyBoxMixin.performLayout (package:flutter/src/rendering/proxy_box.dart:118:18)
#53     RenderObject.layout (package:flutter/src/rendering/object.dart:2907:7)
#54     RenderProxyBoxMixin.performLayout (package:flutter/src/rendering/proxy_box.dart:118:18)
#55     RenderObject.layout (package:flutter/src/rendering/object.dart:2907:7)
#56     RenderProxyBoxMixin.performLayout (package:flutter/src/rendering/proxy_box.dart:118:18)
#57     RenderObject.layout (package:flutter/src/rendering/object.dart:2907:7)
#58     RenderProxyBoxMixin.performLayout (package:flutter/src/rendering/proxy_box.dart:118:18)
#59     RenderObject.layout (package:flutter/src/rendering/object.dart:2907:7)
#60     RenderProxyBoxMixin.performLayout (package:flutter/src/rendering/proxy_box.dart:118:18)
#61     RenderObject.layout (package:flutter/src/rendering/object.dart:2907:7)
#62     RenderProxyBoxMixin.performLayout (package:flutter/src/rendering/proxy_box.dart:118:18)
#63     RenderObject.layout (package:flutter/src/rendering/object.dart:2907:7)
#64     RenderProxyBoxMixin.performLayout (package:flutter/src/rendering/proxy_box.dart:118:18)
#65     RenderObject.layout (package:flutter/src/rendering/object.dart:2907:7)
#66     RenderProxyBoxMixin.performLayout (package:flutter/src/rendering/proxy_box.dart:118:18)
#67     RenderObject.layout (package:flutter/src/rendering/object.dart:2907:7)
#68     RenderProxyBoxMixin.performLayout (package:flutter/src/rendering/proxy_box.dart:118:18)
#69     RenderObject.layout (package:flutter/src/rendering/object.dart:2907:7)
#70     RenderProxyBoxMixin.performLayout (package:flutter/src/rendering/proxy_box.dart:118:18)
#71     RenderObject.layout (package:flutter/src/rendering/object.dart:2907:7)
#72     RenderProxyBoxMixin.performLayout (package:flutter/src/rendering/proxy_box.dart:118:18)
#73     RenderObject.layout (package:flutter/src/rendering/object.dart:2907:7)
#74     RenderProxyBoxMixin.performLayout (package:flutter/src/rendering/proxy_box.dart:118:18)
#75     RenderOffstage.performLayout (package:flutter/src/rendering/proxy_box.dart:3923:13)
#76     RenderObject.layout (package:flutter/src/rendering/object.dart:2907:7)
#77     RenderProxyBoxMixin.performLayout (package:flutter/src/rendering/proxy_box.dart:118:18)
#78     RenderObject.layout (package:flutter/src/rendering/object.dart:2907:7)
#79     _RenderTheaterMixin.layoutChild (package:flutter/src/widgets/overlay.dart:1124:13)
#80     _RenderTheater.performLayout (package:flutter/src/widgets/overlay.dart:1481:9)
#81     RenderObject.layout (package:flutter/src/rendering/object.dart:2907:7)
#82     RenderProxyBoxMixin.performLayout (package:flutter/src/rendering/proxy_box.dart:118:18)
#83     RenderObject.layout (package:flutter/src/rendering/object.dart:2907:7)
#84     RenderProxyBoxMixin.performLayout (package:flutter/src/rendering/proxy_box.dart:118:18)
#85     RenderObject.layout (package:flutter/src/rendering/object.dart:2907:7)
#86     RenderProxyBoxMixin.performLayout (package:flutter/src/rendering/proxy_box.dart:118:18)
#87     RenderObject.layout (package:flutter/src/rendering/object.dart:2907:7)
#88     RenderProxyBoxMixin.performLayout (package:flutter/src/rendering/proxy_box.dart:118:18)
#89     RenderCustomPaint.performLayout (package:flutter/src/rendering/custom_paint.dart:574:11)
#90     RenderObject.layout (package:flutter/src/rendering/object.dart:2907:7)
#91     RenderProxyBoxMixin.performLayout (package:flutter/src/rendering/proxy_box.dart:118:18)
#92     RenderObject.layout (package:flutter/src/rendering/object.dart:2907:7)
#93     RenderProxyBoxMixin.performLayout (package:flutter/src/rendering/proxy_box.dart:118:18)
#94     RenderObject.layout (package:flutter/src/rendering/object.dart:2907:7)
#95     RenderProxyBoxMixin.performLayout (package:flutter/src/rendering/proxy_box.dart:118:18)
#96     RenderObject.layout (package:flutter/src/rendering/object.dart:2907:7)
#97     RenderProxyBoxMixin.performLayout (package:flutter/src/rendering/proxy_box.dart:118:18)
#98     RenderObject.layout (package:flutter/src/rendering/object.dart:2907:7)
#99     RenderProxyBoxMixin.performLayout (package:flutter/src/rendering/proxy_box.dart:118:18)
#100    RenderObject.layout (package:flutter/src/rendering/object.dart:2907:7)
#101    RenderProxyBoxMixin.performLayout (package:flutter/src/rendering/proxy_box.dart:118:18)
#102    RenderObject.layout (package:flutter/src/rendering/object.dart:2907:7)
#103    RenderView.performLayout (package:flutter/src/rendering/view.dart:292:12)
#104    RenderObject._layoutWithoutResize (package:flutter/src/rendering/object.dart:2755:7)
#105    PipelineOwner.flushLayout (package:flutter/src/rendering/object.dart:1174:18)
#106    PipelineOwner.flushLayout (package:flutter/src/rendering/object.dart:1187:15)
#107    AutomatedTestWidgetsFlutterBinding.drawFrame (package:flutter_test/src/binding.dart:2433:27)
#108    RendererBinding._handlePersistentFrameCallback (package:flutter/src/rendering/binding.dart:509:5)
#109    SchedulerBinding._invokeFrameCallback (package:flutter/src/scheduler/binding.dart:1430:15)
#110    SchedulerBinding.handleDrawFrame (package:flutter/src/scheduler/binding.dart:1345:9)
#111    AutomatedTestWidgetsFlutterBinding.pump.<anonymous closure> (package:flutter_test/src/binding.dart:2260:9)
#114    TestAsyncUtils.guard (package:flutter_test/src/test_async_utils.dart:74:41)
#115    AutomatedTestWidgetsFlutterBinding.pump (package:flutter_test/src/binding.dart:2249:27)
#116    WidgetTester.pumpWidget.<anonymous closure> (package:flutter_test/src/widget_tester.dart:598:22)
#119    TestAsyncUtils.guard (package:flutter_test/src/test_async_utils.dart:74:41)
#120    WidgetTester.pumpWidget (package:flutter_test/src/widget_tester.dart:595:27)
#121    main.<anonymous closure>.<anonymous closure> (file:///Y:/AndroidStudioProject/Github/expert-project/test/presentation/pages/tv_detail_page_test.dart:67:20)
#122    testWidgets.<anonymous closure>.<anonymous closure> (package:flutter_test/src/widget_tester.dart:192:29)
<asynchronous suspension>
#123    TestWidgetsFlutterBinding._runTestBody (package:flutter_test/src/binding.dart:1952:5)
<asynchronous suspension>
<asynchronous suspension>
(elided 7 frames from class _AssertionError, dart:async, and package:stack_trace)

The following RenderObject was being processed when the exception was fired: _RenderScrollSemantics#f18ef relayoutBoundary=up4 NEEDS-LAYOUT NEEDS-PAINT NEEDS-COMPOSITING-BITS-UPDATE:
  creator: _ScrollSemantics-[GlobalKey#64490] ΓåÉ NotificationListener<ScrollMetricsNotification> ΓåÉ
    Transform ΓåÉ StretchEffect ΓåÉ ClipRect ΓåÉ AnimatedBuilder ΓåÉ NotificationListener<ScrollNotification>
    ΓåÉ StretchingOverscrollIndicator ΓåÉ Scrollable ΓåÉ SingleChildScrollView ΓåÉ Padding ΓåÉ Container ΓåÉ Γï»
  parentData: <none> (can use size)
  constraints: BoxConstraints(0.0<=w<=768.0, 0.0<=h<=240.0)
  semantic boundary
  size: MISSING
This RenderObject had the following descendants (showing up to depth 5):
    child: RenderPointerListener#f9e58 relayoutBoundary=up5 NEEDS-PAINT NEEDS-COMPOSITING-BITS-UPDATE
      child: RenderSemanticsGestureHandler#81e44 relayoutBoundary=up6 NEEDS-PAINT NEEDS-COMPOSITING-BITS-UPDATE
        child: RenderPointerListener#4eff9 relayoutBoundary=up7 NEEDS-PAINT NEEDS-COMPOSITING-BITS-UPDATE
          child: RenderSemanticsAnnotations#dabbe relayoutBoundary=up8 NEEDS-PAINT NEEDS-COMPOSITING-BITS-UPDATE
            child: RenderIgnorePointer#7c7e5 relayoutBoundary=up9 NEEDS-PAINT NEEDS-COMPOSITING-BITS-UPDATE
ΓòÉΓòÉΓòÉΓòÉΓòÉΓòÉΓòÉΓòÉΓòÉΓòÉΓòÉΓòÉΓòÉΓòÉΓòÉΓòÉΓòÉΓòÉΓòÉΓòÉΓòÉΓòÉΓòÉΓòÉΓòÉΓòÉΓòÉΓòÉΓòÉΓòÉΓòÉΓòÉΓòÉΓòÉΓòÉΓòÉΓòÉΓòÉΓòÉΓòÉΓòÉΓòÉΓòÉΓòÉΓòÉΓòÉΓòÉΓòÉΓòÉΓòÉΓòÉΓòÉΓòÉΓòÉΓòÉΓòÉΓòÉΓòÉΓòÉΓòÉΓòÉΓòÉΓòÉΓòÉΓòÉΓòÉΓòÉΓòÉΓòÉΓòÉΓòÉΓòÉΓòÉΓòÉΓòÉΓòÉΓòÉΓòÉΓòÉΓòÉΓòÉΓòÉΓòÉΓòÉΓòÉΓòÉΓòÉΓòÉΓòÉΓòÉΓòÉΓòÉΓòÉΓòÉΓòÉΓòÉΓòÉΓòÉΓòÉΓòÉ
ΓòÉΓòÉΓòí EXCEPTION CAUGHT BY RENDERING LIBRARY Γò₧ΓòÉΓòÉΓòÉΓòÉΓòÉΓòÉΓòÉΓòÉΓòÉΓòÉΓòÉΓòÉΓòÉΓòÉΓòÉΓòÉΓòÉΓòÉΓòÉΓòÉΓòÉΓòÉΓòÉΓòÉΓòÉΓòÉΓòÉΓòÉΓòÉΓòÉΓòÉΓòÉΓòÉΓòÉΓòÉΓòÉΓòÉΓòÉΓòÉΓòÉΓòÉΓòÉΓòÉΓòÉΓòÉΓòÉΓòÉΓòÉΓòÉΓòÉΓòÉΓòÉΓòÉΓòÉΓòÉΓòÉΓòÉ
The following assertion was thrown during performLayout():
RenderBox was not laid out: _RenderScrollSemantics#f18ef relayoutBoundary=up4 NEEDS-PAINT
NEEDS-COMPOSITING-BITS-UPDATE
'package:flutter/src/rendering/box.dart':
Failed assertion: line 2251 pos 12: 'hasSize'

Either the assertion indicates an error in the framework itself, or we should provide substantially
more information in this error message to help you determine and fix the underlying cause.
In either case, please report this assertion by filing a bug on GitHub:
  https://github.com/flutter/flutter/issues/new?template=02_bug.yml

The relevant error-causing widget was:
  SingleChildScrollView
  SingleChildScrollView:file:///Y:/AndroidStudioProject/Github/expert-project/lib/presentation/pages/tv_detail_page.dart:100:30

When the exception was thrown, this was the stack:
#2      RenderBox.size (package:flutter/src/rendering/box.dart:2251:12)
#3      RenderProxyBoxMixin.performLayout (package:flutter/src/rendering/proxy_box.dart:118:62)
#4      RenderObject.layout (package:flutter/src/rendering/object.dart:2907:7)
#5      RenderProxyBoxMixin.performLayout (package:flutter/src/rendering/proxy_box.dart:118:18)
#6      _RenderCustomClip.performLayout (package:flutter/src/rendering/proxy_box.dart:1549:11)
#7      RenderObject.layout (package:flutter/src/rendering/object.dart:2907:7)
#8      RenderPadding.performLayout (package:flutter/src/rendering/shifted_box.dart:262:12)
#9      RenderObject.layout (package:flutter/src/rendering/object.dart:2907:7)
#10     ChildLayoutHelper.layoutChild (package:flutter/src/rendering/layout_helper.dart:62:11)
#11     RenderStack._computeSize (package:flutter/src/rendering/stack.dart:647:43)
#12     RenderStack.performLayout (package:flutter/src/rendering/stack.dart:682:12)
#13     RenderObject.layout (package:flutter/src/rendering/object.dart:2907:7)
#14     RenderPadding.performLayout (package:flutter/src/rendering/shifted_box.dart:262:12)
#15     RenderObject.layout (package:flutter/src/rendering/object.dart:2907:7)
#16     RenderProxyBoxMixin.performLayout (package:flutter/src/rendering/proxy_box.dart:118:18)
#17     RenderObject.layout (package:flutter/src/rendering/object.dart:2907:7)
#18     RenderFractionallySizedOverflowBox.performLayout (package:flutter/src/rendering/shifted_box.dart:1298:14)
#19     RenderObject.layout (package:flutter/src/rendering/object.dart:2907:7)
#20     RenderConstrainedBox.performLayout (package:flutter/src/rendering/proxy_box.dart:296:14)
#21     RenderObject.layout (package:flutter/src/rendering/object.dart:2907:7)
#22     _RenderLayoutBuilder.performLayout (package:flutter/src/widgets/layout_builder.dart:449:14)
#23     RenderObject.layout (package:flutter/src/rendering/object.dart:2907:7)
#24     RenderPadding.performLayout (package:flutter/src/rendering/shifted_box.dart:262:12)
#25     RenderObject.layout (package:flutter/src/rendering/object.dart:2907:7)
#26     ChildLayoutHelper.layoutChild (package:flutter/src/rendering/layout_helper.dart:62:11)
#27     RenderStack._computeSize (package:flutter/src/rendering/stack.dart:647:43)
#28     RenderStack.performLayout (package:flutter/src/rendering/stack.dart:682:12)
#29     RenderObject.layout (package:flutter/src/rendering/object.dart:2907:7)
#30     RenderPadding.performLayout (package:flutter/src/rendering/shifted_box.dart:262:12)
#31     RenderObject.layout (package:flutter/src/rendering/object.dart:2907:7)
#32     MultiChildLayoutDelegate.layoutChild (package:flutter/src/rendering/custom_layout.dart:180:12)
#33     _ScaffoldLayout.performLayout (package:flutter/src/material/scaffold.dart:1113:7)
#34     MultiChildLayoutDelegate._callPerformLayout (package:flutter/src/rendering/custom_layout.dart:246:7)
#35     RenderCustomMultiChildLayoutBox.performLayout (package:flutter/src/rendering/custom_layout.dart:417:14)
#36     RenderObject.layout (package:flutter/src/rendering/object.dart:2907:7)
#37     RenderProxyBoxMixin.performLayout (package:flutter/src/rendering/proxy_box.dart:118:18)
#38     RenderObject.layout (package:flutter/src/rendering/object.dart:2907:7)
#39     RenderProxyBoxMixin.performLayout (package:flutter/src/rendering/proxy_box.dart:118:18)
#40     _RenderCustomClip.performLayout (package:flutter/src/rendering/proxy_box.dart:1549:11)
#41     RenderObject.layout (package:flutter/src/rendering/object.dart:2907:7)
#42     RenderProxyBoxMixin.performLayout (package:flutter/src/rendering/proxy_box.dart:118:18)
#43     RenderObject.layout (package:flutter/src/rendering/object.dart:2907:7)
#44     RenderProxyBoxMixin.performLayout (package:flutter/src/rendering/proxy_box.dart:118:18)
#45     RenderObject.layout (package:flutter/src/rendering/object.dart:2907:7)
#46     RenderProxyBoxMixin.performLayout (package:flutter/src/rendering/proxy_box.dart:118:18)
#47     RenderObject.layout (package:flutter/src/rendering/object.dart:2907:7)
#48     RenderProxyBoxMixin.performLayout (package:flutter/src/rendering/proxy_box.dart:118:18)
#49     RenderObject.layout (package:flutter/src/rendering/object.dart:2907:7)
#50     RenderProxyBoxMixin.performLayout (package:flutter/src/rendering/proxy_box.dart:118:18)
#51     RenderObject.layout (package:flutter/src/rendering/object.dart:2907:7)
#52     RenderProxyBoxMixin.performLayout (package:flutter/src/rendering/proxy_box.dart:118:18)
#53     RenderObject.layout (package:flutter/src/rendering/object.dart:2907:7)
#54     RenderProxyBoxMixin.performLayout (package:flutter/src/rendering/proxy_box.dart:118:18)
#55     RenderObject.layout (package:flutter/src/rendering/object.dart:2907:7)
#56     RenderProxyBoxMixin.performLayout (package:flutter/src/rendering/proxy_box.dart:118:18)
#57     RenderObject.layout (package:flutter/src/rendering/object.dart:2907:7)
#58     RenderProxyBoxMixin.performLayout (package:flutter/src/rendering/proxy_box.dart:118:18)
#59     RenderObject.layout (package:flutter/src/rendering/object.dart:2907:7)
#60     RenderProxyBoxMixin.performLayout (package:flutter/src/rendering/proxy_box.dart:118:18)
#61     RenderObject.layout (package:flutter/src/rendering/object.dart:2907:7)
#62     RenderProxyBoxMixin.performLayout (package:flutter/src/rendering/proxy_box.dart:118:18)
#63     RenderObject.layout (package:flutter/src/rendering/object.dart:2907:7)
#64     RenderProxyBoxMixin.performLayout (package:flutter/src/rendering/proxy_box.dart:118:18)
#65     RenderObject.layout (package:flutter/src/rendering/object.dart:2907:7)
#66     RenderProxyBoxMixin.performLayout (package:flutter/src/rendering/proxy_box.dart:118:18)
#67     RenderObject.layout (package:flutter/src/rendering/object.dart:2907:7)
#68     RenderProxyBoxMixin.performLayout (package:flutter/src/rendering/proxy_box.dart:118:18)
#69     RenderObject.layout (package:flutter/src/rendering/object.dart:2907:7)
#70     RenderProxyBoxMixin.performLayout (package:flutter/src/rendering/proxy_box.dart:118:18)
#71     RenderObject.layout (package:flutter/src/rendering/object.dart:2907:7)
#72     RenderProxyBoxMixin.performLayout (package:flutter/src/rendering/proxy_box.dart:118:18)
#73     RenderOffstage.performLayout (package:flutter/src/rendering/proxy_box.dart:3923:13)
#74     RenderObject.layout (package:flutter/src/rendering/object.dart:2907:7)
#75     RenderProxyBoxMixin.performLayout (package:flutter/src/rendering/proxy_box.dart:118:18)
#76     RenderObject.layout (package:flutter/src/rendering/object.dart:2907:7)
#77     _RenderTheaterMixin.layoutChild (package:flutter/src/widgets/overlay.dart:1124:13)
#78     _RenderTheater.performLayout (package:flutter/src/widgets/overlay.dart:1481:9)
#79     RenderObject.layout (package:flutter/src/rendering/object.dart:2907:7)
#80     RenderProxyBoxMixin.performLayout (package:flutter/src/rendering/proxy_box.dart:118:18)
#81     RenderObject.layout (package:flutter/src/rendering/object.dart:2907:7)
#82     RenderProxyBoxMixin.performLayout (package:flutter/src/rendering/proxy_box.dart:118:18)
#83     RenderObject.layout (package:flutter/src/rendering/object.dart:2907:7)
#84     RenderProxyBoxMixin.performLayout (package:flutter/src/rendering/proxy_box.dart:118:18)
#85     RenderObject.layout (package:flutter/src/rendering/object.dart:2907:7)
#86     RenderProxyBoxMixin.performLayout (package:flutter/src/rendering/proxy_box.dart:118:18)
#87     RenderCustomPaint.performLayout (package:flutter/src/rendering/custom_paint.dart:574:11)
#88     RenderObject.layout (package:flutter/src/rendering/object.dart:2907:7)
#89     RenderProxyBoxMixin.performLayout (package:flutter/src/rendering/proxy_box.dart:118:18)
#90     RenderObject.layout (package:flutter/src/rendering/object.dart:2907:7)
#91     RenderProxyBoxMixin.performLayout (package:flutter/src/rendering/proxy_box.dart:118:18)
#92     RenderObject.layout (package:flutter/src/rendering/object.dart:2907:7)
#93     RenderProxyBoxMixin.performLayout (package:flutter/src/rendering/proxy_box.dart:118:18)
#94     RenderObject.layout (package:flutter/src/rendering/object.dart:2907:7)
#95     RenderProxyBoxMixin.performLayout (package:flutter/src/rendering/proxy_box.dart:118:18)
#96     RenderObject.layout (package:flutter/src/rendering/object.dart:2907:7)
#97     RenderProxyBoxMixin.performLayout (package:flutter/src/rendering/proxy_box.dart:118:18)
#98     RenderObject.layout (package:flutter/src/rendering/object.dart:2907:7)
#99     RenderProxyBoxMixin.performLayout (package:flutter/src/rendering/proxy_box.dart:118:18)
#100    RenderObject.layout (package:flutter/src/rendering/object.dart:2907:7)
#101    RenderView.performLayout (package:flutter/src/rendering/view.dart:292:12)
#102    RenderObject._layoutWithoutResize (package:flutter/src/rendering/object.dart:2755:7)
#103    PipelineOwner.flushLayout (package:flutter/src/rendering/object.dart:1174:18)
#104    PipelineOwner.flushLayout (package:flutter/src/rendering/object.dart:1187:15)
#105    AutomatedTestWidgetsFlutterBinding.drawFrame (package:flutter_test/src/binding.dart:2433:27)
#106    RendererBinding._handlePersistentFrameCallback (package:flutter/src/rendering/binding.dart:509:5)
#107    SchedulerBinding._invokeFrameCallback (package:flutter/src/scheduler/binding.dart:1430:15)
#108    SchedulerBinding.handleDrawFrame (package:flutter/src/scheduler/binding.dart:1345:9)
#109    AutomatedTestWidgetsFlutterBinding.pump.<anonymous closure> (package:flutter_test/src/binding.dart:2260:9)
#112    TestAsyncUtils.guard (package:flutter_test/src/test_async_utils.dart:74:41)
#113    AutomatedTestWidgetsFlutterBinding.pump (package:flutter_test/src/binding.dart:2249:27)
#114    WidgetTester.pumpWidget.<anonymous closure> (package:flutter_test/src/widget_tester.dart:598:22)
#117    TestAsyncUtils.guard (package:flutter_test/src/test_async_utils.dart:74:41)
#118    WidgetTester.pumpWidget (package:flutter_test/src/widget_tester.dart:595:27)
#119    main.<anonymous closure>.<anonymous closure> (file:///Y:/AndroidStudioProject/Github/expert-project/test/presentation/pages/tv_detail_page_test.dart:67:20)
#120    testWidgets.<anonymous closure>.<anonymous closure> (package:flutter_test/src/widget_tester.dart:192:29)
<asynchronous suspension>
#121    TestWidgetsFlutterBinding._runTestBody (package:flutter_test/src/binding.dart:1952:5)
<asynchronous suspension>
<asynchronous suspension>
(elided 7 frames from class _AssertionError, dart:async, and package:stack_trace)

The following RenderObject was being processed when the exception was fired: RenderTransform#95282 relayoutBoundary=up3 NEEDS-LAYOUT NEEDS-PAINT NEEDS-COMPOSITING-BITS-UPDATE:
  creator: Transform ΓåÉ StretchEffect ΓåÉ ClipRect ΓåÉ AnimatedBuilder ΓåÉ
    NotificationListener<ScrollNotification> ΓåÉ StretchingOverscrollIndicator ΓåÉ Scrollable ΓåÉ
    SingleChildScrollView ΓåÉ Padding ΓåÉ Container ΓåÉ Stack ΓåÉ Padding ΓåÉ Γï»
  parentData: <none> (can use size)
  constraints: BoxConstraints(0.0<=w<=768.0, 0.0<=h<=240.0)
  size: MISSING
  transform matrix:
    [0] 1.0,0.0,0.0,0.0
    [1] 0.0,1.0,0.0,0.0
    [2] 0.0,0.0,1.0,0.0
    [3] 0.0,0.0,0.0,1.0
  origin: null
  alignment: AlignmentDirectional.bottomCenter
  textDirection: ltr
  transformHitTests: true
This RenderObject had the following descendants (showing up to depth 5):
    child: _RenderScrollSemantics#f18ef relayoutBoundary=up4 NEEDS-PAINT NEEDS-COMPOSITING-BITS-UPDATE
      child: RenderPointerListener#f9e58 relayoutBoundary=up5 NEEDS-PAINT NEEDS-COMPOSITING-BITS-UPDATE
        child: RenderSemanticsGestureHandler#81e44 relayoutBoundary=up6 NEEDS-PAINT NEEDS-COMPOSITING-BITS-UPDATE
          child: RenderPointerListener#4eff9 relayoutBoundary=up7 NEEDS-PAINT NEEDS-COMPOSITING-BITS-UPDATE
            child: RenderSemanticsAnnotations#dabbe relayoutBoundary=up8 NEEDS-PAINT NEEDS-COMPOSITING-BITS-UPDATE
ΓòÉΓòÉΓòÉΓòÉΓòÉΓòÉΓòÉΓòÉΓòÉΓòÉΓòÉΓòÉΓòÉΓòÉΓòÉΓòÉΓòÉΓòÉΓòÉΓòÉΓòÉΓòÉΓòÉΓòÉΓòÉΓòÉΓòÉΓòÉΓòÉΓòÉΓòÉΓòÉΓòÉΓòÉΓòÉΓòÉΓòÉΓòÉΓòÉΓòÉΓòÉΓòÉΓòÉΓòÉΓòÉΓòÉΓòÉΓòÉΓòÉΓòÉΓòÉΓòÉΓòÉΓòÉΓòÉΓòÉΓòÉΓòÉΓòÉΓòÉΓòÉΓòÉΓòÉΓòÉΓòÉΓòÉΓòÉΓòÉΓòÉΓòÉΓòÉΓòÉΓòÉΓòÉΓòÉΓòÉΓòÉΓòÉΓòÉΓòÉΓòÉΓòÉΓòÉΓòÉΓòÉΓòÉΓòÉΓòÉΓòÉΓòÉΓòÉΓòÉΓòÉΓòÉΓòÉΓòÉΓòÉΓòÉΓòÉΓòÉ
ΓòÉΓòÉΓòí EXCEPTION CAUGHT BY RENDERING LIBRARY Γò₧ΓòÉΓòÉΓòÉΓòÉΓòÉΓòÉΓòÉΓòÉΓòÉΓòÉΓòÉΓòÉΓòÉΓòÉΓòÉΓòÉΓòÉΓòÉΓòÉΓòÉΓòÉΓòÉΓòÉΓòÉΓòÉΓòÉΓòÉΓòÉΓòÉΓòÉΓòÉΓòÉΓòÉΓòÉΓòÉΓòÉΓòÉΓòÉΓòÉΓòÉΓòÉΓòÉΓòÉΓòÉΓòÉΓòÉΓòÉΓòÉΓòÉΓòÉΓòÉΓòÉΓòÉΓòÉΓòÉΓòÉΓòÉ
The following assertion was thrown during performLayout():
RenderBox was not laid out: RenderTransform#95282 relayoutBoundary=up3 NEEDS-PAINT
NEEDS-COMPOSITING-BITS-UPDATE
'package:flutter/src/rendering/box.dart':
Failed assertion: line 2251 pos 12: 'hasSize'

Either the assertion indicates an error in the framework itself, or we should provide substantially
more information in this error message to help you determine and fix the underlying cause.
In either case, please report this assertion by filing a bug on GitHub:
  https://github.com/flutter/flutter/issues/new?template=02_bug.yml

The relevant error-causing widget was:
  SingleChildScrollView
  SingleChildScrollView:file:///Y:/AndroidStudioProject/Github/expert-project/lib/presentation/pages/tv_detail_page.dart:100:30

When the exception was thrown, this was the stack:
#2      RenderBox.size (package:flutter/src/rendering/box.dart:2251:12)
#3      RenderProxyBoxMixin.performLayout (package:flutter/src/rendering/proxy_box.dart:118:62)
#4      _RenderCustomClip.performLayout (package:flutter/src/rendering/proxy_box.dart:1549:11)
#5      RenderObject.layout (package:flutter/src/rendering/object.dart:2907:7)
#6      RenderPadding.performLayout (package:flutter/src/rendering/shifted_box.dart:262:12)
#7      RenderObject.layout (package:flutter/src/rendering/object.dart:2907:7)
#8      ChildLayoutHelper.layoutChild (package:flutter/src/rendering/layout_helper.dart:62:11)
#9      RenderStack._computeSize (package:flutter/src/rendering/stack.dart:647:43)
#10     RenderStack.performLayout (package:flutter/src/rendering/stack.dart:682:12)
#11     RenderObject.layout (package:flutter/src/rendering/object.dart:2907:7)
#12     RenderPadding.performLayout (package:flutter/src/rendering/shifted_box.dart:262:12)
#13     RenderObject.layout (package:flutter/src/rendering/object.dart:2907:7)
#14     RenderProxyBoxMixin.performLayout (package:flutter/src/rendering/proxy_box.dart:118:18)
#15     RenderObject.layout (package:flutter/src/rendering/object.dart:2907:7)
#16     RenderFractionallySizedOverflowBox.performLayout (package:flutter/src/rendering/shifted_box.dart:1298:14)
#17     RenderObject.layout (package:flutter/src/rendering/object.dart:2907:7)
#18     RenderConstrainedBox.performLayout (package:flutter/src/rendering/proxy_box.dart:296:14)
#19     RenderObject.layout (package:flutter/src/rendering/object.dart:2907:7)
#20     _RenderLayoutBuilder.performLayout (package:flutter/src/widgets/layout_builder.dart:449:14)
#21     RenderObject.layout (package:flutter/src/rendering/object.dart:2907:7)
#22     RenderPadding.performLayout (package:flutter/src/rendering/shifted_box.dart:262:12)
#23     RenderObject.layout (package:flutter/src/rendering/object.dart:2907:7)
#24     ChildLayoutHelper.layoutChild (package:flutter/src/rendering/layout_helper.dart:62:11)
#25     RenderStack._computeSize (package:flutter/src/rendering/stack.dart:647:43)
#26     RenderStack.performLayout (package:flutter/src/rendering/stack.dart:682:12)
#27     RenderObject.layout (package:flutter/src/rendering/object.dart:2907:7)
#28     RenderPadding.performLayout (package:flutter/src/rendering/shifted_box.dart:262:12)
#29     RenderObject.layout (package:flutter/src/rendering/object.dart:2907:7)
#30     MultiChildLayoutDelegate.layoutChild (package:flutter/src/rendering/custom_layout.dart:180:12)
#31     _ScaffoldLayout.performLayout (package:flutter/src/material/scaffold.dart:1113:7)
#32     MultiChildLayoutDelegate._callPerformLayout (package:flutter/src/rendering/custom_layout.dart:246:7)
#33     RenderCustomMultiChildLayoutBox.performLayout (package:flutter/src/rendering/custom_layout.dart:417:14)
#34     RenderObject.layout (package:flutter/src/rendering/object.dart:2907:7)
#35     RenderProxyBoxMixin.performLayout (package:flutter/src/rendering/proxy_box.dart:118:18)
#36     RenderObject.layout (package:flutter/src/rendering/object.dart:2907:7)
#37     RenderProxyBoxMixin.performLayout (package:flutter/src/rendering/proxy_box.dart:118:18)
#38     _RenderCustomClip.performLayout (package:flutter/src/rendering/proxy_box.dart:1549:11)
#39     RenderObject.layout (package:flutter/src/rendering/object.dart:2907:7)
#40     RenderProxyBoxMixin.performLayout (package:flutter/src/rendering/proxy_box.dart:118:18)
#41     RenderObject.layout (package:flutter/src/rendering/object.dart:2907:7)
#42     RenderProxyBoxMixin.performLayout (package:flutter/src/rendering/proxy_box.dart:118:18)
#43     RenderObject.layout (package:flutter/src/rendering/object.dart:2907:7)
#44     RenderProxyBoxMixin.performLayout (package:flutter/src/rendering/proxy_box.dart:118:18)
#45     RenderObject.layout (package:flutter/src/rendering/object.dart:2907:7)
#46     RenderProxyBoxMixin.performLayout (package:flutter/src/rendering/proxy_box.dart:118:18)
#47     RenderObject.layout (package:flutter/src/rendering/object.dart:2907:7)
#48     RenderProxyBoxMixin.performLayout (package:flutter/src/rendering/proxy_box.dart:118:18)
#49     RenderObject.layout (package:flutter/src/rendering/object.dart:2907:7)
#50     RenderProxyBoxMixin.performLayout (package:flutter/src/rendering/proxy_box.dart:118:18)
#51     RenderObject.layout (package:flutter/src/rendering/object.dart:2907:7)
#52     RenderProxyBoxMixin.performLayout (package:flutter/src/rendering/proxy_box.dart:118:18)
#53     RenderObject.layout (package:flutter/src/rendering/object.dart:2907:7)
#54     RenderProxyBoxMixin.performLayout (package:flutter/src/rendering/proxy_box.dart:118:18)
#55     RenderObject.layout (package:flutter/src/rendering/object.dart:2907:7)
#56     RenderProxyBoxMixin.performLayout (package:flutter/src/rendering/proxy_box.dart:118:18)
#57     RenderObject.layout (package:flutter/src/rendering/object.dart:2907:7)
#58     RenderProxyBoxMixin.performLayout (package:flutter/src/rendering/proxy_box.dart:118:18)
#59     RenderObject.layout (package:flutter/src/rendering/object.dart:2907:7)
#60     RenderProxyBoxMixin.performLayout (package:flutter/src/rendering/proxy_box.dart:118:18)
#61     RenderObject.layout (package:flutter/src/rendering/object.dart:2907:7)
#62     RenderProxyBoxMixin.performLayout (package:flutter/src/rendering/proxy_box.dart:118:18)
#63     RenderObject.layout (package:flutter/src/rendering/object.dart:2907:7)
#64     RenderProxyBoxMixin.performLayout (package:flutter/src/rendering/proxy_box.dart:118:18)
#65     RenderObject.layout (package:flutter/src/rendering/object.dart:2907:7)
#66     RenderProxyBoxMixin.performLayout (package:flutter/src/rendering/proxy_box.dart:118:18)
#67     RenderObject.layout (package:flutter/src/rendering/object.dart:2907:7)
#68     RenderProxyBoxMixin.performLayout (package:flutter/src/rendering/proxy_box.dart:118:18)
#69     RenderObject.layout (package:flutter/src/rendering/object.dart:2907:7)
#70     RenderProxyBoxMixin.performLayout (package:flutter/src/rendering/proxy_box.dart:118:18)
#71     RenderOffstage.performLayout (package:flutter/src/rendering/proxy_box.dart:3923:13)
#72     RenderObject.layout (package:flutter/src/rendering/object.dart:2907:7)
#73     RenderProxyBoxMixin.performLayout (package:flutter/src/rendering/proxy_box.dart:118:18)
#74     RenderObject.layout (package:flutter/src/rendering/object.dart:2907:7)
#75     _RenderTheaterMixin.layoutChild (package:flutter/src/widgets/overlay.dart:1124:13)
#76     _RenderTheater.performLayout (package:flutter/src/widgets/overlay.dart:1481:9)
#77     RenderObject.layout (package:flutter/src/rendering/object.dart:2907:7)
#78     RenderProxyBoxMixin.performLayout (package:flutter/src/rendering/proxy_box.dart:118:18)
#79     RenderObject.layout (package:flutter/src/rendering/object.dart:2907:7)
#80     RenderProxyBoxMixin.performLayout (package:flutter/src/rendering/proxy_box.dart:118:18)
#81     RenderObject.layout (package:flutter/src/rendering/object.dart:2907:7)
#82     RenderProxyBoxMixin.performLayout (package:flutter/src/rendering/proxy_box.dart:118:18)
#83     RenderObject.layout (package:flutter/src/rendering/object.dart:2907:7)
#84     RenderProxyBoxMixin.performLayout (package:flutter/src/rendering/proxy_box.dart:118:18)
#85     RenderCustomPaint.performLayout (package:flutter/src/rendering/custom_paint.dart:574:11)
#86     RenderObject.layout (package:flutter/src/rendering/object.dart:2907:7)
#87     RenderProxyBoxMixin.performLayout (package:flutter/src/rendering/proxy_box.dart:118:18)
#88     RenderObject.layout (package:flutter/src/rendering/object.dart:2907:7)
#89     RenderProxyBoxMixin.performLayout (package:flutter/src/rendering/proxy_box.dart:118:18)
#90     RenderObject.layout (package:flutter/src/rendering/object.dart:2907:7)
#91     RenderProxyBoxMixin.performLayout (package:flutter/src/rendering/proxy_box.dart:118:18)
#92     RenderObject.layout (package:flutter/src/rendering/object.dart:2907:7)
#93     RenderProxyBoxMixin.performLayout (package:flutter/src/rendering/proxy_box.dart:118:18)
#94     RenderObject.layout (package:flutter/src/rendering/object.dart:2907:7)
#95     RenderProxyBoxMixin.performLayout (package:flutter/src/rendering/proxy_box.dart:118:18)
#96     RenderObject.layout (package:flutter/src/rendering/object.dart:2907:7)
#97     RenderProxyBoxMixin.performLayout (package:flutter/src/rendering/proxy_box.dart:118:18)
#98     RenderObject.layout (package:flutter/src/rendering/object.dart:2907:7)
#99     RenderView.performLayout (package:flutter/src/rendering/view.dart:292:12)
#100    RenderObject._layoutWithoutResize (package:flutter/src/rendering/object.dart:2755:7)
#101    PipelineOwner.flushLayout (package:flutter/src/rendering/object.dart:1174:18)
#102    PipelineOwner.flushLayout (package:flutter/src/rendering/object.dart:1187:15)
#103    AutomatedTestWidgetsFlutterBinding.drawFrame (package:flutter_test/src/binding.dart:2433:27)
#104    RendererBinding._handlePersistentFrameCallback (package:flutter/src/rendering/binding.dart:509:5)
#105    SchedulerBinding._invokeFrameCallback (package:flutter/src/scheduler/binding.dart:1430:15)
#106    SchedulerBinding.handleDrawFrame (package:flutter/src/scheduler/binding.dart:1345:9)
#107    AutomatedTestWidgetsFlutterBinding.pump.<anonymous closure> (package:flutter_test/src/binding.dart:2260:9)
#110    TestAsyncUtils.guard (package:flutter_test/src/test_async_utils.dart:74:41)
#111    AutomatedTestWidgetsFlutterBinding.pump (package:flutter_test/src/binding.dart:2249:27)
#112    WidgetTester.pumpWidget.<anonymous closure> (package:flutter_test/src/widget_tester.dart:598:22)
#115    TestAsyncUtils.guard (package:flutter_test/src/test_async_utils.dart:74:41)
#116    WidgetTester.pumpWidget (package:flutter_test/src/widget_tester.dart:595:27)
#117    main.<anonymous closure>.<anonymous closure> (file:///Y:/AndroidStudioProject/Github/expert-project/test/presentation/pages/tv_detail_page_test.dart:67:20)
#118    testWidgets.<anonymous closure>.<anonymous closure> (package:flutter_test/src/widget_tester.dart:192:29)
<asynchronous suspension>
#119    TestWidgetsFlutterBinding._runTestBody (package:flutter_test/src/binding.dart:1952:5)
<asynchronous suspension>
<asynchronous suspension>
(elided 7 frames from class _AssertionError, dart:async, and package:stack_trace)

The following RenderObject was being processed when the exception was fired: RenderClipRect#6ccba relayoutBoundary=up2 NEEDS-LAYOUT NEEDS-PAINT NEEDS-COMPOSITING-BITS-UPDATE:
  creator: ClipRect ΓåÉ AnimatedBuilder ΓåÉ NotificationListener<ScrollNotification> ΓåÉ
    StretchingOverscrollIndicator ΓåÉ Scrollable ΓåÉ SingleChildScrollView ΓåÉ Padding ΓåÉ Container ΓåÉ Stack ΓåÉ
    Padding ΓåÉ DecoratedBox ΓåÉ Container ΓåÉ Γï»
  parentData: offset=Offset(0.0, 0.0) (can use size)
  constraints: BoxConstraints(0.0<=w<=768.0, 0.0<=h<=240.0)
  size: MISSING
This RenderObject had the following descendants (showing up to depth 5):
    child: RenderTransform#95282 relayoutBoundary=up3 NEEDS-PAINT NEEDS-COMPOSITING-BITS-UPDATE
      child: _RenderScrollSemantics#f18ef relayoutBoundary=up4 NEEDS-PAINT NEEDS-COMPOSITING-BITS-UPDATE
        child: RenderPointerListener#f9e58 relayoutBoundary=up5 NEEDS-PAINT NEEDS-COMPOSITING-BITS-UPDATE
          child: RenderSemanticsGestureHandler#81e44 relayoutBoundary=up6 NEEDS-PAINT NEEDS-COMPOSITING-BITS-UPDATE
            child: RenderPointerListener#4eff9 relayoutBoundary=up7 NEEDS-PAINT NEEDS-COMPOSITING-BITS-UPDATE
ΓòÉΓòÉΓòÉΓòÉΓòÉΓòÉΓòÉΓòÉΓòÉΓòÉΓòÉΓòÉΓòÉΓòÉΓòÉΓòÉΓòÉΓòÉΓòÉΓòÉΓòÉΓòÉΓòÉΓòÉΓòÉΓòÉΓòÉΓòÉΓòÉΓòÉΓòÉΓòÉΓòÉΓòÉΓòÉΓòÉΓòÉΓòÉΓòÉΓòÉΓòÉΓòÉΓòÉΓòÉΓòÉΓòÉΓòÉΓòÉΓòÉΓòÉΓòÉΓòÉΓòÉΓòÉΓòÉΓòÉΓòÉΓòÉΓòÉΓòÉΓòÉΓòÉΓòÉΓòÉΓòÉΓòÉΓòÉΓòÉΓòÉΓòÉΓòÉΓòÉΓòÉΓòÉΓòÉΓòÉΓòÉΓòÉΓòÉΓòÉΓòÉΓòÉΓòÉΓòÉΓòÉΓòÉΓòÉΓòÉΓòÉΓòÉΓòÉΓòÉΓòÉΓòÉΓòÉΓòÉΓòÉΓòÉΓòÉΓòÉ
ΓòÉΓòÉΓòí EXCEPTION CAUGHT BY RENDERING LIBRARY Γò₧ΓòÉΓòÉΓòÉΓòÉΓòÉΓòÉΓòÉΓòÉΓòÉΓòÉΓòÉΓòÉΓòÉΓòÉΓòÉΓòÉΓòÉΓòÉΓòÉΓòÉΓòÉΓòÉΓòÉΓòÉΓòÉΓòÉΓòÉΓòÉΓòÉΓòÉΓòÉΓòÉΓòÉΓòÉΓòÉΓòÉΓòÉΓòÉΓòÉΓòÉΓòÉΓòÉΓòÉΓòÉΓòÉΓòÉΓòÉΓòÉΓòÉΓòÉΓòÉΓòÉΓòÉΓòÉΓòÉΓòÉΓòÉ
The following assertion was thrown during performLayout():
RenderBox was not laid out: RenderClipRect#6ccba relayoutBoundary=up2 NEEDS-PAINT
NEEDS-COMPOSITING-BITS-UPDATE
'package:flutter/src/rendering/box.dart':
Failed assertion: line 2251 pos 12: 'hasSize'

Either the assertion indicates an error in the framework itself, or we should provide substantially
more information in this error message to help you determine and fix the underlying cause.
In either case, please report this assertion by filing a bug on GitHub:
  https://github.com/flutter/flutter/issues/new?template=02_bug.yml

The relevant error-causing widget was:
  Container
  Container:file:///Y:/AndroidStudioProject/Github/expert-project/lib/presentation/pages/tv_detail_page.dart:98:21

When the exception was thrown, this was the stack:
#2      RenderBox.size (package:flutter/src/rendering/box.dart:2251:12)
#3      RenderPadding.performLayout (package:flutter/src/rendering/shifted_box.dart:266:40)
#4      RenderObject.layout (package:flutter/src/rendering/object.dart:2907:7)
#5      ChildLayoutHelper.layoutChild (package:flutter/src/rendering/layout_helper.dart:62:11)
#6      RenderStack._computeSize (package:flutter/src/rendering/stack.dart:647:43)
#7      RenderStack.performLayout (package:flutter/src/rendering/stack.dart:682:12)
#8      RenderObject.layout (package:flutter/src/rendering/object.dart:2907:7)
#9      RenderPadding.performLayout (package:flutter/src/rendering/shifted_box.dart:262:12)
#10     RenderObject.layout (package:flutter/src/rendering/object.dart:2907:7)
#11     RenderProxyBoxMixin.performLayout (package:flutter/src/rendering/proxy_box.dart:118:18)
#12     RenderObject.layout (package:flutter/src/rendering/object.dart:2907:7)
#13     RenderFractionallySizedOverflowBox.performLayout (package:flutter/src/rendering/shifted_box.dart:1298:14)
#14     RenderObject.layout (package:flutter/src/rendering/object.dart:2907:7)
#15     RenderConstrainedBox.performLayout (package:flutter/src/rendering/proxy_box.dart:296:14)
#16     RenderObject.layout (package:flutter/src/rendering/object.dart:2907:7)
#17     _RenderLayoutBuilder.performLayout (package:flutter/src/widgets/layout_builder.dart:449:14)
#18     RenderObject.layout (package:flutter/src/rendering/object.dart:2907:7)
#19     RenderPadding.performLayout (package:flutter/src/rendering/shifted_box.dart:262:12)
#20     RenderObject.layout (package:flutter/src/rendering/object.dart:2907:7)
#21     ChildLayoutHelper.layoutChild (package:flutter/src/rendering/layout_helper.dart:62:11)
#22     RenderStack._computeSize (package:flutter/src/rendering/stack.dart:647:43)
#23     RenderStack.performLayout (package:flutter/src/rendering/stack.dart:682:12)
#24     RenderObject.layout (package:flutter/src/rendering/object.dart:2907:7)
#25     RenderPadding.performLayout (package:flutter/src/rendering/shifted_box.dart:262:12)
#26     RenderObject.layout (package:flutter/src/rendering/object.dart:2907:7)
#27     MultiChildLayoutDelegate.layoutChild (package:flutter/src/rendering/custom_layout.dart:180:12)
#28     _ScaffoldLayout.performLayout (package:flutter/src/material/scaffold.dart:1113:7)
#29     MultiChildLayoutDelegate._callPerformLayout (package:flutter/src/rendering/custom_layout.dart:246:7)
#30     RenderCustomMultiChildLayoutBox.performLayout (package:flutter/src/rendering/custom_layout.dart:417:14)
#31     RenderObject.layout (package:flutter/src/rendering/object.dart:2907:7)
#32     RenderProxyBoxMixin.performLayout (package:flutter/src/rendering/proxy_box.dart:118:18)
#33     RenderObject.layout (package:flutter/src/rendering/object.dart:2907:7)
#34     RenderProxyBoxMixin.performLayout (package:flutter/src/rendering/proxy_box.dart:118:18)
#35     _RenderCustomClip.performLayout (package:flutter/src/rendering/proxy_box.dart:1549:11)
#36     RenderObject.layout (package:flutter/src/rendering/object.dart:2907:7)
#37     RenderProxyBoxMixin.performLayout (package:flutter/src/rendering/proxy_box.dart:118:18)
#38     RenderObject.layout (package:flutter/src/rendering/object.dart:2907:7)
#39     RenderProxyBoxMixin.performLayout (package:flutter/src/rendering/proxy_box.dart:118:18)
#40     RenderObject.layout (package:flutter/src/rendering/object.dart:2907:7)
#41     RenderProxyBoxMixin.performLayout (package:flutter/src/rendering/proxy_box.dart:118:18)
#42     RenderObject.layout (package:flutter/src/rendering/object.dart:2907:7)
#43     RenderProxyBoxMixin.performLayout (package:flutter/src/rendering/proxy_box.dart:118:18)
#44     RenderObject.layout (package:flutter/src/rendering/object.dart:2907:7)
#45     RenderProxyBoxMixin.performLayout (package:flutter/src/rendering/proxy_box.dart:118:18)
#46     RenderObject.layout (package:flutter/src/rendering/object.dart:2907:7)
#47     RenderProxyBoxMixin.performLayout (package:flutter/src/rendering/proxy_box.dart:118:18)
#48     RenderObject.layout (package:flutter/src/rendering/object.dart:2907:7)
#49     RenderProxyBoxMixin.performLayout (package:flutter/src/rendering/proxy_box.dart:118:18)
#50     RenderObject.layout (package:flutter/src/rendering/object.dart:2907:7)
#51     RenderProxyBoxMixin.performLayout (package:flutter/src/rendering/proxy_box.dart:118:18)
#52     RenderObject.layout (package:flutter/src/rendering/object.dart:2907:7)
#53     RenderProxyBoxMixin.performLayout (package:flutter/src/rendering/proxy_box.dart:118:18)
#54     RenderObject.layout (package:flutter/src/rendering/object.dart:2907:7)
#55     RenderProxyBoxMixin.performLayout (package:flutter/src/rendering/proxy_box.dart:118:18)
#56     RenderObject.layout (package:flutter/src/rendering/object.dart:2907:7)
#57     RenderProxyBoxMixin.performLayout (package:flutter/src/rendering/proxy_box.dart:118:18)
#58     RenderObject.layout (package:flutter/src/rendering/object.dart:2907:7)
#59     RenderProxyBoxMixin.performLayout (package:flutter/src/rendering/proxy_box.dart:118:18)
#60     RenderObject.layout (package:flutter/src/rendering/object.dart:2907:7)
#61     RenderProxyBoxMixin.performLayout (package:flutter/src/rendering/proxy_box.dart:118:18)
#62     RenderObject.layout (package:flutter/src/rendering/object.dart:2907:7)
#63     RenderProxyBoxMixin.performLayout (package:flutter/src/rendering/proxy_box.dart:118:18)
#64     RenderObject.layout (package:flutter/src/rendering/object.dart:2907:7)
#65     RenderProxyBoxMixin.performLayout (package:flutter/src/rendering/proxy_box.dart:118:18)
#66     RenderObject.layout (package:flutter/src/rendering/object.dart:2907:7)
#67     RenderProxyBoxMixin.performLayout (package:flutter/src/rendering/proxy_box.dart:118:18)
#68     RenderOffstage.performLayout (package:flutter/src/rendering/proxy_box.dart:3923:13)
#69     RenderObject.layout (package:flutter/src/rendering/object.dart:2907:7)
#70     RenderProxyBoxMixin.performLayout (package:flutter/src/rendering/proxy_box.dart:118:18)
#71     RenderObject.layout (package:flutter/src/rendering/object.dart:2907:7)
#72     _RenderTheaterMixin.layoutChild (package:flutter/src/widgets/overlay.dart:1124:13)
#73     _RenderTheater.performLayout (package:flutter/src/widgets/overlay.dart:1481:9)
#74     RenderObject.layout (package:flutter/src/rendering/object.dart:2907:7)
#75     RenderProxyBoxMixin.performLayout (package:flutter/src/rendering/proxy_box.dart:118:18)
#76     RenderObject.layout (package:flutter/src/rendering/object.dart:2907:7)
#77     RenderProxyBoxMixin.performLayout (package:flutter/src/rendering/proxy_box.dart:118:18)
#78     RenderObject.layout (package:flutter/src/rendering/object.dart:2907:7)
#79     RenderProxyBoxMixin.performLayout (package:flutter/src/rendering/proxy_box.dart:118:18)
#80     RenderObject.layout (package:flutter/src/rendering/object.dart:2907:7)
#81     RenderProxyBoxMixin.performLayout (package:flutter/src/rendering/proxy_box.dart:118:18)
#82     RenderCustomPaint.performLayout (package:flutter/src/rendering/custom_paint.dart:574:11)
#83     RenderObject.layout (package:flutter/src/rendering/object.dart:2907:7)
#84     RenderProxyBoxMixin.performLayout (package:flutter/src/rendering/proxy_box.dart:118:18)
#85     RenderObject.layout (package:flutter/src/rendering/object.dart:2907:7)
#86     RenderProxyBoxMixin.performLayout (package:flutter/src/rendering/proxy_box.dart:118:18)
#87     RenderObject.layout (package:flutter/src/rendering/object.dart:2907:7)
#88     RenderProxyBoxMixin.performLayout (package:flutter/src/rendering/proxy_box.dart:118:18)
#89     RenderObject.layout (package:flutter/src/rendering/object.dart:2907:7)
#90     RenderProxyBoxMixin.performLayout (package:flutter/src/rendering/proxy_box.dart:118:18)
#91     RenderObject.layout (package:flutter/src/rendering/object.dart:2907:7)
#92     RenderProxyBoxMixin.performLayout (package:flutter/src/rendering/proxy_box.dart:118:18)
#93     RenderObject.layout (package:flutter/src/rendering/object.dart:2907:7)
#94     RenderProxyBoxMixin.performLayout (package:flutter/src/rendering/proxy_box.dart:118:18)
#95     RenderObject.layout (package:flutter/src/rendering/object.dart:2907:7)
#96     RenderView.performLayout (package:flutter/src/rendering/view.dart:292:12)
#97     RenderObject._layoutWithoutResize (package:flutter/src/rendering/object.dart:2755:7)
#98     PipelineOwner.flushLayout (package:flutter/src/rendering/object.dart:1174:18)
#99     PipelineOwner.flushLayout (package:flutter/src/rendering/object.dart:1187:15)
#100    AutomatedTestWidgetsFlutterBinding.drawFrame (package:flutter_test/src/binding.dart:2433:27)
#101    RendererBinding._handlePersistentFrameCallback (package:flutter/src/rendering/binding.dart:509:5)
#102    SchedulerBinding._invokeFrameCallback (package:flutter/src/scheduler/binding.dart:1430:15)
#103    SchedulerBinding.handleDrawFrame (package:flutter/src/scheduler/binding.dart:1345:9)
#104    AutomatedTestWidgetsFlutterBinding.pump.<anonymous closure> (package:flutter_test/src/binding.dart:2260:9)
#107    TestAsyncUtils.guard (package:flutter_test/src/test_async_utils.dart:74:41)
#108    AutomatedTestWidgetsFlutterBinding.pump (package:flutter_test/src/binding.dart:2249:27)
#109    WidgetTester.pumpWidget.<anonymous closure> (package:flutter_test/src/widget_tester.dart:598:22)
#112    TestAsyncUtils.guard (package:flutter_test/src/test_async_utils.dart:74:41)
#113    WidgetTester.pumpWidget (package:flutter_test/src/widget_tester.dart:595:27)
#114    main.<anonymous closure>.<anonymous closure> (file:///Y:/AndroidStudioProject/Github/expert-project/test/presentation/pages/tv_detail_page_test.dart:67:20)
#115    testWidgets.<anonymous closure>.<anonymous closure> (package:flutter_test/src/widget_tester.dart:192:29)
<asynchronous suspension>
#116    TestWidgetsFlutterBinding._runTestBody (package:flutter_test/src/binding.dart:1952:5)
<asynchronous suspension>
<asynchronous suspension>
(elided 7 frames from class _AssertionError, dart:async, and package:stack_trace)

The following RenderObject was being processed when the exception was fired: RenderPadding#664fd relayoutBoundary=up1 NEEDS-LAYOUT NEEDS-PAINT NEEDS-COMPOSITING-BITS-UPDATE:
  creator: Padding ΓåÉ Container ΓåÉ Stack ΓåÉ Padding ΓåÉ DecoratedBox ΓåÉ Container ΓåÉ FractionallySizedBox ΓåÉ
    SizedBox.expand ΓåÉ LayoutBuilder ΓåÉ ValueListenableBuilder<double> ΓåÉ DraggableScrollableSheet ΓåÉ
    Padding ΓåÉ Γï»
  parentData: not positioned; offset=Offset(0.0, 0.0) (can use size)
  constraints: BoxConstraints(0.0<=w<=768.0, 0.0<=h<=256.0)
  size: MISSING
  padding: EdgeInsets(0.0, 16.0, 0.0, 0.0)
  textDirection: ltr
This RenderObject had the following descendants (showing up to depth 5):
    child: RenderClipRect#6ccba relayoutBoundary=up2 NEEDS-PAINT NEEDS-COMPOSITING-BITS-UPDATE
      child: RenderTransform#95282 relayoutBoundary=up3 NEEDS-PAINT NEEDS-COMPOSITING-BITS-UPDATE
        child: _RenderScrollSemantics#f18ef relayoutBoundary=up4 NEEDS-PAINT NEEDS-COMPOSITING-BITS-UPDATE
          child: RenderPointerListener#f9e58 relayoutBoundary=up5 NEEDS-PAINT NEEDS-COMPOSITING-BITS-UPDATE
            child: RenderSemanticsGestureHandler#81e44 relayoutBoundary=up6 NEEDS-PAINT NEEDS-COMPOSITING-BITS-UPDATE
ΓòÉΓòÉΓòÉΓòÉΓòÉΓòÉΓòÉΓòÉΓòÉΓòÉΓòÉΓòÉΓòÉΓòÉΓòÉΓòÉΓòÉΓòÉΓòÉΓòÉΓòÉΓòÉΓòÉΓòÉΓòÉΓòÉΓòÉΓòÉΓòÉΓòÉΓòÉΓòÉΓòÉΓòÉΓòÉΓòÉΓòÉΓòÉΓòÉΓòÉΓòÉΓòÉΓòÉΓòÉΓòÉΓòÉΓòÉΓòÉΓòÉΓòÉΓòÉΓòÉΓòÉΓòÉΓòÉΓòÉΓòÉΓòÉΓòÉΓòÉΓòÉΓòÉΓòÉΓòÉΓòÉΓòÉΓòÉΓòÉΓòÉΓòÉΓòÉΓòÉΓòÉΓòÉΓòÉΓòÉΓòÉΓòÉΓòÉΓòÉΓòÉΓòÉΓòÉΓòÉΓòÉΓòÉΓòÉΓòÉΓòÉΓòÉΓòÉΓòÉΓòÉΓòÉΓòÉΓòÉΓòÉΓòÉΓòÉΓòÉ
ΓòÉΓòÉΓòí EXCEPTION CAUGHT BY RENDERING LIBRARY Γò₧ΓòÉΓòÉΓòÉΓòÉΓòÉΓòÉΓòÉΓòÉΓòÉΓòÉΓòÉΓòÉΓòÉΓòÉΓòÉΓòÉΓòÉΓòÉΓòÉΓòÉΓòÉΓòÉΓòÉΓòÉΓòÉΓòÉΓòÉΓòÉΓòÉΓòÉΓòÉΓòÉΓòÉΓòÉΓòÉΓòÉΓòÉΓòÉΓòÉΓòÉΓòÉΓòÉΓòÉΓòÉΓòÉΓòÉΓòÉΓòÉΓòÉΓòÉΓòÉΓòÉΓòÉΓòÉΓòÉΓòÉΓòÉ
The following assertion was thrown during performLayout():
RenderBox was not laid out: RenderPadding#664fd relayoutBoundary=up1 NEEDS-PAINT
NEEDS-COMPOSITING-BITS-UPDATE
'package:flutter/src/rendering/box.dart':
Failed assertion: line 2251 pos 12: 'hasSize'

Either the assertion indicates an error in the framework itself, or we should provide substantially
more information in this error message to help you determine and fix the underlying cause.
In either case, please report this assertion by filing a bug on GitHub:
  https://github.com/flutter/flutter/issues/new?template=02_bug.yml

The relevant error-causing widget was:
  Stack
  Stack:file:///Y:/AndroidStudioProject/Github/expert-project/lib/presentation/pages/tv_detail_page.dart:96:24

When the exception was thrown, this was the stack:
#2      RenderBox.size (package:flutter/src/rendering/box.dart:2251:12)
#3      ChildLayoutHelper.layoutChild (package:flutter/src/rendering/layout_helper.dart:63:18)
#4      RenderStack._computeSize (package:flutter/src/rendering/stack.dart:647:43)
#5      RenderStack.performLayout (package:flutter/src/rendering/stack.dart:682:12)
#6      RenderObject.layout (package:flutter/src/rendering/object.dart:2907:7)
#7      RenderPadding.performLayout (package:flutter/src/rendering/shifted_box.dart:262:12)
#8      RenderObject.layout (package:flutter/src/rendering/object.dart:2907:7)
#9      RenderProxyBoxMixin.performLayout (package:flutter/src/rendering/proxy_box.dart:118:18)
#10     RenderObject.layout (package:flutter/src/rendering/object.dart:2907:7)
#11     RenderFractionallySizedOverflowBox.performLayout (package:flutter/src/rendering/shifted_box.dart:1298:14)
#12     RenderObject.layout (package:flutter/src/rendering/object.dart:2907:7)
#13     RenderConstrainedBox.performLayout (package:flutter/src/rendering/proxy_box.dart:296:14)
#14     RenderObject.layout (package:flutter/src/rendering/object.dart:2907:7)
#15     _RenderLayoutBuilder.performLayout (package:flutter/src/widgets/layout_builder.dart:449:14)
#16     RenderObject.layout (package:flutter/src/rendering/object.dart:2907:7)
#17     RenderPadding.performLayout (package:flutter/src/rendering/shifted_box.dart:262:12)
#18     RenderObject.layout (package:flutter/src/rendering/object.dart:2907:7)
#19     ChildLayoutHelper.layoutChild (package:flutter/src/rendering/layout_helper.dart:62:11)
#20     RenderStack._computeSize (package:flutter/src/rendering/stack.dart:647:43)
#21     RenderStack.performLayout (package:flutter/src/rendering/stack.dart:682:12)
#22     RenderObject.layout (package:flutter/src/rendering/object.dart:2907:7)
#23     RenderPadding.performLayout (package:flutter/src/rendering/shifted_box.dart:262:12)
#24     RenderObject.layout (package:flutter/src/rendering/object.dart:2907:7)
#25     MultiChildLayoutDelegate.layoutChild (package:flutter/src/rendering/custom_layout.dart:180:12)
#26     _ScaffoldLayout.performLayout (package:flutter/src/material/scaffold.dart:1113:7)
#27     MultiChildLayoutDelegate._callPerformLayout (package:flutter/src/rendering/custom_layout.dart:246:7)
#28     RenderCustomMultiChildLayoutBox.performLayout (package:flutter/src/rendering/custom_layout.dart:417:14)
#29     RenderObject.layout (package:flutter/src/rendering/object.dart:2907:7)
#30     RenderProxyBoxMixin.performLayout (package:flutter/src/rendering/proxy_box.dart:118:18)
#31     RenderObject.layout (package:flutter/src/rendering/object.dart:2907:7)
#32     RenderProxyBoxMixin.performLayout (package:flutter/src/rendering/proxy_box.dart:118:18)
#33     _RenderCustomClip.performLayout (package:flutter/src/rendering/proxy_box.dart:1549:11)
#34     RenderObject.layout (package:flutter/src/rendering/object.dart:2907:7)
#35     RenderProxyBoxMixin.performLayout (package:flutter/src/rendering/proxy_box.dart:118:18)
#36     RenderObject.layout (package:flutter/src/rendering/object.dart:2907:7)
#37     RenderProxyBoxMixin.performLayout (package:flutter/src/rendering/proxy_box.dart:118:18)
#38     RenderObject.layout (package:flutter/src/rendering/object.dart:2907:7)
#39     RenderProxyBoxMixin.performLayout (package:flutter/src/rendering/proxy_box.dart:118:18)
#40     RenderObject.layout (package:flutter/src/rendering/object.dart:2907:7)
#41     RenderProxyBoxMixin.performLayout (package:flutter/src/rendering/proxy_box.dart:118:18)
#42     RenderObject.layout (package:flutter/src/rendering/object.dart:2907:7)
#43     RenderProxyBoxMixin.performLayout (package:flutter/src/rendering/proxy_box.dart:118:18)
#44     RenderObject.layout (package:flutter/src/rendering/object.dart:2907:7)
#45     RenderProxyBoxMixin.performLayout (package:flutter/src/rendering/proxy_box.dart:118:18)
#46     RenderObject.layout (package:flutter/src/rendering/object.dart:2907:7)
#47     RenderProxyBoxMixin.performLayout (package:flutter/src/rendering/proxy_box.dart:118:18)
#48     RenderObject.layout (package:flutter/src/rendering/object.dart:2907:7)
#49     RenderProxyBoxMixin.performLayout (package:flutter/src/rendering/proxy_box.dart:118:18)
#50     RenderObject.layout (package:flutter/src/rendering/object.dart:2907:7)
#51     RenderProxyBoxMixin.performLayout (package:flutter/src/rendering/proxy_box.dart:118:18)
#52     RenderObject.layout (package:flutter/src/rendering/object.dart:2907:7)
#53     RenderProxyBoxMixin.performLayout (package:flutter/src/rendering/proxy_box.dart:118:18)
#54     RenderObject.layout (package:flutter/src/rendering/object.dart:2907:7)
#55     RenderProxyBoxMixin.performLayout (package:flutter/src/rendering/proxy_box.dart:118:18)
#56     RenderObject.layout (package:flutter/src/rendering/object.dart:2907:7)
#57     RenderProxyBoxMixin.performLayout (package:flutter/src/rendering/proxy_box.dart:118:18)
#58     RenderObject.layout (package:flutter/src/rendering/object.dart:2907:7)
#59     RenderProxyBoxMixin.performLayout (package:flutter/src/rendering/proxy_box.dart:118:18)
#60     RenderObject.layout (package:flutter/src/rendering/object.dart:2907:7)
#61     RenderProxyBoxMixin.performLayout (package:flutter/src/rendering/proxy_box.dart:118:18)
#62     RenderObject.layout (package:flutter/src/rendering/object.dart:2907:7)
#63     RenderProxyBoxMixin.performLayout (package:flutter/src/rendering/proxy_box.dart:118:18)
#64     RenderObject.layout (package:flutter/src/rendering/object.dart:2907:7)
#65     RenderProxyBoxMixin.performLayout (package:flutter/src/rendering/proxy_box.dart:118:18)
#66     RenderOffstage.performLayout (package:flutter/src/rendering/proxy_box.dart:3923:13)
#67     RenderObject.layout (package:flutter/src/rendering/object.dart:2907:7)
#68     RenderProxyBoxMixin.performLayout (package:flutter/src/rendering/proxy_box.dart:118:18)
#69     RenderObject.layout (package:flutter/src/rendering/object.dart:2907:7)
#70     _RenderTheaterMixin.layoutChild (package:flutter/src/widgets/overlay.dart:1124:13)
#71     _RenderTheater.performLayout (package:flutter/src/widgets/overlay.dart:1481:9)
#72     RenderObject.layout (package:flutter/src/rendering/object.dart:2907:7)
#73     RenderProxyBoxMixin.performLayout (package:flutter/src/rendering/proxy_box.dart:118:18)
#74     RenderObject.layout (package:flutter/src/rendering/object.dart:2907:7)
#75     RenderProxyBoxMixin.performLayout (package:flutter/src/rendering/proxy_box.dart:118:18)
#76     RenderObject.layout (package:flutter/src/rendering/object.dart:2907:7)
#77     RenderProxyBoxMixin.performLayout (package:flutter/src/rendering/proxy_box.dart:118:18)
#78     RenderObject.layout (package:flutter/src/rendering/object.dart:2907:7)
#79     RenderProxyBoxMixin.performLayout (package:flutter/src/rendering/proxy_box.dart:118:18)
#80     RenderCustomPaint.performLayout (package:flutter/src/rendering/custom_paint.dart:574:11)
#81     RenderObject.layout (package:flutter/src/rendering/object.dart:2907:7)
#82     RenderProxyBoxMixin.performLayout (package:flutter/src/rendering/proxy_box.dart:118:18)
#83     RenderObject.layout (package:flutter/src/rendering/object.dart:2907:7)
#84     RenderProxyBoxMixin.performLayout (package:flutter/src/rendering/proxy_box.dart:118:18)
#85     RenderObject.layout (package:flutter/src/rendering/object.dart:2907:7)
#86     RenderProxyBoxMixin.performLayout (package:flutter/src/rendering/proxy_box.dart:118:18)
#87     RenderObject.layout (package:flutter/src/rendering/object.dart:2907:7)
#88     RenderProxyBoxMixin.performLayout (package:flutter/src/rendering/proxy_box.dart:118:18)
#89     RenderObject.layout (package:flutter/src/rendering/object.dart:2907:7)
#90     RenderProxyBoxMixin.performLayout (package:flutter/src/rendering/proxy_box.dart:118:18)
#91     RenderObject.layout (package:flutter/src/rendering/object.dart:2907:7)
#92     RenderProxyBoxMixin.performLayout (package:flutter/src/rendering/proxy_box.dart:118:18)
#93     RenderObject.layout (package:flutter/src/rendering/object.dart:2907:7)
#94     RenderView.performLayout (package:flutter/src/rendering/view.dart:292:12)
#95     RenderObject._layoutWithoutResize (package:flutter/src/rendering/object.dart:2755:7)
#96     PipelineOwner.flushLayout (package:flutter/src/rendering/object.dart:1174:18)
#97     PipelineOwner.flushLayout (package:flutter/src/rendering/object.dart:1187:15)
#98     AutomatedTestWidgetsFlutterBinding.drawFrame (package:flutter_test/src/binding.dart:2433:27)
#99     RendererBinding._handlePersistentFrameCallback (package:flutter/src/rendering/binding.dart:509:5)
#100    SchedulerBinding._invokeFrameCallback (package:flutter/src/scheduler/binding.dart:1430:15)
#101    SchedulerBinding.handleDrawFrame (package:flutter/src/scheduler/binding.dart:1345:9)
#102    AutomatedTestWidgetsFlutterBinding.pump.<anonymous closure> (package:flutter_test/src/binding.dart:2260:9)
#105    TestAsyncUtils.guard (package:flutter_test/src/test_async_utils.dart:74:41)
#106    AutomatedTestWidgetsFlutterBinding.pump (package:flutter_test/src/binding.dart:2249:27)
#107    WidgetTester.pumpWidget.<anonymous closure> (package:flutter_test/src/widget_tester.dart:598:22)
#110    TestAsyncUtils.guard (package:flutter_test/src/test_async_utils.dart:74:41)
#111    WidgetTester.pumpWidget (package:flutter_test/src/widget_tester.dart:595:27)
#112    main.<anonymous closure>.<anonymous closure> (file:///Y:/AndroidStudioProject/Github/expert-project/test/presentation/pages/tv_detail_page_test.dart:67:20)
#113    testWidgets.<anonymous closure>.<anonymous closure> (package:flutter_test/src/widget_tester.dart:192:29)
<asynchronous suspension>
#114    TestWidgetsFlutterBinding._runTestBody (package:flutter_test/src/binding.dart:1952:5)
<asynchronous suspension>
<asynchronous suspension>
(elided 7 frames from class _AssertionError, dart:async, and package:stack_trace)

The following RenderObject was being processed when the exception was fired: RenderStack#3b977 NEEDS-LAYOUT NEEDS-PAINT NEEDS-COMPOSITING-BITS-UPDATE:
  creator: Stack ΓåÉ Padding ΓåÉ DecoratedBox ΓåÉ Container ΓåÉ FractionallySizedBox ΓåÉ SizedBox.expand ΓåÉ
    LayoutBuilder ΓåÉ ValueListenableBuilder<double> ΓåÉ DraggableScrollableSheet ΓåÉ Padding ΓåÉ Container ΓåÉ
    Stack ΓåÉ Γï»
  parentData: offset=Offset(0.0, 0.0) (can use size)
  constraints: BoxConstraints(w=768.0, h=256.0)
  size: MISSING
  alignment: AlignmentDirectional.topStart
  textDirection: ltr
  fit: loose
This RenderObject had the following descendants (showing up to depth 5):
    child 1: RenderPadding#664fd relayoutBoundary=up1 NEEDS-PAINT NEEDS-COMPOSITING-BITS-UPDATE
      child: RenderClipRect#6ccba relayoutBoundary=up2 NEEDS-PAINT NEEDS-COMPOSITING-BITS-UPDATE
        child: RenderTransform#95282 relayoutBoundary=up3 NEEDS-PAINT NEEDS-COMPOSITING-BITS-UPDATE
          child: _RenderScrollSemantics#f18ef relayoutBoundary=up4 NEEDS-PAINT NEEDS-COMPOSITING-BITS-UPDATE
            child: RenderPointerListener#f9e58 relayoutBoundary=up5 NEEDS-PAINT NEEDS-COMPOSITING-BITS-UPDATE
    child 2: RenderPositionedBox#fa779 NEEDS-LAYOUT NEEDS-PAINT NEEDS-COMPOSITING-BITS-UPDATE
      child: RenderConstrainedBox#f58bf NEEDS-LAYOUT NEEDS-PAINT NEEDS-COMPOSITING-BITS-UPDATE
        child: _RenderColoredBox#e2de3 NEEDS-LAYOUT NEEDS-PAINT
ΓòÉΓòÉΓòÉΓòÉΓòÉΓòÉΓòÉΓòÉΓòÉΓòÉΓòÉΓòÉΓòÉΓòÉΓòÉΓòÉΓòÉΓòÉΓòÉΓòÉΓòÉΓòÉΓòÉΓòÉΓòÉΓòÉΓòÉΓòÉΓòÉΓòÉΓòÉΓòÉΓòÉΓòÉΓòÉΓòÉΓòÉΓòÉΓòÉΓòÉΓòÉΓòÉΓòÉΓòÉΓòÉΓòÉΓòÉΓòÉΓòÉΓòÉΓòÉΓòÉΓòÉΓòÉΓòÉΓòÉΓòÉΓòÉΓòÉΓòÉΓòÉΓòÉΓòÉΓòÉΓòÉΓòÉΓòÉΓòÉΓòÉΓòÉΓòÉΓòÉΓòÉΓòÉΓòÉΓòÉΓòÉΓòÉΓòÉΓòÉΓòÉΓòÉΓòÉΓòÉΓòÉΓòÉΓòÉΓòÉΓòÉΓòÉΓòÉΓòÉΓòÉΓòÉΓòÉΓòÉΓòÉΓòÉΓòÉΓòÉ
ΓòÉΓòÉΓòí EXCEPTION CAUGHT BY RENDERING LIBRARY Γò₧ΓòÉΓòÉΓòÉΓòÉΓòÉΓòÉΓòÉΓòÉΓòÉΓòÉΓòÉΓòÉΓòÉΓòÉΓòÉΓòÉΓòÉΓòÉΓòÉΓòÉΓòÉΓòÉΓòÉΓòÉΓòÉΓòÉΓòÉΓòÉΓòÉΓòÉΓòÉΓòÉΓòÉΓòÉΓòÉΓòÉΓòÉΓòÉΓòÉΓòÉΓòÉΓòÉΓòÉΓòÉΓòÉΓòÉΓòÉΓòÉΓòÉΓòÉΓòÉΓòÉΓòÉΓòÉΓòÉΓòÉΓòÉ
The following assertion was thrown during performLayout():
RenderBox was not laid out: RenderStack#3b977 NEEDS-PAINT NEEDS-COMPOSITING-BITS-UPDATE
'package:flutter/src/rendering/box.dart':
Failed assertion: line 2251 pos 12: 'hasSize'

Either the assertion indicates an error in the framework itself, or we should provide substantially
more information in this error message to help you determine and fix the underlying cause.
In either case, please report this assertion by filing a bug on GitHub:
  https://github.com/flutter/flutter/issues/new?template=02_bug.yml

The relevant error-causing widget was:
  Container
  Container:file:///Y:/AndroidStudioProject/Github/expert-project/lib/presentation/pages/tv_detail_page.dart:86:22

When the exception was thrown, this was the stack:
#2      RenderBox.size (package:flutter/src/rendering/box.dart:2251:12)
#3      RenderPadding.performLayout (package:flutter/src/rendering/shifted_box.dart:266:40)
#4      RenderObject.layout (package:flutter/src/rendering/object.dart:2907:7)
#5      RenderProxyBoxMixin.performLayout (package:flutter/src/rendering/proxy_box.dart:118:18)
#6      RenderObject.layout (package:flutter/src/rendering/object.dart:2907:7)
#7      RenderFractionallySizedOverflowBox.performLayout (package:flutter/src/rendering/shifted_box.dart:1298:14)
#8      RenderObject.layout (package:flutter/src/rendering/object.dart:2907:7)
#9      RenderConstrainedBox.performLayout (package:flutter/src/rendering/proxy_box.dart:296:14)
#10     RenderObject.layout (package:flutter/src/rendering/object.dart:2907:7)
#11     _RenderLayoutBuilder.performLayout (package:flutter/src/widgets/layout_builder.dart:449:14)
#12     RenderObject.layout (package:flutter/src/rendering/object.dart:2907:7)
#13     RenderPadding.performLayout (package:flutter/src/rendering/shifted_box.dart:262:12)
#14     RenderObject.layout (package:flutter/src/rendering/object.dart:2907:7)
#15     ChildLayoutHelper.layoutChild (package:flutter/src/rendering/layout_helper.dart:62:11)
#16     RenderStack._computeSize (package:flutter/src/rendering/stack.dart:647:43)
#17     RenderStack.performLayout (package:flutter/src/rendering/stack.dart:682:12)
#18     RenderObject.layout (package:flutter/src/rendering/object.dart:2907:7)
#19     RenderPadding.performLayout (package:flutter/src/rendering/shifted_box.dart:262:12)
#20     RenderObject.layout (package:flutter/src/rendering/object.dart:2907:7)
#21     MultiChildLayoutDelegate.layoutChild (package:flutter/src/rendering/custom_layout.dart:180:12)
#22     _ScaffoldLayout.performLayout (package:flutter/src/material/scaffold.dart:1113:7)
#23     MultiChildLayoutDelegate._callPerformLayout (package:flutter/src/rendering/custom_layout.dart:246:7)
#24     RenderCustomMultiChildLayoutBox.performLayout (package:flutter/src/rendering/custom_layout.dart:417:14)
#25     RenderObject.layout (package:flutter/src/rendering/object.dart:2907:7)
#26     RenderProxyBoxMixin.performLayout (package:flutter/src/rendering/proxy_box.dart:118:18)
#27     RenderObject.layout (package:flutter/src/rendering/object.dart:2907:7)
#28     RenderProxyBoxMixin.performLayout (package:flutter/src/rendering/proxy_box.dart:118:18)
#29     _RenderCustomClip.performLayout (package:flutter/src/rendering/proxy_box.dart:1549:11)
#30     RenderObject.layout (package:flutter/src/rendering/object.dart:2907:7)
#31     RenderProxyBoxMixin.performLayout (package:flutter/src/rendering/proxy_box.dart:118:18)
#32     RenderObject.layout (package:flutter/src/rendering/object.dart:2907:7)
#33     RenderProxyBoxMixin.performLayout (package:flutter/src/rendering/proxy_box.dart:118:18)
#34     RenderObject.layout (package:flutter/src/rendering/object.dart:2907:7)
#35     RenderProxyBoxMixin.performLayout (package:flutter/src/rendering/proxy_box.dart:118:18)
#36     RenderObject.layout (package:flutter/src/rendering/object.dart:2907:7)
#37     RenderProxyBoxMixin.performLayout (package:flutter/src/rendering/proxy_box.dart:118:18)
#38     RenderObject.layout (package:flutter/src/rendering/object.dart:2907:7)
#39     RenderProxyBoxMixin.performLayout (package:flutter/src/rendering/proxy_box.dart:118:18)
#40     RenderObject.layout (package:flutter/src/rendering/object.dart:2907:7)
#41     RenderProxyBoxMixin.performLayout (package:flutter/src/rendering/proxy_box.dart:118:18)
#42     RenderObject.layout (package:flutter/src/rendering/object.dart:2907:7)
#43     RenderProxyBoxMixin.performLayout (package:flutter/src/rendering/proxy_box.dart:118:18)
#44     RenderObject.layout (package:flutter/src/rendering/object.dart:2907:7)
#45     RenderProxyBoxMixin.performLayout (package:flutter/src/rendering/proxy_box.dart:118:18)
#46     RenderObject.layout (package:flutter/src/rendering/object.dart:2907:7)
#47     RenderProxyBoxMixin.performLayout (package:flutter/src/rendering/proxy_box.dart:118:18)
#48     RenderObject.layout (package:flutter/src/rendering/object.dart:2907:7)
#49     RenderProxyBoxMixin.performLayout (package:flutter/src/rendering/proxy_box.dart:118:18)
#50     RenderObject.layout (package:flutter/src/rendering/object.dart:2907:7)
#51     RenderProxyBoxMixin.performLayout (package:flutter/src/rendering/proxy_box.dart:118:18)
#52     RenderObject.layout (package:flutter/src/rendering/object.dart:2907:7)
#53     RenderProxyBoxMixin.performLayout (package:flutter/src/rendering/proxy_box.dart:118:18)
#54     RenderObject.layout (package:flutter/src/rendering/object.dart:2907:7)
#55     RenderProxyBoxMixin.performLayout (package:flutter/src/rendering/proxy_box.dart:118:18)
#56     RenderObject.layout (package:flutter/src/rendering/object.dart:2907:7)
#57     RenderProxyBoxMixin.performLayout (package:flutter/src/rendering/proxy_box.dart:118:18)
#58     RenderObject.layout (package:flutter/src/rendering/object.dart:2907:7)
#59     RenderProxyBoxMixin.performLayout (package:flutter/src/rendering/proxy_box.dart:118:18)
#60     RenderObject.layout (package:flutter/src/rendering/object.dart:2907:7)
#61     RenderProxyBoxMixin.performLayout (package:flutter/src/rendering/proxy_box.dart:118:18)
#62     RenderOffstage.performLayout (package:flutter/src/rendering/proxy_box.dart:3923:13)
#63     RenderObject.layout (package:flutter/src/rendering/object.dart:2907:7)
#64     RenderProxyBoxMixin.performLayout (package:flutter/src/rendering/proxy_box.dart:118:18)
#65     RenderObject.layout (package:flutter/src/rendering/object.dart:2907:7)
#66     _RenderTheaterMixin.layoutChild (package:flutter/src/widgets/overlay.dart:1124:13)
#67     _RenderTheater.performLayout (package:flutter/src/widgets/overlay.dart:1481:9)
#68     RenderObject.layout (package:flutter/src/rendering/object.dart:2907:7)
#69     RenderProxyBoxMixin.performLayout (package:flutter/src/rendering/proxy_box.dart:118:18)
#70     RenderObject.layout (package:flutter/src/rendering/object.dart:2907:7)
#71     RenderProxyBoxMixin.performLayout (package:flutter/src/rendering/proxy_box.dart:118:18)
#72     RenderObject.layout (package:flutter/src/rendering/object.dart:2907:7)
#73     RenderProxyBoxMixin.performLayout (package:flutter/src/rendering/proxy_box.dart:118:18)
#74     RenderObject.layout (package:flutter/src/rendering/object.dart:2907:7)
#75     RenderProxyBoxMixin.performLayout (package:flutter/src/rendering/proxy_box.dart:118:18)
#76     RenderCustomPaint.performLayout (package:flutter/src/rendering/custom_paint.dart:574:11)
#77     RenderObject.layout (package:flutter/src/rendering/object.dart:2907:7)
#78     RenderProxyBoxMixin.performLayout (package:flutter/src/rendering/proxy_box.dart:118:18)
#79     RenderObject.layout (package:flutter/src/rendering/object.dart:2907:7)
#80     RenderProxyBoxMixin.performLayout (package:flutter/src/rendering/proxy_box.dart:118:18)
#81     RenderObject.layout (package:flutter/src/rendering/object.dart:2907:7)
#82     RenderProxyBoxMixin.performLayout (package:flutter/src/rendering/proxy_box.dart:118:18)
#83     RenderObject.layout (package:flutter/src/rendering/object.dart:2907:7)
#84     RenderProxyBoxMixin.performLayout (package:flutter/src/rendering/proxy_box.dart:118:18)
#85     RenderObject.layout (package:flutter/src/rendering/object.dart:2907:7)
#86     RenderProxyBoxMixin.performLayout (package:flutter/src/rendering/proxy_box.dart:118:18)
#87     RenderObject.layout (package:flutter/src/rendering/object.dart:2907:7)
#88     RenderProxyBoxMixin.performLayout (package:flutter/src/rendering/proxy_box.dart:118:18)
#89     RenderObject.layout (package:flutter/src/rendering/object.dart:2907:7)
#90     RenderView.performLayout (package:flutter/src/rendering/view.dart:292:12)
#91     RenderObject._layoutWithoutResize (package:flutter/src/rendering/object.dart:2755:7)
#92     PipelineOwner.flushLayout (package:flutter/src/rendering/object.dart:1174:18)
#93     PipelineOwner.flushLayout (package:flutter/src/rendering/object.dart:1187:15)
#94     AutomatedTestWidgetsFlutterBinding.drawFrame (package:flutter_test/src/binding.dart:2433:27)
#95     RendererBinding._handlePersistentFrameCallback (package:flutter/src/rendering/binding.dart:509:5)
#96     SchedulerBinding._invokeFrameCallback (package:flutter/src/scheduler/binding.dart:1430:15)
#97     SchedulerBinding.handleDrawFrame (package:flutter/src/scheduler/binding.dart:1345:9)
#98     AutomatedTestWidgetsFlutterBinding.pump.<anonymous closure> (package:flutter_test/src/binding.dart:2260:9)
#101    TestAsyncUtils.guard (package:flutter_test/src/test_async_utils.dart:74:41)
#102    AutomatedTestWidgetsFlutterBinding.pump (package:flutter_test/src/binding.dart:2249:27)
#103    WidgetTester.pumpWidget.<anonymous closure> (package:flutter_test/src/widget_tester.dart:598:22)
#106    TestAsyncUtils.guard (package:flutter_test/src/test_async_utils.dart:74:41)
#107    WidgetTester.pumpWidget (package:flutter_test/src/widget_tester.dart:595:27)
#108    main.<anonymous closure>.<anonymous closure> (file:///Y:/AndroidStudioProject/Github/expert-project/test/presentation/pages/tv_detail_page_test.dart:67:20)
#109    testWidgets.<anonymous closure>.<anonymous closure> (package:flutter_test/src/widget_tester.dart:192:29)
<asynchronous suspension>
#110    TestWidgetsFlutterBinding._runTestBody (package:flutter_test/src/binding.dart:1952:5)
<asynchronous suspension>
<asynchronous suspension>
(elided 7 frames from class _AssertionError, dart:async, and package:stack_trace)

The following RenderObject was being processed when the exception was fired: RenderPadding#b2fcd NEEDS-LAYOUT NEEDS-PAINT NEEDS-COMPOSITING-BITS-UPDATE:
  creator: Padding ΓåÉ DecoratedBox ΓåÉ Container ΓåÉ FractionallySizedBox ΓåÉ SizedBox.expand ΓåÉ LayoutBuilder
    ΓåÉ ValueListenableBuilder<double> ΓåÉ DraggableScrollableSheet ΓåÉ Padding ΓåÉ Container ΓåÉ Stack ΓåÉ
    TvDetailContent ΓåÉ Γï»
  parentData: <none> (can use size)
  constraints: BoxConstraints(w=800.0, h=272.0)
  size: MISSING
  padding: EdgeInsets(16.0, 16.0, 16.0, 0.0)
  textDirection: ltr
This RenderObject had the following descendants (showing up to depth 5):
    child: RenderStack#3b977 NEEDS-PAINT NEEDS-COMPOSITING-BITS-UPDATE
      child 1: RenderPadding#664fd relayoutBoundary=up1 NEEDS-PAINT NEEDS-COMPOSITING-BITS-UPDATE
        child: RenderClipRect#6ccba relayoutBoundary=up2 NEEDS-PAINT NEEDS-COMPOSITING-BITS-UPDATE
          child: RenderTransform#95282 relayoutBoundary=up3 NEEDS-PAINT NEEDS-COMPOSITING-BITS-UPDATE
            child: _RenderScrollSemantics#f18ef relayoutBoundary=up4 NEEDS-PAINT NEEDS-COMPOSITING-BITS-UPDATE
      child 2: RenderPositionedBox#fa779 NEEDS-LAYOUT NEEDS-PAINT NEEDS-COMPOSITING-BITS-UPDATE
        child: RenderConstrainedBox#f58bf NEEDS-LAYOUT NEEDS-PAINT NEEDS-COMPOSITING-BITS-UPDATE
          child: _RenderColoredBox#e2de3 NEEDS-LAYOUT NEEDS-PAINT
ΓòÉΓòÉΓòÉΓòÉΓòÉΓòÉΓòÉΓòÉΓòÉΓòÉΓòÉΓòÉΓòÉΓòÉΓòÉΓòÉΓòÉΓòÉΓòÉΓòÉΓòÉΓòÉΓòÉΓòÉΓòÉΓòÉΓòÉΓòÉΓòÉΓòÉΓòÉΓòÉΓòÉΓòÉΓòÉΓòÉΓòÉΓòÉΓòÉΓòÉΓòÉΓòÉΓòÉΓòÉΓòÉΓòÉΓòÉΓòÉΓòÉΓòÉΓòÉΓòÉΓòÉΓòÉΓòÉΓòÉΓòÉΓòÉΓòÉΓòÉΓòÉΓòÉΓòÉΓòÉΓòÉΓòÉΓòÉΓòÉΓòÉΓòÉΓòÉΓòÉΓòÉΓòÉΓòÉΓòÉΓòÉΓòÉΓòÉΓòÉΓòÉΓòÉΓòÉΓòÉΓòÉΓòÉΓòÉΓòÉΓòÉΓòÉΓòÉΓòÉΓòÉΓòÉΓòÉΓòÉΓòÉΓòÉΓòÉΓòÉ
ΓòÉΓòÉΓòí EXCEPTION CAUGHT BY RENDERING LIBRARY Γò₧ΓòÉΓòÉΓòÉΓòÉΓòÉΓòÉΓòÉΓòÉΓòÉΓòÉΓòÉΓòÉΓòÉΓòÉΓòÉΓòÉΓòÉΓòÉΓòÉΓòÉΓòÉΓòÉΓòÉΓòÉΓòÉΓòÉΓòÉΓòÉΓòÉΓòÉΓòÉΓòÉΓòÉΓòÉΓòÉΓòÉΓòÉΓòÉΓòÉΓòÉΓòÉΓòÉΓòÉΓòÉΓòÉΓòÉΓòÉΓòÉΓòÉΓòÉΓòÉΓòÉΓòÉΓòÉΓòÉΓòÉΓòÉ
The following assertion was thrown during performLayout():
RenderBox was not laid out: RenderPadding#b2fcd NEEDS-PAINT NEEDS-COMPOSITING-BITS-UPDATE
'package:flutter/src/rendering/box.dart':
Failed assertion: line 2251 pos 12: 'hasSize'

Either the assertion indicates an error in the framework itself, or we should provide substantially
more information in this error message to help you determine and fix the underlying cause.
In either case, please report this assertion by filing a bug on GitHub:
  https://github.com/flutter/flutter/issues/new?template=02_bug.yml

The relevant error-causing widget was:
  Container
  Container:file:///Y:/AndroidStudioProject/Github/expert-project/lib/presentation/pages/tv_detail_page.dart:86:22

When the exception was thrown, this was the stack:
#2      RenderBox.size (package:flutter/src/rendering/box.dart:2251:12)
#3      RenderProxyBoxMixin.performLayout (package:flutter/src/rendering/proxy_box.dart:118:62)
#4      RenderObject.layout (package:flutter/src/rendering/object.dart:2907:7)
#5      RenderFractionallySizedOverflowBox.performLayout (package:flutter/src/rendering/shifted_box.dart:1298:14)
#6      RenderObject.layout (package:flutter/src/rendering/object.dart:2907:7)
#7      RenderConstrainedBox.performLayout (package:flutter/src/rendering/proxy_box.dart:296:14)
#8      RenderObject.layout (package:flutter/src/rendering/object.dart:2907:7)
#9      _RenderLayoutBuilder.performLayout (package:flutter/src/widgets/layout_builder.dart:449:14)
#10     RenderObject.layout (package:flutter/src/rendering/object.dart:2907:7)
#11     RenderPadding.performLayout (package:flutter/src/rendering/shifted_box.dart:262:12)
#12     RenderObject.layout (package:flutter/src/rendering/object.dart:2907:7)
#13     ChildLayoutHelper.layoutChild (package:flutter/src/rendering/layout_helper.dart:62:11)
#14     RenderStack._computeSize (package:flutter/src/rendering/stack.dart:647:43)
#15     RenderStack.performLayout (package:flutter/src/rendering/stack.dart:682:12)
#16     RenderObject.layout (package:flutter/src/rendering/object.dart:2907:7)
#17     RenderPadding.performLayout (package:flutter/src/rendering/shifted_box.dart:262:12)
#18     RenderObject.layout (package:flutter/src/rendering/object.dart:2907:7)
#19     MultiChildLayoutDelegate.layoutChild (package:flutter/src/rendering/custom_layout.dart:180:12)
#20     _ScaffoldLayout.performLayout (package:flutter/src/material/scaffold.dart:1113:7)
#21     MultiChildLayoutDelegate._callPerformLayout (package:flutter/src/rendering/custom_layout.dart:246:7)
#22     RenderCustomMultiChildLayoutBox.performLayout (package:flutter/src/rendering/custom_layout.dart:417:14)
#23     RenderObject.layout (package:flutter/src/rendering/object.dart:2907:7)
#24     RenderProxyBoxMixin.performLayout (package:flutter/src/rendering/proxy_box.dart:118:18)
#25     RenderObject.layout (package:flutter/src/rendering/object.dart:2907:7)
#26     RenderProxyBoxMixin.performLayout (package:flutter/src/rendering/proxy_box.dart:118:18)
#27     _RenderCustomClip.performLayout (package:flutter/src/rendering/proxy_box.dart:1549:11)
#28     RenderObject.layout (package:flutter/src/rendering/object.dart:2907:7)
#29     RenderProxyBoxMixin.performLayout (package:flutter/src/rendering/proxy_box.dart:118:18)
#30     RenderObject.layout (package:flutter/src/rendering/object.dart:2907:7)
#31     RenderProxyBoxMixin.performLayout (package:flutter/src/rendering/proxy_box.dart:118:18)
#32     RenderObject.layout (package:flutter/src/rendering/object.dart:2907:7)
#33     RenderProxyBoxMixin.performLayout (package:flutter/src/rendering/proxy_box.dart:118:18)
#34     RenderObject.layout (package:flutter/src/rendering/object.dart:2907:7)
#35     RenderProxyBoxMixin.performLayout (package:flutter/src/rendering/proxy_box.dart:118:18)
#36     RenderObject.layout (package:flutter/src/rendering/object.dart:2907:7)
#37     RenderProxyBoxMixin.performLayout (package:flutter/src/rendering/proxy_box.dart:118:18)
#38     RenderObject.layout (package:flutter/src/rendering/object.dart:2907:7)
#39     RenderProxyBoxMixin.performLayout (package:flutter/src/rendering/proxy_box.dart:118:18)
#40     RenderObject.layout (package:flutter/src/rendering/object.dart:2907:7)
#41     RenderProxyBoxMixin.performLayout (package:flutter/src/rendering/proxy_box.dart:118:18)
#42     RenderObject.layout (package:flutter/src/rendering/object.dart:2907:7)
#43     RenderProxyBoxMixin.performLayout (package:flutter/src/rendering/proxy_box.dart:118:18)
#44     RenderObject.layout (package:flutter/src/rendering/object.dart:2907:7)
#45     RenderProxyBoxMixin.performLayout (package:flutter/src/rendering/proxy_box.dart:118:18)
#46     RenderObject.layout (package:flutter/src/rendering/object.dart:2907:7)
#47     RenderProxyBoxMixin.performLayout (package:flutter/src/rendering/proxy_box.dart:118:18)
#48     RenderObject.layout (package:flutter/src/rendering/object.dart:2907:7)
#49     RenderProxyBoxMixin.performLayout (package:flutter/src/rendering/proxy_box.dart:118:18)
#50     RenderObject.layout (package:flutter/src/rendering/object.dart:2907:7)
#51     RenderProxyBoxMixin.performLayout (package:flutter/src/rendering/proxy_box.dart:118:18)
#52     RenderObject.layout (package:flutter/src/rendering/object.dart:2907:7)
#53     RenderProxyBoxMixin.performLayout (package:flutter/src/rendering/proxy_box.dart:118:18)
#54     RenderObject.layout (package:flutter/src/rendering/object.dart:2907:7)
#55     RenderProxyBoxMixin.performLayout (package:flutter/src/rendering/proxy_box.dart:118:18)
#56     RenderObject.layout (package:flutter/src/rendering/object.dart:2907:7)
#57     RenderProxyBoxMixin.performLayout (package:flutter/src/rendering/proxy_box.dart:118:18)
#58     RenderObject.layout (package:flutter/src/rendering/object.dart:2907:7)
#59     RenderProxyBoxMixin.performLayout (package:flutter/src/rendering/proxy_box.dart:118:18)
#60     RenderOffstage.performLayout (package:flutter/src/rendering/proxy_box.dart:3923:13)
#61     RenderObject.layout (package:flutter/src/rendering/object.dart:2907:7)
#62     RenderProxyBoxMixin.performLayout (package:flutter/src/rendering/proxy_box.dart:118:18)
#63     RenderObject.layout (package:flutter/src/rendering/object.dart:2907:7)
#64     _RenderTheaterMixin.layoutChild (package:flutter/src/widgets/overlay.dart:1124:13)
#65     _RenderTheater.performLayout (package:flutter/src/widgets/overlay.dart:1481:9)
#66     RenderObject.layout (package:flutter/src/rendering/object.dart:2907:7)
#67     RenderProxyBoxMixin.performLayout (package:flutter/src/rendering/proxy_box.dart:118:18)
#68     RenderObject.layout (package:flutter/src/rendering/object.dart:2907:7)
#69     RenderProxyBoxMixin.performLayout (package:flutter/src/rendering/proxy_box.dart:118:18)
#70     RenderObject.layout (package:flutter/src/rendering/object.dart:2907:7)
#71     RenderProxyBoxMixin.performLayout (package:flutter/src/rendering/proxy_box.dart:118:18)
#72     RenderObject.layout (package:flutter/src/rendering/object.dart:2907:7)
#73     RenderProxyBoxMixin.performLayout (package:flutter/src/rendering/proxy_box.dart:118:18)
#74     RenderCustomPaint.performLayout (package:flutter/src/rendering/custom_paint.dart:574:11)
#75     RenderObject.layout (package:flutter/src/rendering/object.dart:2907:7)
#76     RenderProxyBoxMixin.performLayout (package:flutter/src/rendering/proxy_box.dart:118:18)
#77     RenderObject.layout (package:flutter/src/rendering/object.dart:2907:7)
#78     RenderProxyBoxMixin.performLayout (package:flutter/src/rendering/proxy_box.dart:118:18)
#79     RenderObject.layout (package:flutter/src/rendering/object.dart:2907:7)
#80     RenderProxyBoxMixin.performLayout (package:flutter/src/rendering/proxy_box.dart:118:18)
#81     RenderObject.layout (package:flutter/src/rendering/object.dart:2907:7)
#82     RenderProxyBoxMixin.performLayout (package:flutter/src/rendering/proxy_box.dart:118:18)
#83     RenderObject.layout (package:flutter/src/rendering/object.dart:2907:7)
#84     RenderProxyBoxMixin.performLayout (package:flutter/src/rendering/proxy_box.dart:118:18)
#85     RenderObject.layout (package:flutter/src/rendering/object.dart:2907:7)
#86     RenderProxyBoxMixin.performLayout (package:flutter/src/rendering/proxy_box.dart:118:18)
#87     RenderObject.layout (package:flutter/src/rendering/object.dart:2907:7)
#88     RenderView.performLayout (package:flutter/src/rendering/view.dart:292:12)
#89     RenderObject._layoutWithoutResize (package:flutter/src/rendering/object.dart:2755:7)
#90     PipelineOwner.flushLayout (package:flutter/src/rendering/object.dart:1174:18)
#91     PipelineOwner.flushLayout (package:flutter/src/rendering/object.dart:1187:15)
#92     AutomatedTestWidgetsFlutterBinding.drawFrame (package:flutter_test/src/binding.dart:2433:27)
#93     RendererBinding._handlePersistentFrameCallback (package:flutter/src/rendering/binding.dart:509:5)
#94     SchedulerBinding._invokeFrameCallback (package:flutter/src/scheduler/binding.dart:1430:15)
#95     SchedulerBinding.handleDrawFrame (package:flutter/src/scheduler/binding.dart:1345:9)
#96     AutomatedTestWidgetsFlutterBinding.pump.<anonymous closure> (package:flutter_test/src/binding.dart:2260:9)
#99     TestAsyncUtils.guard (package:flutter_test/src/test_async_utils.dart:74:41)
#100    AutomatedTestWidgetsFlutterBinding.pump (package:flutter_test/src/binding.dart:2249:27)
#101    WidgetTester.pumpWidget.<anonymous closure> (package:flutter_test/src/widget_tester.dart:598:22)
#104    TestAsyncUtils.guard (package:flutter_test/src/test_async_utils.dart:74:41)
#105    WidgetTester.pumpWidget (package:flutter_test/src/widget_tester.dart:595:27)
#106    main.<anonymous closure>.<anonymous closure> (file:///Y:/AndroidStudioProject/Github/expert-project/test/presentation/pages/tv_detail_page_test.dart:67:20)
#107    testWidgets.<anonymous closure>.<anonymous closure> (package:flutter_test/src/widget_tester.dart:192:29)
<asynchronous suspension>
#108    TestWidgetsFlutterBinding._runTestBody (package:flutter_test/src/binding.dart:1952:5)
<asynchronous suspension>
<asynchronous suspension>
(elided 7 frames from class _AssertionError, dart:async, and package:stack_trace)

The following RenderObject was being processed when the exception was fired: RenderDecoratedBox#f0c8b NEEDS-LAYOUT NEEDS-PAINT NEEDS-COMPOSITING-BITS-UPDATE:
  creator: DecoratedBox ΓåÉ Container ΓåÉ FractionallySizedBox ΓåÉ SizedBox.expand ΓåÉ LayoutBuilder ΓåÉ
    ValueListenableBuilder<double> ΓåÉ DraggableScrollableSheet ΓåÉ Padding ΓåÉ Container ΓåÉ Stack ΓåÉ
    TvDetailContent ΓåÉ MediaQuery ΓåÉ Γï»
  parentData: offset=Offset(0.0, 0.0) (can use size)
  constraints: BoxConstraints(w=800.0, h=272.0)
  size: MISSING
  decoration: BoxDecoration:
    color: Color(alpha: 1.0000, red: 0.0000, green: 0.0314, blue: 0.0784, colorSpace: ColorSpace.sRGB)
    borderRadius: BorderRadius.only(topLeft: Radius.circular(16.0), topRight: Radius.circular(16.0))
  configuration: ImageConfiguration(bundle: PlatformAssetBundle#d63c3(), devicePixelRatio: 3.0,
    locale: en_US, textDirection: TextDirection.ltr, platform: android)
This RenderObject had the following descendants (showing up to depth 5):
    child: RenderPadding#b2fcd NEEDS-PAINT NEEDS-COMPOSITING-BITS-UPDATE
      child: RenderStack#3b977 NEEDS-PAINT NEEDS-COMPOSITING-BITS-UPDATE
        child 1: RenderPadding#664fd relayoutBoundary=up1 NEEDS-PAINT NEEDS-COMPOSITING-BITS-UPDATE
          child: RenderClipRect#6ccba relayoutBoundary=up2 NEEDS-PAINT NEEDS-COMPOSITING-BITS-UPDATE
            child: RenderTransform#95282 relayoutBoundary=up3 NEEDS-PAINT NEEDS-COMPOSITING-BITS-UPDATE
        child 2: RenderPositionedBox#fa779 NEEDS-LAYOUT NEEDS-PAINT NEEDS-COMPOSITING-BITS-UPDATE
          child: RenderConstrainedBox#f58bf NEEDS-LAYOUT NEEDS-PAINT NEEDS-COMPOSITING-BITS-UPDATE
            child: _RenderColoredBox#e2de3 NEEDS-LAYOUT NEEDS-PAINT
ΓòÉΓòÉΓòÉΓòÉΓòÉΓòÉΓòÉΓòÉΓòÉΓòÉΓòÉΓòÉΓòÉΓòÉΓòÉΓòÉΓòÉΓòÉΓòÉΓòÉΓòÉΓòÉΓòÉΓòÉΓòÉΓòÉΓòÉΓòÉΓòÉΓòÉΓòÉΓòÉΓòÉΓòÉΓòÉΓòÉΓòÉΓòÉΓòÉΓòÉΓòÉΓòÉΓòÉΓòÉΓòÉΓòÉΓòÉΓòÉΓòÉΓòÉΓòÉΓòÉΓòÉΓòÉΓòÉΓòÉΓòÉΓòÉΓòÉΓòÉΓòÉΓòÉΓòÉΓòÉΓòÉΓòÉΓòÉΓòÉΓòÉΓòÉΓòÉΓòÉΓòÉΓòÉΓòÉΓòÉΓòÉΓòÉΓòÉΓòÉΓòÉΓòÉΓòÉΓòÉΓòÉΓòÉΓòÉΓòÉΓòÉΓòÉΓòÉΓòÉΓòÉΓòÉΓòÉΓòÉΓòÉΓòÉΓòÉΓòÉ
ΓòÉΓòÉΓòí EXCEPTION CAUGHT BY RENDERING LIBRARY Γò₧ΓòÉΓòÉΓòÉΓòÉΓòÉΓòÉΓòÉΓòÉΓòÉΓòÉΓòÉΓòÉΓòÉΓòÉΓòÉΓòÉΓòÉΓòÉΓòÉΓòÉΓòÉΓòÉΓòÉΓòÉΓòÉΓòÉΓòÉΓòÉΓòÉΓòÉΓòÉΓòÉΓòÉΓòÉΓòÉΓòÉΓòÉΓòÉΓòÉΓòÉΓòÉΓòÉΓòÉΓòÉΓòÉΓòÉΓòÉΓòÉΓòÉΓòÉΓòÉΓòÉΓòÉΓòÉΓòÉΓòÉΓòÉ
The following assertion was thrown during performLayout():
RenderBox was not laid out: RenderDecoratedBox#f0c8b NEEDS-PAINT NEEDS-COMPOSITING-BITS-UPDATE
'package:flutter/src/rendering/box.dart':
Failed assertion: line 2251 pos 12: 'hasSize'

Either the assertion indicates an error in the framework itself, or we should provide substantially
more information in this error message to help you determine and fix the underlying cause.
In either case, please report this assertion by filing a bug on GitHub:
  https://github.com/flutter/flutter/issues/new?template=02_bug.yml

The relevant error-causing widget was:
  DraggableScrollableSheet
  DraggableScrollableSheet:file:///Y:/AndroidStudioProject/Github/expert-project/lib/presentation/pages/tv_detail_page.dart:84:18

When the exception was thrown, this was the stack:
#2      RenderBox.size (package:flutter/src/rendering/box.dart:2251:12)
#3      RenderFractionallySizedOverflowBox.performLayout (package:flutter/src/rendering/shifted_box.dart:1299:43)
#4      RenderObject.layout (package:flutter/src/rendering/object.dart:2907:7)
#5      RenderConstrainedBox.performLayout (package:flutter/src/rendering/proxy_box.dart:296:14)
#6      RenderObject.layout (package:flutter/src/rendering/object.dart:2907:7)
#7      _RenderLayoutBuilder.performLayout (package:flutter/src/widgets/layout_builder.dart:449:14)
#8      RenderObject.layout (package:flutter/src/rendering/object.dart:2907:7)
#9      RenderPadding.performLayout (package:flutter/src/rendering/shifted_box.dart:262:12)
#10     RenderObject.layout (package:flutter/src/rendering/object.dart:2907:7)
#11     ChildLayoutHelper.layoutChild (package:flutter/src/rendering/layout_helper.dart:62:11)
#12     RenderStack._computeSize (package:flutter/src/rendering/stack.dart:647:43)
#13     RenderStack.performLayout (package:flutter/src/rendering/stack.dart:682:12)
#14     RenderObject.layout (package:flutter/src/rendering/object.dart:2907:7)
#15     RenderPadding.performLayout (package:flutter/src/rendering/shifted_box.dart:262:12)
#16     RenderObject.layout (package:flutter/src/rendering/object.dart:2907:7)
#17     MultiChildLayoutDelegate.layoutChild (package:flutter/src/rendering/custom_layout.dart:180:12)
#18     _ScaffoldLayout.performLayout (package:flutter/src/material/scaffold.dart:1113:7)
#19     MultiChildLayoutDelegate._callPerformLayout (package:flutter/src/rendering/custom_layout.dart:246:7)
#20     RenderCustomMultiChildLayoutBox.performLayout (package:flutter/src/rendering/custom_layout.dart:417:14)
#21     RenderObject.layout (package:flutter/src/rendering/object.dart:2907:7)
#22     RenderProxyBoxMixin.performLayout (package:flutter/src/rendering/proxy_box.dart:118:18)
#23     RenderObject.layout (package:flutter/src/rendering/object.dart:2907:7)
#24     RenderProxyBoxMixin.performLayout (package:flutter/src/rendering/proxy_box.dart:118:18)
#25     _RenderCustomClip.performLayout (package:flutter/src/rendering/proxy_box.dart:1549:11)
#26     RenderObject.layout (package:flutter/src/rendering/object.dart:2907:7)
#27     RenderProxyBoxMixin.performLayout (package:flutter/src/rendering/proxy_box.dart:118:18)
#28     RenderObject.layout (package:flutter/src/rendering/object.dart:2907:7)
#29     RenderProxyBoxMixin.performLayout (package:flutter/src/rendering/proxy_box.dart:118:18)
#30     RenderObject.layout (package:flutter/src/rendering/object.dart:2907:7)
#31     RenderProxyBoxMixin.performLayout (package:flutter/src/rendering/proxy_box.dart:118:18)
#32     RenderObject.layout (package:flutter/src/rendering/object.dart:2907:7)
#33     RenderProxyBoxMixin.performLayout (package:flutter/src/rendering/proxy_box.dart:118:18)
#34     RenderObject.layout (package:flutter/src/rendering/object.dart:2907:7)
#35     RenderProxyBoxMixin.performLayout (package:flutter/src/rendering/proxy_box.dart:118:18)
#36     RenderObject.layout (package:flutter/src/rendering/object.dart:2907:7)
#37     RenderProxyBoxMixin.performLayout (package:flutter/src/rendering/proxy_box.dart:118:18)
#38     RenderObject.layout (package:flutter/src/rendering/object.dart:2907:7)
#39     RenderProxyBoxMixin.performLayout (package:flutter/src/rendering/proxy_box.dart:118:18)
#40     RenderObject.layout (package:flutter/src/rendering/object.dart:2907:7)
#41     RenderProxyBoxMixin.performLayout (package:flutter/src/rendering/proxy_box.dart:118:18)
#42     RenderObject.layout (package:flutter/src/rendering/object.dart:2907:7)
#43     RenderProxyBoxMixin.performLayout (package:flutter/src/rendering/proxy_box.dart:118:18)
#44     RenderObject.layout (package:flutter/src/rendering/object.dart:2907:7)
#45     RenderProxyBoxMixin.performLayout (package:flutter/src/rendering/proxy_box.dart:118:18)
#46     RenderObject.layout (package:flutter/src/rendering/object.dart:2907:7)
#47     RenderProxyBoxMixin.performLayout (package:flutter/src/rendering/proxy_box.dart:118:18)
#48     RenderObject.layout (package:flutter/src/rendering/object.dart:2907:7)
#49     RenderProxyBoxMixin.performLayout (package:flutter/src/rendering/proxy_box.dart:118:18)
#50     RenderObject.layout (package:flutter/src/rendering/object.dart:2907:7)
#51     RenderProxyBoxMixin.performLayout (package:flutter/src/rendering/proxy_box.dart:118:18)
#52     RenderObject.layout (package:flutter/src/rendering/object.dart:2907:7)
#53     RenderProxyBoxMixin.performLayout (package:flutter/src/rendering/proxy_box.dart:118:18)
#54     RenderObject.layout (package:flutter/src/rendering/object.dart:2907:7)
#55     RenderProxyBoxMixin.performLayout (package:flutter/src/rendering/proxy_box.dart:118:18)
#56     RenderObject.layout (package:flutter/src/rendering/object.dart:2907:7)
#57     RenderProxyBoxMixin.performLayout (package:flutter/src/rendering/proxy_box.dart:118:18)
#58     RenderOffstage.performLayout (package:flutter/src/rendering/proxy_box.dart:3923:13)
#59     RenderObject.layout (package:flutter/src/rendering/object.dart:2907:7)
#60     RenderProxyBoxMixin.performLayout (package:flutter/src/rendering/proxy_box.dart:118:18)
#61     RenderObject.layout (package:flutter/src/rendering/object.dart:2907:7)
#62     _RenderTheaterMixin.layoutChild (package:flutter/src/widgets/overlay.dart:1124:13)
#63     _RenderTheater.performLayout (package:flutter/src/widgets/overlay.dart:1481:9)
#64     RenderObject.layout (package:flutter/src/rendering/object.dart:2907:7)
#65     RenderProxyBoxMixin.performLayout (package:flutter/src/rendering/proxy_box.dart:118:18)
#66     RenderObject.layout (package:flutter/src/rendering/object.dart:2907:7)
#67     RenderProxyBoxMixin.performLayout (package:flutter/src/rendering/proxy_box.dart:118:18)
#68     RenderObject.layout (package:flutter/src/rendering/object.dart:2907:7)
#69     RenderProxyBoxMixin.performLayout (package:flutter/src/rendering/proxy_box.dart:118:18)
#70     RenderObject.layout (package:flutter/src/rendering/object.dart:2907:7)
#71     RenderProxyBoxMixin.performLayout (package:flutter/src/rendering/proxy_box.dart:118:18)
#72     RenderCustomPaint.performLayout (package:flutter/src/rendering/custom_paint.dart:574:11)
#73     RenderObject.layout (package:flutter/src/rendering/object.dart:2907:7)
#74     RenderProxyBoxMixin.performLayout (package:flutter/src/rendering/proxy_box.dart:118:18)
#75     RenderObject.layout (package:flutter/src/rendering/object.dart:2907:7)
#76     RenderProxyBoxMixin.performLayout (package:flutter/src/rendering/proxy_box.dart:118:18)
#77     RenderObject.layout (package:flutter/src/rendering/object.dart:2907:7)
#78     RenderProxyBoxMixin.performLayout (package:flutter/src/rendering/proxy_box.dart:118:18)
#79     RenderObject.layout (package:flutter/src/rendering/object.dart:2907:7)
#80     RenderProxyBoxMixin.performLayout (package:flutter/src/rendering/proxy_box.dart:118:18)
#81     RenderObject.layout (package:flutter/src/rendering/object.dart:2907:7)
#82     RenderProxyBoxMixin.performLayout (package:flutter/src/rendering/proxy_box.dart:118:18)
#83     RenderObject.layout (package:flutter/src/rendering/object.dart:2907:7)
#84     RenderProxyBoxMixin.performLayout (package:flutter/src/rendering/proxy_box.dart:118:18)
#85     RenderObject.layout (package:flutter/src/rendering/object.dart:2907:7)
#86     RenderView.performLayout (package:flutter/src/rendering/view.dart:292:12)
#87     RenderObject._layoutWithoutResize (package:flutter/src/rendering/object.dart:2755:7)
#88     PipelineOwner.flushLayout (package:flutter/src/rendering/object.dart:1174:18)
#89     PipelineOwner.flushLayout (package:flutter/src/rendering/object.dart:1187:15)
#90     AutomatedTestWidgetsFlutterBinding.drawFrame (package:flutter_test/src/binding.dart:2433:27)
#91     RendererBinding._handlePersistentFrameCallback (package:flutter/src/rendering/binding.dart:509:5)
#92     SchedulerBinding._invokeFrameCallback (package:flutter/src/scheduler/binding.dart:1430:15)
#93     SchedulerBinding.handleDrawFrame (package:flutter/src/scheduler/binding.dart:1345:9)
#94     AutomatedTestWidgetsFlutterBinding.pump.<anonymous closure> (package:flutter_test/src/binding.dart:2260:9)
#97     TestAsyncUtils.guard (package:flutter_test/src/test_async_utils.dart:74:41)
#98     AutomatedTestWidgetsFlutterBinding.pump (package:flutter_test/src/binding.dart:2249:27)
#99     WidgetTester.pumpWidget.<anonymous closure> (package:flutter_test/src/widget_tester.dart:598:22)
#102    TestAsyncUtils.guard (package:flutter_test/src/test_async_utils.dart:74:41)
#103    WidgetTester.pumpWidget (package:flutter_test/src/widget_tester.dart:595:27)
#104    main.<anonymous closure>.<anonymous closure> (file:///Y:/AndroidStudioProject/Github/expert-project/test/presentation/pages/tv_detail_page_test.dart:67:20)
#105    testWidgets.<anonymous closure>.<anonymous closure> (package:flutter_test/src/widget_tester.dart:192:29)
<asynchronous suspension>
#106    TestWidgetsFlutterBinding._runTestBody (package:flutter_test/src/binding.dart:1952:5)
<asynchronous suspension>
<asynchronous suspension>
(elided 7 frames from class _AssertionError, dart:async, and package:stack_trace)

The following RenderObject was being processed when the exception was fired: RenderFractionallySizedOverflowBox#41279 NEEDS-LAYOUT NEEDS-PAINT NEEDS-COMPOSITING-BITS-UPDATE:
  creator: FractionallySizedBox ΓåÉ SizedBox.expand ΓåÉ LayoutBuilder ΓåÉ ValueListenableBuilder<double> ΓåÉ
    DraggableScrollableSheet ΓåÉ Padding ΓåÉ Container ΓåÉ Stack ΓåÉ TvDetailContent ΓåÉ MediaQuery ΓåÉ Padding ΓåÉ
    SafeArea ΓåÉ Γï»
  parentData: <none> (can use size)
  constraints: BoxConstraints(w=800.0, h=544.0)
  size: MISSING
  alignment: Alignment.bottomCenter
  textDirection: ltr
  widthFactor: pass-through
  heightFactor: 0.5
This RenderObject had the following descendants (showing up to depth 5):
    child: RenderDecoratedBox#f0c8b NEEDS-PAINT NEEDS-COMPOSITING-BITS-UPDATE
      child: RenderPadding#b2fcd NEEDS-PAINT NEEDS-COMPOSITING-BITS-UPDATE
        child: RenderStack#3b977 NEEDS-PAINT NEEDS-COMPOSITING-BITS-UPDATE
          child 1: RenderPadding#664fd relayoutBoundary=up1 NEEDS-PAINT NEEDS-COMPOSITING-BITS-UPDATE
            child: RenderClipRect#6ccba relayoutBoundary=up2 NEEDS-PAINT NEEDS-COMPOSITING-BITS-UPDATE
          child 2: RenderPositionedBox#fa779 NEEDS-LAYOUT NEEDS-PAINT NEEDS-COMPOSITING-BITS-UPDATE
            child: RenderConstrainedBox#f58bf NEEDS-LAYOUT NEEDS-PAINT NEEDS-COMPOSITING-BITS-UPDATE
ΓòÉΓòÉΓòÉΓòÉΓòÉΓòÉΓòÉΓòÉΓòÉΓòÉΓòÉΓòÉΓòÉΓòÉΓòÉΓòÉΓòÉΓòÉΓòÉΓòÉΓòÉΓòÉΓòÉΓòÉΓòÉΓòÉΓòÉΓòÉΓòÉΓòÉΓòÉΓòÉΓòÉΓòÉΓòÉΓòÉΓòÉΓòÉΓòÉΓòÉΓòÉΓòÉΓòÉΓòÉΓòÉΓòÉΓòÉΓòÉΓòÉΓòÉΓòÉΓòÉΓòÉΓòÉΓòÉΓòÉΓòÉΓòÉΓòÉΓòÉΓòÉΓòÉΓòÉΓòÉΓòÉΓòÉΓòÉΓòÉΓòÉΓòÉΓòÉΓòÉΓòÉΓòÉΓòÉΓòÉΓòÉΓòÉΓòÉΓòÉΓòÉΓòÉΓòÉΓòÉΓòÉΓòÉΓòÉΓòÉΓòÉΓòÉΓòÉΓòÉΓòÉΓòÉΓòÉΓòÉΓòÉΓòÉΓòÉΓòÉ
ΓòÉΓòÉΓòí EXCEPTION CAUGHT BY RENDERING LIBRARY Γò₧ΓòÉΓòÉΓòÉΓòÉΓòÉΓòÉΓòÉΓòÉΓòÉΓòÉΓòÉΓòÉΓòÉΓòÉΓòÉΓòÉΓòÉΓòÉΓòÉΓòÉΓòÉΓòÉΓòÉΓòÉΓòÉΓòÉΓòÉΓòÉΓòÉΓòÉΓòÉΓòÉΓòÉΓòÉΓòÉΓòÉΓòÉΓòÉΓòÉΓòÉΓòÉΓòÉΓòÉΓòÉΓòÉΓòÉΓòÉΓòÉΓòÉΓòÉΓòÉΓòÉΓòÉΓòÉΓòÉΓòÉΓòÉ
The following assertion was thrown during performLayout():
RenderBox was not laid out: RenderFractionallySizedOverflowBox#41279 NEEDS-PAINT
NEEDS-COMPOSITING-BITS-UPDATE
'package:flutter/src/rendering/box.dart':
Failed assertion: line 2251 pos 12: 'hasSize'

Either the assertion indicates an error in the framework itself, or we should provide substantially
more information in this error message to help you determine and fix the underlying cause.
In either case, please report this assertion by filing a bug on GitHub:
  https://github.com/flutter/flutter/issues/new?template=02_bug.yml

The relevant error-causing widget was:
  DraggableScrollableSheet
  DraggableScrollableSheet:file:///Y:/AndroidStudioProject/Github/expert-project/lib/presentation/pages/tv_detail_page.dart:84:18

When the exception was thrown, this was the stack:
#2      RenderBox.size (package:flutter/src/rendering/box.dart:2251:12)
#3      RenderConstrainedBox.performLayout (package:flutter/src/rendering/proxy_box.dart:297:21)
#4      RenderObject.layout (package:flutter/src/rendering/object.dart:2907:7)
#5      _RenderLayoutBuilder.performLayout (package:flutter/src/widgets/layout_builder.dart:449:14)
#6      RenderObject.layout (package:flutter/src/rendering/object.dart:2907:7)
#7      RenderPadding.performLayout (package:flutter/src/rendering/shifted_box.dart:262:12)
#8      RenderObject.layout (package:flutter/src/rendering/object.dart:2907:7)
#9      ChildLayoutHelper.layoutChild (package:flutter/src/rendering/layout_helper.dart:62:11)
#10     RenderStack._computeSize (package:flutter/src/rendering/stack.dart:647:43)
#11     RenderStack.performLayout (package:flutter/src/rendering/stack.dart:682:12)
#12     RenderObject.layout (package:flutter/src/rendering/object.dart:2907:7)
#13     RenderPadding.performLayout (package:flutter/src/rendering/shifted_box.dart:262:12)
#14     RenderObject.layout (package:flutter/src/rendering/object.dart:2907:7)
#15     MultiChildLayoutDelegate.layoutChild (package:flutter/src/rendering/custom_layout.dart:180:12)
#16     _ScaffoldLayout.performLayout (package:flutter/src/material/scaffold.dart:1113:7)
#17     MultiChildLayoutDelegate._callPerformLayout (package:flutter/src/rendering/custom_layout.dart:246:7)
#18     RenderCustomMultiChildLayoutBox.performLayout (package:flutter/src/rendering/custom_layout.dart:417:14)
#19     RenderObject.layout (package:flutter/src/rendering/object.dart:2907:7)
#20     RenderProxyBoxMixin.performLayout (package:flutter/src/rendering/proxy_box.dart:118:18)
#21     RenderObject.layout (package:flutter/src/rendering/object.dart:2907:7)
#22     RenderProxyBoxMixin.performLayout (package:flutter/src/rendering/proxy_box.dart:118:18)
#23     _RenderCustomClip.performLayout (package:flutter/src/rendering/proxy_box.dart:1549:11)
#24     RenderObject.layout (package:flutter/src/rendering/object.dart:2907:7)
#25     RenderProxyBoxMixin.performLayout (package:flutter/src/rendering/proxy_box.dart:118:18)
#26     RenderObject.layout (package:flutter/src/rendering/object.dart:2907:7)
#27     RenderProxyBoxMixin.performLayout (package:flutter/src/rendering/proxy_box.dart:118:18)
#28     RenderObject.layout (package:flutter/src/rendering/object.dart:2907:7)
#29     RenderProxyBoxMixin.performLayout (package:flutter/src/rendering/proxy_box.dart:118:18)
#30     RenderObject.layout (package:flutter/src/rendering/object.dart:2907:7)
#31     RenderProxyBoxMixin.performLayout (package:flutter/src/rendering/proxy_box.dart:118:18)
#32     RenderObject.layout (package:flutter/src/rendering/object.dart:2907:7)
#33     RenderProxyBoxMixin.performLayout (package:flutter/src/rendering/proxy_box.dart:118:18)
#34     RenderObject.layout (package:flutter/src/rendering/object.dart:2907:7)
#35     RenderProxyBoxMixin.performLayout (package:flutter/src/rendering/proxy_box.dart:118:18)
#36     RenderObject.layout (package:flutter/src/rendering/object.dart:2907:7)
#37     RenderProxyBoxMixin.performLayout (package:flutter/src/rendering/proxy_box.dart:118:18)
#38     RenderObject.layout (package:flutter/src/rendering/object.dart:2907:7)
#39     RenderProxyBoxMixin.performLayout (package:flutter/src/rendering/proxy_box.dart:118:18)
#40     RenderObject.layout (package:flutter/src/rendering/object.dart:2907:7)
#41     RenderProxyBoxMixin.performLayout (package:flutter/src/rendering/proxy_box.dart:118:18)
#42     RenderObject.layout (package:flutter/src/rendering/object.dart:2907:7)
#43     RenderProxyBoxMixin.performLayout (package:flutter/src/rendering/proxy_box.dart:118:18)
#44     RenderObject.layout (package:flutter/src/rendering/object.dart:2907:7)
#45     RenderProxyBoxMixin.performLayout (package:flutter/src/rendering/proxy_box.dart:118:18)
#46     RenderObject.layout (package:flutter/src/rendering/object.dart:2907:7)
#47     RenderProxyBoxMixin.performLayout (package:flutter/src/rendering/proxy_box.dart:118:18)
#48     RenderObject.layout (package:flutter/src/rendering/object.dart:2907:7)
#49     RenderProxyBoxMixin.performLayout (package:flutter/src/rendering/proxy_box.dart:118:18)
#50     RenderObject.layout (package:flutter/src/rendering/object.dart:2907:7)
#51     RenderProxyBoxMixin.performLayout (package:flutter/src/rendering/proxy_box.dart:118:18)
#52     RenderObject.layout (package:flutter/src/rendering/object.dart:2907:7)
#53     RenderProxyBoxMixin.performLayout (package:flutter/src/rendering/proxy_box.dart:118:18)
#54     RenderObject.layout (package:flutter/src/rendering/object.dart:2907:7)
#55     RenderProxyBoxMixin.performLayout (package:flutter/src/rendering/proxy_box.dart:118:18)
#56     RenderOffstage.performLayout (package:flutter/src/rendering/proxy_box.dart:3923:13)
#57     RenderObject.layout (package:flutter/src/rendering/object.dart:2907:7)
#58     RenderProxyBoxMixin.performLayout (package:flutter/src/rendering/proxy_box.dart:118:18)
#59     RenderObject.layout (package:flutter/src/rendering/object.dart:2907:7)
#60     _RenderTheaterMixin.layoutChild (package:flutter/src/widgets/overlay.dart:1124:13)
#61     _RenderTheater.performLayout (package:flutter/src/widgets/overlay.dart:1481:9)
#62     RenderObject.layout (package:flutter/src/rendering/object.dart:2907:7)
#63     RenderProxyBoxMixin.performLayout (package:flutter/src/rendering/proxy_box.dart:118:18)
#64     RenderObject.layout (package:flutter/src/rendering/object.dart:2907:7)
#65     RenderProxyBoxMixin.performLayout (package:flutter/src/rendering/proxy_box.dart:118:18)
#66     RenderObject.layout (package:flutter/src/rendering/object.dart:2907:7)
#67     RenderProxyBoxMixin.performLayout (package:flutter/src/rendering/proxy_box.dart:118:18)
#68     RenderObject.layout (package:flutter/src/rendering/object.dart:2907:7)
#69     RenderProxyBoxMixin.performLayout (package:flutter/src/rendering/proxy_box.dart:118:18)
#70     RenderCustomPaint.performLayout (package:flutter/src/rendering/custom_paint.dart:574:11)
#71     RenderObject.layout (package:flutter/src/rendering/object.dart:2907:7)
#72     RenderProxyBoxMixin.performLayout (package:flutter/src/rendering/proxy_box.dart:118:18)
#73     RenderObject.layout (package:flutter/src/rendering/object.dart:2907:7)
#74     RenderProxyBoxMixin.performLayout (package:flutter/src/rendering/proxy_box.dart:118:18)
#75     RenderObject.layout (package:flutter/src/rendering/object.dart:2907:7)
#76     RenderProxyBoxMixin.performLayout (package:flutter/src/rendering/proxy_box.dart:118:18)
#77     RenderObject.layout (package:flutter/src/rendering/object.dart:2907:7)
#78     RenderProxyBoxMixin.performLayout (package:flutter/src/rendering/proxy_box.dart:118:18)
#79     RenderObject.layout (package:flutter/src/rendering/object.dart:2907:7)
#80     RenderProxyBoxMixin.performLayout (package:flutter/src/rendering/proxy_box.dart:118:18)
#81     RenderObject.layout (package:flutter/src/rendering/object.dart:2907:7)
#82     RenderProxyBoxMixin.performLayout (package:flutter/src/rendering/proxy_box.dart:118:18)
#83     RenderObject.layout (package:flutter/src/rendering/object.dart:2907:7)
#84     RenderView.performLayout (package:flutter/src/rendering/view.dart:292:12)
#85     RenderObject._layoutWithoutResize (package:flutter/src/rendering/object.dart:2755:7)
#86     PipelineOwner.flushLayout (package:flutter/src/rendering/object.dart:1174:18)
#87     PipelineOwner.flushLayout (package:flutter/src/rendering/object.dart:1187:15)
#88     AutomatedTestWidgetsFlutterBinding.drawFrame (package:flutter_test/src/binding.dart:2433:27)
#89     RendererBinding._handlePersistentFrameCallback (package:flutter/src/rendering/binding.dart:509:5)
#90     SchedulerBinding._invokeFrameCallback (package:flutter/src/scheduler/binding.dart:1430:15)
#91     SchedulerBinding.handleDrawFrame (package:flutter/src/scheduler/binding.dart:1345:9)
#92     AutomatedTestWidgetsFlutterBinding.pump.<anonymous closure> (package:flutter_test/src/binding.dart:2260:9)
#95     TestAsyncUtils.guard (package:flutter_test/src/test_async_utils.dart:74:41)
#96     AutomatedTestWidgetsFlutterBinding.pump (package:flutter_test/src/binding.dart:2249:27)
#97     WidgetTester.pumpWidget.<anonymous closure> (package:flutter_test/src/widget_tester.dart:598:22)
#100    TestAsyncUtils.guard (package:flutter_test/src/test_async_utils.dart:74:41)
#101    WidgetTester.pumpWidget (package:flutter_test/src/widget_tester.dart:595:27)
#102    main.<anonymous closure>.<anonymous closure> (file:///Y:/AndroidStudioProject/Github/expert-project/test/presentation/pages/tv_detail_page_test.dart:67:20)
#103    testWidgets.<anonymous closure>.<anonymous closure> (package:flutter_test/src/widget_tester.dart:192:29)
<asynchronous suspension>
#104    TestWidgetsFlutterBinding._runTestBody (package:flutter_test/src/binding.dart:1952:5)
<asynchronous suspension>
<asynchronous suspension>
(elided 7 frames from class _AssertionError, dart:async, and package:stack_trace)

The following RenderObject was being processed when the exception was fired: RenderConstrainedBox#66975 relayoutBoundary=up5 NEEDS-LAYOUT NEEDS-PAINT NEEDS-COMPOSITING-BITS-UPDATE:
  creator: SizedBox.expand ΓåÉ LayoutBuilder ΓåÉ ValueListenableBuilder<double> ΓåÉ DraggableScrollableSheet
    ΓåÉ Padding ΓåÉ Container ΓåÉ Stack ΓåÉ TvDetailContent ΓåÉ MediaQuery ΓåÉ Padding ΓåÉ SafeArea ΓåÉ
    Consumer<TvDetailNotifier> ΓåÉ Γï»
  parentData: offset=Offset(0.0, 0.0) (can use size)
  constraints: BoxConstraints(0.0<=w<=800.0, 0.0<=h<=544.0)
  size: MISSING
  additionalConstraints: BoxConstraints(biggest)
This RenderObject had the following descendants (showing up to depth 5):
    child: RenderFractionallySizedOverflowBox#41279 NEEDS-PAINT NEEDS-COMPOSITING-BITS-UPDATE
      child: RenderDecoratedBox#f0c8b NEEDS-PAINT NEEDS-COMPOSITING-BITS-UPDATE
        child: RenderPadding#b2fcd NEEDS-PAINT NEEDS-COMPOSITING-BITS-UPDATE
          child: RenderStack#3b977 NEEDS-PAINT NEEDS-COMPOSITING-BITS-UPDATE
            child 1: RenderPadding#664fd relayoutBoundary=up1 NEEDS-PAINT NEEDS-COMPOSITING-BITS-UPDATE
            child 2: RenderPositionedBox#fa779 NEEDS-LAYOUT NEEDS-PAINT NEEDS-COMPOSITING-BITS-UPDATE
ΓòÉΓòÉΓòÉΓòÉΓòÉΓòÉΓòÉΓòÉΓòÉΓòÉΓòÉΓòÉΓòÉΓòÉΓòÉΓòÉΓòÉΓòÉΓòÉΓòÉΓòÉΓòÉΓòÉΓòÉΓòÉΓòÉΓòÉΓòÉΓòÉΓòÉΓòÉΓòÉΓòÉΓòÉΓòÉΓòÉΓòÉΓòÉΓòÉΓòÉΓòÉΓòÉΓòÉΓòÉΓòÉΓòÉΓòÉΓòÉΓòÉΓòÉΓòÉΓòÉΓòÉΓòÉΓòÉΓòÉΓòÉΓòÉΓòÉΓòÉΓòÉΓòÉΓòÉΓòÉΓòÉΓòÉΓòÉΓòÉΓòÉΓòÉΓòÉΓòÉΓòÉΓòÉΓòÉΓòÉΓòÉΓòÉΓòÉΓòÉΓòÉΓòÉΓòÉΓòÉΓòÉΓòÉΓòÉΓòÉΓòÉΓòÉΓòÉΓòÉΓòÉΓòÉΓòÉΓòÉΓòÉΓòÉΓòÉΓòÉ
ΓòÉΓòÉΓòí EXCEPTION CAUGHT BY RENDERING LIBRARY Γò₧ΓòÉΓòÉΓòÉΓòÉΓòÉΓòÉΓòÉΓòÉΓòÉΓòÉΓòÉΓòÉΓòÉΓòÉΓòÉΓòÉΓòÉΓòÉΓòÉΓòÉΓòÉΓòÉΓòÉΓòÉΓòÉΓòÉΓòÉΓòÉΓòÉΓòÉΓòÉΓòÉΓòÉΓòÉΓòÉΓòÉΓòÉΓòÉΓòÉΓòÉΓòÉΓòÉΓòÉΓòÉΓòÉΓòÉΓòÉΓòÉΓòÉΓòÉΓòÉΓòÉΓòÉΓòÉΓòÉΓòÉΓòÉ
The following assertion was thrown during performLayout():
RenderBox was not laid out: RenderConstrainedBox#66975 relayoutBoundary=up5 NEEDS-PAINT
NEEDS-COMPOSITING-BITS-UPDATE
'package:flutter/src/rendering/box.dart':
Failed assertion: line 2251 pos 12: 'hasSize'

Either the assertion indicates an error in the framework itself, or we should provide substantially
more information in this error message to help you determine and fix the underlying cause.
In either case, please report this assertion by filing a bug on GitHub:
  https://github.com/flutter/flutter/issues/new?template=02_bug.yml

The relevant error-causing widget was:
  DraggableScrollableSheet
  DraggableScrollableSheet:file:///Y:/AndroidStudioProject/Github/expert-project/lib/presentation/pages/tv_detail_page.dart:84:18

When the exception was thrown, this was the stack:
#2      RenderBox.size (package:flutter/src/rendering/box.dart:2251:12)
#3      _RenderLayoutBuilder.performLayout (package:flutter/src/widgets/layout_builder.dart:450:43)
#4      RenderObject.layout (package:flutter/src/rendering/object.dart:2907:7)
#5      RenderPadding.performLayout (package:flutter/src/rendering/shifted_box.dart:262:12)
#6      RenderObject.layout (package:flutter/src/rendering/object.dart:2907:7)
#7      ChildLayoutHelper.layoutChild (package:flutter/src/rendering/layout_helper.dart:62:11)
#8      RenderStack._computeSize (package:flutter/src/rendering/stack.dart:647:43)
#9      RenderStack.performLayout (package:flutter/src/rendering/stack.dart:682:12)
#10     RenderObject.layout (package:flutter/src/rendering/object.dart:2907:7)
#11     RenderPadding.performLayout (package:flutter/src/rendering/shifted_box.dart:262:12)
#12     RenderObject.layout (package:flutter/src/rendering/object.dart:2907:7)
#13     MultiChildLayoutDelegate.layoutChild (package:flutter/src/rendering/custom_layout.dart:180:12)
#14     _ScaffoldLayout.performLayout (package:flutter/src/material/scaffold.dart:1113:7)
#15     MultiChildLayoutDelegate._callPerformLayout (package:flutter/src/rendering/custom_layout.dart:246:7)
#16     RenderCustomMultiChildLayoutBox.performLayout (package:flutter/src/rendering/custom_layout.dart:417:14)
#17     RenderObject.layout (package:flutter/src/rendering/object.dart:2907:7)
#18     RenderProxyBoxMixin.performLayout (package:flutter/src/rendering/proxy_box.dart:118:18)
#19     RenderObject.layout (package:flutter/src/rendering/object.dart:2907:7)
#20     RenderProxyBoxMixin.performLayout (package:flutter/src/rendering/proxy_box.dart:118:18)
#21     _RenderCustomClip.performLayout (package:flutter/src/rendering/proxy_box.dart:1549:11)
#22     RenderObject.layout (package:flutter/src/rendering/object.dart:2907:7)
#23     RenderProxyBoxMixin.performLayout (package:flutter/src/rendering/proxy_box.dart:118:18)
#24     RenderObject.layout (package:flutter/src/rendering/object.dart:2907:7)
#25     RenderProxyBoxMixin.performLayout (package:flutter/src/rendering/proxy_box.dart:118:18)
#26     RenderObject.layout (package:flutter/src/rendering/object.dart:2907:7)
#27     RenderProxyBoxMixin.performLayout (package:flutter/src/rendering/proxy_box.dart:118:18)
#28     RenderObject.layout (package:flutter/src/rendering/object.dart:2907:7)
#29     RenderProxyBoxMixin.performLayout (package:flutter/src/rendering/proxy_box.dart:118:18)
#30     RenderObject.layout (package:flutter/src/rendering/object.dart:2907:7)
#31     RenderProxyBoxMixin.performLayout (package:flutter/src/rendering/proxy_box.dart:118:18)
#32     RenderObject.layout (package:flutter/src/rendering/object.dart:2907:7)
#33     RenderProxyBoxMixin.performLayout (package:flutter/src/rendering/proxy_box.dart:118:18)
#34     RenderObject.layout (package:flutter/src/rendering/object.dart:2907:7)
#35     RenderProxyBoxMixin.performLayout (package:flutter/src/rendering/proxy_box.dart:118:18)
#36     RenderObject.layout (package:flutter/src/rendering/object.dart:2907:7)
#37     RenderProxyBoxMixin.performLayout (package:flutter/src/rendering/proxy_box.dart:118:18)
#38     RenderObject.layout (package:flutter/src/rendering/object.dart:2907:7)
#39     RenderProxyBoxMixin.performLayout (package:flutter/src/rendering/proxy_box.dart:118:18)
#40     RenderObject.layout (package:flutter/src/rendering/object.dart:2907:7)
#41     RenderProxyBoxMixin.performLayout (package:flutter/src/rendering/proxy_box.dart:118:18)
#42     RenderObject.layout (package:flutter/src/rendering/object.dart:2907:7)
#43     RenderProxyBoxMixin.performLayout (package:flutter/src/rendering/proxy_box.dart:118:18)
#44     RenderObject.layout (package:flutter/src/rendering/object.dart:2907:7)
#45     RenderProxyBoxMixin.performLayout (package:flutter/src/rendering/proxy_box.dart:118:18)
#46     RenderObject.layout (package:flutter/src/rendering/object.dart:2907:7)
#47     RenderProxyBoxMixin.performLayout (package:flutter/src/rendering/proxy_box.dart:118:18)
#48     RenderObject.layout (package:flutter/src/rendering/object.dart:2907:7)
#49     RenderProxyBoxMixin.performLayout (package:flutter/src/rendering/proxy_box.dart:118:18)
#50     RenderObject.layout (package:flutter/src/rendering/object.dart:2907:7)
#51     RenderProxyBoxMixin.performLayout (package:flutter/src/rendering/proxy_box.dart:118:18)
#52     RenderObject.layout (package:flutter/src/rendering/object.dart:2907:7)
#53     RenderProxyBoxMixin.performLayout (package:flutter/src/rendering/proxy_box.dart:118:18)
#54     RenderOffstage.performLayout (package:flutter/src/rendering/proxy_box.dart:3923:13)
#55     RenderObject.layout (package:flutter/src/rendering/object.dart:2907:7)
#56     RenderProxyBoxMixin.performLayout (package:flutter/src/rendering/proxy_box.dart:118:18)
#57     RenderObject.layout (package:flutter/src/rendering/object.dart:2907:7)
#58     _RenderTheaterMixin.layoutChild (package:flutter/src/widgets/overlay.dart:1124:13)
#59     _RenderTheater.performLayout (package:flutter/src/widgets/overlay.dart:1481:9)
#60     RenderObject.layout (package:flutter/src/rendering/object.dart:2907:7)
#61     RenderProxyBoxMixin.performLayout (package:flutter/src/rendering/proxy_box.dart:118:18)
#62     RenderObject.layout (package:flutter/src/rendering/object.dart:2907:7)
#63     RenderProxyBoxMixin.performLayout (package:flutter/src/rendering/proxy_box.dart:118:18)
#64     RenderObject.layout (package:flutter/src/rendering/object.dart:2907:7)
#65     RenderProxyBoxMixin.performLayout (package:flutter/src/rendering/proxy_box.dart:118:18)
#66     RenderObject.layout (package:flutter/src/rendering/object.dart:2907:7)
#67     RenderProxyBoxMixin.performLayout (package:flutter/src/rendering/proxy_box.dart:118:18)
#68     RenderCustomPaint.performLayout (package:flutter/src/rendering/custom_paint.dart:574:11)
#69     RenderObject.layout (package:flutter/src/rendering/object.dart:2907:7)
#70     RenderProxyBoxMixin.performLayout (package:flutter/src/rendering/proxy_box.dart:118:18)
#71     RenderObject.layout (package:flutter/src/rendering/object.dart:2907:7)
#72     RenderProxyBoxMixin.performLayout (package:flutter/src/rendering/proxy_box.dart:118:18)
#73     RenderObject.layout (package:flutter/src/rendering/object.dart:2907:7)
#74     RenderProxyBoxMixin.performLayout (package:flutter/src/rendering/proxy_box.dart:118:18)
#75     RenderObject.layout (package:flutter/src/rendering/object.dart:2907:7)
#76     RenderProxyBoxMixin.performLayout (package:flutter/src/rendering/proxy_box.dart:118:18)
#77     RenderObject.layout (package:flutter/src/rendering/object.dart:2907:7)
#78     RenderProxyBoxMixin.performLayout (package:flutter/src/rendering/proxy_box.dart:118:18)
#79     RenderObject.layout (package:flutter/src/rendering/object.dart:2907:7)
#80     RenderProxyBoxMixin.performLayout (package:flutter/src/rendering/proxy_box.dart:118:18)
#81     RenderObject.layout (package:flutter/src/rendering/object.dart:2907:7)
#82     RenderView.performLayout (package:flutter/src/rendering/view.dart:292:12)
#83     RenderObject._layoutWithoutResize (package:flutter/src/rendering/object.dart:2755:7)
#84     PipelineOwner.flushLayout (package:flutter/src/rendering/object.dart:1174:18)
#85     PipelineOwner.flushLayout (package:flutter/src/rendering/object.dart:1187:15)
#86     AutomatedTestWidgetsFlutterBinding.drawFrame (package:flutter_test/src/binding.dart:2433:27)
#87     RendererBinding._handlePersistentFrameCallback (package:flutter/src/rendering/binding.dart:509:5)
#88     SchedulerBinding._invokeFrameCallback (package:flutter/src/scheduler/binding.dart:1430:15)
#89     SchedulerBinding.handleDrawFrame (package:flutter/src/scheduler/binding.dart:1345:9)
#90     AutomatedTestWidgetsFlutterBinding.pump.<anonymous closure> (package:flutter_test/src/binding.dart:2260:9)
#93     TestAsyncUtils.guard (package:flutter_test/src/test_async_utils.dart:74:41)
#94     AutomatedTestWidgetsFlutterBinding.pump (package:flutter_test/src/binding.dart:2249:27)
#95     WidgetTester.pumpWidget.<anonymous closure> (package:flutter_test/src/widget_tester.dart:598:22)
#98     TestAsyncUtils.guard (package:flutter_test/src/test_async_utils.dart:74:41)
#99     WidgetTester.pumpWidget (package:flutter_test/src/widget_tester.dart:595:27)
#100    main.<anonymous closure>.<anonymous closure> (file:///Y:/AndroidStudioProject/Github/expert-project/test/presentation/pages/tv_detail_page_test.dart:67:20)
#101    testWidgets.<anonymous closure>.<anonymous closure> (package:flutter_test/src/widget_tester.dart:192:29)
<asynchronous suspension>
#102    TestWidgetsFlutterBinding._runTestBody (package:flutter_test/src/binding.dart:1952:5)
<asynchronous suspension>
<asynchronous suspension>
(elided 7 frames from class _AssertionError, dart:async, and package:stack_trace)

The following RenderObject was being processed when the exception was fired: _RenderLayoutBuilder#b9c58 relayoutBoundary=up4 NEEDS-LAYOUT NEEDS-PAINT NEEDS-COMPOSITING-BITS-UPDATE:
  creator: LayoutBuilder ΓåÉ ValueListenableBuilder<double> ΓåÉ DraggableScrollableSheet ΓåÉ Padding ΓåÉ
    Container ΓåÉ Stack ΓåÉ TvDetailContent ΓåÉ MediaQuery ΓåÉ Padding ΓåÉ SafeArea ΓåÉ Consumer<TvDetailNotifier>
    ΓåÉ KeyedSubtree-[GlobalKey#d0f5c] ΓåÉ Γï»
  parentData: offset=Offset(0.0, 0.0) (can use size)
  constraints: BoxConstraints(0.0<=w<=800.0, 0.0<=h<=544.0)
  size: MISSING
This RenderObject had the following descendants (showing up to depth 5):
    child: RenderConstrainedBox#66975 relayoutBoundary=up5 NEEDS-PAINT NEEDS-COMPOSITING-BITS-UPDATE
      child: RenderFractionallySizedOverflowBox#41279 NEEDS-PAINT NEEDS-COMPOSITING-BITS-UPDATE
        child: RenderDecoratedBox#f0c8b NEEDS-PAINT NEEDS-COMPOSITING-BITS-UPDATE
          child: RenderPadding#b2fcd NEEDS-PAINT NEEDS-COMPOSITING-BITS-UPDATE
            child: RenderStack#3b977 NEEDS-PAINT NEEDS-COMPOSITING-BITS-UPDATE
ΓòÉΓòÉΓòÉΓòÉΓòÉΓòÉΓòÉΓòÉΓòÉΓòÉΓòÉΓòÉΓòÉΓòÉΓòÉΓòÉΓòÉΓòÉΓòÉΓòÉΓòÉΓòÉΓòÉΓòÉΓòÉΓòÉΓòÉΓòÉΓòÉΓòÉΓòÉΓòÉΓòÉΓòÉΓòÉΓòÉΓòÉΓòÉΓòÉΓòÉΓòÉΓòÉΓòÉΓòÉΓòÉΓòÉΓòÉΓòÉΓòÉΓòÉΓòÉΓòÉΓòÉΓòÉΓòÉΓòÉΓòÉΓòÉΓòÉΓòÉΓòÉΓòÉΓòÉΓòÉΓòÉΓòÉΓòÉΓòÉΓòÉΓòÉΓòÉΓòÉΓòÉΓòÉΓòÉΓòÉΓòÉΓòÉΓòÉΓòÉΓòÉΓòÉΓòÉΓòÉΓòÉΓòÉΓòÉΓòÉΓòÉΓòÉΓòÉΓòÉΓòÉΓòÉΓòÉΓòÉΓòÉΓòÉΓòÉΓòÉ
ΓòÉΓòÉΓòí EXCEPTION CAUGHT BY RENDERING LIBRARY Γò₧ΓòÉΓòÉΓòÉΓòÉΓòÉΓòÉΓòÉΓòÉΓòÉΓòÉΓòÉΓòÉΓòÉΓòÉΓòÉΓòÉΓòÉΓòÉΓòÉΓòÉΓòÉΓòÉΓòÉΓòÉΓòÉΓòÉΓòÉΓòÉΓòÉΓòÉΓòÉΓòÉΓòÉΓòÉΓòÉΓòÉΓòÉΓòÉΓòÉΓòÉΓòÉΓòÉΓòÉΓòÉΓòÉΓòÉΓòÉΓòÉΓòÉΓòÉΓòÉΓòÉΓòÉΓòÉΓòÉΓòÉΓòÉ
The following assertion was thrown during performLayout():
RenderBox was not laid out: _RenderLayoutBuilder#b9c58 relayoutBoundary=up4 NEEDS-PAINT
NEEDS-COMPOSITING-BITS-UPDATE
'package:flutter/src/rendering/box.dart':
Failed assertion: line 2251 pos 12: 'hasSize'

Either the assertion indicates an error in the framework itself, or we should provide substantially
more information in this error message to help you determine and fix the underlying cause.
In either case, please report this assertion by filing a bug on GitHub:
  https://github.com/flutter/flutter/issues/new?template=02_bug.yml

The relevant error-causing widget was:
  Container
  Container:file:///Y:/AndroidStudioProject/Github/expert-project/lib/presentation/pages/tv_detail_page.dart:82:9

When the exception was thrown, this was the stack:
#2      RenderBox.size (package:flutter/src/rendering/box.dart:2251:12)
#3      RenderPadding.performLayout (package:flutter/src/rendering/shifted_box.dart:266:40)
#4      RenderObject.layout (package:flutter/src/rendering/object.dart:2907:7)
#5      ChildLayoutHelper.layoutChild (package:flutter/src/rendering/layout_helper.dart:62:11)
#6      RenderStack._computeSize (package:flutter/src/rendering/stack.dart:647:43)
#7      RenderStack.performLayout (package:flutter/src/rendering/stack.dart:682:12)
#8      RenderObject.layout (package:flutter/src/rendering/object.dart:2907:7)
#9      RenderPadding.performLayout (package:flutter/src/rendering/shifted_box.dart:262:12)
#10     RenderObject.layout (package:flutter/src/rendering/object.dart:2907:7)
#11     MultiChildLayoutDelegate.layoutChild (package:flutter/src/rendering/custom_layout.dart:180:12)
#12     _ScaffoldLayout.performLayout (package:flutter/src/material/scaffold.dart:1113:7)
#13     MultiChildLayoutDelegate._callPerformLayout (package:flutter/src/rendering/custom_layout.dart:246:7)
#14     RenderCustomMultiChildLayoutBox.performLayout (package:flutter/src/rendering/custom_layout.dart:417:14)
#15     RenderObject.layout (package:flutter/src/rendering/object.dart:2907:7)
#16     RenderProxyBoxMixin.performLayout (package:flutter/src/rendering/proxy_box.dart:118:18)
#17     RenderObject.layout (package:flutter/src/rendering/object.dart:2907:7)
#18     RenderProxyBoxMixin.performLayout (package:flutter/src/rendering/proxy_box.dart:118:18)
#19     _RenderCustomClip.performLayout (package:flutter/src/rendering/proxy_box.dart:1549:11)
#20     RenderObject.layout (package:flutter/src/rendering/object.dart:2907:7)
#21     RenderProxyBoxMixin.performLayout (package:flutter/src/rendering/proxy_box.dart:118:18)
#22     RenderObject.layout (package:flutter/src/rendering/object.dart:2907:7)
#23     RenderProxyBoxMixin.performLayout (package:flutter/src/rendering/proxy_box.dart:118:18)
#24     RenderObject.layout (package:flutter/src/rendering/object.dart:2907:7)
#25     RenderProxyBoxMixin.performLayout (package:flutter/src/rendering/proxy_box.dart:118:18)
#26     RenderObject.layout (package:flutter/src/rendering/object.dart:2907:7)
#27     RenderProxyBoxMixin.performLayout (package:flutter/src/rendering/proxy_box.dart:118:18)
#28     RenderObject.layout (package:flutter/src/rendering/object.dart:2907:7)
#29     RenderProxyBoxMixin.performLayout (package:flutter/src/rendering/proxy_box.dart:118:18)
#30     RenderObject.layout (package:flutter/src/rendering/object.dart:2907:7)
#31     RenderProxyBoxMixin.performLayout (package:flutter/src/rendering/proxy_box.dart:118:18)
#32     RenderObject.layout (package:flutter/src/rendering/object.dart:2907:7)
#33     RenderProxyBoxMixin.performLayout (package:flutter/src/rendering/proxy_box.dart:118:18)
#34     RenderObject.layout (package:flutter/src/rendering/object.dart:2907:7)
#35     RenderProxyBoxMixin.performLayout (package:flutter/src/rendering/proxy_box.dart:118:18)
#36     RenderObject.layout (package:flutter/src/rendering/object.dart:2907:7)
#37     RenderProxyBoxMixin.performLayout (package:flutter/src/rendering/proxy_box.dart:118:18)
#38     RenderObject.layout (package:flutter/src/rendering/object.dart:2907:7)
#39     RenderProxyBoxMixin.performLayout (package:flutter/src/rendering/proxy_box.dart:118:18)
#40     RenderObject.layout (package:flutter/src/rendering/object.dart:2907:7)
#41     RenderProxyBoxMixin.performLayout (package:flutter/src/rendering/proxy_box.dart:118:18)
#42     RenderObject.layout (package:flutter/src/rendering/object.dart:2907:7)
#43     RenderProxyBoxMixin.performLayout (package:flutter/src/rendering/proxy_box.dart:118:18)
#44     RenderObject.layout (package:flutter/src/rendering/object.dart:2907:7)
#45     RenderProxyBoxMixin.performLayout (package:flutter/src/rendering/proxy_box.dart:118:18)
#46     RenderObject.layout (package:flutter/src/rendering/object.dart:2907:7)
#47     RenderProxyBoxMixin.performLayout (package:flutter/src/rendering/proxy_box.dart:118:18)
#48     RenderObject.layout (package:flutter/src/rendering/object.dart:2907:7)
#49     RenderProxyBoxMixin.performLayout (package:flutter/src/rendering/proxy_box.dart:118:18)
#50     RenderObject.layout (package:flutter/src/rendering/object.dart:2907:7)
#51     RenderProxyBoxMixin.performLayout (package:flutter/src/rendering/proxy_box.dart:118:18)
#52     RenderOffstage.performLayout (package:flutter/src/rendering/proxy_box.dart:3923:13)
#53     RenderObject.layout (package:flutter/src/rendering/object.dart:2907:7)
#54     RenderProxyBoxMixin.performLayout (package:flutter/src/rendering/proxy_box.dart:118:18)
#55     RenderObject.layout (package:flutter/src/rendering/object.dart:2907:7)
#56     _RenderTheaterMixin.layoutChild (package:flutter/src/widgets/overlay.dart:1124:13)
#57     _RenderTheater.performLayout (package:flutter/src/widgets/overlay.dart:1481:9)
#58     RenderObject.layout (package:flutter/src/rendering/object.dart:2907:7)
#59     RenderProxyBoxMixin.performLayout (package:flutter/src/rendering/proxy_box.dart:118:18)
#60     RenderObject.layout (package:flutter/src/rendering/object.dart:2907:7)
#61     RenderProxyBoxMixin.performLayout (package:flutter/src/rendering/proxy_box.dart:118:18)
#62     RenderObject.layout (package:flutter/src/rendering/object.dart:2907:7)
#63     RenderProxyBoxMixin.performLayout (package:flutter/src/rendering/proxy_box.dart:118:18)
#64     RenderObject.layout (package:flutter/src/rendering/object.dart:2907:7)
#65     RenderProxyBoxMixin.performLayout (package:flutter/src/rendering/proxy_box.dart:118:18)
#66     RenderCustomPaint.performLayout (package:flutter/src/rendering/custom_paint.dart:574:11)
#67     RenderObject.layout (package:flutter/src/rendering/object.dart:2907:7)
#68     RenderProxyBoxMixin.performLayout (package:flutter/src/rendering/proxy_box.dart:118:18)
#69     RenderObject.layout (package:flutter/src/rendering/object.dart:2907:7)
#70     RenderProxyBoxMixin.performLayout (package:flutter/src/rendering/proxy_box.dart:118:18)
#71     RenderObject.layout (package:flutter/src/rendering/object.dart:2907:7)
#72     RenderProxyBoxMixin.performLayout (package:flutter/src/rendering/proxy_box.dart:118:18)
#73     RenderObject.layout (package:flutter/src/rendering/object.dart:2907:7)
#74     RenderProxyBoxMixin.performLayout (package:flutter/src/rendering/proxy_box.dart:118:18)
#75     RenderObject.layout (package:flutter/src/rendering/object.dart:2907:7)
#76     RenderProxyBoxMixin.performLayout (package:flutter/src/rendering/proxy_box.dart:118:18)
#77     RenderObject.layout (package:flutter/src/rendering/object.dart:2907:7)
#78     RenderProxyBoxMixin.performLayout (package:flutter/src/rendering/proxy_box.dart:118:18)
#79     RenderObject.layout (package:flutter/src/rendering/object.dart:2907:7)
#80     RenderView.performLayout (package:flutter/src/rendering/view.dart:292:12)
#81     RenderObject._layoutWithoutResize (package:flutter/src/rendering/object.dart:2755:7)
#82     PipelineOwner.flushLayout (package:flutter/src/rendering/object.dart:1174:18)
#83     PipelineOwner.flushLayout (package:flutter/src/rendering/object.dart:1187:15)
#84     AutomatedTestWidgetsFlutterBinding.drawFrame (package:flutter_test/src/binding.dart:2433:27)
#85     RendererBinding._handlePersistentFrameCallback (package:flutter/src/rendering/binding.dart:509:5)
#86     SchedulerBinding._invokeFrameCallback (package:flutter/src/scheduler/binding.dart:1430:15)
#87     SchedulerBinding.handleDrawFrame (package:flutter/src/scheduler/binding.dart:1345:9)
#88     AutomatedTestWidgetsFlutterBinding.pump.<anonymous closure> (package:flutter_test/src/binding.dart:2260:9)
#91     TestAsyncUtils.guard (package:flutter_test/src/test_async_utils.dart:74:41)
#92     AutomatedTestWidgetsFlutterBinding.pump (package:flutter_test/src/binding.dart:2249:27)
#93     WidgetTester.pumpWidget.<anonymous closure> (package:flutter_test/src/widget_tester.dart:598:22)
#96     TestAsyncUtils.guard (package:flutter_test/src/test_async_utils.dart:74:41)
#97     WidgetTester.pumpWidget (package:flutter_test/src/widget_tester.dart:595:27)
#98     main.<anonymous closure>.<anonymous closure> (file:///Y:/AndroidStudioProject/Github/expert-project/test/presentation/pages/tv_detail_page_test.dart:67:20)
#99     testWidgets.<anonymous closure>.<anonymous closure> (package:flutter_test/src/widget_tester.dart:192:29)
<asynchronous suspension>
#100    TestWidgetsFlutterBinding._runTestBody (package:flutter_test/src/binding.dart:1952:5)
<asynchronous suspension>
<asynchronous suspension>
(elided 7 frames from class _AssertionError, dart:async, and package:stack_trace)

The following RenderObject was being processed when the exception was fired: RenderPadding#f8152 relayoutBoundary=up3 NEEDS-LAYOUT NEEDS-PAINT NEEDS-COMPOSITING-BITS-UPDATE:
  creator: Padding ΓåÉ Container ΓåÉ Stack ΓåÉ TvDetailContent ΓåÉ MediaQuery ΓåÉ Padding ΓåÉ SafeArea ΓåÉ
    Consumer<TvDetailNotifier> ΓåÉ KeyedSubtree-[GlobalKey#d0f5c] ΓåÉ _BodyBuilder ΓåÉ MediaQuery ΓåÉ
    LayoutId-[<_ScaffoldSlot.body>] ΓåÉ Γï»
  parentData: not positioned; offset=Offset(0.0, 0.0) (can use size)
  constraints: BoxConstraints(0.0<=w<=800.0, 0.0<=h<=600.0)
  size: MISSING
  padding: EdgeInsets(0.0, 56.0, 0.0, 0.0)
  textDirection: ltr
This RenderObject had the following descendants (showing up to depth 5):
    child: _RenderLayoutBuilder#b9c58 relayoutBoundary=up4 NEEDS-PAINT NEEDS-COMPOSITING-BITS-UPDATE
      child: RenderConstrainedBox#66975 relayoutBoundary=up5 NEEDS-PAINT NEEDS-COMPOSITING-BITS-UPDATE
        child: RenderFractionallySizedOverflowBox#41279 NEEDS-PAINT NEEDS-COMPOSITING-BITS-UPDATE
          child: RenderDecoratedBox#f0c8b NEEDS-PAINT NEEDS-COMPOSITING-BITS-UPDATE
            child: RenderPadding#b2fcd NEEDS-PAINT NEEDS-COMPOSITING-BITS-UPDATE
ΓòÉΓòÉΓòÉΓòÉΓòÉΓòÉΓòÉΓòÉΓòÉΓòÉΓòÉΓòÉΓòÉΓòÉΓòÉΓòÉΓòÉΓòÉΓòÉΓòÉΓòÉΓòÉΓòÉΓòÉΓòÉΓòÉΓòÉΓòÉΓòÉΓòÉΓòÉΓòÉΓòÉΓòÉΓòÉΓòÉΓòÉΓòÉΓòÉΓòÉΓòÉΓòÉΓòÉΓòÉΓòÉΓòÉΓòÉΓòÉΓòÉΓòÉΓòÉΓòÉΓòÉΓòÉΓòÉΓòÉΓòÉΓòÉΓòÉΓòÉΓòÉΓòÉΓòÉΓòÉΓòÉΓòÉΓòÉΓòÉΓòÉΓòÉΓòÉΓòÉΓòÉΓòÉΓòÉΓòÉΓòÉΓòÉΓòÉΓòÉΓòÉΓòÉΓòÉΓòÉΓòÉΓòÉΓòÉΓòÉΓòÉΓòÉΓòÉΓòÉΓòÉΓòÉΓòÉΓòÉΓòÉΓòÉΓòÉΓòÉ
ΓòÉΓòÉΓòí EXCEPTION CAUGHT BY RENDERING LIBRARY Γò₧ΓòÉΓòÉΓòÉΓòÉΓòÉΓòÉΓòÉΓòÉΓòÉΓòÉΓòÉΓòÉΓòÉΓòÉΓòÉΓòÉΓòÉΓòÉΓòÉΓòÉΓòÉΓòÉΓòÉΓòÉΓòÉΓòÉΓòÉΓòÉΓòÉΓòÉΓòÉΓòÉΓòÉΓòÉΓòÉΓòÉΓòÉΓòÉΓòÉΓòÉΓòÉΓòÉΓòÉΓòÉΓòÉΓòÉΓòÉΓòÉΓòÉΓòÉΓòÉΓòÉΓòÉΓòÉΓòÉΓòÉΓòÉ
The following assertion was thrown during performLayout():
RenderBox was not laid out: RenderPadding#f8152 relayoutBoundary=up3 NEEDS-PAINT
NEEDS-COMPOSITING-BITS-UPDATE
'package:flutter/src/rendering/box.dart':
Failed assertion: line 2251 pos 12: 'hasSize'

Either the assertion indicates an error in the framework itself, or we should provide substantially
more information in this error message to help you determine and fix the underlying cause.
In either case, please report this assertion by filing a bug on GitHub:
  https://github.com/flutter/flutter/issues/new?template=02_bug.yml

The relevant error-causing widget was:
  Stack
  Stack:file:///Y:/AndroidStudioProject/Github/expert-project/lib/presentation/pages/tv_detail_page.dart:72:12

When the exception was thrown, this was the stack:
#2      RenderBox.size (package:flutter/src/rendering/box.dart:2251:12)
#3      ChildLayoutHelper.layoutChild (package:flutter/src/rendering/layout_helper.dart:63:18)
#4      RenderStack._computeSize (package:flutter/src/rendering/stack.dart:647:43)
#5      RenderStack.performLayout (package:flutter/src/rendering/stack.dart:682:12)
#6      RenderObject.layout (package:flutter/src/rendering/object.dart:2907:7)
#7      RenderPadding.performLayout (package:flutter/src/rendering/shifted_box.dart:262:12)
#8      RenderObject.layout (package:flutter/src/rendering/object.dart:2907:7)
#9      MultiChildLayoutDelegate.layoutChild (package:flutter/src/rendering/custom_layout.dart:180:12)
#10     _ScaffoldLayout.performLayout (package:flutter/src/material/scaffold.dart:1113:7)
#11     MultiChildLayoutDelegate._callPerformLayout (package:flutter/src/rendering/custom_layout.dart:246:7)
#12     RenderCustomMultiChildLayoutBox.performLayout (package:flutter/src/rendering/custom_layout.dart:417:14)
#13     RenderObject.layout (package:flutter/src/rendering/object.dart:2907:7)
#14     RenderProxyBoxMixin.performLayout (package:flutter/src/rendering/proxy_box.dart:118:18)
#15     RenderObject.layout (package:flutter/src/rendering/object.dart:2907:7)
#16     RenderProxyBoxMixin.performLayout (package:flutter/src/rendering/proxy_box.dart:118:18)
#17     _RenderCustomClip.performLayout (package:flutter/src/rendering/proxy_box.dart:1549:11)
#18     RenderObject.layout (package:flutter/src/rendering/object.dart:2907:7)
#19     RenderProxyBoxMixin.performLayout (package:flutter/src/rendering/proxy_box.dart:118:18)
#20     RenderObject.layout (package:flutter/src/rendering/object.dart:2907:7)
#21     RenderProxyBoxMixin.performLayout (package:flutter/src/rendering/proxy_box.dart:118:18)
#22     RenderObject.layout (package:flutter/src/rendering/object.dart:2907:7)
#23     RenderProxyBoxMixin.performLayout (package:flutter/src/rendering/proxy_box.dart:118:18)
#24     RenderObject.layout (package:flutter/src/rendering/object.dart:2907:7)
#25     RenderProxyBoxMixin.performLayout (package:flutter/src/rendering/proxy_box.dart:118:18)
#26     RenderObject.layout (package:flutter/src/rendering/object.dart:2907:7)
#27     RenderProxyBoxMixin.performLayout (package:flutter/src/rendering/proxy_box.dart:118:18)
#28     RenderObject.layout (package:flutter/src/rendering/object.dart:2907:7)
#29     RenderProxyBoxMixin.performLayout (package:flutter/src/rendering/proxy_box.dart:118:18)
#30     RenderObject.layout (package:flutter/src/rendering/object.dart:2907:7)
#31     RenderProxyBoxMixin.performLayout (package:flutter/src/rendering/proxy_box.dart:118:18)
#32     RenderObject.layout (package:flutter/src/rendering/object.dart:2907:7)
#33     RenderProxyBoxMixin.performLayout (package:flutter/src/rendering/proxy_box.dart:118:18)
#34     RenderObject.layout (package:flutter/src/rendering/object.dart:2907:7)
#35     RenderProxyBoxMixin.performLayout (package:flutter/src/rendering/proxy_box.dart:118:18)
#36     RenderObject.layout (package:flutter/src/rendering/object.dart:2907:7)
#37     RenderProxyBoxMixin.performLayout (package:flutter/src/rendering/proxy_box.dart:118:18)
#38     RenderObject.layout (package:flutter/src/rendering/object.dart:2907:7)
#39     RenderProxyBoxMixin.performLayout (package:flutter/src/rendering/proxy_box.dart:118:18)
#40     RenderObject.layout (package:flutter/src/rendering/object.dart:2907:7)
#41     RenderProxyBoxMixin.performLayout (package:flutter/src/rendering/proxy_box.dart:118:18)
#42     RenderObject.layout (package:flutter/src/rendering/object.dart:2907:7)
#43     RenderProxyBoxMixin.performLayout (package:flutter/src/rendering/proxy_box.dart:118:18)
#44     RenderObject.layout (package:flutter/src/rendering/object.dart:2907:7)
#45     RenderProxyBoxMixin.performLayout (package:flutter/src/rendering/proxy_box.dart:118:18)
#46     RenderObject.layout (package:flutter/src/rendering/object.dart:2907:7)
#47     RenderProxyBoxMixin.performLayout (package:flutter/src/rendering/proxy_box.dart:118:18)
#48     RenderObject.layout (package:flutter/src/rendering/object.dart:2907:7)
#49     RenderProxyBoxMixin.performLayout (package:flutter/src/rendering/proxy_box.dart:118:18)
#50     RenderOffstage.performLayout (package:flutter/src/rendering/proxy_box.dart:3923:13)
#51     RenderObject.layout (package:flutter/src/rendering/object.dart:2907:7)
#52     RenderProxyBoxMixin.performLayout (package:flutter/src/rendering/proxy_box.dart:118:18)
#53     RenderObject.layout (package:flutter/src/rendering/object.dart:2907:7)
#54     _RenderTheaterMixin.layoutChild (package:flutter/src/widgets/overlay.dart:1124:13)
#55     _RenderTheater.performLayout (package:flutter/src/widgets/overlay.dart:1481:9)
#56     RenderObject.layout (package:flutter/src/rendering/object.dart:2907:7)
#57     RenderProxyBoxMixin.performLayout (package:flutter/src/rendering/proxy_box.dart:118:18)
#58     RenderObject.layout (package:flutter/src/rendering/object.dart:2907:7)
#59     RenderProxyBoxMixin.performLayout (package:flutter/src/rendering/proxy_box.dart:118:18)
#60     RenderObject.layout (package:flutter/src/rendering/object.dart:2907:7)
#61     RenderProxyBoxMixin.performLayout (package:flutter/src/rendering/proxy_box.dart:118:18)
#62     RenderObject.layout (package:flutter/src/rendering/object.dart:2907:7)
#63     RenderProxyBoxMixin.performLayout (package:flutter/src/rendering/proxy_box.dart:118:18)
#64     RenderCustomPaint.performLayout (package:flutter/src/rendering/custom_paint.dart:574:11)
#65     RenderObject.layout (package:flutter/src/rendering/object.dart:2907:7)
#66     RenderProxyBoxMixin.performLayout (package:flutter/src/rendering/proxy_box.dart:118:18)
#67     RenderObject.layout (package:flutter/src/rendering/object.dart:2907:7)
#68     RenderProxyBoxMixin.performLayout (package:flutter/src/rendering/proxy_box.dart:118:18)
#69     RenderObject.layout (package:flutter/src/rendering/object.dart:2907:7)
#70     RenderProxyBoxMixin.performLayout (package:flutter/src/rendering/proxy_box.dart:118:18)
#71     RenderObject.layout (package:flutter/src/rendering/object.dart:2907:7)
#72     RenderProxyBoxMixin.performLayout (package:flutter/src/rendering/proxy_box.dart:118:18)
#73     RenderObject.layout (package:flutter/src/rendering/object.dart:2907:7)
#74     RenderProxyBoxMixin.performLayout (package:flutter/src/rendering/proxy_box.dart:118:18)
#75     RenderObject.layout (package:flutter/src/rendering/object.dart:2907:7)
#76     RenderProxyBoxMixin.performLayout (package:flutter/src/rendering/proxy_box.dart:118:18)
#77     RenderObject.layout (package:flutter/src/rendering/object.dart:2907:7)
#78     RenderView.performLayout (package:flutter/src/rendering/view.dart:292:12)
#79     RenderObject._layoutWithoutResize (package:flutter/src/rendering/object.dart:2755:7)
#80     PipelineOwner.flushLayout (package:flutter/src/rendering/object.dart:1174:18)
#81     PipelineOwner.flushLayout (package:flutter/src/rendering/object.dart:1187:15)
#82     AutomatedTestWidgetsFlutterBinding.drawFrame (package:flutter_test/src/binding.dart:2433:27)
#83     RendererBinding._handlePersistentFrameCallback (package:flutter/src/rendering/binding.dart:509:5)
#84     SchedulerBinding._invokeFrameCallback (package:flutter/src/scheduler/binding.dart:1430:15)
#85     SchedulerBinding.handleDrawFrame (package:flutter/src/scheduler/binding.dart:1345:9)
#86     AutomatedTestWidgetsFlutterBinding.pump.<anonymous closure> (package:flutter_test/src/binding.dart:2260:9)
#89     TestAsyncUtils.guard (package:flutter_test/src/test_async_utils.dart:74:41)
#90     AutomatedTestWidgetsFlutterBinding.pump (package:flutter_test/src/binding.dart:2249:27)
#91     WidgetTester.pumpWidget.<anonymous closure> (package:flutter_test/src/widget_tester.dart:598:22)
#94     TestAsyncUtils.guard (package:flutter_test/src/test_async_utils.dart:74:41)
#95     WidgetTester.pumpWidget (package:flutter_test/src/widget_tester.dart:595:27)
#96     main.<anonymous closure>.<anonymous closure> (file:///Y:/AndroidStudioProject/Github/expert-project/test/presentation/pages/tv_detail_page_test.dart:67:20)
#97     testWidgets.<anonymous closure>.<anonymous closure> (package:flutter_test/src/widget_tester.dart:192:29)
<asynchronous suspension>
#98     TestWidgetsFlutterBinding._runTestBody (package:flutter_test/src/binding.dart:1952:5)
<asynchronous suspension>
<asynchronous suspension>
(elided 7 frames from class _AssertionError, dart:async, and package:stack_trace)

The following RenderObject was being processed when the exception was fired: RenderStack#fc49c relayoutBoundary=up2 NEEDS-LAYOUT NEEDS-PAINT NEEDS-COMPOSITING-BITS-UPDATE:
  creator: Stack ΓåÉ TvDetailContent ΓåÉ MediaQuery ΓåÉ Padding ΓåÉ SafeArea ΓåÉ Consumer<TvDetailNotifier> ΓåÉ
    KeyedSubtree-[GlobalKey#d0f5c] ΓåÉ _BodyBuilder ΓåÉ MediaQuery ΓåÉ LayoutId-[<_ScaffoldSlot.body>] ΓåÉ
    CustomMultiChildLayout ΓåÉ _ActionsScope ΓåÉ Γï»
  parentData: offset=Offset(0.0, 0.0) (can use size)
  constraints: BoxConstraints(0.0<=w<=800.0, 0.0<=h<=600.0)
  size: MISSING
  alignment: AlignmentDirectional.topStart
  textDirection: ltr
  fit: loose
This RenderObject had the following descendants (showing up to depth 5):
    child 1: RenderConstrainedBox#bb80b relayoutBoundary=up3 NEEDS-PAINT NEEDS-COMPOSITING-BITS-UPDATE
      child: RenderPositionedBox#59e12 relayoutBoundary=up4 NEEDS-PAINT NEEDS-COMPOSITING-BITS-UPDATE
        child: RenderSemanticsAnnotations#f88d4 relayoutBoundary=up5 NEEDS-PAINT NEEDS-COMPOSITING-BITS-UPDATE
          child: RenderConstrainedBox#8f4dc relayoutBoundary=up6 NEEDS-PAINT NEEDS-COMPOSITING-BITS-UPDATE
            child: RenderCustomPaint#546eb relayoutBoundary=up7 NEEDS-PAINT
    child 2: RenderPadding#f8152 relayoutBoundary=up3 NEEDS-PAINT NEEDS-COMPOSITING-BITS-UPDATE
      child: _RenderLayoutBuilder#b9c58 relayoutBoundary=up4 NEEDS-PAINT NEEDS-COMPOSITING-BITS-UPDATE
        child: RenderConstrainedBox#66975 relayoutBoundary=up5 NEEDS-PAINT NEEDS-COMPOSITING-BITS-UPDATE
          child: RenderFractionallySizedOverflowBox#41279 NEEDS-PAINT NEEDS-COMPOSITING-BITS-UPDATE
            child: RenderDecoratedBox#f0c8b NEEDS-PAINT NEEDS-COMPOSITING-BITS-UPDATE
    child 3: RenderPadding#9d2e0 NEEDS-LAYOUT NEEDS-PAINT NEEDS-COMPOSITING-BITS-UPDATE
      child: RenderConstrainedBox#22be8 NEEDS-LAYOUT NEEDS-PAINT NEEDS-COMPOSITING-BITS-UPDATE
        child: RenderDecoratedBox#b8f13 NEEDS-LAYOUT NEEDS-PAINT NEEDS-COMPOSITING-BITS-UPDATE
          child: RenderPadding#68327 NEEDS-LAYOUT NEEDS-PAINT NEEDS-COMPOSITING-BITS-UPDATE
            child: RenderPositionedBox#c0c47 NEEDS-LAYOUT NEEDS-PAINT NEEDS-COMPOSITING-BITS-UPDATE
ΓòÉΓòÉΓòÉΓòÉΓòÉΓòÉΓòÉΓòÉΓòÉΓòÉΓòÉΓòÉΓòÉΓòÉΓòÉΓòÉΓòÉΓòÉΓòÉΓòÉΓòÉΓòÉΓòÉΓòÉΓòÉΓòÉΓòÉΓòÉΓòÉΓòÉΓòÉΓòÉΓòÉΓòÉΓòÉΓòÉΓòÉΓòÉΓòÉΓòÉΓòÉΓòÉΓòÉΓòÉΓòÉΓòÉΓòÉΓòÉΓòÉΓòÉΓòÉΓòÉΓòÉΓòÉΓòÉΓòÉΓòÉΓòÉΓòÉΓòÉΓòÉΓòÉΓòÉΓòÉΓòÉΓòÉΓòÉΓòÉΓòÉΓòÉΓòÉΓòÉΓòÉΓòÉΓòÉΓòÉΓòÉΓòÉΓòÉΓòÉΓòÉΓòÉΓòÉΓòÉΓòÉΓòÉΓòÉΓòÉΓòÉΓòÉΓòÉΓòÉΓòÉΓòÉΓòÉΓòÉΓòÉΓòÉΓòÉΓòÉ
ΓòÉΓòÉΓòí EXCEPTION CAUGHT BY RENDERING LIBRARY Γò₧ΓòÉΓòÉΓòÉΓòÉΓòÉΓòÉΓòÉΓòÉΓòÉΓòÉΓòÉΓòÉΓòÉΓòÉΓòÉΓòÉΓòÉΓòÉΓòÉΓòÉΓòÉΓòÉΓòÉΓòÉΓòÉΓòÉΓòÉΓòÉΓòÉΓòÉΓòÉΓòÉΓòÉΓòÉΓòÉΓòÉΓòÉΓòÉΓòÉΓòÉΓòÉΓòÉΓòÉΓòÉΓòÉΓòÉΓòÉΓòÉΓòÉΓòÉΓòÉΓòÉΓòÉΓòÉΓòÉΓòÉΓòÉ
The following assertion was thrown during performLayout():
RenderBox was not laid out: RenderStack#fc49c relayoutBoundary=up2 NEEDS-PAINT
NEEDS-COMPOSITING-BITS-UPDATE
'package:flutter/src/rendering/box.dart':
Failed assertion: line 2251 pos 12: 'hasSize'

Either the assertion indicates an error in the framework itself, or we should provide substantially
more information in this error message to help you determine and fix the underlying cause.
In either case, please report this assertion by filing a bug on GitHub:
  https://github.com/flutter/flutter/issues/new?template=02_bug.yml

The relevant error-causing widget was:
  SafeArea
  SafeArea:file:///Y:/AndroidStudioProject/Github/expert-project/lib/presentation/pages/tv_detail_page.dart:46:20

When the exception was thrown, this was the stack:
#2      RenderBox.size (package:flutter/src/rendering/box.dart:2251:12)
#3      RenderPadding.performLayout (package:flutter/src/rendering/shifted_box.dart:266:40)
#4      RenderObject.layout (package:flutter/src/rendering/object.dart:2907:7)
#5      MultiChildLayoutDelegate.layoutChild (package:flutter/src/rendering/custom_layout.dart:180:12)
#6      _ScaffoldLayout.performLayout (package:flutter/src/material/scaffold.dart:1113:7)
#7      MultiChildLayoutDelegate._callPerformLayout (package:flutter/src/rendering/custom_layout.dart:246:7)
#8      RenderCustomMultiChildLayoutBox.performLayout (package:flutter/src/rendering/custom_layout.dart:417:14)
#9      RenderObject.layout (package:flutter/src/rendering/object.dart:2907:7)
#10     RenderProxyBoxMixin.performLayout (package:flutter/src/rendering/proxy_box.dart:118:18)
#11     RenderObject.layout (package:flutter/src/rendering/object.dart:2907:7)
#12     RenderProxyBoxMixin.performLayout (package:flutter/src/rendering/proxy_box.dart:118:18)
#13     _RenderCustomClip.performLayout (package:flutter/src/rendering/proxy_box.dart:1549:11)
#14     RenderObject.layout (package:flutter/src/rendering/object.dart:2907:7)
#15     RenderProxyBoxMixin.performLayout (package:flutter/src/rendering/proxy_box.dart:118:18)
#16     RenderObject.layout (package:flutter/src/rendering/object.dart:2907:7)
#17     RenderProxyBoxMixin.performLayout (package:flutter/src/rendering/proxy_box.dart:118:18)
#18     RenderObject.layout (package:flutter/src/rendering/object.dart:2907:7)
#19     RenderProxyBoxMixin.performLayout (package:flutter/src/rendering/proxy_box.dart:118:18)
#20     RenderObject.layout (package:flutter/src/rendering/object.dart:2907:7)
#21     RenderProxyBoxMixin.performLayout (package:flutter/src/rendering/proxy_box.dart:118:18)
#22     RenderObject.layout (package:flutter/src/rendering/object.dart:2907:7)
#23     RenderProxyBoxMixin.performLayout (package:flutter/src/rendering/proxy_box.dart:118:18)
#24     RenderObject.layout (package:flutter/src/rendering/object.dart:2907:7)
#25     RenderProxyBoxMixin.performLayout (package:flutter/src/rendering/proxy_box.dart:118:18)
#26     RenderObject.layout (package:flutter/src/rendering/object.dart:2907:7)
#27     RenderProxyBoxMixin.performLayout (package:flutter/src/rendering/proxy_box.dart:118:18)
#28     RenderObject.layout (package:flutter/src/rendering/object.dart:2907:7)
#29     RenderProxyBoxMixin.performLayout (package:flutter/src/rendering/proxy_box.dart:118:18)
#30     RenderObject.layout (package:flutter/src/rendering/object.dart:2907:7)
#31     RenderProxyBoxMixin.performLayout (package:flutter/src/rendering/proxy_box.dart:118:18)
#32     RenderObject.layout (package:flutter/src/rendering/object.dart:2907:7)
#33     RenderProxyBoxMixin.performLayout (package:flutter/src/rendering/proxy_box.dart:118:18)
#34     RenderObject.layout (package:flutter/src/rendering/object.dart:2907:7)
#35     RenderProxyBoxMixin.performLayout (package:flutter/src/rendering/proxy_box.dart:118:18)
#36     RenderObject.layout (package:flutter/src/rendering/object.dart:2907:7)
#37     RenderProxyBoxMixin.performLayout (package:flutter/src/rendering/proxy_box.dart:118:18)
#38     RenderObject.layout (package:flutter/src/rendering/object.dart:2907:7)
#39     RenderProxyBoxMixin.performLayout (package:flutter/src/rendering/proxy_box.dart:118:18)
#40     RenderObject.layout (package:flutter/src/rendering/object.dart:2907:7)
#41     RenderProxyBoxMixin.performLayout (package:flutter/src/rendering/proxy_box.dart:118:18)
#42     RenderObject.layout (package:flutter/src/rendering/object.dart:2907:7)
#43     RenderProxyBoxMixin.performLayout (package:flutter/src/rendering/proxy_box.dart:118:18)
#44     RenderObject.layout (package:flutter/src/rendering/object.dart:2907:7)
#45     RenderProxyBoxMixin.performLayout (package:flutter/src/rendering/proxy_box.dart:118:18)
#46     RenderOffstage.performLayout (package:flutter/src/rendering/proxy_box.dart:3923:13)
#47     RenderObject.layout (package:flutter/src/rendering/object.dart:2907:7)
#48     RenderProxyBoxMixin.performLayout (package:flutter/src/rendering/proxy_box.dart:118:18)
#49     RenderObject.layout (package:flutter/src/rendering/object.dart:2907:7)
#50     _RenderTheaterMixin.layoutChild (package:flutter/src/widgets/overlay.dart:1124:13)
#51     _RenderTheater.performLayout (package:flutter/src/widgets/overlay.dart:1481:9)
#52     RenderObject.layout (package:flutter/src/rendering/object.dart:2907:7)
#53     RenderProxyBoxMixin.performLayout (package:flutter/src/rendering/proxy_box.dart:118:18)
#54     RenderObject.layout (package:flutter/src/rendering/object.dart:2907:7)
#55     RenderProxyBoxMixin.performLayout (package:flutter/src/rendering/proxy_box.dart:118:18)
#56     RenderObject.layout (package:flutter/src/rendering/object.dart:2907:7)
#57     RenderProxyBoxMixin.performLayout (package:flutter/src/rendering/proxy_box.dart:118:18)
#58     RenderObject.layout (package:flutter/src/rendering/object.dart:2907:7)
#59     RenderProxyBoxMixin.performLayout (package:flutter/src/rendering/proxy_box.dart:118:18)
#60     RenderCustomPaint.performLayout (package:flutter/src/rendering/custom_paint.dart:574:11)
#61     RenderObject.layout (package:flutter/src/rendering/object.dart:2907:7)
#62     RenderProxyBoxMixin.performLayout (package:flutter/src/rendering/proxy_box.dart:118:18)
#63     RenderObject.layout (package:flutter/src/rendering/object.dart:2907:7)
#64     RenderProxyBoxMixin.performLayout (package:flutter/src/rendering/proxy_box.dart:118:18)
#65     RenderObject.layout (package:flutter/src/rendering/object.dart:2907:7)
#66     RenderProxyBoxMixin.performLayout (package:flutter/src/rendering/proxy_box.dart:118:18)
#67     RenderObject.layout (package:flutter/src/rendering/object.dart:2907:7)
#68     RenderProxyBoxMixin.performLayout (package:flutter/src/rendering/proxy_box.dart:118:18)
#69     RenderObject.layout (package:flutter/src/rendering/object.dart:2907:7)
#70     RenderProxyBoxMixin.performLayout (package:flutter/src/rendering/proxy_box.dart:118:18)
#71     RenderObject.layout (package:flutter/src/rendering/object.dart:2907:7)
#72     RenderProxyBoxMixin.performLayout (package:flutter/src/rendering/proxy_box.dart:118:18)
#73     RenderObject.layout (package:flutter/src/rendering/object.dart:2907:7)
#74     RenderView.performLayout (package:flutter/src/rendering/view.dart:292:12)
#75     RenderObject._layoutWithoutResize (package:flutter/src/rendering/object.dart:2755:7)
#76     PipelineOwner.flushLayout (package:flutter/src/rendering/object.dart:1174:18)
#77     PipelineOwner.flushLayout (package:flutter/src/rendering/object.dart:1187:15)
#78     AutomatedTestWidgetsFlutterBinding.drawFrame (package:flutter_test/src/binding.dart:2433:27)
#79     RendererBinding._handlePersistentFrameCallback (package:flutter/src/rendering/binding.dart:509:5)
#80     SchedulerBinding._invokeFrameCallback (package:flutter/src/scheduler/binding.dart:1430:15)
#81     SchedulerBinding.handleDrawFrame (package:flutter/src/scheduler/binding.dart:1345:9)
#82     AutomatedTestWidgetsFlutterBinding.pump.<anonymous closure> (package:flutter_test/src/binding.dart:2260:9)
#85     TestAsyncUtils.guard (package:flutter_test/src/test_async_utils.dart:74:41)
#86     AutomatedTestWidgetsFlutterBinding.pump (package:flutter_test/src/binding.dart:2249:27)
#87     WidgetTester.pumpWidget.<anonymous closure> (package:flutter_test/src/widget_tester.dart:598:22)
#90     TestAsyncUtils.guard (package:flutter_test/src/test_async_utils.dart:74:41)
#91     WidgetTester.pumpWidget (package:flutter_test/src/widget_tester.dart:595:27)
#92     main.<anonymous closure>.<anonymous closure> (file:///Y:/AndroidStudioProject/Github/expert-project/test/presentation/pages/tv_detail_page_test.dart:67:20)
#93     testWidgets.<anonymous closure>.<anonymous closure> (package:flutter_test/src/widget_tester.dart:192:29)
<asynchronous suspension>
#94     TestWidgetsFlutterBinding._runTestBody (package:flutter_test/src/binding.dart:1952:5)
<asynchronous suspension>
<asynchronous suspension>
(elided 7 frames from class _AssertionError, dart:async, and package:stack_trace)

The following RenderObject was being processed when the exception was fired: RenderPadding#3ff86 relayoutBoundary=up1 NEEDS-LAYOUT NEEDS-PAINT NEEDS-COMPOSITING-BITS-UPDATE:
  creator: Padding ΓåÉ SafeArea ΓåÉ Consumer<TvDetailNotifier> ΓåÉ KeyedSubtree-[GlobalKey#d0f5c] ΓåÉ
    _BodyBuilder ΓåÉ MediaQuery ΓåÉ LayoutId-[<_ScaffoldSlot.body>] ΓåÉ CustomMultiChildLayout ΓåÉ
    _ActionsScope ΓåÉ Actions ΓåÉ Builder ΓåÉ DefaultTextStyle ΓåÉ Γï»
  parentData: offset=Offset(0.0, 0.0); id=_ScaffoldSlot.body (can use size)
  constraints: BoxConstraints(0.0<=w<=800.0, 0.0<=h<=600.0)
  size: MISSING
  padding: EdgeInsets.zero
  textDirection: ltr
This RenderObject had the following descendants (showing up to depth 5):
    child: RenderStack#fc49c relayoutBoundary=up2 NEEDS-PAINT NEEDS-COMPOSITING-BITS-UPDATE
      child 1: RenderConstrainedBox#bb80b relayoutBoundary=up3 NEEDS-PAINT NEEDS-COMPOSITING-BITS-UPDATE
        child: RenderPositionedBox#59e12 relayoutBoundary=up4 NEEDS-PAINT NEEDS-COMPOSITING-BITS-UPDATE
          child: RenderSemanticsAnnotations#f88d4 relayoutBoundary=up5 NEEDS-PAINT NEEDS-COMPOSITING-BITS-UPDATE
            child: RenderConstrainedBox#8f4dc relayoutBoundary=up6 NEEDS-PAINT NEEDS-COMPOSITING-BITS-UPDATE
      child 2: RenderPadding#f8152 relayoutBoundary=up3 NEEDS-PAINT NEEDS-COMPOSITING-BITS-UPDATE
        child: _RenderLayoutBuilder#b9c58 relayoutBoundary=up4 NEEDS-PAINT NEEDS-COMPOSITING-BITS-UPDATE
          child: RenderConstrainedBox#66975 relayoutBoundary=up5 NEEDS-PAINT NEEDS-COMPOSITING-BITS-UPDATE
            child: RenderFractionallySizedOverflowBox#41279 NEEDS-PAINT NEEDS-COMPOSITING-BITS-UPDATE
      child 3: RenderPadding#9d2e0 NEEDS-LAYOUT NEEDS-PAINT NEEDS-COMPOSITING-BITS-UPDATE
        child: RenderConstrainedBox#22be8 NEEDS-LAYOUT NEEDS-PAINT NEEDS-COMPOSITING-BITS-UPDATE
          child: RenderDecoratedBox#b8f13 NEEDS-LAYOUT NEEDS-PAINT NEEDS-COMPOSITING-BITS-UPDATE
            child: RenderPadding#68327 NEEDS-LAYOUT NEEDS-PAINT NEEDS-COMPOSITING-BITS-UPDATE
ΓòÉΓòÉΓòÉΓòÉΓòÉΓòÉΓòÉΓòÉΓòÉΓòÉΓòÉΓòÉΓòÉΓòÉΓòÉΓòÉΓòÉΓòÉΓòÉΓòÉΓòÉΓòÉΓòÉΓòÉΓòÉΓòÉΓòÉΓòÉΓòÉΓòÉΓòÉΓòÉΓòÉΓòÉΓòÉΓòÉΓòÉΓòÉΓòÉΓòÉΓòÉΓòÉΓòÉΓòÉΓòÉΓòÉΓòÉΓòÉΓòÉΓòÉΓòÉΓòÉΓòÉΓòÉΓòÉΓòÉΓòÉΓòÉΓòÉΓòÉΓòÉΓòÉΓòÉΓòÉΓòÉΓòÉΓòÉΓòÉΓòÉΓòÉΓòÉΓòÉΓòÉΓòÉΓòÉΓòÉΓòÉΓòÉΓòÉΓòÉΓòÉΓòÉΓòÉΓòÉΓòÉΓòÉΓòÉΓòÉΓòÉΓòÉΓòÉΓòÉΓòÉΓòÉΓòÉΓòÉΓòÉΓòÉΓòÉΓòÉ
ΓòÉΓòÉΓòí EXCEPTION CAUGHT BY RENDERING LIBRARY Γò₧ΓòÉΓòÉΓòÉΓòÉΓòÉΓòÉΓòÉΓòÉΓòÉΓòÉΓòÉΓòÉΓòÉΓòÉΓòÉΓòÉΓòÉΓòÉΓòÉΓòÉΓòÉΓòÉΓòÉΓòÉΓòÉΓòÉΓòÉΓòÉΓòÉΓòÉΓòÉΓòÉΓòÉΓòÉΓòÉΓòÉΓòÉΓòÉΓòÉΓòÉΓòÉΓòÉΓòÉΓòÉΓòÉΓòÉΓòÉΓòÉΓòÉΓòÉΓòÉΓòÉΓòÉΓòÉΓòÉΓòÉΓòÉ
The following assertion was thrown during performLayout():
RenderBox was not laid out: RenderPadding#3ff86 relayoutBoundary=up1 NEEDS-PAINT
NEEDS-COMPOSITING-BITS-UPDATE
'package:flutter/src/rendering/box.dart':
Failed assertion: line 2251 pos 12: 'hasSize'

Either the assertion indicates an error in the framework itself, or we should provide substantially
more information in this error message to help you determine and fix the underlying cause.
In either case, please report this assertion by filing a bug on GitHub:
  https://github.com/flutter/flutter/issues/new?template=02_bug.yml

The relevant error-causing widget was:
  Scaffold
  Scaffold:file:///Y:/AndroidStudioProject/Github/expert-project/lib/presentation/pages/tv_detail_page.dart:37:12

When the exception was thrown, this was the stack:
#2      RenderBox.size (package:flutter/src/rendering/box.dart:2251:12)
#3      MultiChildLayoutDelegate.layoutChild (package:flutter/src/rendering/custom_layout.dart:181:18)
#4      _ScaffoldLayout.performLayout (package:flutter/src/material/scaffold.dart:1113:7)
#5      MultiChildLayoutDelegate._callPerformLayout (package:flutter/src/rendering/custom_layout.dart:246:7)
#6      RenderCustomMultiChildLayoutBox.performLayout (package:flutter/src/rendering/custom_layout.dart:417:14)
#7      RenderObject.layout (package:flutter/src/rendering/object.dart:2907:7)
#8      RenderProxyBoxMixin.performLayout (package:flutter/src/rendering/proxy_box.dart:118:18)
#9      RenderObject.layout (package:flutter/src/rendering/object.dart:2907:7)
#10     RenderProxyBoxMixin.performLayout (package:flutter/src/rendering/proxy_box.dart:118:18)
#11     _RenderCustomClip.performLayout (package:flutter/src/rendering/proxy_box.dart:1549:11)
#12     RenderObject.layout (package:flutter/src/rendering/object.dart:2907:7)
#13     RenderProxyBoxMixin.performLayout (package:flutter/src/rendering/proxy_box.dart:118:18)
#14     RenderObject.layout (package:flutter/src/rendering/object.dart:2907:7)
#15     RenderProxyBoxMixin.performLayout (package:flutter/src/rendering/proxy_box.dart:118:18)
#16     RenderObject.layout (package:flutter/src/rendering/object.dart:2907:7)
#17     RenderProxyBoxMixin.performLayout (package:flutter/src/rendering/proxy_box.dart:118:18)
#18     RenderObject.layout (package:flutter/src/rendering/object.dart:2907:7)
#19     RenderProxyBoxMixin.performLayout (package:flutter/src/rendering/proxy_box.dart:118:18)
#20     RenderObject.layout (package:flutter/src/rendering/object.dart:2907:7)
#21     RenderProxyBoxMixin.performLayout (package:flutter/src/rendering/proxy_box.dart:118:18)
#22     RenderObject.layout (package:flutter/src/rendering/object.dart:2907:7)
#23     RenderProxyBoxMixin.performLayout (package:flutter/src/rendering/proxy_box.dart:118:18)
#24     RenderObject.layout (package:flutter/src/rendering/object.dart:2907:7)
#25     RenderProxyBoxMixin.performLayout (package:flutter/src/rendering/proxy_box.dart:118:18)
#26     RenderObject.layout (package:flutter/src/rendering/object.dart:2907:7)
#27     RenderProxyBoxMixin.performLayout (package:flutter/src/rendering/proxy_box.dart:118:18)
#28     RenderObject.layout (package:flutter/src/rendering/object.dart:2907:7)
#29     RenderProxyBoxMixin.performLayout (package:flutter/src/rendering/proxy_box.dart:118:18)
#30     RenderObject.layout (package:flutter/src/rendering/object.dart:2907:7)
#31     RenderProxyBoxMixin.performLayout (package:flutter/src/rendering/proxy_box.dart:118:18)
#32     RenderObject.layout (package:flutter/src/rendering/object.dart:2907:7)
#33     RenderProxyBoxMixin.performLayout (package:flutter/src/rendering/proxy_box.dart:118:18)
#34     RenderObject.layout (package:flutter/src/rendering/object.dart:2907:7)
#35     RenderProxyBoxMixin.performLayout (package:flutter/src/rendering/proxy_box.dart:118:18)
#36     RenderObject.layout (package:flutter/src/rendering/object.dart:2907:7)
#37     RenderProxyBoxMixin.performLayout (package:flutter/src/rendering/proxy_box.dart:118:18)
#38     RenderObject.layout (package:flutter/src/rendering/object.dart:2907:7)
#39     RenderProxyBoxMixin.performLayout (package:flutter/src/rendering/proxy_box.dart:118:18)
#40     RenderObject.layout (package:flutter/src/rendering/object.dart:2907:7)
#41     RenderProxyBoxMixin.performLayout (package:flutter/src/rendering/proxy_box.dart:118:18)
#42     RenderObject.layout (package:flutter/src/rendering/object.dart:2907:7)
#43     RenderProxyBoxMixin.performLayout (package:flutter/src/rendering/proxy_box.dart:118:18)
#44     RenderOffstage.performLayout (package:flutter/src/rendering/proxy_box.dart:3923:13)
#45     RenderObject.layout (package:flutter/src/rendering/object.dart:2907:7)
#46     RenderProxyBoxMixin.performLayout (package:flutter/src/rendering/proxy_box.dart:118:18)
#47     RenderObject.layout (package:flutter/src/rendering/object.dart:2907:7)
#48     _RenderTheaterMixin.layoutChild (package:flutter/src/widgets/overlay.dart:1124:13)
#49     _RenderTheater.performLayout (package:flutter/src/widgets/overlay.dart:1481:9)
#50     RenderObject.layout (package:flutter/src/rendering/object.dart:2907:7)
#51     RenderProxyBoxMixin.performLayout (package:flutter/src/rendering/proxy_box.dart:118:18)
#52     RenderObject.layout (package:flutter/src/rendering/object.dart:2907:7)
#53     RenderProxyBoxMixin.performLayout (package:flutter/src/rendering/proxy_box.dart:118:18)
#54     RenderObject.layout (package:flutter/src/rendering/object.dart:2907:7)
#55     RenderProxyBoxMixin.performLayout (package:flutter/src/rendering/proxy_box.dart:118:18)
#56     RenderObject.layout (package:flutter/src/rendering/object.dart:2907:7)
#57     RenderProxyBoxMixin.performLayout (package:flutter/src/rendering/proxy_box.dart:118:18)
#58     RenderCustomPaint.performLayout (package:flutter/src/rendering/custom_paint.dart:574:11)
#59     RenderObject.layout (package:flutter/src/rendering/object.dart:2907:7)
#60     RenderProxyBoxMixin.performLayout (package:flutter/src/rendering/proxy_box.dart:118:18)
#61     RenderObject.layout (package:flutter/src/rendering/object.dart:2907:7)
#62     RenderProxyBoxMixin.performLayout (package:flutter/src/rendering/proxy_box.dart:118:18)
#63     RenderObject.layout (package:flutter/src/rendering/object.dart:2907:7)
#64     RenderProxyBoxMixin.performLayout (package:flutter/src/rendering/proxy_box.dart:118:18)
#65     RenderObject.layout (package:flutter/src/rendering/object.dart:2907:7)
#66     RenderProxyBoxMixin.performLayout (package:flutter/src/rendering/proxy_box.dart:118:18)
#67     RenderObject.layout (package:flutter/src/rendering/object.dart:2907:7)
#68     RenderProxyBoxMixin.performLayout (package:flutter/src/rendering/proxy_box.dart:118:18)
#69     RenderObject.layout (package:flutter/src/rendering/object.dart:2907:7)
#70     RenderProxyBoxMixin.performLayout (package:flutter/src/rendering/proxy_box.dart:118:18)
#71     RenderObject.layout (package:flutter/src/rendering/object.dart:2907:7)
#72     RenderView.performLayout (package:flutter/src/rendering/view.dart:292:12)
#73     RenderObject._layoutWithoutResize (package:flutter/src/rendering/object.dart:2755:7)
#74     PipelineOwner.flushLayout (package:flutter/src/rendering/object.dart:1174:18)
#75     PipelineOwner.flushLayout (package:flutter/src/rendering/object.dart:1187:15)
#76     AutomatedTestWidgetsFlutterBinding.drawFrame (package:flutter_test/src/binding.dart:2433:27)
#77     RendererBinding._handlePersistentFrameCallback (package:flutter/src/rendering/binding.dart:509:5)
#78     SchedulerBinding._invokeFrameCallback (package:flutter/src/scheduler/binding.dart:1430:15)
#79     SchedulerBinding.handleDrawFrame (package:flutter/src/scheduler/binding.dart:1345:9)
#80     AutomatedTestWidgetsFlutterBinding.pump.<anonymous closure> (package:flutter_test/src/binding.dart:2260:9)
#83     TestAsyncUtils.guard (package:flutter_test/src/test_async_utils.dart:74:41)
#84     AutomatedTestWidgetsFlutterBinding.pump (package:flutter_test/src/binding.dart:2249:27)
#85     WidgetTester.pumpWidget.<anonymous closure> (package:flutter_test/src/widget_tester.dart:598:22)
#88     TestAsyncUtils.guard (package:flutter_test/src/test_async_utils.dart:74:41)
#89     WidgetTester.pumpWidget (package:flutter_test/src/widget_tester.dart:595:27)
#90     main.<anonymous closure>.<anonymous closure> (file:///Y:/AndroidStudioProject/Github/expert-project/test/presentation/pages/tv_detail_page_test.dart:67:20)
#91     testWidgets.<anonymous closure>.<anonymous closure> (package:flutter_test/src/widget_tester.dart:192:29)
<asynchronous suspension>
#92     TestWidgetsFlutterBinding._runTestBody (package:flutter_test/src/binding.dart:1952:5)
<asynchronous suspension>
<asynchronous suspension>
(elided 7 frames from class _AssertionError, dart:async, and package:stack_trace)

The following RenderObject was being processed when the exception was fired: RenderCustomMultiChildLayoutBox#5607d NEEDS-LAYOUT NEEDS-PAINT NEEDS-COMPOSITING-BITS-UPDATE:
  creator: CustomMultiChildLayout ΓåÉ _ActionsScope ΓåÉ Actions ΓåÉ Builder ΓåÉ DefaultTextStyle ΓåÉ
    AnimatedDefaultTextStyle ΓåÉ _InkFeatures-[GlobalKey#35ddc ink renderer] ΓåÉ
    NotificationListener<LayoutChangedNotification> ΓåÉ PhysicalModel ΓåÉ AnimatedPhysicalModel ΓåÉ Material
    ΓåÉ _ScrollNotificationObserverScope ΓåÉ Γï»
  parentData: <none> (can use size)
  constraints: BoxConstraints(w=800.0, h=600.0)
  size: Size(800.0, 600.0)
This RenderObject had the following descendants (showing up to depth 5):
    child 1: RenderPadding#3ff86 relayoutBoundary=up1 NEEDS-PAINT NEEDS-COMPOSITING-BITS-UPDATE
      child: RenderStack#fc49c relayoutBoundary=up2 NEEDS-PAINT NEEDS-COMPOSITING-BITS-UPDATE
        child 1: RenderConstrainedBox#bb80b relayoutBoundary=up3 NEEDS-PAINT NEEDS-COMPOSITING-BITS-UPDATE
          child: RenderPositionedBox#59e12 relayoutBoundary=up4 NEEDS-PAINT NEEDS-COMPOSITING-BITS-UPDATE
            child: RenderSemanticsAnnotations#f88d4 relayoutBoundary=up5 NEEDS-PAINT NEEDS-COMPOSITING-BITS-UPDATE
        child 2: RenderPadding#f8152 relayoutBoundary=up3 NEEDS-PAINT NEEDS-COMPOSITING-BITS-UPDATE
          child: _RenderLayoutBuilder#b9c58 relayoutBoundary=up4 NEEDS-PAINT NEEDS-COMPOSITING-BITS-UPDATE
            child: RenderConstrainedBox#66975 relayoutBoundary=up5 NEEDS-PAINT NEEDS-COMPOSITING-BITS-UPDATE
        child 3: RenderPadding#9d2e0 NEEDS-LAYOUT NEEDS-PAINT NEEDS-COMPOSITING-BITS-UPDATE
          child: RenderConstrainedBox#22be8 NEEDS-LAYOUT NEEDS-PAINT NEEDS-COMPOSITING-BITS-UPDATE
            child: RenderDecoratedBox#b8f13 NEEDS-LAYOUT NEEDS-PAINT NEEDS-COMPOSITING-BITS-UPDATE
    child 2: RenderStack#5fe4c NEEDS-LAYOUT NEEDS-PAINT NEEDS-COMPOSITING-BITS-UPDATE
      child 1: RenderTransform#46ecd NEEDS-LAYOUT NEEDS-PAINT NEEDS-COMPOSITING-BITS-UPDATE
        child: RenderTransform#f8c04 NEEDS-LAYOUT NEEDS-PAINT
ΓòÉΓòÉΓòÉΓòÉΓòÉΓòÉΓòÉΓòÉΓòÉΓòÉΓòÉΓòÉΓòÉΓòÉΓòÉΓòÉΓòÉΓòÉΓòÉΓòÉΓòÉΓòÉΓòÉΓòÉΓòÉΓòÉΓòÉΓòÉΓòÉΓòÉΓòÉΓòÉΓòÉΓòÉΓòÉΓòÉΓòÉΓòÉΓòÉΓòÉΓòÉΓòÉΓòÉΓòÉΓòÉΓòÉΓòÉΓòÉΓòÉΓòÉΓòÉΓòÉΓòÉΓòÉΓòÉΓòÉΓòÉΓòÉΓòÉΓòÉΓòÉΓòÉΓòÉΓòÉΓòÉΓòÉΓòÉΓòÉΓòÉΓòÉΓòÉΓòÉΓòÉΓòÉΓòÉΓòÉΓòÉΓòÉΓòÉΓòÉΓòÉΓòÉΓòÉΓòÉΓòÉΓòÉΓòÉΓòÉΓòÉΓòÉΓòÉΓòÉΓòÉΓòÉΓòÉΓòÉΓòÉΓòÉΓòÉΓòÉ
ΓòÉΓòÉΓòí EXCEPTION CAUGHT BY RENDERING LIBRARY Γò₧ΓòÉΓòÉΓòÉΓòÉΓòÉΓòÉΓòÉΓòÉΓòÉΓòÉΓòÉΓòÉΓòÉΓòÉΓòÉΓòÉΓòÉΓòÉΓòÉΓòÉΓòÉΓòÉΓòÉΓòÉΓòÉΓòÉΓòÉΓòÉΓòÉΓòÉΓòÉΓòÉΓòÉΓòÉΓòÉΓòÉΓòÉΓòÉΓòÉΓòÉΓòÉΓòÉΓòÉΓòÉΓòÉΓòÉΓòÉΓòÉΓòÉΓòÉΓòÉΓòÉΓòÉΓòÉΓòÉΓòÉΓòÉ
The following assertion was thrown during paint():
RenderBox was not laid out: RenderDecoratedBox#f0c8b
'package:flutter/src/rendering/box.dart':
Failed assertion: line 2251 pos 12: 'hasSize'

Either the assertion indicates an error in the framework itself, or we should provide substantially
more information in this error message to help you determine and fix the underlying cause.
In either case, please report this assertion by filing a bug on GitHub:
  https://github.com/flutter/flutter/issues/new?template=02_bug.yml

The relevant error-causing widget was:
  Container
  Container:file:///Y:/AndroidStudioProject/Github/expert-project/lib/presentation/pages/tv_detail_page.dart:86:22

When the exception was thrown, this was the stack:
#2      RenderBox.size (package:flutter/src/rendering/box.dart:2251:12)
#3      RenderDecoratedBox.paint (package:flutter/src/rendering/proxy_box.dart:2475:81)
#4      RenderObject._paintWithContext (package:flutter/src/rendering/object.dart:3568:7)
#5      PaintingContext.paintChild (package:flutter/src/rendering/object.dart:265:13)
#6      RenderShiftedBox.paint (package:flutter/src/rendering/shifted_box.dart:98:15)
#7      RenderObject._paintWithContext (package:flutter/src/rendering/object.dart:3568:7)
#8      PaintingContext.paintChild (package:flutter/src/rendering/object.dart:265:13)
#9      RenderProxyBoxMixin.paint (package:flutter/src/rendering/proxy_box.dart:143:13)
#10     RenderObject._paintWithContext (package:flutter/src/rendering/object.dart:3568:7)
#11     PaintingContext.paintChild (package:flutter/src/rendering/object.dart:265:13)
#12     _RenderLayoutBuilder.paint (package:flutter/src/widgets/layout_builder.dart:470:15)
#13     RenderObject._paintWithContext (package:flutter/src/rendering/object.dart:3568:7)
#14     PaintingContext.paintChild (package:flutter/src/rendering/object.dart:265:13)
#15     RenderShiftedBox.paint (package:flutter/src/rendering/shifted_box.dart:98:15)
#16     RenderObject._paintWithContext (package:flutter/src/rendering/object.dart:3568:7)
#17     PaintingContext.paintChild (package:flutter/src/rendering/object.dart:265:13)
#18     RenderBoxContainerDefaultsMixin.defaultPaint (package:flutter/src/rendering/box.dart:3368:15)
#19     RenderStack.paintStack (package:flutter/src/rendering/stack.dart:713:5)
#20     RenderStack.paint (package:flutter/src/rendering/stack.dart:729:7)
#21     RenderObject._paintWithContext (package:flutter/src/rendering/object.dart:3568:7)
#22     PaintingContext.paintChild (package:flutter/src/rendering/object.dart:265:13)
#23     RenderShiftedBox.paint (package:flutter/src/rendering/shifted_box.dart:98:15)
#24     RenderObject._paintWithContext (package:flutter/src/rendering/object.dart:3568:7)
#25     PaintingContext.paintChild (package:flutter/src/rendering/object.dart:265:13)
#26     RenderBoxContainerDefaultsMixin.defaultPaint (package:flutter/src/rendering/box.dart:3368:15)
#27     RenderCustomMultiChildLayoutBox.paint (package:flutter/src/rendering/custom_layout.dart:422:5)
#28     RenderObject._paintWithContext (package:flutter/src/rendering/object.dart:3568:7)
#29     PaintingContext.paintChild (package:flutter/src/rendering/object.dart:265:13)
#30     RenderProxyBoxMixin.paint (package:flutter/src/rendering/proxy_box.dart:143:13)
#31     _RenderInkFeatures.paint (package:flutter/src/material/material.dart:634:11)
#32     RenderObject._paintWithContext (package:flutter/src/rendering/object.dart:3568:7)
#33     PaintingContext.paintChild (package:flutter/src/rendering/object.dart:265:13)
#34     RenderProxyBoxMixin.paint (package:flutter/src/rendering/proxy_box.dart:143:13)
#35     RenderPhysicalModel.paint.<anonymous closure> (package:flutter/src/rendering/proxy_box.dart:2252:15)
#36     PaintingContext.pushClipRRect (package:flutter/src/rendering/object.dart:626:14)
#37     RenderPhysicalModel.paint (package:flutter/src/rendering/proxy_box.dart:2239:21)
#38     RenderObject._paintWithContext (package:flutter/src/rendering/object.dart:3568:7)
#39     PaintingContext.paintChild (package:flutter/src/rendering/object.dart:265:13)
#40     RenderProxyBoxMixin.paint (package:flutter/src/rendering/proxy_box.dart:143:13)
#41     RenderObject._paintWithContext (package:flutter/src/rendering/object.dart:3568:7)
#42     PaintingContext.paintChild (package:flutter/src/rendering/object.dart:265:13)
#43     RenderProxyBoxMixin.paint (package:flutter/src/rendering/proxy_box.dart:143:13)
#44     RenderObject._paintWithContext (package:flutter/src/rendering/object.dart:3568:7)
#45     PaintingContext._repaintCompositedChild (package:flutter/src/rendering/object.dart:180:11)
#46     PaintingContext.repaintCompositedChild (package:flutter/src/rendering/object.dart:125:5)
#47     PaintingContext._compositeChild (package:flutter/src/rendering/object.dart:276:7)
#48     PaintingContext.paintChild (package:flutter/src/rendering/object.dart:257:7)
#49     RenderProxyBoxMixin.paint (package:flutter/src/rendering/proxy_box.dart:143:13)
#50     RenderObject._paintWithContext (package:flutter/src/rendering/object.dart:3568:7)
#51     PaintingContext.paintChild (package:flutter/src/rendering/object.dart:265:13)
#52     RenderProxyBoxMixin.paint (package:flutter/src/rendering/proxy_box.dart:143:13)
#53     RenderFractionalTranslation.paint (package:flutter/src/rendering/proxy_box.dart:3138:13)
#54     RenderObject._paintWithContext (package:flutter/src/rendering/object.dart:3568:7)
#55     PaintingContext.paintChild (package:flutter/src/rendering/object.dart:265:13)
#56     RenderProxyBoxMixin.paint (package:flutter/src/rendering/proxy_box.dart:143:13)
#57     RenderAnimatedOpacityMixin.paint (package:flutter/src/rendering/proxy_box.dart:1079:11)
#58     RenderObject._paintWithContext (package:flutter/src/rendering/object.dart:3568:7)
#59     PaintingContext._repaintCompositedChild (package:flutter/src/rendering/object.dart:180:11)
#60     PaintingContext.repaintCompositedChild (package:flutter/src/rendering/object.dart:125:5)
#61     PaintingContext._compositeChild (package:flutter/src/rendering/object.dart:276:7)
#62     PaintingContext.paintChild (package:flutter/src/rendering/object.dart:257:7)
#63     RenderProxyBoxMixin.paint (package:flutter/src/rendering/proxy_box.dart:143:13)
#64     RenderFractionalTranslation.paint (package:flutter/src/rendering/proxy_box.dart:3138:13)
#65     RenderObject._paintWithContext (package:flutter/src/rendering/object.dart:3568:7)
#66     PaintingContext.paintChild (package:flutter/src/rendering/object.dart:265:13)
#67     RenderProxyBoxMixin.paint (package:flutter/src/rendering/proxy_box.dart:143:13)
#68     RenderAnimatedOpacityMixin.paint (package:flutter/src/rendering/proxy_box.dart:1079:11)
#69     RenderObject._paintWithContext (package:flutter/src/rendering/object.dart:3568:7)
#70     PaintingContext._repaintCompositedChild (package:flutter/src/rendering/object.dart:180:11)
#71     PaintingContext.repaintCompositedChild (package:flutter/src/rendering/object.dart:125:5)
#72     PaintingContext._compositeChild (package:flutter/src/rendering/object.dart:276:7)
#73     PaintingContext.paintChild (package:flutter/src/rendering/object.dart:257:7)
#74     _RenderColoredBox.paint (package:flutter/src/widgets/basic.dart:8570:15)
#75     RenderObject._paintWithContext (package:flutter/src/rendering/object.dart:3568:7)
#76     PaintingContext.paintChild (package:flutter/src/rendering/object.dart:265:13)
#77     RenderProxyBoxMixin.paint (package:flutter/src/rendering/proxy_box.dart:143:13)
#78     RenderFractionalTranslation.paint (package:flutter/src/rendering/proxy_box.dart:3138:13)
#79     RenderObject._paintWithContext (package:flutter/src/rendering/object.dart:3568:7)
#80     PaintingContext.paintChild (package:flutter/src/rendering/object.dart:265:13)
#81     RenderProxyBoxMixin.paint (package:flutter/src/rendering/proxy_box.dart:143:13)
#82     RenderAnimatedOpacityMixin.paint (package:flutter/src/rendering/proxy_box.dart:1079:11)
#83     RenderObject._paintWithContext (package:flutter/src/rendering/object.dart:3568:7)
#84     PaintingContext._repaintCompositedChild (package:flutter/src/rendering/object.dart:180:11)
#85     PaintingContext.repaintCompositedChild (package:flutter/src/rendering/object.dart:125:5)
#86     PaintingContext._compositeChild (package:flutter/src/rendering/object.dart:276:7)
#87     PaintingContext.paintChild (package:flutter/src/rendering/object.dart:257:7)
#88     RenderProxyBoxMixin.paint (package:flutter/src/rendering/proxy_box.dart:143:13)
#89     RenderObject._paintWithContext (package:flutter/src/rendering/object.dart:3568:7)
#90     PaintingContext.paintChild (package:flutter/src/rendering/object.dart:265:13)
#91     RenderProxyBoxMixin.paint (package:flutter/src/rendering/proxy_box.dart:143:13)
#92     RenderFractionalTranslation.paint (package:flutter/src/rendering/proxy_box.dart:3138:13)
#93     RenderObject._paintWithContext (package:flutter/src/rendering/object.dart:3568:7)
#94     PaintingContext.paintChild (package:flutter/src/rendering/object.dart:265:13)
#95     RenderProxyBoxMixin.paint (package:flutter/src/rendering/proxy_box.dart:143:13)
#96     RenderAnimatedOpacityMixin.paint (package:flutter/src/rendering/proxy_box.dart:1079:11)
#97     RenderObject._paintWithContext (package:flutter/src/rendering/object.dart:3568:7)
#98     PaintingContext._repaintCompositedChild (package:flutter/src/rendering/object.dart:180:11)
#99     PaintingContext.repaintCompositedChild (package:flutter/src/rendering/object.dart:125:5)
#100    PaintingContext._compositeChild (package:flutter/src/rendering/object.dart:276:7)
#101    PaintingContext.paintChild (package:flutter/src/rendering/object.dart:257:7)
#102    RenderProxyBoxMixin.paint (package:flutter/src/rendering/proxy_box.dart:143:13)
#103    RenderObject._paintWithContext (package:flutter/src/rendering/object.dart:3568:7)
#104    PaintingContext._repaintCompositedChild (package:flutter/src/rendering/object.dart:180:11)
#105    PaintingContext.repaintCompositedChild (package:flutter/src/rendering/object.dart:125:5)
#106    PaintingContext._compositeChild (package:flutter/src/rendering/object.dart:276:7)
#107    PaintingContext.paintChild (package:flutter/src/rendering/object.dart:257:7)
#108    RenderProxyBoxMixin.paint (package:flutter/src/rendering/proxy_box.dart:143:13)
#109    RenderObject._paintWithContext (package:flutter/src/rendering/object.dart:3568:7)
#110    PaintingContext.paintChild (package:flutter/src/rendering/object.dart:265:13)
#111    RenderProxyBoxMixin.paint (package:flutter/src/rendering/proxy_box.dart:143:13)
#112    RenderOffstage.paint (package:flutter/src/rendering/proxy_box.dart:3943:11)
#113    RenderObject._paintWithContext (package:flutter/src/rendering/object.dart:3568:7)
#114    PaintingContext.paintChild (package:flutter/src/rendering/object.dart:265:13)
#115    RenderProxyBoxMixin.paint (package:flutter/src/rendering/proxy_box.dart:143:13)
#116    RenderObject._paintWithContext (package:flutter/src/rendering/object.dart:3568:7)
#117    PaintingContext.paintChild (package:flutter/src/rendering/object.dart:265:13)
#118    _RenderTheaterMixin.paint (package:flutter/src/widgets/overlay.dart:1159:15)
#119    _RenderTheater.paint (package:flutter/src/widgets/overlay.dart:1542:13)
#120    RenderObject._paintWithContext (package:flutter/src/rendering/object.dart:3568:7)
#121    PaintingContext.paintChild (package:flutter/src/rendering/object.dart:265:13)
#122    RenderProxyBoxMixin.paint (package:flutter/src/rendering/proxy_box.dart:143:13)
#123    RenderObject._paintWithContext (package:flutter/src/rendering/object.dart:3568:7)
#124    PaintingContext.paintChild (package:flutter/src/rendering/object.dart:265:13)
#125    RenderProxyBoxMixin.paint (package:flutter/src/rendering/proxy_box.dart:143:13)
#126    RenderObject._paintWithContext (package:flutter/src/rendering/object.dart:3568:7)
#127    PaintingContext.paintChild (package:flutter/src/rendering/object.dart:265:13)
#128    RenderProxyBoxMixin.paint (package:flutter/src/rendering/proxy_box.dart:143:13)
#129    RenderObject._paintWithContext (package:flutter/src/rendering/object.dart:3568:7)
#130    PaintingContext.paintChild (package:flutter/src/rendering/object.dart:265:13)
#131    RenderProxyBoxMixin.paint (package:flutter/src/rendering/proxy_box.dart:143:13)
#132    RenderCustomPaint.paint (package:flutter/src/rendering/custom_paint.dart:644:11)
#133    RenderObject._paintWithContext (package:flutter/src/rendering/object.dart:3568:7)
#134    PaintingContext.paintChild (package:flutter/src/rendering/object.dart:265:13)
#135    RenderProxyBoxMixin.paint (package:flutter/src/rendering/proxy_box.dart:143:13)
#136    RenderObject._paintWithContext (package:flutter/src/rendering/object.dart:3568:7)
#137    PaintingContext.paintChild (package:flutter/src/rendering/object.dart:265:13)
#138    RenderProxyBoxMixin.paint (package:flutter/src/rendering/proxy_box.dart:143:13)
#139    RenderObject._paintWithContext (package:flutter/src/rendering/object.dart:3568:7)
#140    PaintingContext.paintChild (package:flutter/src/rendering/object.dart:265:13)
#141    RenderProxyBoxMixin.paint (package:flutter/src/rendering/proxy_box.dart:143:13)
#142    RenderObject._paintWithContext (package:flutter/src/rendering/object.dart:3568:7)
#143    PaintingContext.paintChild (package:flutter/src/rendering/object.dart:265:13)
#144    RenderProxyBoxMixin.paint (package:flutter/src/rendering/proxy_box.dart:143:13)
#145    RenderObject._paintWithContext (package:flutter/src/rendering/object.dart:3568:7)
#146    PaintingContext.paintChild (package:flutter/src/rendering/object.dart:265:13)
#147    RenderProxyBoxMixin.paint (package:flutter/src/rendering/proxy_box.dart:143:13)
#148    RenderObject._paintWithContext (package:flutter/src/rendering/object.dart:3568:7)
#149    PaintingContext.paintChild (package:flutter/src/rendering/object.dart:265:13)
#150    RenderProxyBoxMixin.paint (package:flutter/src/rendering/proxy_box.dart:143:13)
#151    RenderObject._paintWithContext (package:flutter/src/rendering/object.dart:3568:7)
#152    PaintingContext.paintChild (package:flutter/src/rendering/object.dart:265:13)
#153    RenderView.paint (package:flutter/src/rendering/view.dart:320:15)
#154    RenderObject._paintWithContext (package:flutter/src/rendering/object.dart:3568:7)
#155    PaintingContext._repaintCompositedChild (package:flutter/src/rendering/object.dart:180:11)
#156    PaintingContext.repaintCompositedChild (package:flutter/src/rendering/object.dart:125:5)
#157    PipelineOwner.flushPaint (package:flutter/src/rendering/object.dart:1325:31)
#158    PipelineOwner.flushPaint (package:flutter/src/rendering/object.dart:1335:15)
#159    AutomatedTestWidgetsFlutterBinding.drawFrame (package:flutter_test/src/binding.dart:2437:31)
#160    RendererBinding._handlePersistentFrameCallback (package:flutter/src/rendering/binding.dart:509:5)
#161    SchedulerBinding._invokeFrameCallback (package:flutter/src/scheduler/binding.dart:1430:15)
#162    SchedulerBinding.handleDrawFrame (package:flutter/src/scheduler/binding.dart:1345:9)
#163    AutomatedTestWidgetsFlutterBinding.pump.<anonymous closure> (package:flutter_test/src/binding.dart:2260:9)
#166    TestAsyncUtils.guard (package:flutter_test/src/test_async_utils.dart:74:41)
#167    AutomatedTestWidgetsFlutterBinding.pump (package:flutter_test/src/binding.dart:2249:27)
#168    WidgetTester.pumpWidget.<anonymous closure> (package:flutter_test/src/widget_tester.dart:598:22)
#171    TestAsyncUtils.guard (package:flutter_test/src/test_async_utils.dart:74:41)
#172    WidgetTester.pumpWidget (package:flutter_test/src/widget_tester.dart:595:27)
#173    main.<anonymous closure>.<anonymous closure> (file:///Y:/AndroidStudioProject/Github/expert-project/test/presentation/pages/tv_detail_page_test.dart:67:20)
#174    testWidgets.<anonymous closure>.<anonymous closure> (package:flutter_test/src/widget_tester.dart:192:29)
<asynchronous suspension>
#175    TestWidgetsFlutterBinding._runTestBody (package:flutter_test/src/binding.dart:1952:5)
<asynchronous suspension>
<asynchronous suspension>
(elided 7 frames from class _AssertionError, dart:async, and package:stack_trace)

The following RenderObject was being processed when the exception was fired: RenderDecoratedBox#f0c8b:
  needs compositing
  creator: DecoratedBox ΓåÉ Container ΓåÉ FractionallySizedBox ΓåÉ SizedBox.expand ΓåÉ LayoutBuilder ΓåÉ
    ValueListenableBuilder<double> ΓåÉ DraggableScrollableSheet ΓåÉ Padding ΓåÉ Container ΓåÉ Stack ΓåÉ
    TvDetailContent ΓåÉ MediaQuery ΓåÉ Γï»
  parentData: offset=Offset(0.0, 0.0) (can use size)
  constraints: BoxConstraints(w=800.0, h=272.0)
  size: MISSING
  decoration: BoxDecoration:
    color: Color(alpha: 1.0000, red: 0.0000, green: 0.0314, blue: 0.0784, colorSpace: ColorSpace.sRGB)
    borderRadius: BorderRadius.only(topLeft: Radius.circular(16.0), topRight: Radius.circular(16.0))
  configuration: ImageConfiguration(bundle: PlatformAssetBundle#d63c3(), devicePixelRatio: 3.0,
    locale: en_US, textDirection: TextDirection.ltr, platform: android)
This RenderObject had the following descendants (showing up to depth 5):
    child: RenderPadding#b2fcd NEEDS-PAINT
      child: RenderStack#3b977 NEEDS-PAINT
        child 1: RenderPadding#664fd relayoutBoundary=up1 NEEDS-PAINT
          child: RenderClipRect#6ccba relayoutBoundary=up2 NEEDS-PAINT
            child: RenderTransform#95282 relayoutBoundary=up3 NEEDS-PAINT
        child 2: RenderPositionedBox#fa779 NEEDS-LAYOUT NEEDS-PAINT
          child: RenderConstrainedBox#f58bf NEEDS-LAYOUT NEEDS-PAINT
            child: _RenderColoredBox#e2de3 NEEDS-LAYOUT NEEDS-PAINT
ΓòÉΓòÉΓòÉΓòÉΓòÉΓòÉΓòÉΓòÉΓòÉΓòÉΓòÉΓòÉΓòÉΓòÉΓòÉΓòÉΓòÉΓòÉΓòÉΓòÉΓòÉΓòÉΓòÉΓòÉΓòÉΓòÉΓòÉΓòÉΓòÉΓòÉΓòÉΓòÉΓòÉΓòÉΓòÉΓòÉΓòÉΓòÉΓòÉΓòÉΓòÉΓòÉΓòÉΓòÉΓòÉΓòÉΓòÉΓòÉΓòÉΓòÉΓòÉΓòÉΓòÉΓòÉΓòÉΓòÉΓòÉΓòÉΓòÉΓòÉΓòÉΓòÉΓòÉΓòÉΓòÉΓòÉΓòÉΓòÉΓòÉΓòÉΓòÉΓòÉΓòÉΓòÉΓòÉΓòÉΓòÉΓòÉΓòÉΓòÉΓòÉΓòÉΓòÉΓòÉΓòÉΓòÉΓòÉΓòÉΓòÉΓòÉΓòÉΓòÉΓòÉΓòÉΓòÉΓòÉΓòÉΓòÉΓòÉΓòÉ
ΓòÉΓòÉΓòí EXCEPTION CAUGHT BY SCHEDULER LIBRARY Γò₧ΓòÉΓòÉΓòÉΓòÉΓòÉΓòÉΓòÉΓòÉΓòÉΓòÉΓòÉΓòÉΓòÉΓòÉΓòÉΓòÉΓòÉΓòÉΓòÉΓòÉΓòÉΓòÉΓòÉΓòÉΓòÉΓòÉΓòÉΓòÉΓòÉΓòÉΓòÉΓòÉΓòÉΓòÉΓòÉΓòÉΓòÉΓòÉΓòÉΓòÉΓòÉΓòÉΓòÉΓòÉΓòÉΓòÉΓòÉΓòÉΓòÉΓòÉΓòÉΓòÉΓòÉΓòÉΓòÉΓòÉΓòÉ
The following _TypeError was thrown during a scheduler callback:
Null check operator used on a null value

When the exception was thrown, this was the stack:
#0      RenderViewportBase.visitChildrenForSemantics.<anonymous closure> (package:flutter/src/rendering/viewport.dart:478:30)
#1      WhereIterator.moveNext (dart:_internal/iterable.dart:468:13)
#2      Iterable.forEach (dart:core/iterable.dart:366:23)
#3      RenderViewportBase.visitChildrenForSemantics (package:flutter/src/rendering/viewport.dart:482:10)
#4      _RenderObjectSemantics.isBlockingPreviousSibling (package:flutter/src/rendering/object.dart:5737:18)
#5      _RenderObjectSemantics.isBlockingPreviousSibling.<anonymous closure> (package:flutter/src/rendering/object.dart:5739:26)
#6      RenderObjectWithChildMixin.visitChildren (package:flutter/src/rendering/object.dart:4244:14)
#7      RenderObject.visitChildrenForSemantics (package:flutter/src/rendering/object.dart:3929:5)
#8      RenderIgnorePointer.visitChildrenForSemantics (package:flutter/src/rendering/proxy_box.dart:3806:11)
#9      _RenderObjectSemantics.isBlockingPreviousSibling (package:flutter/src/rendering/object.dart:5737:18)
#10     _RenderObjectSemantics.isBlockingPreviousSibling.<anonymous closure> (package:flutter/src/rendering/object.dart:5739:26)
#11     RenderObjectWithChildMixin.visitChildren (package:flutter/src/rendering/object.dart:4244:14)
#12     RenderObject.visitChildrenForSemantics (package:flutter/src/rendering/object.dart:3929:5)
#13     SemanticsAnnotationsMixin.visitChildrenForSemantics (package:flutter/src/rendering/object.dart:4923:11)
#14     _RenderObjectSemantics.isBlockingPreviousSibling (package:flutter/src/rendering/object.dart:5737:18)
#15     _RenderObjectSemantics.isBlockingPreviousSibling.<anonymous closure> (package:flutter/src/rendering/object.dart:5739:26)
#16     RenderObjectWithChildMixin.visitChildren (package:flutter/src/rendering/object.dart:4244:14)
#17     RenderObject.visitChildrenForSemantics (package:flutter/src/rendering/object.dart:3929:5)
#18     _RenderObjectSemantics.isBlockingPreviousSibling (package:flutter/src/rendering/object.dart:5737:18)
#19     _RenderObjectSemantics.isBlockingPreviousSibling.<anonymous closure> (package:flutter/src/rendering/object.dart:5739:26)
#20     RenderObjectWithChildMixin.visitChildren (package:flutter/src/rendering/object.dart:4244:14)
#21     RenderObject.visitChildrenForSemantics (package:flutter/src/rendering/object.dart:3929:5)
#22     _RenderObjectSemantics.isBlockingPreviousSibling (package:flutter/src/rendering/object.dart:5737:18)
#23     _RenderObjectSemantics.isBlockingPreviousSibling.<anonymous closure> (package:flutter/src/rendering/object.dart:5739:26)
#24     RenderObjectWithChildMixin.visitChildren (package:flutter/src/rendering/object.dart:4244:14)
#25     RenderObject.visitChildrenForSemantics (package:flutter/src/rendering/object.dart:3929:5)
#26     _RenderObjectSemantics.isBlockingPreviousSibling (package:flutter/src/rendering/object.dart:5737:18)
#27     _RenderObjectSemantics._getNonBlockedChildren.<anonymous closure> (package:flutter/src/rendering/object.dart:5926:34)
#28     RenderObjectWithChildMixin.visitChildren (package:flutter/src/rendering/object.dart:4244:14)
#29     RenderObject.visitChildrenForSemantics (package:flutter/src/rendering/object.dart:3929:5)
#30     _RenderObjectSemantics._getNonBlockedChildren (package:flutter/src/rendering/object.dart:5925:18)
#31     _RenderObjectSemantics._collectChildMergeUpAndSiblingGroup (package:flutter/src/rendering/object.dart:5993:57)
#32     _RenderObjectSemantics.updateChildren (package:flutter/src/rendering/object.dart:5825:50)
#33     _RenderObjectSemantics._didUpdateParentData (package:flutter/src/rendering/object.dart:6071:5)
#34     _RenderObjectSemantics._collectChildMergeUpAndSiblingGroup (package:flutter/src/rendering/object.dart:5995:22)
#35     _RenderObjectSemantics.updateChildren (package:flutter/src/rendering/object.dart:5825:50)
#36     _RenderObjectSemantics._didUpdateParentData (package:flutter/src/rendering/object.dart:6071:5)
#37     _RenderObjectSemantics._collectChildMergeUpAndSiblingGroup (package:flutter/src/rendering/object.dart:5995:22)
#38     _RenderObjectSemantics.updateChildren (package:flutter/src/rendering/object.dart:5825:50)
#39     _RenderObjectSemantics._didUpdateParentData (package:flutter/src/rendering/object.dart:6071:5)
#40     _RenderObjectSemantics._collectChildMergeUpAndSiblingGroup (package:flutter/src/rendering/object.dart:5995:22)
#41     _RenderObjectSemantics.updateChildren (package:flutter/src/rendering/object.dart:5825:50)
#42     _RenderObjectSemantics._didUpdateParentData (package:flutter/src/rendering/object.dart:6071:5)
#43     _RenderObjectSemantics._collectChildMergeUpAndSiblingGroup (package:flutter/src/rendering/object.dart:5995:22)
#44     _RenderObjectSemantics.updateChildren (package:flutter/src/rendering/object.dart:5825:50)
#45     _RenderObjectSemantics._didUpdateParentData (package:flutter/src/rendering/object.dart:6071:5)
#46     _RenderObjectSemantics._collectChildMergeUpAndSiblingGroup (package:flutter/src/rendering/object.dart:5995:22)
#47     _RenderObjectSemantics.updateChildren (package:flutter/src/rendering/object.dart:5825:50)
#48     _RenderObjectSemantics._didUpdateParentData (package:flutter/src/rendering/object.dart:6071:5)
#49     _RenderObjectSemantics._collectChildMergeUpAndSiblingGroup (package:flutter/src/rendering/object.dart:5995:22)
#50     _RenderObjectSemantics.updateChildren (package:flutter/src/rendering/object.dart:5825:50)
#51     _RenderObjectSemantics._didUpdateParentData (package:flutter/src/rendering/object.dart:6071:5)
#52     _RenderObjectSemantics._collectChildMergeUpAndSiblingGroup (package:flutter/src/rendering/object.dart:5995:22)
#53     _RenderObjectSemantics.updateChildren (package:flutter/src/rendering/object.dart:5825:50)
#54     _RenderObjectSemantics._didUpdateParentData (package:flutter/src/rendering/object.dart:6071:5)
#55     _RenderObjectSemantics._collectChildMergeUpAndSiblingGroup (package:flutter/src/rendering/object.dart:5995:22)
#56     _RenderObjectSemantics.updateChildren (package:flutter/src/rendering/object.dart:5825:50)
#57     _RenderObjectSemantics._didUpdateParentData (package:flutter/src/rendering/object.dart:6071:5)
#58     _RenderObjectSemantics._collectChildMergeUpAndSiblingGroup (package:flutter/src/rendering/object.dart:5995:22)
#59     _RenderObjectSemantics.updateChildren (package:flutter/src/rendering/object.dart:5825:50)
#60     _RenderObjectSemantics._didUpdateParentData (package:flutter/src/rendering/object.dart:6071:5)
#61     _RenderObjectSemantics._collectChildMergeUpAndSiblingGroup (package:flutter/src/rendering/object.dart:5995:22)
#62     _RenderObjectSemantics.updateChildren (package:flutter/src/rendering/object.dart:5825:50)
#63     _RenderObjectSemantics._didUpdateParentData (package:flutter/src/rendering/object.dart:6071:5)
#64     _RenderObjectSemantics._collectChildMergeUpAndSiblingGroup (package:flutter/src/rendering/object.dart:5995:22)
#65     _RenderObjectSemantics.updateChildren (package:flutter/src/rendering/object.dart:5825:50)
#66     _RenderObjectSemantics._didUpdateParentData (package:flutter/src/rendering/object.dart:6071:5)
#67     _RenderObjectSemantics._collectChildMergeUpAndSiblingGroup (package:flutter/src/rendering/object.dart:5995:22)
#68     _RenderObjectSemantics.updateChildren (package:flutter/src/rendering/object.dart:5825:50)
#69     _RenderObjectSemantics._didUpdateParentData (package:flutter/src/rendering/object.dart:6071:5)
#70     _RenderObjectSemantics._collectChildMergeUpAndSiblingGroup (package:flutter/src/rendering/object.dart:5995:22)
#71     _RenderObjectSemantics.updateChildren (package:flutter/src/rendering/object.dart:5825:50)
#72     _RenderObjectSemantics._didUpdateParentData (package:flutter/src/rendering/object.dart:6071:5)
#73     _RenderObjectSemantics._collectChildMergeUpAndSiblingGroup (package:flutter/src/rendering/object.dart:5995:22)
#74     _RenderObjectSemantics.updateChildren (package:flutter/src/rendering/object.dart:5825:50)
#75     _RenderObjectSemantics._didUpdateParentData (package:flutter/src/rendering/object.dart:6071:5)
#76     _RenderObjectSemantics._collectChildMergeUpAndSiblingGroup (package:flutter/src/rendering/object.dart:5995:22)
#77     _RenderObjectSemantics.updateChildren (package:flutter/src/rendering/object.dart:5825:50)
#78     _RenderObjectSemantics._didUpdateParentData (package:flutter/src/rendering/object.dart:6071:5)
#79     _RenderObjectSemantics._collectChildMergeUpAndSiblingGroup (package:flutter/src/rendering/object.dart:5995:22)
#80     _RenderObjectSemantics.updateChildren (package:flutter/src/rendering/object.dart:5825:50)
#81     _RenderObjectSemantics._didUpdateParentData (package:flutter/src/rendering/object.dart:6071:5)
#82     _RenderObjectSemantics._collectChildMergeUpAndSiblingGroup (package:flutter/src/rendering/object.dart:5995:22)
#83     _RenderObjectSemantics.updateChildren (package:flutter/src/rendering/object.dart:5825:50)
#84     _RenderObjectSemantics._didUpdateParentData (package:flutter/src/rendering/object.dart:6071:5)
#85     _RenderObjectSemantics._collectChildMergeUpAndSiblingGroup (package:flutter/src/rendering/object.dart:5995:22)
#86     _RenderObjectSemantics.updateChildren (package:flutter/src/rendering/object.dart:5825:50)
#87     _RenderObjectSemantics._didUpdateParentData (package:flutter/src/rendering/object.dart:6071:5)
#88     _RenderObjectSemantics._collectChildMergeUpAndSiblingGroup (package:flutter/src/rendering/object.dart:5995:22)
#89     _RenderObjectSemantics.updateChildren (package:flutter/src/rendering/object.dart:5825:50)
#90     _RenderObjectSemantics._didUpdateParentData (package:flutter/src/rendering/object.dart:6071:5)
#91     _RenderObjectSemantics._collectChildMergeUpAndSiblingGroup (package:flutter/src/rendering/object.dart:5995:22)
#92     _RenderObjectSemantics.updateChildren (package:flutter/src/rendering/object.dart:5825:50)
#93     _RenderObjectSemantics._didUpdateParentData (package:flutter/src/rendering/object.dart:6071:5)
#94     _RenderObjectSemantics._collectChildMergeUpAndSiblingGroup (package:flutter/src/rendering/object.dart:5995:22)
#95     _RenderObjectSemantics.updateChildren (package:flutter/src/rendering/object.dart:5825:50)
#96     _RenderObjectSemantics._didUpdateParentData (package:flutter/src/rendering/object.dart:6071:5)
#97     _RenderObjectSemantics._collectChildMergeUpAndSiblingGroup (package:flutter/src/rendering/object.dart:5995:22)
#98     _RenderObjectSemantics.updateChildren (package:flutter/src/rendering/object.dart:5825:50)
#99     _RenderObjectSemantics._didUpdateParentData (package:flutter/src/rendering/object.dart:6071:5)
#100    _RenderObjectSemantics._collectChildMergeUpAndSiblingGroup (package:flutter/src/rendering/object.dart:5995:22)
#101    _RenderObjectSemantics.updateChildren (package:flutter/src/rendering/object.dart:5825:50)
#102    _RenderObjectSemantics._didUpdateParentData (package:flutter/src/rendering/object.dart:6071:5)
#103    _RenderObjectSemantics._collectChildMergeUpAndSiblingGroup (package:flutter/src/rendering/object.dart:5995:22)
#104    _RenderObjectSemantics.updateChildren (package:flutter/src/rendering/object.dart:5825:50)
#105    _RenderObjectSemantics._didUpdateParentData (package:flutter/src/rendering/object.dart:6071:5)
#106    _RenderObjectSemantics._collectChildMergeUpAndSiblingGroup (package:flutter/src/rendering/object.dart:5995:22)
#107    _RenderObjectSemantics.updateChildren (package:flutter/src/rendering/object.dart:5825:50)
#108    _RenderObjectSemantics._didUpdateParentData (package:flutter/src/rendering/object.dart:6071:5)
#109    _RenderObjectSemantics._collectChildMergeUpAndSiblingGroup (package:flutter/src/rendering/object.dart:5995:22)
#110    _RenderObjectSemantics.updateChildren (package:flutter/src/rendering/object.dart:5825:50)
#111    _RenderObjectSemantics._didUpdateParentData (package:flutter/src/rendering/object.dart:6071:5)
#112    _RenderObjectSemantics._collectChildMergeUpAndSiblingGroup (package:flutter/src/rendering/object.dart:5995:22)
#113    _RenderObjectSemantics.updateChildren (package:flutter/src/rendering/object.dart:5825:50)
#114    _RenderObjectSemantics._didUpdateParentData (package:flutter/src/rendering/object.dart:6071:5)
#115    _RenderObjectSemantics._collectChildMergeUpAndSiblingGroup (package:flutter/src/rendering/object.dart:5995:22)
#116    _RenderObjectSemantics.updateChildren (package:flutter/src/rendering/object.dart:5825:50)
#117    _RenderObjectSemantics._didUpdateParentData (package:flutter/src/rendering/object.dart:6071:5)
#118    _RenderObjectSemantics._collectChildMergeUpAndSiblingGroup (package:flutter/src/rendering/object.dart:5995:22)
#119    _RenderObjectSemantics.updateChildren (package:flutter/src/rendering/object.dart:5825:50)
#120    _RenderObjectSemantics._didUpdateParentData (package:flutter/src/rendering/object.dart:6071:5)
#121    _RenderObjectSemantics._collectChildMergeUpAndSiblingGroup (package:flutter/src/rendering/object.dart:5995:22)
#122    _RenderObjectSemantics.updateChildren (package:flutter/src/rendering/object.dart:5825:50)
#123    _RenderObjectSemantics._didUpdateParentData (package:flutter/src/rendering/object.dart:6071:5)
#124    _RenderObjectSemantics._collectChildMergeUpAndSiblingGroup (package:flutter/src/rendering/object.dart:5995:22)
#125    _RenderObjectSemantics.updateChildren (package:flutter/src/rendering/object.dart:5825:50)
#126    _RenderObjectSemantics._didUpdateParentData (package:flutter/src/rendering/object.dart:6071:5)
#127    _RenderObjectSemantics._collectChildMergeUpAndSiblingGroup (package:flutter/src/rendering/object.dart:5995:22)
#128    _RenderObjectSemantics.updateChildren (package:flutter/src/rendering/object.dart:5825:50)
#129    _RenderObjectSemantics._didUpdateParentData (package:flutter/src/rendering/object.dart:6071:5)
#130    _RenderObjectSemantics._collectChildMergeUpAndSiblingGroup (package:flutter/src/rendering/object.dart:5995:22)
#131    _RenderObjectSemantics.updateChildren (package:flutter/src/rendering/object.dart:5825:50)
#132    _RenderObjectSemantics._didUpdateParentData (package:flutter/src/rendering/object.dart:6071:5)
#133    _RenderObjectSemantics._collectChildMergeUpAndSiblingGroup (package:flutter/src/rendering/object.dart:5995:22)
#134    _RenderObjectSemantics.updateChildren (package:flutter/src/rendering/object.dart:5825:50)
#135    _RenderObjectSemantics._didUpdateParentData (package:flutter/src/rendering/object.dart:6071:5)
#136    _RenderObjectSemantics._collectChildMergeUpAndSiblingGroup (package:flutter/src/rendering/object.dart:5995:22)
#137    _RenderObjectSemantics.updateChildren (package:flutter/src/rendering/object.dart:5825:50)
#138    _RenderObjectSemantics._didUpdateParentData (package:flutter/src/rendering/object.dart:6071:5)
#139    _RenderObjectSemantics._collectChildMergeUpAndSiblingGroup (package:flutter/src/rendering/object.dart:5995:22)
#140    _RenderObjectSemantics.updateChildren (package:flutter/src/rendering/object.dart:5825:50)
#141    _RenderObjectSemantics._didUpdateParentData (package:flutter/src/rendering/object.dart:6071:5)
#142    _RenderObjectSemantics._collectChildMergeUpAndSiblingGroup (package:flutter/src/rendering/object.dart:5995:22)
#143    _RenderObjectSemantics.updateChildren (package:flutter/src/rendering/object.dart:5825:50)
#144    _RenderObjectSemantics._didUpdateParentData (package:flutter/src/rendering/object.dart:6071:5)
#145    _RenderObjectSemantics._collectChildMergeUpAndSiblingGroup (package:flutter/src/rendering/object.dart:5995:22)
#146    _RenderObjectSemantics.updateChildren (package:flutter/src/rendering/object.dart:5825:50)
#147    _RenderObjectSemantics._didUpdateParentData (package:flutter/src/rendering/object.dart:6071:5)
#148    _RenderObjectSemantics._collectChildMergeUpAndSiblingGroup (package:flutter/src/rendering/object.dart:5995:22)
#149    _RenderObjectSemantics.updateChildren (package:flutter/src/rendering/object.dart:5825:50)
#150    _RenderObjectSemantics._didUpdateParentData (package:flutter/src/rendering/object.dart:6071:5)
#151    _RenderObjectSemantics._collectChildMergeUpAndSiblingGroup (package:flutter/src/rendering/object.dart:5995:22)
#152    _RenderObjectSemantics.updateChildren (package:flutter/src/rendering/object.dart:5825:50)
#153    _RenderObjectSemantics._didUpdateParentData (package:flutter/src/rendering/object.dart:6071:5)
#154    _RenderObjectSemantics._collectChildMergeUpAndSiblingGroup (package:flutter/src/rendering/object.dart:5995:22)
#155    _RenderObjectSemantics.updateChildren (package:flutter/src/rendering/object.dart:5825:50)
#156    _RenderObjectSemantics._didUpdateParentData (package:flutter/src/rendering/object.dart:6071:5)
#157    _RenderObjectSemantics._collectChildMergeUpAndSiblingGroup (package:flutter/src/rendering/object.dart:5995:22)
#158    _RenderObjectSemantics.updateChildren (package:flutter/src/rendering/object.dart:5825:50)
#159    _RenderObjectSemantics._didUpdateParentData (package:flutter/src/rendering/object.dart:6071:5)
#160    _RenderObjectSemantics._collectChildMergeUpAndSiblingGroup (package:flutter/src/rendering/object.dart:5995:22)
#161    _RenderObjectSemantics.updateChildren (package:flutter/src/rendering/object.dart:5825:50)
#162    _RenderObjectSemantics._didUpdateParentData (package:flutter/src/rendering/object.dart:6071:5)
#163    _RenderObjectSemantics._collectChildMergeUpAndSiblingGroup (package:flutter/src/rendering/object.dart:5995:22)
#164    _RenderObjectSemantics.updateChildren (package:flutter/src/rendering/object.dart:5825:50)
#165    _RenderObjectSemantics._didUpdateParentData (package:flutter/src/rendering/object.dart:6071:5)
#166    _RenderObjectSemantics._collectChildMergeUpAndSiblingGroup (package:flutter/src/rendering/object.dart:5995:22)
#167    _RenderObjectSemantics.updateChildren (package:flutter/src/rendering/object.dart:5825:50)
#168    _RenderObjectSemantics._didUpdateParentData (package:flutter/src/rendering/object.dart:6071:5)
#169    _RenderObjectSemantics._collectChildMergeUpAndSiblingGroup (package:flutter/src/rendering/object.dart:5995:22)
#170    _RenderObjectSemantics.updateChildren (package:flutter/src/rendering/object.dart:5825:50)
#171    _RenderObjectSemantics._didUpdateParentData (package:flutter/src/rendering/object.dart:6071:5)
#172    _RenderObjectSemantics._collectChildMergeUpAndSiblingGroup (package:flutter/src/rendering/object.dart:5995:22)
#173    _RenderObjectSemantics.updateChildren (package:flutter/src/rendering/object.dart:5825:50)
#174    _RenderObjectSemantics._didUpdateParentData (package:flutter/src/rendering/object.dart:6071:5)
#175    _RenderObjectSemantics._collectChildMergeUpAndSiblingGroup (package:flutter/src/rendering/object.dart:5995:22)
#176    _RenderObjectSemantics.updateChildren (package:flutter/src/rendering/object.dart:5825:50)
#177    _RenderObjectSemantics._didUpdateParentData (package:flutter/src/rendering/object.dart:6071:5)
#178    _RenderObjectSemantics._collectChildMergeUpAndSiblingGroup (package:flutter/src/rendering/object.dart:5995:22)
#179    _RenderObjectSemantics.updateChildren (package:flutter/src/rendering/object.dart:5825:50)
#180    _RenderObjectSemantics._didUpdateParentData (package:flutter/src/rendering/object.dart:6071:5)
#181    _RenderObjectSemantics._collectChildMergeUpAndSiblingGroup (package:flutter/src/rendering/object.dart:5995:22)
#182    _RenderObjectSemantics.updateChildren (package:flutter/src/rendering/object.dart:5825:50)
#183    _RenderObjectSemantics._didUpdateParentData (package:flutter/src/rendering/object.dart:6071:5)
#184    _RenderObjectSemantics._collectChildMergeUpAndSiblingGroup (package:flutter/src/rendering/object.dart:5995:22)
#185    _RenderObjectSemantics.updateChildren (package:flutter/src/rendering/object.dart:5825:50)
#186    _RenderObjectSemantics._didUpdateParentData (package:flutter/src/rendering/object.dart:6071:5)
#187    _RenderObjectSemantics._collectChildMergeUpAndSiblingGroup (package:flutter/src/rendering/object.dart:5995:22)
#188    _RenderObjectSemantics.updateChildren (package:flutter/src/rendering/object.dart:5825:50)
#189    _RenderObjectSemantics._didUpdateParentData (package:flutter/src/rendering/object.dart:6071:5)
#190    _RenderObjectSemantics._collectChildMergeUpAndSiblingGroup (package:flutter/src/rendering/object.dart:5995:22)
#191    _RenderObjectSemantics.updateChildren (package:flutter/src/rendering/object.dart:5825:50)
#192    _RenderObjectSemantics._didUpdateParentData (package:flutter/src/rendering/object.dart:6071:5)
#193    _RenderObjectSemantics._collectChildMergeUpAndSiblingGroup (package:flutter/src/rendering/object.dart:5995:22)
#194    _RenderObjectSemantics.updateChildren (package:flutter/src/rendering/object.dart:5825:50)
#195    PipelineOwner.flushSemantics (package:flutter/src/rendering/object.dart:1489:25)
#196    PipelineOwner.flushSemantics (package:flutter/src/rendering/object.dart:1653:15)
#197    AutomatedTestWidgetsFlutterBinding.drawFrame (package:flutter_test/src/binding.dart:2444:35)
#198    RendererBinding._handlePersistentFrameCallback (package:flutter/src/rendering/binding.dart:509:5)
#199    SchedulerBinding._invokeFrameCallback (package:flutter/src/scheduler/binding.dart:1430:15)
#200    SchedulerBinding.handleDrawFrame (package:flutter/src/scheduler/binding.dart:1345:9)
#201    AutomatedTestWidgetsFlutterBinding.pump.<anonymous closure> (package:flutter_test/src/binding.dart:2260:9)
#204    TestAsyncUtils.guard (package:flutter_test/src/test_async_utils.dart:74:41)
#205    AutomatedTestWidgetsFlutterBinding.pump (package:flutter_test/src/binding.dart:2249:27)
#206    WidgetTester.pumpWidget.<anonymous closure> (package:flutter_test/src/widget_tester.dart:598:22)
#209    TestAsyncUtils.guard (package:flutter_test/src/test_async_utils.dart:74:41)
#210    WidgetTester.pumpWidget (package:flutter_test/src/widget_tester.dart:595:27)
#211    main.<anonymous closure>.<anonymous closure> (file:///Y:/AndroidStudioProject/Github/expert-project/test/presentation/pages/tv_detail_page_test.dart:67:20)
#212    testWidgets.<anonymous closure>.<anonymous closure> (package:flutter_test/src/widget_tester.dart:192:29)
<asynchronous suspension>
#213    TestWidgetsFlutterBinding._runTestBody (package:flutter_test/src/binding.dart:1952:5)
<asynchronous suspension>
<asynchronous suspension>
(elided 5 frames from dart:async and package:stack_trace)
ΓòÉΓòÉΓòÉΓòÉΓòÉΓòÉΓòÉΓòÉΓòÉΓòÉΓòÉΓòÉΓòÉΓòÉΓòÉΓòÉΓòÉΓòÉΓòÉΓòÉΓòÉΓòÉΓòÉΓòÉΓòÉΓòÉΓòÉΓòÉΓòÉΓòÉΓòÉΓòÉΓòÉΓòÉΓòÉΓòÉΓòÉΓòÉΓòÉΓòÉΓòÉΓòÉΓòÉΓòÉΓòÉΓòÉΓòÉΓòÉΓòÉΓòÉΓòÉΓòÉΓòÉΓòÉΓòÉΓòÉΓòÉΓòÉΓòÉΓòÉΓòÉΓòÉΓòÉΓòÉΓòÉΓòÉΓòÉΓòÉΓòÉΓòÉΓòÉΓòÉΓòÉΓòÉΓòÉΓòÉΓòÉΓòÉΓòÉΓòÉΓòÉΓòÉΓòÉΓòÉΓòÉΓòÉΓòÉΓòÉΓòÉΓòÉΓòÉΓòÉΓòÉΓòÉΓòÉΓòÉΓòÉΓòÉΓòÉΓòÉ
ΓòÉΓòÉΓòí EXCEPTION CAUGHT BY FLUTTER TEST FRAMEWORK Γò₧ΓòÉΓòÉΓòÉΓòÉΓòÉΓòÉΓòÉΓòÉΓòÉΓòÉΓòÉΓòÉΓòÉΓòÉΓòÉΓòÉΓòÉΓòÉΓòÉΓòÉΓòÉΓòÉΓòÉΓòÉΓòÉΓòÉΓòÉΓòÉΓòÉΓòÉΓòÉΓòÉΓòÉΓòÉΓòÉΓòÉΓòÉΓòÉΓòÉΓòÉΓòÉΓòÉΓòÉΓòÉΓòÉΓòÉΓòÉΓòÉΓòÉΓòÉΓòÉΓòÉ
The following assertion was thrown running a test:
'package:flutter_test/src/matchers.dart': Failed assertion: line 1392 pos 12: 'max != null && count
> min!': is not true.

When the exception was thrown, this was the stack:
#2      _FindsCountMatcher.describeMismatch (package:flutter_test/src/matchers.dart:1392:12)
#3      _expect.<anonymous closure> (package:matcher/src/expect/expect.dart:105:13)
#4      _expect (package:matcher/src/expect/expect.dart:182:17)
#5      expect (package:matcher/src/expect/expect.dart:65:3)
#6      expect (package:flutter_test/src/widget_tester.dart:473:18)
#7      main.<anonymous closure>.<anonymous closure> (file:///Y:/AndroidStudioProject/Github/expert-project/test/presentation/pages/tv_detail_page_test.dart:69:7)
<asynchronous suspension>
#8      testWidgets.<anonymous closure>.<anonymous closure> (package:flutter_test/src/widget_tester.dart:192:15)
<asynchronous suspension>
#9      TestWidgetsFlutterBinding._runTestBody (package:flutter_test/src/binding.dart:1952:5)
<asynchronous suspension>
<asynchronous suspension>
(elided 3 frames from class _AssertionError and package:stack_trace)

The test description was:
  Page should display tv detail when loaded
ΓòÉΓòÉΓòÉΓòÉΓòÉΓòÉΓòÉΓòÉΓòÉΓòÉΓòÉΓòÉΓòÉΓòÉΓòÉΓòÉΓòÉΓòÉΓòÉΓòÉΓòÉΓòÉΓòÉΓòÉΓòÉΓòÉΓòÉΓòÉΓòÉΓòÉΓòÉΓòÉΓòÉΓòÉΓòÉΓòÉΓòÉΓòÉΓòÉΓòÉΓòÉΓòÉΓòÉΓòÉΓòÉΓòÉΓòÉΓòÉΓòÉΓòÉΓòÉΓòÉΓòÉΓòÉΓòÉΓòÉΓòÉΓòÉΓòÉΓòÉΓòÉΓòÉΓòÉΓòÉΓòÉΓòÉΓòÉΓòÉΓòÉΓòÉΓòÉΓòÉΓòÉΓòÉΓòÉΓòÉΓòÉΓòÉΓòÉΓòÉΓòÉΓòÉΓòÉΓòÉΓòÉΓòÉΓòÉΓòÉΓòÉΓòÉΓòÉΓòÉΓòÉΓòÉΓòÉΓòÉΓòÉΓòÉΓòÉΓòÉ
ΓòÉΓòÉΓòí EXCEPTION CAUGHT BY FLUTTER TEST FRAMEWORK Γò₧ΓòÉΓòÉΓòÉΓòÉΓòÉΓòÉΓòÉΓòÉΓòÉΓòÉΓòÉΓòÉΓòÉΓòÉΓòÉΓòÉΓòÉΓòÉΓòÉΓòÉΓòÉΓòÉΓòÉΓòÉΓòÉΓòÉΓòÉΓòÉΓòÉΓòÉΓòÉΓòÉΓòÉΓòÉΓòÉΓòÉΓòÉΓòÉΓòÉΓòÉΓòÉΓòÉΓòÉΓòÉΓòÉΓòÉΓòÉΓòÉΓòÉΓòÉΓòÉΓòÉ
The following message was thrown:
Multiple exceptions (35) were detected during the running of the current test, and at least one was
unexpected.
ΓòÉΓòÉΓòÉΓòÉΓòÉΓòÉΓòÉΓòÉΓòÉΓòÉΓòÉΓòÉΓòÉΓòÉΓòÉΓòÉΓòÉΓòÉΓòÉΓòÉΓòÉΓòÉΓòÉΓòÉΓòÉΓòÉΓòÉΓòÉΓòÉΓòÉΓòÉΓòÉΓòÉΓòÉΓòÉΓòÉΓòÉΓòÉΓòÉΓòÉΓòÉΓòÉΓòÉΓòÉΓòÉΓòÉΓòÉΓòÉΓòÉΓòÉΓòÉΓòÉΓòÉΓòÉΓòÉΓòÉΓòÉΓòÉΓòÉΓòÉΓòÉΓòÉΓòÉΓòÉΓòÉΓòÉΓòÉΓòÉΓòÉΓòÉΓòÉΓòÉΓòÉΓòÉΓòÉΓòÉΓòÉΓòÉΓòÉΓòÉΓòÉΓòÉΓòÉΓòÉΓòÉΓòÉΓòÉΓòÉΓòÉΓòÉΓòÉΓòÉΓòÉΓòÉΓòÉΓòÉΓòÉΓòÉΓòÉΓòÉ
00:48 +245 -24: Y:/AndroidStudioProject/Github/expert-project/test/presentation/pages/watchlist_page_test.dart: Page should display center progress bar when loading
00:48 +245 -24: Y:/AndroidStudioProject/Github/expert-project/test/presentation/pages/tv_detail_page_test.dart: TvDetailPage Widget Page should display tv detail when loaded [E]
  Test failed. See exception logs above.
  The test description was: Page should display tv detail when loaded
  
Warning: At least one test in this suite creates an HttpClient. When running a test suite that uses
TestWidgetsFlutterBinding, all HTTP requests will return status code 400, and no network request
will actually be made. Any test expecting a real network connection and status code will fail.
To test code that needs an HttpClient, provide your own HttpClient implementation to the code under
test, so that your test can consistently provide a testable response to the code under test.
00:48 +245 -24: Y:/AndroidStudioProject/Github/expert-project/test/presentation/pages/tv_search_page_test.dart: TvSearchPage Widget Page should display search title
ΓòÉΓòÉΓòí EXCEPTION CAUGHT BY FLUTTER TEST FRAMEWORK Γò₧ΓòÉΓòÉΓòÉΓòÉΓòÉΓòÉΓòÉΓòÉΓòÉΓòÉΓòÉΓòÉΓòÉΓòÉΓòÉΓòÉΓòÉΓòÉΓòÉΓòÉΓòÉΓòÉΓòÉΓòÉΓòÉΓòÉΓòÉΓòÉΓòÉΓòÉΓòÉΓòÉΓòÉΓòÉΓòÉΓòÉΓòÉΓòÉΓòÉΓòÉΓòÉΓòÉΓòÉΓòÉΓòÉΓòÉΓòÉΓòÉΓòÉΓòÉΓòÉΓòÉ
The following TestFailure was thrown running a test:
Expected: exactly one matching candidate
  Actual: _TextWidgetFinder:<Found 0 widgets with text "Search": []>
   Which: means none were found but one was expected

When the exception was thrown, this was the stack:
#4      main.<anonymous closure>.<anonymous closure> (file:///Y:/AndroidStudioProject/Github/expert-project/test/presentation/pages/tv_search_page_test.dart:44:7)
<asynchronous suspension>
#5      testWidgets.<anonymous closure>.<anonymous closure> (package:flutter_test/src/widget_tester.dart:192:15)
<asynchronous suspension>
#6      TestWidgetsFlutterBinding._runTestBody (package:flutter_test/src/binding.dart:1952:5)
<asynchronous suspension>
<asynchronous suspension>
(elided one frame from package:stack_trace)

This was caught by the test expectation on the following line:
  file:///Y:/AndroidStudioProject/Github/expert-project/test/presentation/pages/tv_search_page_test.dart line 44
The test description was:
  Page should display search title
ΓòÉΓòÉΓòÉΓòÉΓòÉΓòÉΓòÉΓòÉΓòÉΓòÉΓòÉΓòÉΓòÉΓòÉΓòÉΓòÉΓòÉΓòÉΓòÉΓòÉΓòÉΓòÉΓòÉΓòÉΓòÉΓòÉΓòÉΓòÉΓòÉΓòÉΓòÉΓòÉΓòÉΓòÉΓòÉΓòÉΓòÉΓòÉΓòÉΓòÉΓòÉΓòÉΓòÉΓòÉΓòÉΓòÉΓòÉΓòÉΓòÉΓòÉΓòÉΓòÉΓòÉΓòÉΓòÉΓòÉΓòÉΓòÉΓòÉΓòÉΓòÉΓòÉΓòÉΓòÉΓòÉΓòÉΓòÉΓòÉΓòÉΓòÉΓòÉΓòÉΓòÉΓòÉΓòÉΓòÉΓòÉΓòÉΓòÉΓòÉΓòÉΓòÉΓòÉΓòÉΓòÉΓòÉΓòÉΓòÉΓòÉΓòÉΓòÉΓòÉΓòÉΓòÉΓòÉΓòÉΓòÉΓòÉΓòÉΓòÉ
00:48 +245 -25: Y:/AndroidStudioProject/Github/expert-project/test/presentation/pages/watchlist_page_test.dart: Page should display center progress bar when loading
00:48 +245 -25: Y:/AndroidStudioProject/Github/expert-project/test/presentation/pages/tv_search_page_test.dart: TvSearchPage Widget Page should display search title [E]
  Test failed. See exception logs above.
  The test description was: Page should display search title
  
00:48 +246 -25: Y:/AndroidStudioProject/Github/expert-project/test/presentation/pages/watchlist_page_test.dart: Page should display center progress bar when loading
00:48 +247 -25: Y:/AndroidStudioProject/Github/expert-project/test/presentation/pages/watchlist_page_test.dart: Page should display center progress bar when loading
00:48 +248 -25: Y:/AndroidStudioProject/Github/expert-project/test/presentation/pages/watchlist_page_test.dart: Page should display center progress bar when loading
00:48 +249 -25: Y:/AndroidStudioProject/Github/expert-project/test/presentation/pages/watchlist_page_test.dart: Page should display center progress bar when loading
00:48 +250 -25: Y:/AndroidStudioProject/Github/expert-project/test/presentation/pages/watchlist_page_test.dart: Page should display center progress bar when loading
00:48 +251 -25: Y:/AndroidStudioProject/Github/expert-project/test/presentation/pages/watchlist_page_test.dart: Page should display center progress bar when loading
00:48 +252 -25: Y:/AndroidStudioProject/Github/expert-project/test/presentation/pages/watchlist_page_test.dart: Page should display center progress bar when loading
00:48 +253 -25: Y:/AndroidStudioProject/Github/expert-project/test/presentation/pages/watchlist_page_test.dart: Page should display center progress bar when loading
00:48 +254 -25: Y:/AndroidStudioProject/Github/expert-project/test/presentation/pages/watchlist_page_test.dart: Page should display center progress bar when loading
00:48 +255 -25: Y:/AndroidStudioProject/Github/expert-project/test/presentation/pages/watchlist_page_test.dart: Page should display center progress bar when loading
00:48 +256 -25: Y:/AndroidStudioProject/Github/expert-project/test/presentation/pages/watchlist_page_test.dart: Page should display center progress bar when loading
00:48 +257 -25: Y:/AndroidStudioProject/Github/expert-project/test/presentation/pages/watchlist_page_test.dart: Page should display center progress bar when loading
00:48 +258 -25: Y:/AndroidStudioProject/Github/expert-project/test/presentation/pages/watchlist_page_test.dart: Page should display center progress bar when loading
00:48 +259 -25: Y:/AndroidStudioProject/Github/expert-project/test/presentation/pages/watchlist_page_test.dart: Page should display center progress bar when loading
00:48 +260 -25: Y:/AndroidStudioProject/Github/expert-project/test/presentation/pages/watchlist_page_test.dart: Page should display center progress bar when loading
00:48 +261 -25: Y:/AndroidStudioProject/Github/expert-project/test/presentation/pages/watchlist_page_test.dart: Page should display center progress bar when loading
00:48 +262 -25: Y:/AndroidStudioProject/Github/expert-project/test/presentation/pages/watchlist_page_test.dart: Page should display center progress bar when loading
00:48 +263 -25: Y:/AndroidStudioProject/Github/expert-project/test/presentation/pages/tv_detail_page_test.dart: TvDetailPage Widget Watchlist button should display add icon when tv not added
00:48 +264 -25: Y:/AndroidStudioProject/Github/expert-project/test/presentation/pages/tv_detail_page_test.dart: TvDetailPage Widget Watchlist button should display add icon when tv not added
00:48 +265 -25: Y:/AndroidStudioProject/Github/expert-project/test/presentation/pages/tv_detail_page_test.dart: TvDetailPage Widget Watchlist button should display add icon when tv not added
00:48 +266 -25: Y:/AndroidStudioProject/Github/expert-project/test/presentation/pages/tv_detail_page_test.dart: TvDetailPage Widget Watchlist button should display add icon when tv not added
ΓòÉΓòÉΓòí EXCEPTION CAUGHT BY WIDGETS LIBRARY Γò₧ΓòÉΓòÉΓòÉΓòÉΓòÉΓòÉΓòÉΓòÉΓòÉΓòÉΓòÉΓòÉΓòÉΓòÉΓòÉΓòÉΓòÉΓòÉΓòÉΓòÉΓòÉΓòÉΓòÉΓòÉΓòÉΓòÉΓòÉΓòÉΓòÉΓòÉΓòÉΓòÉΓòÉΓòÉΓòÉΓòÉΓòÉΓòÉΓòÉΓòÉΓòÉΓòÉΓòÉΓòÉΓòÉΓòÉΓòÉΓòÉΓòÉΓòÉΓòÉΓòÉΓòÉΓòÉΓòÉΓòÉΓòÉΓòÉΓòÉ
The following MissingStubError was thrown building Consumer<TvDetailNotifier>(dirty, dependencies:
[_InheritedProviderScope<TvDetailNotifier?>]):
'recommendationState'
No stub was found which matches the arguments of this method call:
recommendationState

Add a stub for this method using Mockito's 'when' API, or generate the MockTvDetailNotifier mock
with the @GenerateNiceMocks annotation (see
https://pub.dev/documentation/mockito/latest/annotations/MockSpec-class.html).

The relevant error-causing widget was:
  Consumer<TvDetailNotifier>
  Consumer:file:///Y:/AndroidStudioProject/Github/expert-project/lib/presentation/pages/tv_detail_page.dart:230:29

When the exception was thrown, this was the stack:
#0      Mock._noSuchMethod (package:mockito/src/mock.dart:201:7)
#1      Mock.noSuchMethod (package:mockito/src/mock.dart:195:47)
#2      MockTvDetailNotifier.recommendationState (file:///Y:/AndroidStudioProject/Github/expert-project/test/presentation/pages/tv_detail_page_test.mocks.dart:174:54)
#3      TvDetailContent.build.<anonymous closure>.<anonymous closure> (package:ditonton/presentation/pages/tv_detail_page.dart:232:42)
#4      Consumer.buildWithChild (package:provider/src/consumer.dart:179:19)
#5      SingleChildStatelessWidget.build (package:nested/nested.dart:259:41)
#6      StatelessElement.build (package:flutter/src/widgets/framework.dart:5889:49)
#7      SingleChildStatelessElement.build (package:nested/nested.dart:279:18)
#8      ComponentElement.performRebuild (package:flutter/src/widgets/framework.dart:5817:15)
#9      Element.rebuild (package:flutter/src/widgets/framework.dart:5529:7)
#10     ComponentElement._firstBuild (package:flutter/src/widgets/framework.dart:5799:5)
#11     ComponentElement.mount (package:flutter/src/widgets/framework.dart:5793:5)
#12     SingleChildWidgetElementMixin.mount (package:nested/nested.dart:222:11)
#13     Element.inflateWidget (package:flutter/src/widgets/framework.dart:4587:20)
#14     MultiChildRenderObjectElement.inflateWidget (package:flutter/src/widgets/framework.dart:7264:36)
#15     MultiChildRenderObjectElement.mount (package:flutter/src/widgets/framework.dart:7279:32)
...     Normal element mounting (99 frames)
#114    Element.inflateWidget (package:flutter/src/widgets/framework.dart:4587:20)
#115    MultiChildRenderObjectElement.inflateWidget (package:flutter/src/widgets/framework.dart:7264:36)
#116    MultiChildRenderObjectElement.mount (package:flutter/src/widgets/framework.dart:7279:32)
...     Normal element mounting (19 frames)
#135    Element.inflateWidget (package:flutter/src/widgets/framework.dart:4587:20)
#136    Element.updateChild (package:flutter/src/widgets/framework.dart:4059:18)
#137    _LayoutBuilderElement._rebuildWithConstraints.updateChildCallback (package:flutter/src/widgets/layout_builder.dart:247:18)
#138    BuildOwner.buildScope (package:flutter/src/widgets/framework.dart:3101:19)
#139    _LayoutBuilderElement._rebuildWithConstraints (package:flutter/src/widgets/layout_builder.dart:270:12)
#140    RenderAbstractLayoutBuilderMixin.layoutCallback (package:flutter/src/widgets/layout_builder.dart:333:38)
#141    RenderObjectWithLayoutCallbackMixin.runLayoutCallback.<anonymous closure> (package:flutter/src/rendering/object.dart:4302:33)
#142    RenderObject.invokeLayoutCallback.<anonymous closure> (package:flutter/src/rendering/object.dart:3026:17)
#143    PipelineOwner._enableMutationsToDirtySubtrees (package:flutter/src/rendering/object.dart:1223:15)
#144    RenderObject.invokeLayoutCallback (package:flutter/src/rendering/object.dart:3025:14)
#145    RenderObjectWithLayoutCallbackMixin.runLayoutCallback (package:flutter/src/rendering/object.dart:4302:5)
#146    _RenderLayoutBuilder.performLayout (package:flutter/src/widgets/layout_builder.dart:447:5)
#147    RenderObject.layout (package:flutter/src/rendering/object.dart:2907:7)
#148    RenderPadding.performLayout (package:flutter/src/rendering/shifted_box.dart:262:12)
#149    RenderObject.layout (package:flutter/src/rendering/object.dart:2907:7)
#150    ChildLayoutHelper.layoutChild (package:flutter/src/rendering/layout_helper.dart:62:11)
#151    RenderStack._computeSize (package:flutter/src/rendering/stack.dart:647:43)
#152    RenderStack.performLayout (package:flutter/src/rendering/stack.dart:682:12)
#153    RenderObject.layout (package:flutter/src/rendering/object.dart:2907:7)
#154    RenderPadding.performLayout (package:flutter/src/rendering/shifted_box.dart:262:12)
#155    RenderObject.layout (package:flutter/src/rendering/object.dart:2907:7)
#156    MultiChildLayoutDelegate.layoutChild (package:flutter/src/rendering/custom_layout.dart:180:12)
#157    _ScaffoldLayout.performLayout (package:flutter/src/material/scaffold.dart:1113:7)
#158    MultiChildLayoutDelegate._callPerformLayout (package:flutter/src/rendering/custom_layout.dart:246:7)
#159    RenderCustomMultiChildLayoutBox.performLayout (package:flutter/src/rendering/custom_layout.dart:417:14)
#160    RenderObject.layout (package:flutter/src/rendering/object.dart:2907:7)
#161    RenderProxyBoxMixin.performLayout (package:flutter/src/rendering/proxy_box.dart:118:18)
#162    RenderObject.layout (package:flutter/src/rendering/object.dart:2907:7)
#163    RenderProxyBoxMixin.performLayout (package:flutter/src/rendering/proxy_box.dart:118:18)
#164    _RenderCustomClip.performLayout (package:flutter/src/rendering/proxy_box.dart:1549:11)
#165    RenderObject.layout (package:flutter/src/rendering/object.dart:2907:7)
#166    RenderProxyBoxMixin.performLayout (package:flutter/src/rendering/proxy_box.dart:118:18)
#167    RenderObject.layout (package:flutter/src/rendering/object.dart:2907:7)
#168    RenderProxyBoxMixin.performLayout (package:flutter/src/rendering/proxy_box.dart:118:18)
#169    RenderObject.layout (package:flutter/src/rendering/object.dart:2907:7)
#170    RenderProxyBoxMixin.performLayout (package:flutter/src/rendering/proxy_box.dart:118:18)
#171    RenderObject.layout (package:flutter/src/rendering/object.dart:2907:7)
#172    RenderProxyBoxMixin.performLayout (package:flutter/src/rendering/proxy_box.dart:118:18)
#173    RenderObject.layout (package:flutter/src/rendering/object.dart:2907:7)
#174    RenderProxyBoxMixin.performLayout (package:flutter/src/rendering/proxy_box.dart:118:18)
#175    RenderObject.layout (package:flutter/src/rendering/object.dart:2907:7)
#176    RenderProxyBoxMixin.performLayout (package:flutter/src/rendering/proxy_box.dart:118:18)
#177    RenderObject.layout (package:flutter/src/rendering/object.dart:2907:7)
#178    RenderProxyBoxMixin.performLayout (package:flutter/src/rendering/proxy_box.dart:118:18)
#179    RenderObject.layout (package:flutter/src/rendering/object.dart:2907:7)
#180    RenderProxyBoxMixin.performLayout (package:flutter/src/rendering/proxy_box.dart:118:18)
#181    RenderObject.layout (package:flutter/src/rendering/object.dart:2907:7)
#182    RenderProxyBoxMixin.performLayout (package:flutter/src/rendering/proxy_box.dart:118:18)
#183    RenderObject.layout (package:flutter/src/rendering/object.dart:2907:7)
#184    RenderProxyBoxMixin.performLayout (package:flutter/src/rendering/proxy_box.dart:118:18)
#185    RenderObject.layout (package:flutter/src/rendering/object.dart:2907:7)
#186    RenderProxyBoxMixin.performLayout (package:flutter/src/rendering/proxy_box.dart:118:18)
#187    RenderObject.layout (package:flutter/src/rendering/object.dart:2907:7)
#188    RenderProxyBoxMixin.performLayout (package:flutter/src/rendering/proxy_box.dart:118:18)
#189    RenderObject.layout (package:flutter/src/rendering/object.dart:2907:7)
#190    RenderProxyBoxMixin.performLayout (package:flutter/src/rendering/proxy_box.dart:118:18)
#191    RenderObject.layout (package:flutter/src/rendering/object.dart:2907:7)
#192    RenderProxyBoxMixin.performLayout (package:flutter/src/rendering/proxy_box.dart:118:18)
#193    RenderObject.layout (package:flutter/src/rendering/object.dart:2907:7)
#194    RenderProxyBoxMixin.performLayout (package:flutter/src/rendering/proxy_box.dart:118:18)
#195    RenderObject.layout (package:flutter/src/rendering/object.dart:2907:7)
#196    RenderProxyBoxMixin.performLayout (package:flutter/src/rendering/proxy_box.dart:118:18)
#197    RenderOffstage.performLayout (package:flutter/src/rendering/proxy_box.dart:3923:13)
#198    RenderObject.layout (package:flutter/src/rendering/object.dart:2907:7)
#199    RenderProxyBoxMixin.performLayout (package:flutter/src/rendering/proxy_box.dart:118:18)
#200    RenderObject.layout (package:flutter/src/rendering/object.dart:2907:7)
#201    _RenderTheaterMixin.layoutChild (package:flutter/src/widgets/overlay.dart:1124:13)
#202    _RenderTheater.performLayout (package:flutter/src/widgets/overlay.dart:1481:9)
#203    RenderObject.layout (package:flutter/src/rendering/object.dart:2907:7)
#204    RenderProxyBoxMixin.performLayout (package:flutter/src/rendering/proxy_box.dart:118:18)
#205    RenderObject.layout (package:flutter/src/rendering/object.dart:2907:7)
#206    RenderProxyBoxMixin.performLayout (package:flutter/src/rendering/proxy_box.dart:118:18)
#207    RenderObject.layout (package:flutter/src/rendering/object.dart:2907:7)
#208    RenderProxyBoxMixin.performLayout (package:flutter/src/rendering/proxy_box.dart:118:18)
#209    RenderObject.layout (package:flutter/src/rendering/object.dart:2907:7)
#210    RenderProxyBoxMixin.performLayout (package:flutter/src/rendering/proxy_box.dart:118:18)
#211    RenderCustomPaint.performLayout (package:flutter/src/rendering/custom_paint.dart:574:11)
#212    RenderObject.layout (package:flutter/src/rendering/object.dart:2907:7)
#213    RenderProxyBoxMixin.performLayout (package:flutter/src/rendering/proxy_box.dart:118:18)
#214    RenderObject.layout (package:flutter/src/rendering/object.dart:2907:7)
#215    RenderProxyBoxMixin.performLayout (package:flutter/src/rendering/proxy_box.dart:118:18)
#216    RenderObject.layout (package:flutter/src/rendering/object.dart:2907:7)
#217    RenderProxyBoxMixin.performLayout (package:flutter/src/rendering/proxy_box.dart:118:18)
#218    RenderObject.layout (package:flutter/src/rendering/object.dart:2907:7)
#219    RenderProxyBoxMixin.performLayout (package:flutter/src/rendering/proxy_box.dart:118:18)
#220    RenderObject.layout (package:flutter/src/rendering/object.dart:2907:7)
#221    RenderProxyBoxMixin.performLayout (package:flutter/src/rendering/proxy_box.dart:118:18)
#222    RenderObject.layout (package:flutter/src/rendering/object.dart:2907:7)
#223    RenderProxyBoxMixin.performLayout (package:flutter/src/rendering/proxy_box.dart:118:18)
#224    RenderObject.layout (package:flutter/src/rendering/object.dart:2907:7)
#225    RenderView.performLayout (package:flutter/src/rendering/view.dart:292:12)
#226    RenderObject._layoutWithoutResize (package:flutter/src/rendering/object.dart:2755:7)
#227    PipelineOwner.flushLayout (package:flutter/src/rendering/object.dart:1174:18)
#228    PipelineOwner.flushLayout (package:flutter/src/rendering/object.dart:1187:15)
#229    AutomatedTestWidgetsFlutterBinding.drawFrame (package:flutter_test/src/binding.dart:2433:27)
#230    RendererBinding._handlePersistentFrameCallback (package:flutter/src/rendering/binding.dart:509:5)
#231    SchedulerBinding._invokeFrameCallback (package:flutter/src/scheduler/binding.dart:1430:15)
#232    SchedulerBinding.handleDrawFrame (package:flutter/src/scheduler/binding.dart:1345:9)
#233    AutomatedTestWidgetsFlutterBinding.pump.<anonymous closure> (package:flutter_test/src/binding.dart:2260:9)
#236    TestAsyncUtils.guard (package:flutter_test/src/test_async_utils.dart:74:41)
#237    AutomatedTestWidgetsFlutterBinding.pump (package:flutter_test/src/binding.dart:2249:27)
#238    WidgetTester.pumpWidget.<anonymous closure> (package:flutter_test/src/widget_tester.dart:598:22)
#241    TestAsyncUtils.guard (package:flutter_test/src/test_async_utils.dart:74:41)
#242    WidgetTester.pumpWidget (package:flutter_test/src/widget_tester.dart:595:27)
#243    main.<anonymous closure>.<anonymous closure> (file:///Y:/AndroidStudioProject/Github/expert-project/test/presentation/pages/tv_detail_page_test.dart:88:20)
#244    testWidgets.<anonymous closure>.<anonymous closure> (package:flutter_test/src/widget_tester.dart:192:29)
<asynchronous suspension>
#245    TestWidgetsFlutterBinding._runTestBody (package:flutter_test/src/binding.dart:1952:5)
<asynchronous suspension>
<asynchronous suspension>
(elided 5 frames from dart:async and package:stack_trace)

ΓòÉΓòÉΓòÉΓòÉΓòÉΓòÉΓòÉΓòÉΓòÉΓòÉΓòÉΓòÉΓòÉΓòÉΓòÉΓòÉΓòÉΓòÉΓòÉΓòÉΓòÉΓòÉΓòÉΓòÉΓòÉΓòÉΓòÉΓòÉΓòÉΓòÉΓòÉΓòÉΓòÉΓòÉΓòÉΓòÉΓòÉΓòÉΓòÉΓòÉΓòÉΓòÉΓòÉΓòÉΓòÉΓòÉΓòÉΓòÉΓòÉΓòÉΓòÉΓòÉΓòÉΓòÉΓòÉΓòÉΓòÉΓòÉΓòÉΓòÉΓòÉΓòÉΓòÉΓòÉΓòÉΓòÉΓòÉΓòÉΓòÉΓòÉΓòÉΓòÉΓòÉΓòÉΓòÉΓòÉΓòÉΓòÉΓòÉΓòÉΓòÉΓòÉΓòÉΓòÉΓòÉΓòÉΓòÉΓòÉΓòÉΓòÉΓòÉΓòÉΓòÉΓòÉΓòÉΓòÉΓòÉΓòÉΓòÉΓòÉ
ΓòÉΓòÉΓòí EXCEPTION CAUGHT BY RENDERING LIBRARY Γò₧ΓòÉΓòÉΓòÉΓòÉΓòÉΓòÉΓòÉΓòÉΓòÉΓòÉΓòÉΓòÉΓòÉΓòÉΓòÉΓòÉΓòÉΓòÉΓòÉΓòÉΓòÉΓòÉΓòÉΓòÉΓòÉΓòÉΓòÉΓòÉΓòÉΓòÉΓòÉΓòÉΓòÉΓòÉΓòÉΓòÉΓòÉΓòÉΓòÉΓòÉΓòÉΓòÉΓòÉΓòÉΓòÉΓòÉΓòÉΓòÉΓòÉΓòÉΓòÉΓòÉΓòÉΓòÉΓòÉΓòÉΓòÉ
The following assertion was thrown during performResize():
Horizontal viewport was given unbounded height.
Viewports expand in the cross axis to fill their container and constrain their children to match
their extent in the cross axis. In this case, a horizontal viewport was given an unlimited amount of
vertical space in which to expand.

The relevant error-causing widget was:
  ListView
  ListView:file:///Y:/AndroidStudioProject/Github/expert-project/lib/presentation/pages/tv_detail_page.dart:184:38

When the exception was thrown, this was the stack:
#0      debugCheckHasBoundedAxis.<anonymous closure> (package:flutter/src/rendering/debug.dart:415:13)
#1      debugCheckHasBoundedAxis (package:flutter/src/rendering/debug.dart:426:4)
#2      RenderViewport.computeDryLayout (package:flutter/src/rendering/viewport.dart:1681:12)
#3      RenderBox.performResize (package:flutter/src/rendering/box.dart:2871:12)
#4      RenderObject.layout (package:flutter/src/rendering/object.dart:2886:9)
#5      RenderProxyBoxMixin.performLayout (package:flutter/src/rendering/proxy_box.dart:118:18)
#6      RenderObject.layout (package:flutter/src/rendering/object.dart:2907:7)
#7      RenderProxyBoxMixin.performLayout (package:flutter/src/rendering/proxy_box.dart:118:18)
#8      RenderObject.layout (package:flutter/src/rendering/object.dart:2907:7)
#9      RenderProxyBoxMixin.performLayout (package:flutter/src/rendering/proxy_box.dart:118:18)
#10     RenderObject.layout (package:flutter/src/rendering/object.dart:2907:7)
#11     RenderProxyBoxMixin.performLayout (package:flutter/src/rendering/proxy_box.dart:118:18)
#12     RenderObject.layout (package:flutter/src/rendering/object.dart:2907:7)
#13     RenderProxyBoxMixin.performLayout (package:flutter/src/rendering/proxy_box.dart:118:18)
#14     RenderObject.layout (package:flutter/src/rendering/object.dart:2907:7)
#15     RenderProxyBoxMixin.performLayout (package:flutter/src/rendering/proxy_box.dart:118:18)
#16     RenderObject.layout (package:flutter/src/rendering/object.dart:2907:7)
#17     RenderProxyBoxMixin.performLayout (package:flutter/src/rendering/proxy_box.dart:118:18)
#18     RenderObject.layout (package:flutter/src/rendering/object.dart:2907:7)
#19     RenderProxyBoxMixin.performLayout (package:flutter/src/rendering/proxy_box.dart:118:18)
#20     _RenderCustomClip.performLayout (package:flutter/src/rendering/proxy_box.dart:1549:11)
#21     RenderObject.layout (package:flutter/src/rendering/object.dart:2907:7)
#22     ChildLayoutHelper.layoutChild (package:flutter/src/rendering/layout_helper.dart:62:11)
#23     RenderFlex._computeSizes (package:flutter/src/rendering/flex.dart:1237:28)
#24     RenderFlex.performLayout (package:flutter/src/rendering/flex.dart:1329:32)
#25     RenderObject.layout (package:flutter/src/rendering/object.dart:2907:7)
#26     _RenderSingleChildViewport.performLayout (package:flutter/src/widgets/single_child_scroll_view.dart:502:14)
#27     RenderObject.layout (package:flutter/src/rendering/object.dart:2907:7)
#28     RenderProxyBoxMixin.performLayout (package:flutter/src/rendering/proxy_box.dart:118:18)
#29     RenderObject.layout (package:flutter/src/rendering/object.dart:2907:7)
#30     RenderProxyBoxMixin.performLayout (package:flutter/src/rendering/proxy_box.dart:118:18)
#31     RenderObject.layout (package:flutter/src/rendering/object.dart:2907:7)
#32     RenderProxyBoxMixin.performLayout (package:flutter/src/rendering/proxy_box.dart:118:18)
#33     RenderObject.layout (package:flutter/src/rendering/object.dart:2907:7)
#34     RenderProxyBoxMixin.performLayout (package:flutter/src/rendering/proxy_box.dart:118:18)
#35     RenderObject.layout (package:flutter/src/rendering/object.dart:2907:7)
#36     RenderProxyBoxMixin.performLayout (package:flutter/src/rendering/proxy_box.dart:118:18)
#37     RenderObject.layout (package:flutter/src/rendering/object.dart:2907:7)
#38     RenderProxyBoxMixin.performLayout (package:flutter/src/rendering/proxy_box.dart:118:18)
#39     RenderObject.layout (package:flutter/src/rendering/object.dart:2907:7)
#40     RenderProxyBoxMixin.performLayout (package:flutter/src/rendering/proxy_box.dart:118:18)
#41     RenderObject.layout (package:flutter/src/rendering/object.dart:2907:7)
#42     RenderProxyBoxMixin.performLayout (package:flutter/src/rendering/proxy_box.dart:118:18)
#43     _RenderCustomClip.performLayout (package:flutter/src/rendering/proxy_box.dart:1549:11)
#44     RenderObject.layout (package:flutter/src/rendering/object.dart:2907:7)
#45     RenderPadding.performLayout (package:flutter/src/rendering/shifted_box.dart:262:12)
#46     RenderObject.layout (package:flutter/src/rendering/object.dart:2907:7)
#47     ChildLayoutHelper.layoutChild (package:flutter/src/rendering/layout_helper.dart:62:11)
#48     RenderStack._computeSize (package:flutter/src/rendering/stack.dart:647:43)
#49     RenderStack.performLayout (package:flutter/src/rendering/stack.dart:682:12)
#50     RenderObject.layout (package:flutter/src/rendering/object.dart:2907:7)
#51     RenderPadding.performLayout (package:flutter/src/rendering/shifted_box.dart:262:12)
#52     RenderObject.layout (package:flutter/src/rendering/object.dart:2907:7)
#53     RenderProxyBoxMixin.performLayout (package:flutter/src/rendering/proxy_box.dart:118:18)
#54     RenderObject.layout (package:flutter/src/rendering/object.dart:2907:7)
#55     RenderFractionallySizedOverflowBox.performLayout (package:flutter/src/rendering/shifted_box.dart:1298:14)
#56     RenderObject.layout (package:flutter/src/rendering/object.dart:2907:7)
#57     RenderConstrainedBox.performLayout (package:flutter/src/rendering/proxy_box.dart:296:14)
#58     RenderObject.layout (package:flutter/src/rendering/object.dart:2907:7)
#59     _RenderLayoutBuilder.performLayout (package:flutter/src/widgets/layout_builder.dart:449:14)
#60     RenderObject.layout (package:flutter/src/rendering/object.dart:2907:7)
#61     RenderPadding.performLayout (package:flutter/src/rendering/shifted_box.dart:262:12)
#62     RenderObject.layout (package:flutter/src/rendering/object.dart:2907:7)
#63     ChildLayoutHelper.layoutChild (package:flutter/src/rendering/layout_helper.dart:62:11)
#64     RenderStack._computeSize (package:flutter/src/rendering/stack.dart:647:43)
#65     RenderStack.performLayout (package:flutter/src/rendering/stack.dart:682:12)
#66     RenderObject.layout (package:flutter/src/rendering/object.dart:2907:7)
#67     RenderPadding.performLayout (package:flutter/src/rendering/shifted_box.dart:262:12)
#68     RenderObject.layout (package:flutter/src/rendering/object.dart:2907:7)
#69     MultiChildLayoutDelegate.layoutChild (package:flutter/src/rendering/custom_layout.dart:180:12)
#70     _ScaffoldLayout.performLayout (package:flutter/src/material/scaffold.dart:1113:7)
#71     MultiChildLayoutDelegate._callPerformLayout (package:flutter/src/rendering/custom_layout.dart:246:7)
#72     RenderCustomMultiChildLayoutBox.performLayout (package:flutter/src/rendering/custom_layout.dart:417:14)
#73     RenderObject.layout (package:flutter/src/rendering/object.dart:2907:7)
#74     RenderProxyBoxMixin.performLayout (package:flutter/src/rendering/proxy_box.dart:118:18)
#75     RenderObject.layout (package:flutter/src/rendering/object.dart:2907:7)
#76     RenderProxyBoxMixin.performLayout (package:flutter/src/rendering/proxy_box.dart:118:18)
#77     _RenderCustomClip.performLayout (package:flutter/src/rendering/proxy_box.dart:1549:11)
#78     RenderObject.layout (package:flutter/src/rendering/object.dart:2907:7)
#79     RenderProxyBoxMixin.performLayout (package:flutter/src/rendering/proxy_box.dart:118:18)
#80     RenderObject.layout (package:flutter/src/rendering/object.dart:2907:7)
#81     RenderProxyBoxMixin.performLayout (package:flutter/src/rendering/proxy_box.dart:118:18)
#82     RenderObject.layout (package:flutter/src/rendering/object.dart:2907:7)
#83     RenderProxyBoxMixin.performLayout (package:flutter/src/rendering/proxy_box.dart:118:18)
#84     RenderObject.layout (package:flutter/src/rendering/object.dart:2907:7)
#85     RenderProxyBoxMixin.performLayout (package:flutter/src/rendering/proxy_box.dart:118:18)
#86     RenderObject.layout (package:flutter/src/rendering/object.dart:2907:7)
#87     RenderProxyBoxMixin.performLayout (package:flutter/src/rendering/proxy_box.dart:118:18)
#88     RenderObject.layout (package:flutter/src/rendering/object.dart:2907:7)
#89     RenderProxyBoxMixin.performLayout (package:flutter/src/rendering/proxy_box.dart:118:18)
#90     RenderObject.layout (package:flutter/src/rendering/object.dart:2907:7)
#91     RenderProxyBoxMixin.performLayout (package:flutter/src/rendering/proxy_box.dart:118:18)
#92     RenderObject.layout (package:flutter/src/rendering/object.dart:2907:7)
#93     RenderProxyBoxMixin.performLayout (package:flutter/src/rendering/proxy_box.dart:118:18)
#94     RenderObject.layout (package:flutter/src/rendering/object.dart:2907:7)
#95     RenderProxyBoxMixin.performLayout (package:flutter/src/rendering/proxy_box.dart:118:18)
#96     RenderObject.layout (package:flutter/src/rendering/object.dart:2907:7)
#97     RenderProxyBoxMixin.performLayout (package:flutter/src/rendering/proxy_box.dart:118:18)
#98     RenderObject.layout (package:flutter/src/rendering/object.dart:2907:7)
#99     RenderProxyBoxMixin.performLayout (package:flutter/src/rendering/proxy_box.dart:118:18)
#100    RenderObject.layout (package:flutter/src/rendering/object.dart:2907:7)
#101    RenderProxyBoxMixin.performLayout (package:flutter/src/rendering/proxy_box.dart:118:18)
#102    RenderObject.layout (package:flutter/src/rendering/object.dart:2907:7)
#103    RenderProxyBoxMixin.performLayout (package:flutter/src/rendering/proxy_box.dart:118:18)
#104    RenderObject.layout (package:flutter/src/rendering/object.dart:2907:7)
#105    RenderProxyBoxMixin.performLayout (package:flutter/src/rendering/proxy_box.dart:118:18)
#106    RenderObject.layout (package:flutter/src/rendering/object.dart:2907:7)
#107    RenderProxyBoxMixin.performLayout (package:flutter/src/rendering/proxy_box.dart:118:18)
#108    RenderObject.layout (package:flutter/src/rendering/object.dart:2907:7)
#109    RenderProxyBoxMixin.performLayout (package:flutter/src/rendering/proxy_box.dart:118:18)
#110    RenderOffstage.performLayout (package:flutter/src/rendering/proxy_box.dart:3923:13)
#111    RenderObject.layout (package:flutter/src/rendering/object.dart:2907:7)
#112    RenderProxyBoxMixin.performLayout (package:flutter/src/rendering/proxy_box.dart:118:18)
#113    RenderObject.layout (package:flutter/src/rendering/object.dart:2907:7)
#114    _RenderTheaterMixin.layoutChild (package:flutter/src/widgets/overlay.dart:1124:13)
#115    _RenderTheater.performLayout (package:flutter/src/widgets/overlay.dart:1481:9)
#116    RenderObject.layout (package:flutter/src/rendering/object.dart:2907:7)
#117    RenderProxyBoxMixin.performLayout (package:flutter/src/rendering/proxy_box.dart:118:18)
#118    RenderObject.layout (package:flutter/src/rendering/object.dart:2907:7)
#119    RenderProxyBoxMixin.performLayout (package:flutter/src/rendering/proxy_box.dart:118:18)
#120    RenderObject.layout (package:flutter/src/rendering/object.dart:2907:7)
#121    RenderProxyBoxMixin.performLayout (package:flutter/src/rendering/proxy_box.dart:118:18)
#122    RenderObject.layout (package:flutter/src/rendering/object.dart:2907:7)
#123    RenderProxyBoxMixin.performLayout (package:flutter/src/rendering/proxy_box.dart:118:18)
#124    RenderCustomPaint.performLayout (package:flutter/src/rendering/custom_paint.dart:574:11)
#125    RenderObject.layout (package:flutter/src/rendering/object.dart:2907:7)
#126    RenderProxyBoxMixin.performLayout (package:flutter/src/rendering/proxy_box.dart:118:18)
#127    RenderObject.layout (package:flutter/src/rendering/object.dart:2907:7)
#128    RenderProxyBoxMixin.performLayout (package:flutter/src/rendering/proxy_box.dart:118:18)
#129    RenderObject.layout (package:flutter/src/rendering/object.dart:2907:7)
#130    RenderProxyBoxMixin.performLayout (package:flutter/src/rendering/proxy_box.dart:118:18)
#131    RenderObject.layout (package:flutter/src/rendering/object.dart:2907:7)
#132    RenderProxyBoxMixin.performLayout (package:flutter/src/rendering/proxy_box.dart:118:18)
#133    RenderObject.layout (package:flutter/src/rendering/object.dart:2907:7)
#134    RenderProxyBoxMixin.performLayout (package:flutter/src/rendering/proxy_box.dart:118:18)
#135    RenderObject.layout (package:flutter/src/rendering/object.dart:2907:7)
#136    RenderProxyBoxMixin.performLayout (package:flutter/src/rendering/proxy_box.dart:118:18)
#137    RenderObject.layout (package:flutter/src/rendering/object.dart:2907:7)
#138    RenderView.performLayout (package:flutter/src/rendering/view.dart:292:12)
#139    RenderObject._layoutWithoutResize (package:flutter/src/rendering/object.dart:2755:7)
#140    PipelineOwner.flushLayout (package:flutter/src/rendering/object.dart:1174:18)
#141    PipelineOwner.flushLayout (package:flutter/src/rendering/object.dart:1187:15)
#142    AutomatedTestWidgetsFlutterBinding.drawFrame (package:flutter_test/src/binding.dart:2433:27)
#143    RendererBinding._handlePersistentFrameCallback (package:flutter/src/rendering/binding.dart:509:5)
#144    SchedulerBinding._invokeFrameCallback (package:flutter/src/scheduler/binding.dart:1430:15)
#145    SchedulerBinding.handleDrawFrame (package:flutter/src/scheduler/binding.dart:1345:9)
#146    AutomatedTestWidgetsFlutterBinding.pump.<anonymous closure> (package:flutter_test/src/binding.dart:2260:9)
#149    TestAsyncUtils.guard (package:flutter_test/src/test_async_utils.dart:74:41)
#150    AutomatedTestWidgetsFlutterBinding.pump (package:flutter_test/src/binding.dart:2249:27)
#151    WidgetTester.pumpWidget.<anonymous closure> (package:flutter_test/src/widget_tester.dart:598:22)
#154    TestAsyncUtils.guard (package:flutter_test/src/test_async_utils.dart:74:41)
#155    WidgetTester.pumpWidget (package:flutter_test/src/widget_tester.dart:595:27)
#156    main.<anonymous closure>.<anonymous closure> (file:///Y:/AndroidStudioProject/Github/expert-project/test/presentation/pages/tv_detail_page_test.dart:88:20)
#157    testWidgets.<anonymous closure>.<anonymous closure> (package:flutter_test/src/widget_tester.dart:192:29)
<asynchronous suspension>
#158    TestWidgetsFlutterBinding._runTestBody (package:flutter_test/src/binding.dart:1952:5)
<asynchronous suspension>
<asynchronous suspension>
(elided 5 frames from dart:async and package:stack_trace)

The following RenderObject was being processed when the exception was fired: RenderViewport#fe4d8 NEEDS-LAYOUT NEEDS-PAINT NEEDS-COMPOSITING-BITS-UPDATE:
  needs compositing
  creator: Viewport ΓåÉ IgnorePointer-[GlobalKey#90e5e] ΓåÉ Semantics ΓåÉ Listener ΓåÉ _GestureSemantics ΓåÉ
    RawGestureDetector-[LabeledGlobalKey<RawGestureDetectorState>#f6b66] ΓåÉ Listener ΓåÉ _ScrollableScope
    ΓåÉ _ScrollSemantics-[GlobalKey#012b0] ΓåÉ NotificationListener<ScrollMetricsNotification> ΓåÉ Transform
    ΓåÉ StretchEffect ΓåÉ Γï»
  parentData: <none> (can use size)
  constraints: BoxConstraints(0.0<=w<=768.0, 0.0<=h<=Infinity)
  size: MISSING
  axisDirection: right
  crossAxisDirection: down
  offset: ScrollPositionWithSingleContext#67a0d(offset: 0.0, range: null..null, viewport: null,
    ScrollableState, ClampingScrollPhysics -> RangeMaintainingScrollPhysics, IdleScrollActivity#646cb,
    ScrollDirection.idle)
  anchor: 0.0
This RenderObject had the following descendants (showing up to depth 5):
    center child: RenderSliverPadding#38a32 NEEDS-LAYOUT NEEDS-PAINT NEEDS-COMPOSITING-BITS-UPDATE
      child: RenderSliverList#c95b2 NEEDS-LAYOUT NEEDS-PAINT
ΓòÉΓòÉΓòÉΓòÉΓòÉΓòÉΓòÉΓòÉΓòÉΓòÉΓòÉΓòÉΓòÉΓòÉΓòÉΓòÉΓòÉΓòÉΓòÉΓòÉΓòÉΓòÉΓòÉΓòÉΓòÉΓòÉΓòÉΓòÉΓòÉΓòÉΓòÉΓòÉΓòÉΓòÉΓòÉΓòÉΓòÉΓòÉΓòÉΓòÉΓòÉΓòÉΓòÉΓòÉΓòÉΓòÉΓòÉΓòÉΓòÉΓòÉΓòÉΓòÉΓòÉΓòÉΓòÉΓòÉΓòÉΓòÉΓòÉΓòÉΓòÉΓòÉΓòÉΓòÉΓòÉΓòÉΓòÉΓòÉΓòÉΓòÉΓòÉΓòÉΓòÉΓòÉΓòÉΓòÉΓòÉΓòÉΓòÉΓòÉΓòÉΓòÉΓòÉΓòÉΓòÉΓòÉΓòÉΓòÉΓòÉΓòÉΓòÉΓòÉΓòÉΓòÉΓòÉΓòÉΓòÉΓòÉΓòÉΓòÉ
ΓòÉΓòÉΓòí EXCEPTION CAUGHT BY RENDERING LIBRARY Γò₧ΓòÉΓòÉΓòÉΓòÉΓòÉΓòÉΓòÉΓòÉΓòÉΓòÉΓòÉΓòÉΓòÉΓòÉΓòÉΓòÉΓòÉΓòÉΓòÉΓòÉΓòÉΓòÉΓòÉΓòÉΓòÉΓòÉΓòÉΓòÉΓòÉΓòÉΓòÉΓòÉΓòÉΓòÉΓòÉΓòÉΓòÉΓòÉΓòÉΓòÉΓòÉΓòÉΓòÉΓòÉΓòÉΓòÉΓòÉΓòÉΓòÉΓòÉΓòÉΓòÉΓòÉΓòÉΓòÉΓòÉΓòÉ
The following assertion was thrown during performLayout():
RenderBox was not laid out: RenderViewport#fe4d8 NEEDS-LAYOUT NEEDS-PAINT
NEEDS-COMPOSITING-BITS-UPDATE
'package:flutter/src/rendering/box.dart':
Failed assertion: line 2251 pos 12: 'hasSize'

Either the assertion indicates an error in the framework itself, or we should provide substantially
more information in this error message to help you determine and fix the underlying cause.
In either case, please report this assertion by filing a bug on GitHub:
  https://github.com/flutter/flutter/issues/new?template=02_bug.yml

The relevant error-causing widget was:
  ListView
  ListView:file:///Y:/AndroidStudioProject/Github/expert-project/lib/presentation/pages/tv_detail_page.dart:184:38

When the exception was thrown, this was the stack:
#2      RenderBox.size (package:flutter/src/rendering/box.dart:2251:12)
#3      RenderViewport.performLayout (package:flutter/src/rendering/viewport.dart:1700:39)
#4      RenderObject.layout (package:flutter/src/rendering/object.dart:2907:7)
#5      RenderProxyBoxMixin.performLayout (package:flutter/src/rendering/proxy_box.dart:118:18)
#6      RenderObject.layout (package:flutter/src/rendering/object.dart:2907:7)
#7      RenderProxyBoxMixin.performLayout (package:flutter/src/rendering/proxy_box.dart:118:18)
#8      RenderObject.layout (package:flutter/src/rendering/object.dart:2907:7)
#9      RenderProxyBoxMixin.performLayout (package:flutter/src/rendering/proxy_box.dart:118:18)
#10     RenderObject.layout (package:flutter/src/rendering/object.dart:2907:7)
#11     RenderProxyBoxMixin.performLayout (package:flutter/src/rendering/proxy_box.dart:118:18)
#12     RenderObject.layout (package:flutter/src/rendering/object.dart:2907:7)
#13     RenderProxyBoxMixin.performLayout (package:flutter/src/rendering/proxy_box.dart:118:18)
#14     RenderObject.layout (package:flutter/src/rendering/object.dart:2907:7)
#15     RenderProxyBoxMixin.performLayout (package:flutter/src/rendering/proxy_box.dart:118:18)
#16     RenderObject.layout (package:flutter/src/rendering/object.dart:2907:7)
#17     RenderProxyBoxMixin.performLayout (package:flutter/src/rendering/proxy_box.dart:118:18)
#18     RenderObject.layout (package:flutter/src/rendering/object.dart:2907:7)
#19     RenderProxyBoxMixin.performLayout (package:flutter/src/rendering/proxy_box.dart:118:18)
#20     _RenderCustomClip.performLayout (package:flutter/src/rendering/proxy_box.dart:1549:11)
#21     RenderObject.layout (package:flutter/src/rendering/object.dart:2907:7)
#22     ChildLayoutHelper.layoutChild (package:flutter/src/rendering/layout_helper.dart:62:11)
#23     RenderFlex._computeSizes (package:flutter/src/rendering/flex.dart:1237:28)
#24     RenderFlex.performLayout (package:flutter/src/rendering/flex.dart:1329:32)
#25     RenderObject.layout (package:flutter/src/rendering/object.dart:2907:7)
#26     _RenderSingleChildViewport.performLayout (package:flutter/src/widgets/single_child_scroll_view.dart:502:14)
#27     RenderObject.layout (package:flutter/src/rendering/object.dart:2907:7)
#28     RenderProxyBoxMixin.performLayout (package:flutter/src/rendering/proxy_box.dart:118:18)
#29     RenderObject.layout (package:flutter/src/rendering/object.dart:2907:7)
#30     RenderProxyBoxMixin.performLayout (package:flutter/src/rendering/proxy_box.dart:118:18)
#31     RenderObject.layout (package:flutter/src/rendering/object.dart:2907:7)
#32     RenderProxyBoxMixin.performLayout (package:flutter/src/rendering/proxy_box.dart:118:18)
#33     RenderObject.layout (package:flutter/src/rendering/object.dart:2907:7)
#34     RenderProxyBoxMixin.performLayout (package:flutter/src/rendering/proxy_box.dart:118:18)
#35     RenderObject.layout (package:flutter/src/rendering/object.dart:2907:7)
#36     RenderProxyBoxMixin.performLayout (package:flutter/src/rendering/proxy_box.dart:118:18)
#37     RenderObject.layout (package:flutter/src/rendering/object.dart:2907:7)
#38     RenderProxyBoxMixin.performLayout (package:flutter/src/rendering/proxy_box.dart:118:18)
#39     RenderObject.layout (package:flutter/src/rendering/object.dart:2907:7)
#40     RenderProxyBoxMixin.performLayout (package:flutter/src/rendering/proxy_box.dart:118:18)
#41     RenderObject.layout (package:flutter/src/rendering/object.dart:2907:7)
#42     RenderProxyBoxMixin.performLayout (package:flutter/src/rendering/proxy_box.dart:118:18)
#43     _RenderCustomClip.performLayout (package:flutter/src/rendering/proxy_box.dart:1549:11)
#44     RenderObject.layout (package:flutter/src/rendering/object.dart:2907:7)
#45     RenderPadding.performLayout (package:flutter/src/rendering/shifted_box.dart:262:12)
#46     RenderObject.layout (package:flutter/src/rendering/object.dart:2907:7)
#47     ChildLayoutHelper.layoutChild (package:flutter/src/rendering/layout_helper.dart:62:11)
#48     RenderStack._computeSize (package:flutter/src/rendering/stack.dart:647:43)
#49     RenderStack.performLayout (package:flutter/src/rendering/stack.dart:682:12)
#50     RenderObject.layout (package:flutter/src/rendering/object.dart:2907:7)
#51     RenderPadding.performLayout (package:flutter/src/rendering/shifted_box.dart:262:12)
#52     RenderObject.layout (package:flutter/src/rendering/object.dart:2907:7)
#53     RenderProxyBoxMixin.performLayout (package:flutter/src/rendering/proxy_box.dart:118:18)
#54     RenderObject.layout (package:flutter/src/rendering/object.dart:2907:7)
#55     RenderFractionallySizedOverflowBox.performLayout (package:flutter/src/rendering/shifted_box.dart:1298:14)
#56     RenderObject.layout (package:flutter/src/rendering/object.dart:2907:7)
#57     RenderConstrainedBox.performLayout (package:flutter/src/rendering/proxy_box.dart:296:14)
#58     RenderObject.layout (package:flutter/src/rendering/object.dart:2907:7)
#59     _RenderLayoutBuilder.performLayout (package:flutter/src/widgets/layout_builder.dart:449:14)
#60     RenderObject.layout (package:flutter/src/rendering/object.dart:2907:7)
#61     RenderPadding.performLayout (package:flutter/src/rendering/shifted_box.dart:262:12)
#62     RenderObject.layout (package:flutter/src/rendering/object.dart:2907:7)
#63     ChildLayoutHelper.layoutChild (package:flutter/src/rendering/layout_helper.dart:62:11)
#64     RenderStack._computeSize (package:flutter/src/rendering/stack.dart:647:43)
#65     RenderStack.performLayout (package:flutter/src/rendering/stack.dart:682:12)
#66     RenderObject.layout (package:flutter/src/rendering/object.dart:2907:7)
#67     RenderPadding.performLayout (package:flutter/src/rendering/shifted_box.dart:262:12)
#68     RenderObject.layout (package:flutter/src/rendering/object.dart:2907:7)
#69     MultiChildLayoutDelegate.layoutChild (package:flutter/src/rendering/custom_layout.dart:180:12)
#70     _ScaffoldLayout.performLayout (package:flutter/src/material/scaffold.dart:1113:7)
#71     MultiChildLayoutDelegate._callPerformLayout (package:flutter/src/rendering/custom_layout.dart:246:7)
#72     RenderCustomMultiChildLayoutBox.performLayout (package:flutter/src/rendering/custom_layout.dart:417:14)
#73     RenderObject.layout (package:flutter/src/rendering/object.dart:2907:7)
#74     RenderProxyBoxMixin.performLayout (package:flutter/src/rendering/proxy_box.dart:118:18)
#75     RenderObject.layout (package:flutter/src/rendering/object.dart:2907:7)
#76     RenderProxyBoxMixin.performLayout (package:flutter/src/rendering/proxy_box.dart:118:18)
#77     _RenderCustomClip.performLayout (package:flutter/src/rendering/proxy_box.dart:1549:11)
#78     RenderObject.layout (package:flutter/src/rendering/object.dart:2907:7)
#79     RenderProxyBoxMixin.performLayout (package:flutter/src/rendering/proxy_box.dart:118:18)
#80     RenderObject.layout (package:flutter/src/rendering/object.dart:2907:7)
#81     RenderProxyBoxMixin.performLayout (package:flutter/src/rendering/proxy_box.dart:118:18)
#82     RenderObject.layout (package:flutter/src/rendering/object.dart:2907:7)
#83     RenderProxyBoxMixin.performLayout (package:flutter/src/rendering/proxy_box.dart:118:18)
#84     RenderObject.layout (package:flutter/src/rendering/object.dart:2907:7)
#85     RenderProxyBoxMixin.performLayout (package:flutter/src/rendering/proxy_box.dart:118:18)
#86     RenderObject.layout (package:flutter/src/rendering/object.dart:2907:7)
#87     RenderProxyBoxMixin.performLayout (package:flutter/src/rendering/proxy_box.dart:118:18)
#88     RenderObject.layout (package:flutter/src/rendering/object.dart:2907:7)
#89     RenderProxyBoxMixin.performLayout (package:flutter/src/rendering/proxy_box.dart:118:18)
#90     RenderObject.layout (package:flutter/src/rendering/object.dart:2907:7)
#91     RenderProxyBoxMixin.performLayout (package:flutter/src/rendering/proxy_box.dart:118:18)
#92     RenderObject.layout (package:flutter/src/rendering/object.dart:2907:7)
#93     RenderProxyBoxMixin.performLayout (package:flutter/src/rendering/proxy_box.dart:118:18)
#94     RenderObject.layout (package:flutter/src/rendering/object.dart:2907:7)
#95     RenderProxyBoxMixin.performLayout (package:flutter/src/rendering/proxy_box.dart:118:18)
#96     RenderObject.layout (package:flutter/src/rendering/object.dart:2907:7)
#97     RenderProxyBoxMixin.performLayout (package:flutter/src/rendering/proxy_box.dart:118:18)
#98     RenderObject.layout (package:flutter/src/rendering/object.dart:2907:7)
#99     RenderProxyBoxMixin.performLayout (package:flutter/src/rendering/proxy_box.dart:118:18)
#100    RenderObject.layout (package:flutter/src/rendering/object.dart:2907:7)
#101    RenderProxyBoxMixin.performLayout (package:flutter/src/rendering/proxy_box.dart:118:18)
#102    RenderObject.layout (package:flutter/src/rendering/object.dart:2907:7)
#103    RenderProxyBoxMixin.performLayout (package:flutter/src/rendering/proxy_box.dart:118:18)
#104    RenderObject.layout (package:flutter/src/rendering/object.dart:2907:7)
#105    RenderProxyBoxMixin.performLayout (package:flutter/src/rendering/proxy_box.dart:118:18)
#106    RenderObject.layout (package:flutter/src/rendering/object.dart:2907:7)
#107    RenderProxyBoxMixin.performLayout (package:flutter/src/rendering/proxy_box.dart:118:18)
#108    RenderObject.layout (package:flutter/src/rendering/object.dart:2907:7)
#109    RenderProxyBoxMixin.performLayout (package:flutter/src/rendering/proxy_box.dart:118:18)
#110    RenderOffstage.performLayout (package:flutter/src/rendering/proxy_box.dart:3923:13)
#111    RenderObject.layout (package:flutter/src/rendering/object.dart:2907:7)
#112    RenderProxyBoxMixin.performLayout (package:flutter/src/rendering/proxy_box.dart:118:18)
#113    RenderObject.layout (package:flutter/src/rendering/object.dart:2907:7)
#114    _RenderTheaterMixin.layoutChild (package:flutter/src/widgets/overlay.dart:1124:13)
#115    _RenderTheater.performLayout (package:flutter/src/widgets/overlay.dart:1481:9)
#116    RenderObject.layout (package:flutter/src/rendering/object.dart:2907:7)
#117    RenderProxyBoxMixin.performLayout (package:flutter/src/rendering/proxy_box.dart:118:18)
#118    RenderObject.layout (package:flutter/src/rendering/object.dart:2907:7)
#119    RenderProxyBoxMixin.performLayout (package:flutter/src/rendering/proxy_box.dart:118:18)
#120    RenderObject.layout (package:flutter/src/rendering/object.dart:2907:7)
#121    RenderProxyBoxMixin.performLayout (package:flutter/src/rendering/proxy_box.dart:118:18)
#122    RenderObject.layout (package:flutter/src/rendering/object.dart:2907:7)
#123    RenderProxyBoxMixin.performLayout (package:flutter/src/rendering/proxy_box.dart:118:18)
#124    RenderCustomPaint.performLayout (package:flutter/src/rendering/custom_paint.dart:574:11)
#125    RenderObject.layout (package:flutter/src/rendering/object.dart:2907:7)
#126    RenderProxyBoxMixin.performLayout (package:flutter/src/rendering/proxy_box.dart:118:18)
#127    RenderObject.layout (package:flutter/src/rendering/object.dart:2907:7)
#128    RenderProxyBoxMixin.performLayout (package:flutter/src/rendering/proxy_box.dart:118:18)
#129    RenderObject.layout (package:flutter/src/rendering/object.dart:2907:7)
#130    RenderProxyBoxMixin.performLayout (package:flutter/src/rendering/proxy_box.dart:118:18)
#131    RenderObject.layout (package:flutter/src/rendering/object.dart:2907:7)
#132    RenderProxyBoxMixin.performLayout (package:flutter/src/rendering/proxy_box.dart:118:18)
#133    RenderObject.layout (package:flutter/src/rendering/object.dart:2907:7)
#134    RenderProxyBoxMixin.performLayout (package:flutter/src/rendering/proxy_box.dart:118:18)
#135    RenderObject.layout (package:flutter/src/rendering/object.dart:2907:7)
#136    RenderProxyBoxMixin.performLayout (package:flutter/src/rendering/proxy_box.dart:118:18)
#137    RenderObject.layout (package:flutter/src/rendering/object.dart:2907:7)
#138    RenderView.performLayout (package:flutter/src/rendering/view.dart:292:12)
#139    RenderObject._layoutWithoutResize (package:flutter/src/rendering/object.dart:2755:7)
#140    PipelineOwner.flushLayout (package:flutter/src/rendering/object.dart:1174:18)
#141    PipelineOwner.flushLayout (package:flutter/src/rendering/object.dart:1187:15)
#142    AutomatedTestWidgetsFlutterBinding.drawFrame (package:flutter_test/src/binding.dart:2433:27)
#143    RendererBinding._handlePersistentFrameCallback (package:flutter/src/rendering/binding.dart:509:5)
#144    SchedulerBinding._invokeFrameCallback (package:flutter/src/scheduler/binding.dart:1430:15)
#145    SchedulerBinding.handleDrawFrame (package:flutter/src/scheduler/binding.dart:1345:9)
#146    AutomatedTestWidgetsFlutterBinding.pump.<anonymous closure> (package:flutter_test/src/binding.dart:2260:9)
#149    TestAsyncUtils.guard (package:flutter_test/src/test_async_utils.dart:74:41)
#150    AutomatedTestWidgetsFlutterBinding.pump (package:flutter_test/src/binding.dart:2249:27)
#151    WidgetTester.pumpWidget.<anonymous closure> (package:flutter_test/src/widget_tester.dart:598:22)
#154    TestAsyncUtils.guard (package:flutter_test/src/test_async_utils.dart:74:41)
#155    WidgetTester.pumpWidget (package:flutter_test/src/widget_tester.dart:595:27)
#156    main.<anonymous closure>.<anonymous closure> (file:///Y:/AndroidStudioProject/Github/expert-project/test/presentation/pages/tv_detail_page_test.dart:88:20)
#157    testWidgets.<anonymous closure>.<anonymous closure> (package:flutter_test/src/widget_tester.dart:192:29)
<asynchronous suspension>
#158    TestWidgetsFlutterBinding._runTestBody (package:flutter_test/src/binding.dart:1952:5)
<asynchronous suspension>
<asynchronous suspension>
(elided 7 frames from class _AssertionError, dart:async, and package:stack_trace)

The following RenderObject was being processed when the exception was fired: RenderViewport#fe4d8 NEEDS-LAYOUT NEEDS-PAINT NEEDS-COMPOSITING-BITS-UPDATE:
  needs compositing
  creator: Viewport ΓåÉ IgnorePointer-[GlobalKey#90e5e] ΓåÉ Semantics ΓåÉ Listener ΓåÉ _GestureSemantics ΓåÉ
    RawGestureDetector-[LabeledGlobalKey<RawGestureDetectorState>#f6b66] ΓåÉ Listener ΓåÉ _ScrollableScope
    ΓåÉ _ScrollSemantics-[GlobalKey#012b0] ΓåÉ NotificationListener<ScrollMetricsNotification> ΓåÉ Transform
    ΓåÉ StretchEffect ΓåÉ Γï»
  parentData: <none> (can use size)
  constraints: BoxConstraints(0.0<=w<=768.0, 0.0<=h<=Infinity)
  size: MISSING
  axisDirection: right
  crossAxisDirection: down
  offset: ScrollPositionWithSingleContext#67a0d(offset: 0.0, range: null..null, viewport: null,
    ScrollableState, ClampingScrollPhysics -> RangeMaintainingScrollPhysics, IdleScrollActivity#646cb,
    ScrollDirection.idle)
  anchor: 0.0
This RenderObject had the following descendants (showing up to depth 5):
    center child: RenderSliverPadding#38a32 NEEDS-LAYOUT NEEDS-PAINT NEEDS-COMPOSITING-BITS-UPDATE
      child: RenderSliverList#c95b2 NEEDS-LAYOUT NEEDS-PAINT
ΓòÉΓòÉΓòÉΓòÉΓòÉΓòÉΓòÉΓòÉΓòÉΓòÉΓòÉΓòÉΓòÉΓòÉΓòÉΓòÉΓòÉΓòÉΓòÉΓòÉΓòÉΓòÉΓòÉΓòÉΓòÉΓòÉΓòÉΓòÉΓòÉΓòÉΓòÉΓòÉΓòÉΓòÉΓòÉΓòÉΓòÉΓòÉΓòÉΓòÉΓòÉΓòÉΓòÉΓòÉΓòÉΓòÉΓòÉΓòÉΓòÉΓòÉΓòÉΓòÉΓòÉΓòÉΓòÉΓòÉΓòÉΓòÉΓòÉΓòÉΓòÉΓòÉΓòÉΓòÉΓòÉΓòÉΓòÉΓòÉΓòÉΓòÉΓòÉΓòÉΓòÉΓòÉΓòÉΓòÉΓòÉΓòÉΓòÉΓòÉΓòÉΓòÉΓòÉΓòÉΓòÉΓòÉΓòÉΓòÉΓòÉΓòÉΓòÉΓòÉΓòÉΓòÉΓòÉΓòÉΓòÉΓòÉΓòÉΓòÉ
ΓòÉΓòÉΓòí EXCEPTION CAUGHT BY RENDERING LIBRARY Γò₧ΓòÉΓòÉΓòÉΓòÉΓòÉΓòÉΓòÉΓòÉΓòÉΓòÉΓòÉΓòÉΓòÉΓòÉΓòÉΓòÉΓòÉΓòÉΓòÉΓòÉΓòÉΓòÉΓòÉΓòÉΓòÉΓòÉΓòÉΓòÉΓòÉΓòÉΓòÉΓòÉΓòÉΓòÉΓòÉΓòÉΓòÉΓòÉΓòÉΓòÉΓòÉΓòÉΓòÉΓòÉΓòÉΓòÉΓòÉΓòÉΓòÉΓòÉΓòÉΓòÉΓòÉΓòÉΓòÉΓòÉΓòÉ
The following assertion was thrown during performLayout():
RenderBox was not laid out: RenderViewport#fe4d8 NEEDS-PAINT NEEDS-COMPOSITING-BITS-UPDATE
'package:flutter/src/rendering/box.dart':
Failed assertion: line 2251 pos 12: 'hasSize'

Either the assertion indicates an error in the framework itself, or we should provide substantially
more information in this error message to help you determine and fix the underlying cause.
In either case, please report this assertion by filing a bug on GitHub:
  https://github.com/flutter/flutter/issues/new?template=02_bug.yml

The relevant error-causing widget was:
  ListView
  ListView:file:///Y:/AndroidStudioProject/Github/expert-project/lib/presentation/pages/tv_detail_page.dart:184:38

When the exception was thrown, this was the stack:
#2      RenderBox.size (package:flutter/src/rendering/box.dart:2251:12)
#3      RenderProxyBoxMixin.performLayout (package:flutter/src/rendering/proxy_box.dart:118:62)
#4      RenderObject.layout (package:flutter/src/rendering/object.dart:2907:7)
#5      RenderProxyBoxMixin.performLayout (package:flutter/src/rendering/proxy_box.dart:118:18)
#6      RenderObject.layout (package:flutter/src/rendering/object.dart:2907:7)
#7      RenderProxyBoxMixin.performLayout (package:flutter/src/rendering/proxy_box.dart:118:18)
#8      RenderObject.layout (package:flutter/src/rendering/object.dart:2907:7)
#9      RenderProxyBoxMixin.performLayout (package:flutter/src/rendering/proxy_box.dart:118:18)
#10     RenderObject.layout (package:flutter/src/rendering/object.dart:2907:7)
#11     RenderProxyBoxMixin.performLayout (package:flutter/src/rendering/proxy_box.dart:118:18)
#12     RenderObject.layout (package:flutter/src/rendering/object.dart:2907:7)
#13     RenderProxyBoxMixin.performLayout (package:flutter/src/rendering/proxy_box.dart:118:18)
#14     RenderObject.layout (package:flutter/src/rendering/object.dart:2907:7)
#15     RenderProxyBoxMixin.performLayout (package:flutter/src/rendering/proxy_box.dart:118:18)
#16     RenderObject.layout (package:flutter/src/rendering/object.dart:2907:7)
#17     RenderProxyBoxMixin.performLayout (package:flutter/src/rendering/proxy_box.dart:118:18)
#18     _RenderCustomClip.performLayout (package:flutter/src/rendering/proxy_box.dart:1549:11)
#19     RenderObject.layout (package:flutter/src/rendering/object.dart:2907:7)
#20     ChildLayoutHelper.layoutChild (package:flutter/src/rendering/layout_helper.dart:62:11)
#21     RenderFlex._computeSizes (package:flutter/src/rendering/flex.dart:1237:28)
#22     RenderFlex.performLayout (package:flutter/src/rendering/flex.dart:1329:32)
#23     RenderObject.layout (package:flutter/src/rendering/object.dart:2907:7)
#24     _RenderSingleChildViewport.performLayout (package:flutter/src/widgets/single_child_scroll_view.dart:502:14)
#25     RenderObject.layout (package:flutter/src/rendering/object.dart:2907:7)
#26     RenderProxyBoxMixin.performLayout (package:flutter/src/rendering/proxy_box.dart:118:18)
#27     RenderObject.layout (package:flutter/src/rendering/object.dart:2907:7)
#28     RenderProxyBoxMixin.performLayout (package:flutter/src/rendering/proxy_box.dart:118:18)
#29     RenderObject.layout (package:flutter/src/rendering/object.dart:2907:7)
#30     RenderProxyBoxMixin.performLayout (package:flutter/src/rendering/proxy_box.dart:118:18)
#31     RenderObject.layout (package:flutter/src/rendering/object.dart:2907:7)
#32     RenderProxyBoxMixin.performLayout (package:flutter/src/rendering/proxy_box.dart:118:18)
#33     RenderObject.layout (package:flutter/src/rendering/object.dart:2907:7)
#34     RenderProxyBoxMixin.performLayout (package:flutter/src/rendering/proxy_box.dart:118:18)
#35     RenderObject.layout (package:flutter/src/rendering/object.dart:2907:7)
#36     RenderProxyBoxMixin.performLayout (package:flutter/src/rendering/proxy_box.dart:118:18)
#37     RenderObject.layout (package:flutter/src/rendering/object.dart:2907:7)
#38     RenderProxyBoxMixin.performLayout (package:flutter/src/rendering/proxy_box.dart:118:18)
#39     RenderObject.layout (package:flutter/src/rendering/object.dart:2907:7)
#40     RenderProxyBoxMixin.performLayout (package:flutter/src/rendering/proxy_box.dart:118:18)
#41     _RenderCustomClip.performLayout (package:flutter/src/rendering/proxy_box.dart:1549:11)
#42     RenderObject.layout (package:flutter/src/rendering/object.dart:2907:7)
#43     RenderPadding.performLayout (package:flutter/src/rendering/shifted_box.dart:262:12)
#44     RenderObject.layout (package:flutter/src/rendering/object.dart:2907:7)
#45     ChildLayoutHelper.layoutChild (package:flutter/src/rendering/layout_helper.dart:62:11)
#46     RenderStack._computeSize (package:flutter/src/rendering/stack.dart:647:43)
#47     RenderStack.performLayout (package:flutter/src/rendering/stack.dart:682:12)
#48     RenderObject.layout (package:flutter/src/rendering/object.dart:2907:7)
#49     RenderPadding.performLayout (package:flutter/src/rendering/shifted_box.dart:262:12)
#50     RenderObject.layout (package:flutter/src/rendering/object.dart:2907:7)
#51     RenderProxyBoxMixin.performLayout (package:flutter/src/rendering/proxy_box.dart:118:18)
#52     RenderObject.layout (package:flutter/src/rendering/object.dart:2907:7)
#53     RenderFractionallySizedOverflowBox.performLayout (package:flutter/src/rendering/shifted_box.dart:1298:14)
#54     RenderObject.layout (package:flutter/src/rendering/object.dart:2907:7)
#55     RenderConstrainedBox.performLayout (package:flutter/src/rendering/proxy_box.dart:296:14)
#56     RenderObject.layout (package:flutter/src/rendering/object.dart:2907:7)
#57     _RenderLayoutBuilder.performLayout (package:flutter/src/widgets/layout_builder.dart:449:14)
#58     RenderObject.layout (package:flutter/src/rendering/object.dart:2907:7)
#59     RenderPadding.performLayout (package:flutter/src/rendering/shifted_box.dart:262:12)
#60     RenderObject.layout (package:flutter/src/rendering/object.dart:2907:7)
#61     ChildLayoutHelper.layoutChild (package:flutter/src/rendering/layout_helper.dart:62:11)
#62     RenderStack._computeSize (package:flutter/src/rendering/stack.dart:647:43)
#63     RenderStack.performLayout (package:flutter/src/rendering/stack.dart:682:12)
#64     RenderObject.layout (package:flutter/src/rendering/object.dart:2907:7)
#65     RenderPadding.performLayout (package:flutter/src/rendering/shifted_box.dart:262:12)
#66     RenderObject.layout (package:flutter/src/rendering/object.dart:2907:7)
#67     MultiChildLayoutDelegate.layoutChild (package:flutter/src/rendering/custom_layout.dart:180:12)
#68     _ScaffoldLayout.performLayout (package:flutter/src/material/scaffold.dart:1113:7)
#69     MultiChildLayoutDelegate._callPerformLayout (package:flutter/src/rendering/custom_layout.dart:246:7)
#70     RenderCustomMultiChildLayoutBox.performLayout (package:flutter/src/rendering/custom_layout.dart:417:14)
#71     RenderObject.layout (package:flutter/src/rendering/object.dart:2907:7)
#72     RenderProxyBoxMixin.performLayout (package:flutter/src/rendering/proxy_box.dart:118:18)
#73     RenderObject.layout (package:flutter/src/rendering/object.dart:2907:7)
#74     RenderProxyBoxMixin.performLayout (package:flutter/src/rendering/proxy_box.dart:118:18)
#75     _RenderCustomClip.performLayout (package:flutter/src/rendering/proxy_box.dart:1549:11)
#76     RenderObject.layout (package:flutter/src/rendering/object.dart:2907:7)
#77     RenderProxyBoxMixin.performLayout (package:flutter/src/rendering/proxy_box.dart:118:18)
#78     RenderObject.layout (package:flutter/src/rendering/object.dart:2907:7)
#79     RenderProxyBoxMixin.performLayout (package:flutter/src/rendering/proxy_box.dart:118:18)
#80     RenderObject.layout (package:flutter/src/rendering/object.dart:2907:7)
#81     RenderProxyBoxMixin.performLayout (package:flutter/src/rendering/proxy_box.dart:118:18)
#82     RenderObject.layout (package:flutter/src/rendering/object.dart:2907:7)
#83     RenderProxyBoxMixin.performLayout (package:flutter/src/rendering/proxy_box.dart:118:18)
#84     RenderObject.layout (package:flutter/src/rendering/object.dart:2907:7)
#85     RenderProxyBoxMixin.performLayout (package:flutter/src/rendering/proxy_box.dart:118:18)
#86     RenderObject.layout (package:flutter/src/rendering/object.dart:2907:7)
#87     RenderProxyBoxMixin.performLayout (package:flutter/src/rendering/proxy_box.dart:118:18)
#88     RenderObject.layout (package:flutter/src/rendering/object.dart:2907:7)
#89     RenderProxyBoxMixin.performLayout (package:flutter/src/rendering/proxy_box.dart:118:18)
#90     RenderObject.layout (package:flutter/src/rendering/object.dart:2907:7)
#91     RenderProxyBoxMixin.performLayout (package:flutter/src/rendering/proxy_box.dart:118:18)
#92     RenderObject.layout (package:flutter/src/rendering/object.dart:2907:7)
#93     RenderProxyBoxMixin.performLayout (package:flutter/src/rendering/proxy_box.dart:118:18)
#94     RenderObject.layout (package:flutter/src/rendering/object.dart:2907:7)
#95     RenderProxyBoxMixin.performLayout (package:flutter/src/rendering/proxy_box.dart:118:18)
#96     RenderObject.layout (package:flutter/src/rendering/object.dart:2907:7)
#97     RenderProxyBoxMixin.performLayout (package:flutter/src/rendering/proxy_box.dart:118:18)
#98     RenderObject.layout (package:flutter/src/rendering/object.dart:2907:7)
#99     RenderProxyBoxMixin.performLayout (package:flutter/src/rendering/proxy_box.dart:118:18)
#100    RenderObject.layout (package:flutter/src/rendering/object.dart:2907:7)
#101    RenderProxyBoxMixin.performLayout (package:flutter/src/rendering/proxy_box.dart:118:18)
#102    RenderObject.layout (package:flutter/src/rendering/object.dart:2907:7)
#103    RenderProxyBoxMixin.performLayout (package:flutter/src/rendering/proxy_box.dart:118:18)
#104    RenderObject.layout (package:flutter/src/rendering/object.dart:2907:7)
#105    RenderProxyBoxMixin.performLayout (package:flutter/src/rendering/proxy_box.dart:118:18)
#106    RenderObject.layout (package:flutter/src/rendering/object.dart:2907:7)
#107    RenderProxyBoxMixin.performLayout (package:flutter/src/rendering/proxy_box.dart:118:18)
#108    RenderOffstage.performLayout (package:flutter/src/rendering/proxy_box.dart:3923:13)
#109    RenderObject.layout (package:flutter/src/rendering/object.dart:2907:7)
#110    RenderProxyBoxMixin.performLayout (package:flutter/src/rendering/proxy_box.dart:118:18)
#111    RenderObject.layout (package:flutter/src/rendering/object.dart:2907:7)
#112    _RenderTheaterMixin.layoutChild (package:flutter/src/widgets/overlay.dart:1124:13)
#113    _RenderTheater.performLayout (package:flutter/src/widgets/overlay.dart:1481:9)
#114    RenderObject.layout (package:flutter/src/rendering/object.dart:2907:7)
#115    RenderProxyBoxMixin.performLayout (package:flutter/src/rendering/proxy_box.dart:118:18)
#116    RenderObject.layout (package:flutter/src/rendering/object.dart:2907:7)
#117    RenderProxyBoxMixin.performLayout (package:flutter/src/rendering/proxy_box.dart:118:18)
#118    RenderObject.layout (package:flutter/src/rendering/object.dart:2907:7)
#119    RenderProxyBoxMixin.performLayout (package:flutter/src/rendering/proxy_box.dart:118:18)
#120    RenderObject.layout (package:flutter/src/rendering/object.dart:2907:7)
#121    RenderProxyBoxMixin.performLayout (package:flutter/src/rendering/proxy_box.dart:118:18)
#122    RenderCustomPaint.performLayout (package:flutter/src/rendering/custom_paint.dart:574:11)
#123    RenderObject.layout (package:flutter/src/rendering/object.dart:2907:7)
#124    RenderProxyBoxMixin.performLayout (package:flutter/src/rendering/proxy_box.dart:118:18)
#125    RenderObject.layout (package:flutter/src/rendering/object.dart:2907:7)
#126    RenderProxyBoxMixin.performLayout (package:flutter/src/rendering/proxy_box.dart:118:18)
#127    RenderObject.layout (package:flutter/src/rendering/object.dart:2907:7)
#128    RenderProxyBoxMixin.performLayout (package:flutter/src/rendering/proxy_box.dart:118:18)
#129    RenderObject.layout (package:flutter/src/rendering/object.dart:2907:7)
#130    RenderProxyBoxMixin.performLayout (package:flutter/src/rendering/proxy_box.dart:118:18)
#131    RenderObject.layout (package:flutter/src/rendering/object.dart:2907:7)
#132    RenderProxyBoxMixin.performLayout (package:flutter/src/rendering/proxy_box.dart:118:18)
#133    RenderObject.layout (package:flutter/src/rendering/object.dart:2907:7)
#134    RenderProxyBoxMixin.performLayout (package:flutter/src/rendering/proxy_box.dart:118:18)
#135    RenderObject.layout (package:flutter/src/rendering/object.dart:2907:7)
#136    RenderView.performLayout (package:flutter/src/rendering/view.dart:292:12)
#137    RenderObject._layoutWithoutResize (package:flutter/src/rendering/object.dart:2755:7)
#138    PipelineOwner.flushLayout (package:flutter/src/rendering/object.dart:1174:18)
#139    PipelineOwner.flushLayout (package:flutter/src/rendering/object.dart:1187:15)
#140    AutomatedTestWidgetsFlutterBinding.drawFrame (package:flutter_test/src/binding.dart:2433:27)
#141    RendererBinding._handlePersistentFrameCallback (package:flutter/src/rendering/binding.dart:509:5)
#142    SchedulerBinding._invokeFrameCallback (package:flutter/src/scheduler/binding.dart:1430:15)
#143    SchedulerBinding.handleDrawFrame (package:flutter/src/scheduler/binding.dart:1345:9)
#144    AutomatedTestWidgetsFlutterBinding.pump.<anonymous closure> (package:flutter_test/src/binding.dart:2260:9)
#147    TestAsyncUtils.guard (package:flutter_test/src/test_async_utils.dart:74:41)
#148    AutomatedTestWidgetsFlutterBinding.pump (package:flutter_test/src/binding.dart:2249:27)
#149    WidgetTester.pumpWidget.<anonymous closure> (package:flutter_test/src/widget_tester.dart:598:22)
#152    TestAsyncUtils.guard (package:flutter_test/src/test_async_utils.dart:74:41)
#153    WidgetTester.pumpWidget (package:flutter_test/src/widget_tester.dart:595:27)
#154    main.<anonymous closure>.<anonymous closure> (file:///Y:/AndroidStudioProject/Github/expert-project/test/presentation/pages/tv_detail_page_test.dart:88:20)
#155    testWidgets.<anonymous closure>.<anonymous closure> (package:flutter_test/src/widget_tester.dart:192:29)
<asynchronous suspension>
#156    TestWidgetsFlutterBinding._runTestBody (package:flutter_test/src/binding.dart:1952:5)
<asynchronous suspension>
<asynchronous suspension>
(elided 7 frames from class _AssertionError, dart:async, and package:stack_trace)

The following RenderObject was being processed when the exception was fired: RenderIgnorePointer#5e9db relayoutBoundary=up19 NEEDS-LAYOUT NEEDS-PAINT NEEDS-COMPOSITING-BITS-UPDATE:
  creator: IgnorePointer-[GlobalKey#90e5e] ΓåÉ Semantics ΓåÉ Listener ΓåÉ _GestureSemantics ΓåÉ
    RawGestureDetector-[LabeledGlobalKey<RawGestureDetectorState>#f6b66] ΓåÉ Listener ΓåÉ _ScrollableScope
    ΓåÉ _ScrollSemantics-[GlobalKey#012b0] ΓåÉ NotificationListener<ScrollMetricsNotification> ΓåÉ Transform
    ΓåÉ StretchEffect ΓåÉ ClipRect ΓåÉ Γï»
  parentData: <none> (can use size)
  constraints: BoxConstraints(0.0<=w<=768.0, 0.0<=h<=Infinity)
  size: MISSING
  ignoring: false
  ignoringSemantics: null
This RenderObject had the following descendants (showing up to depth 5):
    child: RenderViewport#fe4d8 NEEDS-PAINT NEEDS-COMPOSITING-BITS-UPDATE
      center child: RenderSliverPadding#38a32 NEEDS-LAYOUT NEEDS-PAINT NEEDS-COMPOSITING-BITS-UPDATE
        child: RenderSliverList#c95b2 NEEDS-LAYOUT NEEDS-PAINT
ΓòÉΓòÉΓòÉΓòÉΓòÉΓòÉΓòÉΓòÉΓòÉΓòÉΓòÉΓòÉΓòÉΓòÉΓòÉΓòÉΓòÉΓòÉΓòÉΓòÉΓòÉΓòÉΓòÉΓòÉΓòÉΓòÉΓòÉΓòÉΓòÉΓòÉΓòÉΓòÉΓòÉΓòÉΓòÉΓòÉΓòÉΓòÉΓòÉΓòÉΓòÉΓòÉΓòÉΓòÉΓòÉΓòÉΓòÉΓòÉΓòÉΓòÉΓòÉΓòÉΓòÉΓòÉΓòÉΓòÉΓòÉΓòÉΓòÉΓòÉΓòÉΓòÉΓòÉΓòÉΓòÉΓòÉΓòÉΓòÉΓòÉΓòÉΓòÉΓòÉΓòÉΓòÉΓòÉΓòÉΓòÉΓòÉΓòÉΓòÉΓòÉΓòÉΓòÉΓòÉΓòÉΓòÉΓòÉΓòÉΓòÉΓòÉΓòÉΓòÉΓòÉΓòÉΓòÉΓòÉΓòÉΓòÉΓòÉΓòÉ
ΓòÉΓòÉΓòí EXCEPTION CAUGHT BY RENDERING LIBRARY Γò₧ΓòÉΓòÉΓòÉΓòÉΓòÉΓòÉΓòÉΓòÉΓòÉΓòÉΓòÉΓòÉΓòÉΓòÉΓòÉΓòÉΓòÉΓòÉΓòÉΓòÉΓòÉΓòÉΓòÉΓòÉΓòÉΓòÉΓòÉΓòÉΓòÉΓòÉΓòÉΓòÉΓòÉΓòÉΓòÉΓòÉΓòÉΓòÉΓòÉΓòÉΓòÉΓòÉΓòÉΓòÉΓòÉΓòÉΓòÉΓòÉΓòÉΓòÉΓòÉΓòÉΓòÉΓòÉΓòÉΓòÉΓòÉ
The following assertion was thrown during performLayout():
RenderBox was not laid out: RenderIgnorePointer#5e9db relayoutBoundary=up19 NEEDS-PAINT
NEEDS-COMPOSITING-BITS-UPDATE
'package:flutter/src/rendering/box.dart':
Failed assertion: line 2251 pos 12: 'hasSize'

Either the assertion indicates an error in the framework itself, or we should provide substantially
more information in this error message to help you determine and fix the underlying cause.
In either case, please report this assertion by filing a bug on GitHub:
  https://github.com/flutter/flutter/issues/new?template=02_bug.yml

The relevant error-causing widget was:
  ListView
  ListView:file:///Y:/AndroidStudioProject/Github/expert-project/lib/presentation/pages/tv_detail_page.dart:184:38

When the exception was thrown, this was the stack:
#2      RenderBox.size (package:flutter/src/rendering/box.dart:2251:12)
#3      RenderProxyBoxMixin.performLayout (package:flutter/src/rendering/proxy_box.dart:118:62)
#4      RenderObject.layout (package:flutter/src/rendering/object.dart:2907:7)
#5      RenderProxyBoxMixin.performLayout (package:flutter/src/rendering/proxy_box.dart:118:18)
#6      RenderObject.layout (package:flutter/src/rendering/object.dart:2907:7)
#7      RenderProxyBoxMixin.performLayout (package:flutter/src/rendering/proxy_box.dart:118:18)
#8      RenderObject.layout (package:flutter/src/rendering/object.dart:2907:7)
#9      RenderProxyBoxMixin.performLayout (package:flutter/src/rendering/proxy_box.dart:118:18)
#10     RenderObject.layout (package:flutter/src/rendering/object.dart:2907:7)
#11     RenderProxyBoxMixin.performLayout (package:flutter/src/rendering/proxy_box.dart:118:18)
#12     RenderObject.layout (package:flutter/src/rendering/object.dart:2907:7)
#13     RenderProxyBoxMixin.performLayout (package:flutter/src/rendering/proxy_box.dart:118:18)
#14     RenderObject.layout (package:flutter/src/rendering/object.dart:2907:7)
#15     RenderProxyBoxMixin.performLayout (package:flutter/src/rendering/proxy_box.dart:118:18)
#16     _RenderCustomClip.performLayout (package:flutter/src/rendering/proxy_box.dart:1549:11)
#17     RenderObject.layout (package:flutter/src/rendering/object.dart:2907:7)
#18     ChildLayoutHelper.layoutChild (package:flutter/src/rendering/layout_helper.dart:62:11)
#19     RenderFlex._computeSizes (package:flutter/src/rendering/flex.dart:1237:28)
#20     RenderFlex.performLayout (package:flutter/src/rendering/flex.dart:1329:32)
#21     RenderObject.layout (package:flutter/src/rendering/object.dart:2907:7)
#22     _RenderSingleChildViewport.performLayout (package:flutter/src/widgets/single_child_scroll_view.dart:502:14)
#23     RenderObject.layout (package:flutter/src/rendering/object.dart:2907:7)
#24     RenderProxyBoxMixin.performLayout (package:flutter/src/rendering/proxy_box.dart:118:18)
#25     RenderObject.layout (package:flutter/src/rendering/object.dart:2907:7)
#26     RenderProxyBoxMixin.performLayout (package:flutter/src/rendering/proxy_box.dart:118:18)
#27     RenderObject.layout (package:flutter/src/rendering/object.dart:2907:7)
#28     RenderProxyBoxMixin.performLayout (package:flutter/src/rendering/proxy_box.dart:118:18)
#29     RenderObject.layout (package:flutter/src/rendering/object.dart:2907:7)
#30     RenderProxyBoxMixin.performLayout (package:flutter/src/rendering/proxy_box.dart:118:18)
#31     RenderObject.layout (package:flutter/src/rendering/object.dart:2907:7)
#32     RenderProxyBoxMixin.performLayout (package:flutter/src/rendering/proxy_box.dart:118:18)
#33     RenderObject.layout (package:flutter/src/rendering/object.dart:2907:7)
#34     RenderProxyBoxMixin.performLayout (package:flutter/src/rendering/proxy_box.dart:118:18)
#35     RenderObject.layout (package:flutter/src/rendering/object.dart:2907:7)
#36     RenderProxyBoxMixin.performLayout (package:flutter/src/rendering/proxy_box.dart:118:18)
#37     RenderObject.layout (package:flutter/src/rendering/object.dart:2907:7)
#38     RenderProxyBoxMixin.performLayout (package:flutter/src/rendering/proxy_box.dart:118:18)
#39     _RenderCustomClip.performLayout (package:flutter/src/rendering/proxy_box.dart:1549:11)
#40     RenderObject.layout (package:flutter/src/rendering/object.dart:2907:7)
#41     RenderPadding.performLayout (package:flutter/src/rendering/shifted_box.dart:262:12)
#42     RenderObject.layout (package:flutter/src/rendering/object.dart:2907:7)
#43     ChildLayoutHelper.layoutChild (package:flutter/src/rendering/layout_helper.dart:62:11)
#44     RenderStack._computeSize (package:flutter/src/rendering/stack.dart:647:43)
#45     RenderStack.performLayout (package:flutter/src/rendering/stack.dart:682:12)
#46     RenderObject.layout (package:flutter/src/rendering/object.dart:2907:7)
#47     RenderPadding.performLayout (package:flutter/src/rendering/shifted_box.dart:262:12)
#48     RenderObject.layout (package:flutter/src/rendering/object.dart:2907:7)
#49     RenderProxyBoxMixin.performLayout (package:flutter/src/rendering/proxy_box.dart:118:18)
#50     RenderObject.layout (package:flutter/src/rendering/object.dart:2907:7)
#51     RenderFractionallySizedOverflowBox.performLayout (package:flutter/src/rendering/shifted_box.dart:1298:14)
#52     RenderObject.layout (package:flutter/src/rendering/object.dart:2907:7)
#53     RenderConstrainedBox.performLayout (package:flutter/src/rendering/proxy_box.dart:296:14)
#54     RenderObject.layout (package:flutter/src/rendering/object.dart:2907:7)
#55     _RenderLayoutBuilder.performLayout (package:flutter/src/widgets/layout_builder.dart:449:14)
#56     RenderObject.layout (package:flutter/src/rendering/object.dart:2907:7)
#57     RenderPadding.performLayout (package:flutter/src/rendering/shifted_box.dart:262:12)
#58     RenderObject.layout (package:flutter/src/rendering/object.dart:2907:7)
#59     ChildLayoutHelper.layoutChild (package:flutter/src/rendering/layout_helper.dart:62:11)
#60     RenderStack._computeSize (package:flutter/src/rendering/stack.dart:647:43)
#61     RenderStack.performLayout (package:flutter/src/rendering/stack.dart:682:12)
#62     RenderObject.layout (package:flutter/src/rendering/object.dart:2907:7)
#63     RenderPadding.performLayout (package:flutter/src/rendering/shifted_box.dart:262:12)
#64     RenderObject.layout (package:flutter/src/rendering/object.dart:2907:7)
#65     MultiChildLayoutDelegate.layoutChild (package:flutter/src/rendering/custom_layout.dart:180:12)
#66     _ScaffoldLayout.performLayout (package:flutter/src/material/scaffold.dart:1113:7)
#67     MultiChildLayoutDelegate._callPerformLayout (package:flutter/src/rendering/custom_layout.dart:246:7)
#68     RenderCustomMultiChildLayoutBox.performLayout (package:flutter/src/rendering/custom_layout.dart:417:14)
#69     RenderObject.layout (package:flutter/src/rendering/object.dart:2907:7)
#70     RenderProxyBoxMixin.performLayout (package:flutter/src/rendering/proxy_box.dart:118:18)
#71     RenderObject.layout (package:flutter/src/rendering/object.dart:2907:7)
#72     RenderProxyBoxMixin.performLayout (package:flutter/src/rendering/proxy_box.dart:118:18)
#73     _RenderCustomClip.performLayout (package:flutter/src/rendering/proxy_box.dart:1549:11)
#74     RenderObject.layout (package:flutter/src/rendering/object.dart:2907:7)
#75     RenderProxyBoxMixin.performLayout (package:flutter/src/rendering/proxy_box.dart:118:18)
#76     RenderObject.layout (package:flutter/src/rendering/object.dart:2907:7)
#77     RenderProxyBoxMixin.performLayout (package:flutter/src/rendering/proxy_box.dart:118:18)
#78     RenderObject.layout (package:flutter/src/rendering/object.dart:2907:7)
#79     RenderProxyBoxMixin.performLayout (package:flutter/src/rendering/proxy_box.dart:118:18)
#80     RenderObject.layout (package:flutter/src/rendering/object.dart:2907:7)
#81     RenderProxyBoxMixin.performLayout (package:flutter/src/rendering/proxy_box.dart:118:18)
#82     RenderObject.layout (package:flutter/src/rendering/object.dart:2907:7)
#83     RenderProxyBoxMixin.performLayout (package:flutter/src/rendering/proxy_box.dart:118:18)
#84     RenderObject.layout (package:flutter/src/rendering/object.dart:2907:7)
#85     RenderProxyBoxMixin.performLayout (package:flutter/src/rendering/proxy_box.dart:118:18)
#86     RenderObject.layout (package:flutter/src/rendering/object.dart:2907:7)
#87     RenderProxyBoxMixin.performLayout (package:flutter/src/rendering/proxy_box.dart:118:18)
#88     RenderObject.layout (package:flutter/src/rendering/object.dart:2907:7)
#89     RenderProxyBoxMixin.performLayout (package:flutter/src/rendering/proxy_box.dart:118:18)
#90     RenderObject.layout (package:flutter/src/rendering/object.dart:2907:7)
#91     RenderProxyBoxMixin.performLayout (package:flutter/src/rendering/proxy_box.dart:118:18)
#92     RenderObject.layout (package:flutter/src/rendering/object.dart:2907:7)
#93     RenderProxyBoxMixin.performLayout (package:flutter/src/rendering/proxy_box.dart:118:18)
#94     RenderObject.layout (package:flutter/src/rendering/object.dart:2907:7)
#95     RenderProxyBoxMixin.performLayout (package:flutter/src/rendering/proxy_box.dart:118:18)
#96     RenderObject.layout (package:flutter/src/rendering/object.dart:2907:7)
#97     RenderProxyBoxMixin.performLayout (package:flutter/src/rendering/proxy_box.dart:118:18)
#98     RenderObject.layout (package:flutter/src/rendering/object.dart:2907:7)
#99     RenderProxyBoxMixin.performLayout (package:flutter/src/rendering/proxy_box.dart:118:18)
#100    RenderObject.layout (package:flutter/src/rendering/object.dart:2907:7)
#101    RenderProxyBoxMixin.performLayout (package:flutter/src/rendering/proxy_box.dart:118:18)
#102    RenderObject.layout (package:flutter/src/rendering/object.dart:2907:7)
#103    RenderProxyBoxMixin.performLayout (package:flutter/src/rendering/proxy_box.dart:118:18)
#104    RenderObject.layout (package:flutter/src/rendering/object.dart:2907:7)
#105    RenderProxyBoxMixin.performLayout (package:flutter/src/rendering/proxy_box.dart:118:18)
#106    RenderOffstage.performLayout (package:flutter/src/rendering/proxy_box.dart:3923:13)
#107    RenderObject.layout (package:flutter/src/rendering/object.dart:2907:7)
#108    RenderProxyBoxMixin.performLayout (package:flutter/src/rendering/proxy_box.dart:118:18)
#109    RenderObject.layout (package:flutter/src/rendering/object.dart:2907:7)
#110    _RenderTheaterMixin.layoutChild (package:flutter/src/widgets/overlay.dart:1124:13)
#111    _RenderTheater.performLayout (package:flutter/src/widgets/overlay.dart:1481:9)
#112    RenderObject.layout (package:flutter/src/rendering/object.dart:2907:7)
#113    RenderProxyBoxMixin.performLayout (package:flutter/src/rendering/proxy_box.dart:118:18)
#114    RenderObject.layout (package:flutter/src/rendering/object.dart:2907:7)
#115    RenderProxyBoxMixin.performLayout (package:flutter/src/rendering/proxy_box.dart:118:18)
#116    RenderObject.layout (package:flutter/src/rendering/object.dart:2907:7)
#117    RenderProxyBoxMixin.performLayout (package:flutter/src/rendering/proxy_box.dart:118:18)
#118    RenderObject.layout (package:flutter/src/rendering/object.dart:2907:7)
#119    RenderProxyBoxMixin.performLayout (package:flutter/src/rendering/proxy_box.dart:118:18)
#120    RenderCustomPaint.performLayout (package:flutter/src/rendering/custom_paint.dart:574:11)
#121    RenderObject.layout (package:flutter/src/rendering/object.dart:2907:7)
#122    RenderProxyBoxMixin.performLayout (package:flutter/src/rendering/proxy_box.dart:118:18)
#123    RenderObject.layout (package:flutter/src/rendering/object.dart:2907:7)
#124    RenderProxyBoxMixin.performLayout (package:flutter/src/rendering/proxy_box.dart:118:18)
#125    RenderObject.layout (package:flutter/src/rendering/object.dart:2907:7)
#126    RenderProxyBoxMixin.performLayout (package:flutter/src/rendering/proxy_box.dart:118:18)
#127    RenderObject.layout (package:flutter/src/rendering/object.dart:2907:7)
#128    RenderProxyBoxMixin.performLayout (package:flutter/src/rendering/proxy_box.dart:118:18)
#129    RenderObject.layout (package:flutter/src/rendering/object.dart:2907:7)
#130    RenderProxyBoxMixin.performLayout (package:flutter/src/rendering/proxy_box.dart:118:18)
#131    RenderObject.layout (package:flutter/src/rendering/object.dart:2907:7)
#132    RenderProxyBoxMixin.performLayout (package:flutter/src/rendering/proxy_box.dart:118:18)
#133    RenderObject.layout (package:flutter/src/rendering/object.dart:2907:7)
#134    RenderView.performLayout (package:flutter/src/rendering/view.dart:292:12)
#135    RenderObject._layoutWithoutResize (package:flutter/src/rendering/object.dart:2755:7)
#136    PipelineOwner.flushLayout (package:flutter/src/rendering/object.dart:1174:18)
#137    PipelineOwner.flushLayout (package:flutter/src/rendering/object.dart:1187:15)
#138    AutomatedTestWidgetsFlutterBinding.drawFrame (package:flutter_test/src/binding.dart:2433:27)
#139    RendererBinding._handlePersistentFrameCallback (package:flutter/src/rendering/binding.dart:509:5)
#140    SchedulerBinding._invokeFrameCallback (package:flutter/src/scheduler/binding.dart:1430:15)
#141    SchedulerBinding.handleDrawFrame (package:flutter/src/scheduler/binding.dart:1345:9)
#142    AutomatedTestWidgetsFlutterBinding.pump.<anonymous closure> (package:flutter_test/src/binding.dart:2260:9)
#145    TestAsyncUtils.guard (package:flutter_test/src/test_async_utils.dart:74:41)
#146    AutomatedTestWidgetsFlutterBinding.pump (package:flutter_test/src/binding.dart:2249:27)
#147    WidgetTester.pumpWidget.<anonymous closure> (package:flutter_test/src/widget_tester.dart:598:22)
#150    TestAsyncUtils.guard (package:flutter_test/src/test_async_utils.dart:74:41)
#151    WidgetTester.pumpWidget (package:flutter_test/src/widget_tester.dart:595:27)
#152    main.<anonymous closure>.<anonymous closure> (file:///Y:/AndroidStudioProject/Github/expert-project/test/presentation/pages/tv_detail_page_test.dart:88:20)
#153    testWidgets.<anonymous closure>.<anonymous closure> (package:flutter_test/src/widget_tester.dart:192:29)
<asynchronous suspension>
#154    TestWidgetsFlutterBinding._runTestBody (package:flutter_test/src/binding.dart:1952:5)
<asynchronous suspension>
<asynchronous suspension>
(elided 7 frames from class _AssertionError, dart:async, and package:stack_trace)

The following RenderObject was being processed when the exception was fired: RenderSemanticsAnnotations#8e06c relayoutBoundary=up18 NEEDS-LAYOUT NEEDS-PAINT NEEDS-COMPOSITING-BITS-UPDATE:
  creator: Semantics ΓåÉ Listener ΓåÉ _GestureSemantics ΓåÉ
    RawGestureDetector-[LabeledGlobalKey<RawGestureDetectorState>#f6b66] ΓåÉ Listener ΓåÉ _ScrollableScope
    ΓåÉ _ScrollSemantics-[GlobalKey#012b0] ΓåÉ NotificationListener<ScrollMetricsNotification> ΓåÉ Transform
    ΓåÉ StretchEffect ΓåÉ ClipRect ΓåÉ AnimatedBuilder ΓåÉ Γï»
  parentData: <none> (can use size)
  constraints: BoxConstraints(0.0<=w<=768.0, 0.0<=h<=Infinity)
  size: MISSING
This RenderObject had the following descendants (showing up to depth 5):
    child: RenderIgnorePointer#5e9db relayoutBoundary=up19 NEEDS-PAINT NEEDS-COMPOSITING-BITS-UPDATE
      child: RenderViewport#fe4d8 NEEDS-PAINT NEEDS-COMPOSITING-BITS-UPDATE
        center child: RenderSliverPadding#38a32 NEEDS-LAYOUT NEEDS-PAINT NEEDS-COMPOSITING-BITS-UPDATE
          child: RenderSliverList#c95b2 NEEDS-LAYOUT NEEDS-PAINT
ΓòÉΓòÉΓòÉΓòÉΓòÉΓòÉΓòÉΓòÉΓòÉΓòÉΓòÉΓòÉΓòÉΓòÉΓòÉΓòÉΓòÉΓòÉΓòÉΓòÉΓòÉΓòÉΓòÉΓòÉΓòÉΓòÉΓòÉΓòÉΓòÉΓòÉΓòÉΓòÉΓòÉΓòÉΓòÉΓòÉΓòÉΓòÉΓòÉΓòÉΓòÉΓòÉΓòÉΓòÉΓòÉΓòÉΓòÉΓòÉΓòÉΓòÉΓòÉΓòÉΓòÉΓòÉΓòÉΓòÉΓòÉΓòÉΓòÉΓòÉΓòÉΓòÉΓòÉΓòÉΓòÉΓòÉΓòÉΓòÉΓòÉΓòÉΓòÉΓòÉΓòÉΓòÉΓòÉΓòÉΓòÉΓòÉΓòÉΓòÉΓòÉΓòÉΓòÉΓòÉΓòÉΓòÉΓòÉΓòÉΓòÉΓòÉΓòÉΓòÉΓòÉΓòÉΓòÉΓòÉΓòÉΓòÉΓòÉΓòÉ
ΓòÉΓòÉΓòí EXCEPTION CAUGHT BY RENDERING LIBRARY Γò₧ΓòÉΓòÉΓòÉΓòÉΓòÉΓòÉΓòÉΓòÉΓòÉΓòÉΓòÉΓòÉΓòÉΓòÉΓòÉΓòÉΓòÉΓòÉΓòÉΓòÉΓòÉΓòÉΓòÉΓòÉΓòÉΓòÉΓòÉΓòÉΓòÉΓòÉΓòÉΓòÉΓòÉΓòÉΓòÉΓòÉΓòÉΓòÉΓòÉΓòÉΓòÉΓòÉΓòÉΓòÉΓòÉΓòÉΓòÉΓòÉΓòÉΓòÉΓòÉΓòÉΓòÉΓòÉΓòÉΓòÉΓòÉ
The following assertion was thrown during performLayout():
RenderBox was not laid out: RenderSemanticsAnnotations#8e06c relayoutBoundary=up18 NEEDS-PAINT
NEEDS-COMPOSITING-BITS-UPDATE
'package:flutter/src/rendering/box.dart':
Failed assertion: line 2251 pos 12: 'hasSize'

Either the assertion indicates an error in the framework itself, or we should provide substantially
more information in this error message to help you determine and fix the underlying cause.
In either case, please report this assertion by filing a bug on GitHub:
  https://github.com/flutter/flutter/issues/new?template=02_bug.yml

The relevant error-causing widget was:
  ListView
  ListView:file:///Y:/AndroidStudioProject/Github/expert-project/lib/presentation/pages/tv_detail_page.dart:184:38

When the exception was thrown, this was the stack:
#2      RenderBox.size (package:flutter/src/rendering/box.dart:2251:12)
#3      RenderProxyBoxMixin.performLayout (package:flutter/src/rendering/proxy_box.dart:118:62)
#4      RenderObject.layout (package:flutter/src/rendering/object.dart:2907:7)
#5      RenderProxyBoxMixin.performLayout (package:flutter/src/rendering/proxy_box.dart:118:18)
#6      RenderObject.layout (package:flutter/src/rendering/object.dart:2907:7)
#7      RenderProxyBoxMixin.performLayout (package:flutter/src/rendering/proxy_box.dart:118:18)
#8      RenderObject.layout (package:flutter/src/rendering/object.dart:2907:7)
#9      RenderProxyBoxMixin.performLayout (package:flutter/src/rendering/proxy_box.dart:118:18)
#10     RenderObject.layout (package:flutter/src/rendering/object.dart:2907:7)
#11     RenderProxyBoxMixin.performLayout (package:flutter/src/rendering/proxy_box.dart:118:18)
#12     RenderObject.layout (package:flutter/src/rendering/object.dart:2907:7)
#13     RenderProxyBoxMixin.performLayout (package:flutter/src/rendering/proxy_box.dart:118:18)
#14     _RenderCustomClip.performLayout (package:flutter/src/rendering/proxy_box.dart:1549:11)
#15     RenderObject.layout (package:flutter/src/rendering/object.dart:2907:7)
#16     ChildLayoutHelper.layoutChild (package:flutter/src/rendering/layout_helper.dart:62:11)
#17     RenderFlex._computeSizes (package:flutter/src/rendering/flex.dart:1237:28)
#18     RenderFlex.performLayout (package:flutter/src/rendering/flex.dart:1329:32)
#19     RenderObject.layout (package:flutter/src/rendering/object.dart:2907:7)
#20     _RenderSingleChildViewport.performLayout (package:flutter/src/widgets/single_child_scroll_view.dart:502:14)
#21     RenderObject.layout (package:flutter/src/rendering/object.dart:2907:7)
#22     RenderProxyBoxMixin.performLayout (package:flutter/src/rendering/proxy_box.dart:118:18)
#23     RenderObject.layout (package:flutter/src/rendering/object.dart:2907:7)
#24     RenderProxyBoxMixin.performLayout (package:flutter/src/rendering/proxy_box.dart:118:18)
#25     RenderObject.layout (package:flutter/src/rendering/object.dart:2907:7)
#26     RenderProxyBoxMixin.performLayout (package:flutter/src/rendering/proxy_box.dart:118:18)
#27     RenderObject.layout (package:flutter/src/rendering/object.dart:2907:7)
#28     RenderProxyBoxMixin.performLayout (package:flutter/src/rendering/proxy_box.dart:118:18)
#29     RenderObject.layout (package:flutter/src/rendering/object.dart:2907:7)
#30     RenderProxyBoxMixin.performLayout (package:flutter/src/rendering/proxy_box.dart:118:18)
#31     RenderObject.layout (package:flutter/src/rendering/object.dart:2907:7)
#32     RenderProxyBoxMixin.performLayout (package:flutter/src/rendering/proxy_box.dart:118:18)
#33     RenderObject.layout (package:flutter/src/rendering/object.dart:2907:7)
#34     RenderProxyBoxMixin.performLayout (package:flutter/src/rendering/proxy_box.dart:118:18)
#35     RenderObject.layout (package:flutter/src/rendering/object.dart:2907:7)
#36     RenderProxyBoxMixin.performLayout (package:flutter/src/rendering/proxy_box.dart:118:18)
#37     _RenderCustomClip.performLayout (package:flutter/src/rendering/proxy_box.dart:1549:11)
#38     RenderObject.layout (package:flutter/src/rendering/object.dart:2907:7)
#39     RenderPadding.performLayout (package:flutter/src/rendering/shifted_box.dart:262:12)
#40     RenderObject.layout (package:flutter/src/rendering/object.dart:2907:7)
#41     ChildLayoutHelper.layoutChild (package:flutter/src/rendering/layout_helper.dart:62:11)
#42     RenderStack._computeSize (package:flutter/src/rendering/stack.dart:647:43)
#43     RenderStack.performLayout (package:flutter/src/rendering/stack.dart:682:12)
#44     RenderObject.layout (package:flutter/src/rendering/object.dart:2907:7)
#45     RenderPadding.performLayout (package:flutter/src/rendering/shifted_box.dart:262:12)
#46     RenderObject.layout (package:flutter/src/rendering/object.dart:2907:7)
#47     RenderProxyBoxMixin.performLayout (package:flutter/src/rendering/proxy_box.dart:118:18)
#48     RenderObject.layout (package:flutter/src/rendering/object.dart:2907:7)
#49     RenderFractionallySizedOverflowBox.performLayout (package:flutter/src/rendering/shifted_box.dart:1298:14)
#50     RenderObject.layout (package:flutter/src/rendering/object.dart:2907:7)
#51     RenderConstrainedBox.performLayout (package:flutter/src/rendering/proxy_box.dart:296:14)
#52     RenderObject.layout (package:flutter/src/rendering/object.dart:2907:7)
#53     _RenderLayoutBuilder.performLayout (package:flutter/src/widgets/layout_builder.dart:449:14)
#54     RenderObject.layout (package:flutter/src/rendering/object.dart:2907:7)
#55     RenderPadding.performLayout (package:flutter/src/rendering/shifted_box.dart:262:12)
#56     RenderObject.layout (package:flutter/src/rendering/object.dart:2907:7)
#57     ChildLayoutHelper.layoutChild (package:flutter/src/rendering/layout_helper.dart:62:11)
#58     RenderStack._computeSize (package:flutter/src/rendering/stack.dart:647:43)
#59     RenderStack.performLayout (package:flutter/src/rendering/stack.dart:682:12)
#60     RenderObject.layout (package:flutter/src/rendering/object.dart:2907:7)
#61     RenderPadding.performLayout (package:flutter/src/rendering/shifted_box.dart:262:12)
#62     RenderObject.layout (package:flutter/src/rendering/object.dart:2907:7)
#63     MultiChildLayoutDelegate.layoutChild (package:flutter/src/rendering/custom_layout.dart:180:12)
#64     _ScaffoldLayout.performLayout (package:flutter/src/material/scaffold.dart:1113:7)
#65     MultiChildLayoutDelegate._callPerformLayout (package:flutter/src/rendering/custom_layout.dart:246:7)
#66     RenderCustomMultiChildLayoutBox.performLayout (package:flutter/src/rendering/custom_layout.dart:417:14)
#67     RenderObject.layout (package:flutter/src/rendering/object.dart:2907:7)
#68     RenderProxyBoxMixin.performLayout (package:flutter/src/rendering/proxy_box.dart:118:18)
#69     RenderObject.layout (package:flutter/src/rendering/object.dart:2907:7)
#70     RenderProxyBoxMixin.performLayout (package:flutter/src/rendering/proxy_box.dart:118:18)
#71     _RenderCustomClip.performLayout (package:flutter/src/rendering/proxy_box.dart:1549:11)
#72     RenderObject.layout (package:flutter/src/rendering/object.dart:2907:7)
#73     RenderProxyBoxMixin.performLayout (package:flutter/src/rendering/proxy_box.dart:118:18)
#74     RenderObject.layout (package:flutter/src/rendering/object.dart:2907:7)
#75     RenderProxyBoxMixin.performLayout (package:flutter/src/rendering/proxy_box.dart:118:18)
#76     RenderObject.layout (package:flutter/src/rendering/object.dart:2907:7)
#77     RenderProxyBoxMixin.performLayout (package:flutter/src/rendering/proxy_box.dart:118:18)
#78     RenderObject.layout (package:flutter/src/rendering/object.dart:2907:7)
#79     RenderProxyBoxMixin.performLayout (package:flutter/src/rendering/proxy_box.dart:118:18)
#80     RenderObject.layout (package:flutter/src/rendering/object.dart:2907:7)
#81     RenderProxyBoxMixin.performLayout (package:flutter/src/rendering/proxy_box.dart:118:18)
#82     RenderObject.layout (package:flutter/src/rendering/object.dart:2907:7)
#83     RenderProxyBoxMixin.performLayout (package:flutter/src/rendering/proxy_box.dart:118:18)
#84     RenderObject.layout (package:flutter/src/rendering/object.dart:2907:7)
#85     RenderProxyBoxMixin.performLayout (package:flutter/src/rendering/proxy_box.dart:118:18)
#86     RenderObject.layout (package:flutter/src/rendering/object.dart:2907:7)
#87     RenderProxyBoxMixin.performLayout (package:flutter/src/rendering/proxy_box.dart:118:18)
#88     RenderObject.layout (package:flutter/src/rendering/object.dart:2907:7)
#89     RenderProxyBoxMixin.performLayout (package:flutter/src/rendering/proxy_box.dart:118:18)
#90     RenderObject.layout (package:flutter/src/rendering/object.dart:2907:7)
#91     RenderProxyBoxMixin.performLayout (package:flutter/src/rendering/proxy_box.dart:118:18)
#92     RenderObject.layout (package:flutter/src/rendering/object.dart:2907:7)
#93     RenderProxyBoxMixin.performLayout (package:flutter/src/rendering/proxy_box.dart:118:18)
#94     RenderObject.layout (package:flutter/src/rendering/object.dart:2907:7)
#95     RenderProxyBoxMixin.performLayout (package:flutter/src/rendering/proxy_box.dart:118:18)
#96     RenderObject.layout (package:flutter/src/rendering/object.dart:2907:7)
#97     RenderProxyBoxMixin.performLayout (package:flutter/src/rendering/proxy_box.dart:118:18)
#98     RenderObject.layout (package:flutter/src/rendering/object.dart:2907:7)
#99     RenderProxyBoxMixin.performLayout (package:flutter/src/rendering/proxy_box.dart:118:18)
#100    RenderObject.layout (package:flutter/src/rendering/object.dart:2907:7)
#101    RenderProxyBoxMixin.performLayout (package:flutter/src/rendering/proxy_box.dart:118:18)
#102    RenderObject.layout (package:flutter/src/rendering/object.dart:2907:7)
#103    RenderProxyBoxMixin.performLayout (package:flutter/src/rendering/proxy_box.dart:118:18)
#104    RenderOffstage.performLayout (package:flutter/src/rendering/proxy_box.dart:3923:13)
#105    RenderObject.layout (package:flutter/src/rendering/object.dart:2907:7)
#106    RenderProxyBoxMixin.performLayout (package:flutter/src/rendering/proxy_box.dart:118:18)
#107    RenderObject.layout (package:flutter/src/rendering/object.dart:2907:7)
#108    _RenderTheaterMixin.layoutChild (package:flutter/src/widgets/overlay.dart:1124:13)
#109    _RenderTheater.performLayout (package:flutter/src/widgets/overlay.dart:1481:9)
#110    RenderObject.layout (package:flutter/src/rendering/object.dart:2907:7)
#111    RenderProxyBoxMixin.performLayout (package:flutter/src/rendering/proxy_box.dart:118:18)
#112    RenderObject.layout (package:flutter/src/rendering/object.dart:2907:7)
#113    RenderProxyBoxMixin.performLayout (package:flutter/src/rendering/proxy_box.dart:118:18)
#114    RenderObject.layout (package:flutter/src/rendering/object.dart:2907:7)
#115    RenderProxyBoxMixin.performLayout (package:flutter/src/rendering/proxy_box.dart:118:18)
#116    RenderObject.layout (package:flutter/src/rendering/object.dart:2907:7)
#117    RenderProxyBoxMixin.performLayout (package:flutter/src/rendering/proxy_box.dart:118:18)
#118    RenderCustomPaint.performLayout (package:flutter/src/rendering/custom_paint.dart:574:11)
#119    RenderObject.layout (package:flutter/src/rendering/object.dart:2907:7)
#120    RenderProxyBoxMixin.performLayout (package:flutter/src/rendering/proxy_box.dart:118:18)
#121    RenderObject.layout (package:flutter/src/rendering/object.dart:2907:7)
#122    RenderProxyBoxMixin.performLayout (package:flutter/src/rendering/proxy_box.dart:118:18)
#123    RenderObject.layout (package:flutter/src/rendering/object.dart:2907:7)
#124    RenderProxyBoxMixin.performLayout (package:flutter/src/rendering/proxy_box.dart:118:18)
#125    RenderObject.layout (package:flutter/src/rendering/object.dart:2907:7)
#126    RenderProxyBoxMixin.performLayout (package:flutter/src/rendering/proxy_box.dart:118:18)
#127    RenderObject.layout (package:flutter/src/rendering/object.dart:2907:7)
#128    RenderProxyBoxMixin.performLayout (package:flutter/src/rendering/proxy_box.dart:118:18)
#129    RenderObject.layout (package:flutter/src/rendering/object.dart:2907:7)
#130    RenderProxyBoxMixin.performLayout (package:flutter/src/rendering/proxy_box.dart:118:18)
#131    RenderObject.layout (package:flutter/src/rendering/object.dart:2907:7)
#132    RenderView.performLayout (package:flutter/src/rendering/view.dart:292:12)
#133    RenderObject._layoutWithoutResize (package:flutter/src/rendering/object.dart:2755:7)
#134    PipelineOwner.flushLayout (package:flutter/src/rendering/object.dart:1174:18)
#135    PipelineOwner.flushLayout (package:flutter/src/rendering/object.dart:1187:15)
#136    AutomatedTestWidgetsFlutterBinding.drawFrame (package:flutter_test/src/binding.dart:2433:27)
#137    RendererBinding._handlePersistentFrameCallback (package:flutter/src/rendering/binding.dart:509:5)
#138    SchedulerBinding._invokeFrameCallback (package:flutter/src/scheduler/binding.dart:1430:15)
#139    SchedulerBinding.handleDrawFrame (package:flutter/src/scheduler/binding.dart:1345:9)
#140    AutomatedTestWidgetsFlutterBinding.pump.<anonymous closure> (package:flutter_test/src/binding.dart:2260:9)
#143    TestAsyncUtils.guard (package:flutter_test/src/test_async_utils.dart:74:41)
#144    AutomatedTestWidgetsFlutterBinding.pump (package:flutter_test/src/binding.dart:2249:27)
#145    WidgetTester.pumpWidget.<anonymous closure> (package:flutter_test/src/widget_tester.dart:598:22)
#148    TestAsyncUtils.guard (package:flutter_test/src/test_async_utils.dart:74:41)
#149    WidgetTester.pumpWidget (package:flutter_test/src/widget_tester.dart:595:27)
#150    main.<anonymous closure>.<anonymous closure> (file:///Y:/AndroidStudioProject/Github/expert-project/test/presentation/pages/tv_detail_page_test.dart:88:20)
#151    testWidgets.<anonymous closure>.<anonymous closure> (package:flutter_test/src/widget_tester.dart:192:29)
<asynchronous suspension>
#152    TestWidgetsFlutterBinding._runTestBody (package:flutter_test/src/binding.dart:1952:5)
<asynchronous suspension>
<asynchronous suspension>
(elided 7 frames from class _AssertionError, dart:async, and package:stack_trace)

The following RenderObject was being processed when the exception was fired: RenderPointerListener#c769b relayoutBoundary=up17 NEEDS-LAYOUT NEEDS-PAINT NEEDS-COMPOSITING-BITS-UPDATE:
  creator: Listener ΓåÉ _GestureSemantics ΓåÉ
    RawGestureDetector-[LabeledGlobalKey<RawGestureDetectorState>#f6b66] ΓåÉ Listener ΓåÉ _ScrollableScope
    ΓåÉ _ScrollSemantics-[GlobalKey#012b0] ΓåÉ NotificationListener<ScrollMetricsNotification> ΓåÉ Transform
    ΓåÉ StretchEffect ΓåÉ ClipRect ΓåÉ AnimatedBuilder ΓåÉ NotificationListener<ScrollNotification> ΓåÉ Γï»
  parentData: <none> (can use size)
  constraints: BoxConstraints(0.0<=w<=768.0, 0.0<=h<=Infinity)
  size: MISSING
  behavior: opaque
  listeners: down, panZoomStart
This RenderObject had the following descendants (showing up to depth 5):
    child: RenderSemanticsAnnotations#8e06c relayoutBoundary=up18 NEEDS-PAINT NEEDS-COMPOSITING-BITS-UPDATE
      child: RenderIgnorePointer#5e9db relayoutBoundary=up19 NEEDS-PAINT NEEDS-COMPOSITING-BITS-UPDATE
        child: RenderViewport#fe4d8 NEEDS-PAINT NEEDS-COMPOSITING-BITS-UPDATE
          center child: RenderSliverPadding#38a32 NEEDS-LAYOUT NEEDS-PAINT NEEDS-COMPOSITING-BITS-UPDATE
            child: RenderSliverList#c95b2 NEEDS-LAYOUT NEEDS-PAINT
ΓòÉΓòÉΓòÉΓòÉΓòÉΓòÉΓòÉΓòÉΓòÉΓòÉΓòÉΓòÉΓòÉΓòÉΓòÉΓòÉΓòÉΓòÉΓòÉΓòÉΓòÉΓòÉΓòÉΓòÉΓòÉΓòÉΓòÉΓòÉΓòÉΓòÉΓòÉΓòÉΓòÉΓòÉΓòÉΓòÉΓòÉΓòÉΓòÉΓòÉΓòÉΓòÉΓòÉΓòÉΓòÉΓòÉΓòÉΓòÉΓòÉΓòÉΓòÉΓòÉΓòÉΓòÉΓòÉΓòÉΓòÉΓòÉΓòÉΓòÉΓòÉΓòÉΓòÉΓòÉΓòÉΓòÉΓòÉΓòÉΓòÉΓòÉΓòÉΓòÉΓòÉΓòÉΓòÉΓòÉΓòÉΓòÉΓòÉΓòÉΓòÉΓòÉΓòÉΓòÉΓòÉΓòÉΓòÉΓòÉΓòÉΓòÉΓòÉΓòÉΓòÉΓòÉΓòÉΓòÉΓòÉΓòÉΓòÉΓòÉ
ΓòÉΓòÉΓòí EXCEPTION CAUGHT BY RENDERING LIBRARY Γò₧ΓòÉΓòÉΓòÉΓòÉΓòÉΓòÉΓòÉΓòÉΓòÉΓòÉΓòÉΓòÉΓòÉΓòÉΓòÉΓòÉΓòÉΓòÉΓòÉΓòÉΓòÉΓòÉΓòÉΓòÉΓòÉΓòÉΓòÉΓòÉΓòÉΓòÉΓòÉΓòÉΓòÉΓòÉΓòÉΓòÉΓòÉΓòÉΓòÉΓòÉΓòÉΓòÉΓòÉΓòÉΓòÉΓòÉΓòÉΓòÉΓòÉΓòÉΓòÉΓòÉΓòÉΓòÉΓòÉΓòÉΓòÉ
The following assertion was thrown during performLayout():
RenderBox was not laid out: RenderPointerListener#c769b relayoutBoundary=up17 NEEDS-PAINT
NEEDS-COMPOSITING-BITS-UPDATE
'package:flutter/src/rendering/box.dart':
Failed assertion: line 2251 pos 12: 'hasSize'

Either the assertion indicates an error in the framework itself, or we should provide substantially
more information in this error message to help you determine and fix the underlying cause.
In either case, please report this assertion by filing a bug on GitHub:
  https://github.com/flutter/flutter/issues/new?template=02_bug.yml

The relevant error-causing widget was:
  ListView
  ListView:file:///Y:/AndroidStudioProject/Github/expert-project/lib/presentation/pages/tv_detail_page.dart:184:38

When the exception was thrown, this was the stack:
#2      RenderBox.size (package:flutter/src/rendering/box.dart:2251:12)
#3      RenderProxyBoxMixin.performLayout (package:flutter/src/rendering/proxy_box.dart:118:62)
#4      RenderObject.layout (package:flutter/src/rendering/object.dart:2907:7)
#5      RenderProxyBoxMixin.performLayout (package:flutter/src/rendering/proxy_box.dart:118:18)
#6      RenderObject.layout (package:flutter/src/rendering/object.dart:2907:7)
#7      RenderProxyBoxMixin.performLayout (package:flutter/src/rendering/proxy_box.dart:118:18)
#8      RenderObject.layout (package:flutter/src/rendering/object.dart:2907:7)
#9      RenderProxyBoxMixin.performLayout (package:flutter/src/rendering/proxy_box.dart:118:18)
#10     RenderObject.layout (package:flutter/src/rendering/object.dart:2907:7)
#11     RenderProxyBoxMixin.performLayout (package:flutter/src/rendering/proxy_box.dart:118:18)
#12     _RenderCustomClip.performLayout (package:flutter/src/rendering/proxy_box.dart:1549:11)
#13     RenderObject.layout (package:flutter/src/rendering/object.dart:2907:7)
#14     ChildLayoutHelper.layoutChild (package:flutter/src/rendering/layout_helper.dart:62:11)
#15     RenderFlex._computeSizes (package:flutter/src/rendering/flex.dart:1237:28)
#16     RenderFlex.performLayout (package:flutter/src/rendering/flex.dart:1329:32)
#17     RenderObject.layout (package:flutter/src/rendering/object.dart:2907:7)
#18     _RenderSingleChildViewport.performLayout (package:flutter/src/widgets/single_child_scroll_view.dart:502:14)
#19     RenderObject.layout (package:flutter/src/rendering/object.dart:2907:7)
#20     RenderProxyBoxMixin.performLayout (package:flutter/src/rendering/proxy_box.dart:118:18)
#21     RenderObject.layout (package:flutter/src/rendering/object.dart:2907:7)
#22     RenderProxyBoxMixin.performLayout (package:flutter/src/rendering/proxy_box.dart:118:18)
#23     RenderObject.layout (package:flutter/src/rendering/object.dart:2907:7)
#24     RenderProxyBoxMixin.performLayout (package:flutter/src/rendering/proxy_box.dart:118:18)
#25     RenderObject.layout (package:flutter/src/rendering/object.dart:2907:7)
#26     RenderProxyBoxMixin.performLayout (package:flutter/src/rendering/proxy_box.dart:118:18)
#27     RenderObject.layout (package:flutter/src/rendering/object.dart:2907:7)
#28     RenderProxyBoxMixin.performLayout (package:flutter/src/rendering/proxy_box.dart:118:18)
#29     RenderObject.layout (package:flutter/src/rendering/object.dart:2907:7)
#30     RenderProxyBoxMixin.performLayout (package:flutter/src/rendering/proxy_box.dart:118:18)
#31     RenderObject.layout (package:flutter/src/rendering/object.dart:2907:7)
#32     RenderProxyBoxMixin.performLayout (package:flutter/src/rendering/proxy_box.dart:118:18)
#33     RenderObject.layout (package:flutter/src/rendering/object.dart:2907:7)
#34     RenderProxyBoxMixin.performLayout (package:flutter/src/rendering/proxy_box.dart:118:18)
#35     _RenderCustomClip.performLayout (package:flutter/src/rendering/proxy_box.dart:1549:11)
#36     RenderObject.layout (package:flutter/src/rendering/object.dart:2907:7)
#37     RenderPadding.performLayout (package:flutter/src/rendering/shifted_box.dart:262:12)
#38     RenderObject.layout (package:flutter/src/rendering/object.dart:2907:7)
#39     ChildLayoutHelper.layoutChild (package:flutter/src/rendering/layout_helper.dart:62:11)
#40     RenderStack._computeSize (package:flutter/src/rendering/stack.dart:647:43)
#41     RenderStack.performLayout (package:flutter/src/rendering/stack.dart:682:12)
#42     RenderObject.layout (package:flutter/src/rendering/object.dart:2907:7)
#43     RenderPadding.performLayout (package:flutter/src/rendering/shifted_box.dart:262:12)
#44     RenderObject.layout (package:flutter/src/rendering/object.dart:2907:7)
#45     RenderProxyBoxMixin.performLayout (package:flutter/src/rendering/proxy_box.dart:118:18)
#46     RenderObject.layout (package:flutter/src/rendering/object.dart:2907:7)
#47     RenderFractionallySizedOverflowBox.performLayout (package:flutter/src/rendering/shifted_box.dart:1298:14)
#48     RenderObject.layout (package:flutter/src/rendering/object.dart:2907:7)
#49     RenderConstrainedBox.performLayout (package:flutter/src/rendering/proxy_box.dart:296:14)
#50     RenderObject.layout (package:flutter/src/rendering/object.dart:2907:7)
#51     _RenderLayoutBuilder.performLayout (package:flutter/src/widgets/layout_builder.dart:449:14)
#52     RenderObject.layout (package:flutter/src/rendering/object.dart:2907:7)
#53     RenderPadding.performLayout (package:flutter/src/rendering/shifted_box.dart:262:12)
#54     RenderObject.layout (package:flutter/src/rendering/object.dart:2907:7)
#55     ChildLayoutHelper.layoutChild (package:flutter/src/rendering/layout_helper.dart:62:11)
#56     RenderStack._computeSize (package:flutter/src/rendering/stack.dart:647:43)
#57     RenderStack.performLayout (package:flutter/src/rendering/stack.dart:682:12)
#58     RenderObject.layout (package:flutter/src/rendering/object.dart:2907:7)
#59     RenderPadding.performLayout (package:flutter/src/rendering/shifted_box.dart:262:12)
#60     RenderObject.layout (package:flutter/src/rendering/object.dart:2907:7)
#61     MultiChildLayoutDelegate.layoutChild (package:flutter/src/rendering/custom_layout.dart:180:12)
#62     _ScaffoldLayout.performLayout (package:flutter/src/material/scaffold.dart:1113:7)
#63     MultiChildLayoutDelegate._callPerformLayout (package:flutter/src/rendering/custom_layout.dart:246:7)
#64     RenderCustomMultiChildLayoutBox.performLayout (package:flutter/src/rendering/custom_layout.dart:417:14)
#65     RenderObject.layout (package:flutter/src/rendering/object.dart:2907:7)
#66     RenderProxyBoxMixin.performLayout (package:flutter/src/rendering/proxy_box.dart:118:18)
#67     RenderObject.layout (package:flutter/src/rendering/object.dart:2907:7)
#68     RenderProxyBoxMixin.performLayout (package:flutter/src/rendering/proxy_box.dart:118:18)
#69     _RenderCustomClip.performLayout (package:flutter/src/rendering/proxy_box.dart:1549:11)
#70     RenderObject.layout (package:flutter/src/rendering/object.dart:2907:7)
#71     RenderProxyBoxMixin.performLayout (package:flutter/src/rendering/proxy_box.dart:118:18)
#72     RenderObject.layout (package:flutter/src/rendering/object.dart:2907:7)
#73     RenderProxyBoxMixin.performLayout (package:flutter/src/rendering/proxy_box.dart:118:18)
#74     RenderObject.layout (package:flutter/src/rendering/object.dart:2907:7)
#75     RenderProxyBoxMixin.performLayout (package:flutter/src/rendering/proxy_box.dart:118:18)
#76     RenderObject.layout (package:flutter/src/rendering/object.dart:2907:7)
#77     RenderProxyBoxMixin.performLayout (package:flutter/src/rendering/proxy_box.dart:118:18)
#78     RenderObject.layout (package:flutter/src/rendering/object.dart:2907:7)
#79     RenderProxyBoxMixin.performLayout (package:flutter/src/rendering/proxy_box.dart:118:18)
#80     RenderObject.layout (package:flutter/src/rendering/object.dart:2907:7)
#81     RenderProxyBoxMixin.performLayout (package:flutter/src/rendering/proxy_box.dart:118:18)
#82     RenderObject.layout (package:flutter/src/rendering/object.dart:2907:7)
#83     RenderProxyBoxMixin.performLayout (package:flutter/src/rendering/proxy_box.dart:118:18)
#84     RenderObject.layout (package:flutter/src/rendering/object.dart:2907:7)
#85     RenderProxyBoxMixin.performLayout (package:flutter/src/rendering/proxy_box.dart:118:18)
#86     RenderObject.layout (package:flutter/src/rendering/object.dart:2907:7)
#87     RenderProxyBoxMixin.performLayout (package:flutter/src/rendering/proxy_box.dart:118:18)
#88     RenderObject.layout (package:flutter/src/rendering/object.dart:2907:7)
#89     RenderProxyBoxMixin.performLayout (package:flutter/src/rendering/proxy_box.dart:118:18)
#90     RenderObject.layout (package:flutter/src/rendering/object.dart:2907:7)
#91     RenderProxyBoxMixin.performLayout (package:flutter/src/rendering/proxy_box.dart:118:18)
#92     RenderObject.layout (package:flutter/src/rendering/object.dart:2907:7)
#93     RenderProxyBoxMixin.performLayout (package:flutter/src/rendering/proxy_box.dart:118:18)
#94     RenderObject.layout (package:flutter/src/rendering/object.dart:2907:7)
#95     RenderProxyBoxMixin.performLayout (package:flutter/src/rendering/proxy_box.dart:118:18)
#96     RenderObject.layout (package:flutter/src/rendering/object.dart:2907:7)
#97     RenderProxyBoxMixin.performLayout (package:flutter/src/rendering/proxy_box.dart:118:18)
#98     RenderObject.layout (package:flutter/src/rendering/object.dart:2907:7)
#99     RenderProxyBoxMixin.performLayout (package:flutter/src/rendering/proxy_box.dart:118:18)
#100    RenderObject.layout (package:flutter/src/rendering/object.dart:2907:7)
#101    RenderProxyBoxMixin.performLayout (package:flutter/src/rendering/proxy_box.dart:118:18)
#102    RenderOffstage.performLayout (package:flutter/src/rendering/proxy_box.dart:3923:13)
#103    RenderObject.layout (package:flutter/src/rendering/object.dart:2907:7)
#104    RenderProxyBoxMixin.performLayout (package:flutter/src/rendering/proxy_box.dart:118:18)
#105    RenderObject.layout (package:flutter/src/rendering/object.dart:2907:7)
#106    _RenderTheaterMixin.layoutChild (package:flutter/src/widgets/overlay.dart:1124:13)
#107    _RenderTheater.performLayout (package:flutter/src/widgets/overlay.dart:1481:9)
#108    RenderObject.layout (package:flutter/src/rendering/object.dart:2907:7)
#109    RenderProxyBoxMixin.performLayout (package:flutter/src/rendering/proxy_box.dart:118:18)
#110    RenderObject.layout (package:flutter/src/rendering/object.dart:2907:7)
#111    RenderProxyBoxMixin.performLayout (package:flutter/src/rendering/proxy_box.dart:118:18)
#112    RenderObject.layout (package:flutter/src/rendering/object.dart:2907:7)
#113    RenderProxyBoxMixin.performLayout (package:flutter/src/rendering/proxy_box.dart:118:18)
#114    RenderObject.layout (package:flutter/src/rendering/object.dart:2907:7)
#115    RenderProxyBoxMixin.performLayout (package:flutter/src/rendering/proxy_box.dart:118:18)
#116    RenderCustomPaint.performLayout (package:flutter/src/rendering/custom_paint.dart:574:11)
#117    RenderObject.layout (package:flutter/src/rendering/object.dart:2907:7)
#118    RenderProxyBoxMixin.performLayout (package:flutter/src/rendering/proxy_box.dart:118:18)
#119    RenderObject.layout (package:flutter/src/rendering/object.dart:2907:7)
#120    RenderProxyBoxMixin.performLayout (package:flutter/src/rendering/proxy_box.dart:118:18)
#121    RenderObject.layout (package:flutter/src/rendering/object.dart:2907:7)
#122    RenderProxyBoxMixin.performLayout (package:flutter/src/rendering/proxy_box.dart:118:18)
#123    RenderObject.layout (package:flutter/src/rendering/object.dart:2907:7)
#124    RenderProxyBoxMixin.performLayout (package:flutter/src/rendering/proxy_box.dart:118:18)
#125    RenderObject.layout (package:flutter/src/rendering/object.dart:2907:7)
#126    RenderProxyBoxMixin.performLayout (package:flutter/src/rendering/proxy_box.dart:118:18)
#127    RenderObject.layout (package:flutter/src/rendering/object.dart:2907:7)
#128    RenderProxyBoxMixin.performLayout (package:flutter/src/rendering/proxy_box.dart:118:18)
#129    RenderObject.layout (package:flutter/src/rendering/object.dart:2907:7)
#130    RenderView.performLayout (package:flutter/src/rendering/view.dart:292:12)
#131    RenderObject._layoutWithoutResize (package:flutter/src/rendering/object.dart:2755:7)
#132    PipelineOwner.flushLayout (package:flutter/src/rendering/object.dart:1174:18)
#133    PipelineOwner.flushLayout (package:flutter/src/rendering/object.dart:1187:15)
#134    AutomatedTestWidgetsFlutterBinding.drawFrame (package:flutter_test/src/binding.dart:2433:27)
#135    RendererBinding._handlePersistentFrameCallback (package:flutter/src/rendering/binding.dart:509:5)
#136    SchedulerBinding._invokeFrameCallback (package:flutter/src/scheduler/binding.dart:1430:15)
#137    SchedulerBinding.handleDrawFrame (package:flutter/src/scheduler/binding.dart:1345:9)
#138    AutomatedTestWidgetsFlutterBinding.pump.<anonymous closure> (package:flutter_test/src/binding.dart:2260:9)
#141    TestAsyncUtils.guard (package:flutter_test/src/test_async_utils.dart:74:41)
#142    AutomatedTestWidgetsFlutterBinding.pump (package:flutter_test/src/binding.dart:2249:27)
#143    WidgetTester.pumpWidget.<anonymous closure> (package:flutter_test/src/widget_tester.dart:598:22)
#146    TestAsyncUtils.guard (package:flutter_test/src/test_async_utils.dart:74:41)
#147    WidgetTester.pumpWidget (package:flutter_test/src/widget_tester.dart:595:27)
#148    main.<anonymous closure>.<anonymous closure> (file:///Y:/AndroidStudioProject/Github/expert-project/test/presentation/pages/tv_detail_page_test.dart:88:20)
#149    testWidgets.<anonymous closure>.<anonymous closure> (package:flutter_test/src/widget_tester.dart:192:29)
<asynchronous suspension>
#150    TestWidgetsFlutterBinding._runTestBody (package:flutter_test/src/binding.dart:1952:5)
<asynchronous suspension>
<asynchronous suspension>
(elided 7 frames from class _AssertionError, dart:async, and package:stack_trace)

The following RenderObject was being processed when the exception was fired: RenderSemanticsGestureHandler#b4229 relayoutBoundary=up16 NEEDS-LAYOUT NEEDS-PAINT NEEDS-COMPOSITING-BITS-UPDATE:
  creator: _GestureSemantics ΓåÉ RawGestureDetector-[LabeledGlobalKey<RawGestureDetectorState>#f6b66] ΓåÉ
    Listener ΓåÉ _ScrollableScope ΓåÉ _ScrollSemantics-[GlobalKey#012b0] ΓåÉ
    NotificationListener<ScrollMetricsNotification> ΓåÉ Transform ΓåÉ StretchEffect ΓåÉ ClipRect ΓåÉ
    AnimatedBuilder ΓåÉ NotificationListener<ScrollNotification> ΓåÉ StretchingOverscrollIndicator ΓåÉ Γï»
  parentData: <none> (can use size)
  constraints: BoxConstraints(0.0<=w<=768.0, 0.0<=h<=Infinity)
  size: MISSING
  behavior: opaque
  gestures: <none>
This RenderObject had the following descendants (showing up to depth 5):
    child: RenderPointerListener#c769b relayoutBoundary=up17 NEEDS-PAINT NEEDS-COMPOSITING-BITS-UPDATE
      child: RenderSemanticsAnnotations#8e06c relayoutBoundary=up18 NEEDS-PAINT NEEDS-COMPOSITING-BITS-UPDATE
        child: RenderIgnorePointer#5e9db relayoutBoundary=up19 NEEDS-PAINT NEEDS-COMPOSITING-BITS-UPDATE
          child: RenderViewport#fe4d8 NEEDS-PAINT NEEDS-COMPOSITING-BITS-UPDATE
            center child: RenderSliverPadding#38a32 NEEDS-LAYOUT NEEDS-PAINT NEEDS-COMPOSITING-BITS-UPDATE
ΓòÉΓòÉΓòÉΓòÉΓòÉΓòÉΓòÉΓòÉΓòÉΓòÉΓòÉΓòÉΓòÉΓòÉΓòÉΓòÉΓòÉΓòÉΓòÉΓòÉΓòÉΓòÉΓòÉΓòÉΓòÉΓòÉΓòÉΓòÉΓòÉΓòÉΓòÉΓòÉΓòÉΓòÉΓòÉΓòÉΓòÉΓòÉΓòÉΓòÉΓòÉΓòÉΓòÉΓòÉΓòÉΓòÉΓòÉΓòÉΓòÉΓòÉΓòÉΓòÉΓòÉΓòÉΓòÉΓòÉΓòÉΓòÉΓòÉΓòÉΓòÉΓòÉΓòÉΓòÉΓòÉΓòÉΓòÉΓòÉΓòÉΓòÉΓòÉΓòÉΓòÉΓòÉΓòÉΓòÉΓòÉΓòÉΓòÉΓòÉΓòÉΓòÉΓòÉΓòÉΓòÉΓòÉΓòÉΓòÉΓòÉΓòÉΓòÉΓòÉΓòÉΓòÉΓòÉΓòÉΓòÉΓòÉΓòÉΓòÉ
ΓòÉΓòÉΓòí EXCEPTION CAUGHT BY RENDERING LIBRARY Γò₧ΓòÉΓòÉΓòÉΓòÉΓòÉΓòÉΓòÉΓòÉΓòÉΓòÉΓòÉΓòÉΓòÉΓòÉΓòÉΓòÉΓòÉΓòÉΓòÉΓòÉΓòÉΓòÉΓòÉΓòÉΓòÉΓòÉΓòÉΓòÉΓòÉΓòÉΓòÉΓòÉΓòÉΓòÉΓòÉΓòÉΓòÉΓòÉΓòÉΓòÉΓòÉΓòÉΓòÉΓòÉΓòÉΓòÉΓòÉΓòÉΓòÉΓòÉΓòÉΓòÉΓòÉΓòÉΓòÉΓòÉΓòÉ
The following assertion was thrown during performLayout():
RenderBox was not laid out: RenderSemanticsGestureHandler#b4229 relayoutBoundary=up16 NEEDS-PAINT
NEEDS-COMPOSITING-BITS-UPDATE
'package:flutter/src/rendering/box.dart':
Failed assertion: line 2251 pos 12: 'hasSize'

Either the assertion indicates an error in the framework itself, or we should provide substantially
more information in this error message to help you determine and fix the underlying cause.
In either case, please report this assertion by filing a bug on GitHub:
  https://github.com/flutter/flutter/issues/new?template=02_bug.yml

The relevant error-causing widget was:
  ListView
  ListView:file:///Y:/AndroidStudioProject/Github/expert-project/lib/presentation/pages/tv_detail_page.dart:184:38

When the exception was thrown, this was the stack:
#2      RenderBox.size (package:flutter/src/rendering/box.dart:2251:12)
#3      RenderProxyBoxMixin.performLayout (package:flutter/src/rendering/proxy_box.dart:118:62)
#4      RenderObject.layout (package:flutter/src/rendering/object.dart:2907:7)
#5      RenderProxyBoxMixin.performLayout (package:flutter/src/rendering/proxy_box.dart:118:18)
#6      RenderObject.layout (package:flutter/src/rendering/object.dart:2907:7)
#7      RenderProxyBoxMixin.performLayout (package:flutter/src/rendering/proxy_box.dart:118:18)
#8      RenderObject.layout (package:flutter/src/rendering/object.dart:2907:7)
#9      RenderProxyBoxMixin.performLayout (package:flutter/src/rendering/proxy_box.dart:118:18)
#10     _RenderCustomClip.performLayout (package:flutter/src/rendering/proxy_box.dart:1549:11)
#11     RenderObject.layout (package:flutter/src/rendering/object.dart:2907:7)
#12     ChildLayoutHelper.layoutChild (package:flutter/src/rendering/layout_helper.dart:62:11)
#13     RenderFlex._computeSizes (package:flutter/src/rendering/flex.dart:1237:28)
#14     RenderFlex.performLayout (package:flutter/src/rendering/flex.dart:1329:32)
#15     RenderObject.layout (package:flutter/src/rendering/object.dart:2907:7)
#16     _RenderSingleChildViewport.performLayout (package:flutter/src/widgets/single_child_scroll_view.dart:502:14)
#17     RenderObject.layout (package:flutter/src/rendering/object.dart:2907:7)
#18     RenderProxyBoxMixin.performLayout (package:flutter/src/rendering/proxy_box.dart:118:18)
#19     RenderObject.layout (package:flutter/src/rendering/object.dart:2907:7)
#20     RenderProxyBoxMixin.performLayout (package:flutter/src/rendering/proxy_box.dart:118:18)
#21     RenderObject.layout (package:flutter/src/rendering/object.dart:2907:7)
#22     RenderProxyBoxMixin.performLayout (package:flutter/src/rendering/proxy_box.dart:118:18)
#23     RenderObject.layout (package:flutter/src/rendering/object.dart:2907:7)
#24     RenderProxyBoxMixin.performLayout (package:flutter/src/rendering/proxy_box.dart:118:18)
#25     RenderObject.layout (package:flutter/src/rendering/object.dart:2907:7)
#26     RenderProxyBoxMixin.performLayout (package:flutter/src/rendering/proxy_box.dart:118:18)
#27     RenderObject.layout (package:flutter/src/rendering/object.dart:2907:7)
#28     RenderProxyBoxMixin.performLayout (package:flutter/src/rendering/proxy_box.dart:118:18)
#29     RenderObject.layout (package:flutter/src/rendering/object.dart:2907:7)
#30     RenderProxyBoxMixin.performLayout (package:flutter/src/rendering/proxy_box.dart:118:18)
#31     RenderObject.layout (package:flutter/src/rendering/object.dart:2907:7)
#32     RenderProxyBoxMixin.performLayout (package:flutter/src/rendering/proxy_box.dart:118:18)
#33     _RenderCustomClip.performLayout (package:flutter/src/rendering/proxy_box.dart:1549:11)
#34     RenderObject.layout (package:flutter/src/rendering/object.dart:2907:7)
#35     RenderPadding.performLayout (package:flutter/src/rendering/shifted_box.dart:262:12)
#36     RenderObject.layout (package:flutter/src/rendering/object.dart:2907:7)
#37     ChildLayoutHelper.layoutChild (package:flutter/src/rendering/layout_helper.dart:62:11)
#38     RenderStack._computeSize (package:flutter/src/rendering/stack.dart:647:43)
#39     RenderStack.performLayout (package:flutter/src/rendering/stack.dart:682:12)
#40     RenderObject.layout (package:flutter/src/rendering/object.dart:2907:7)
#41     RenderPadding.performLayout (package:flutter/src/rendering/shifted_box.dart:262:12)
#42     RenderObject.layout (package:flutter/src/rendering/object.dart:2907:7)
#43     RenderProxyBoxMixin.performLayout (package:flutter/src/rendering/proxy_box.dart:118:18)
#44     RenderObject.layout (package:flutter/src/rendering/object.dart:2907:7)
#45     RenderFractionallySizedOverflowBox.performLayout (package:flutter/src/rendering/shifted_box.dart:1298:14)
#46     RenderObject.layout (package:flutter/src/rendering/object.dart:2907:7)
#47     RenderConstrainedBox.performLayout (package:flutter/src/rendering/proxy_box.dart:296:14)
#48     RenderObject.layout (package:flutter/src/rendering/object.dart:2907:7)
#49     _RenderLayoutBuilder.performLayout (package:flutter/src/widgets/layout_builder.dart:449:14)
#50     RenderObject.layout (package:flutter/src/rendering/object.dart:2907:7)
#51     RenderPadding.performLayout (package:flutter/src/rendering/shifted_box.dart:262:12)
#52     RenderObject.layout (package:flutter/src/rendering/object.dart:2907:7)
#53     ChildLayoutHelper.layoutChild (package:flutter/src/rendering/layout_helper.dart:62:11)
#54     RenderStack._computeSize (package:flutter/src/rendering/stack.dart:647:43)
#55     RenderStack.performLayout (package:flutter/src/rendering/stack.dart:682:12)
#56     RenderObject.layout (package:flutter/src/rendering/object.dart:2907:7)
#57     RenderPadding.performLayout (package:flutter/src/rendering/shifted_box.dart:262:12)
#58     RenderObject.layout (package:flutter/src/rendering/object.dart:2907:7)
#59     MultiChildLayoutDelegate.layoutChild (package:flutter/src/rendering/custom_layout.dart:180:12)
#60     _ScaffoldLayout.performLayout (package:flutter/src/material/scaffold.dart:1113:7)
#61     MultiChildLayoutDelegate._callPerformLayout (package:flutter/src/rendering/custom_layout.dart:246:7)
#62     RenderCustomMultiChildLayoutBox.performLayout (package:flutter/src/rendering/custom_layout.dart:417:14)
#63     RenderObject.layout (package:flutter/src/rendering/object.dart:2907:7)
#64     RenderProxyBoxMixin.performLayout (package:flutter/src/rendering/proxy_box.dart:118:18)
#65     RenderObject.layout (package:flutter/src/rendering/object.dart:2907:7)
#66     RenderProxyBoxMixin.performLayout (package:flutter/src/rendering/proxy_box.dart:118:18)
#67     _RenderCustomClip.performLayout (package:flutter/src/rendering/proxy_box.dart:1549:11)
#68     RenderObject.layout (package:flutter/src/rendering/object.dart:2907:7)
#69     RenderProxyBoxMixin.performLayout (package:flutter/src/rendering/proxy_box.dart:118:18)
#70     RenderObject.layout (package:flutter/src/rendering/object.dart:2907:7)
#71     RenderProxyBoxMixin.performLayout (package:flutter/src/rendering/proxy_box.dart:118:18)
#72     RenderObject.layout (package:flutter/src/rendering/object.dart:2907:7)
#73     RenderProxyBoxMixin.performLayout (package:flutter/src/rendering/proxy_box.dart:118:18)
#74     RenderObject.layout (package:flutter/src/rendering/object.dart:2907:7)
#75     RenderProxyBoxMixin.performLayout (package:flutter/src/rendering/proxy_box.dart:118:18)
#76     RenderObject.layout (package:flutter/src/rendering/object.dart:2907:7)
#77     RenderProxyBoxMixin.performLayout (package:flutter/src/rendering/proxy_box.dart:118:18)
#78     RenderObject.layout (package:flutter/src/rendering/object.dart:2907:7)
#79     RenderProxyBoxMixin.performLayout (package:flutter/src/rendering/proxy_box.dart:118:18)
#80     RenderObject.layout (package:flutter/src/rendering/object.dart:2907:7)
#81     RenderProxyBoxMixin.performLayout (package:flutter/src/rendering/proxy_box.dart:118:18)
#82     RenderObject.layout (package:flutter/src/rendering/object.dart:2907:7)
#83     RenderProxyBoxMixin.performLayout (package:flutter/src/rendering/proxy_box.dart:118:18)
#84     RenderObject.layout (package:flutter/src/rendering/object.dart:2907:7)
#85     RenderProxyBoxMixin.performLayout (package:flutter/src/rendering/proxy_box.dart:118:18)
#86     RenderObject.layout (package:flutter/src/rendering/object.dart:2907:7)
#87     RenderProxyBoxMixin.performLayout (package:flutter/src/rendering/proxy_box.dart:118:18)
#88     RenderObject.layout (package:flutter/src/rendering/object.dart:2907:7)
#89     RenderProxyBoxMixin.performLayout (package:flutter/src/rendering/proxy_box.dart:118:18)
#90     RenderObject.layout (package:flutter/src/rendering/object.dart:2907:7)
#91     RenderProxyBoxMixin.performLayout (package:flutter/src/rendering/proxy_box.dart:118:18)
#92     RenderObject.layout (package:flutter/src/rendering/object.dart:2907:7)
#93     RenderProxyBoxMixin.performLayout (package:flutter/src/rendering/proxy_box.dart:118:18)
#94     RenderObject.layout (package:flutter/src/rendering/object.dart:2907:7)
#95     RenderProxyBoxMixin.performLayout (package:flutter/src/rendering/proxy_box.dart:118:18)
#96     RenderObject.layout (package:flutter/src/rendering/object.dart:2907:7)
#97     RenderProxyBoxMixin.performLayout (package:flutter/src/rendering/proxy_box.dart:118:18)
#98     RenderObject.layout (package:flutter/src/rendering/object.dart:2907:7)
#99     RenderProxyBoxMixin.performLayout (package:flutter/src/rendering/proxy_box.dart:118:18)
#100    RenderOffstage.performLayout (package:flutter/src/rendering/proxy_box.dart:3923:13)
#101    RenderObject.layout (package:flutter/src/rendering/object.dart:2907:7)
#102    RenderProxyBoxMixin.performLayout (package:flutter/src/rendering/proxy_box.dart:118:18)
#103    RenderObject.layout (package:flutter/src/rendering/object.dart:2907:7)
#104    _RenderTheaterMixin.layoutChild (package:flutter/src/widgets/overlay.dart:1124:13)
#105    _RenderTheater.performLayout (package:flutter/src/widgets/overlay.dart:1481:9)
#106    RenderObject.layout (package:flutter/src/rendering/object.dart:2907:7)
#107    RenderProxyBoxMixin.performLayout (package:flutter/src/rendering/proxy_box.dart:118:18)
#108    RenderObject.layout (package:flutter/src/rendering/object.dart:2907:7)
#109    RenderProxyBoxMixin.performLayout (package:flutter/src/rendering/proxy_box.dart:118:18)
#110    RenderObject.layout (package:flutter/src/rendering/object.dart:2907:7)
#111    RenderProxyBoxMixin.performLayout (package:flutter/src/rendering/proxy_box.dart:118:18)
#112    RenderObject.layout (package:flutter/src/rendering/object.dart:2907:7)
#113    RenderProxyBoxMixin.performLayout (package:flutter/src/rendering/proxy_box.dart:118:18)
#114    RenderCustomPaint.performLayout (package:flutter/src/rendering/custom_paint.dart:574:11)
#115    RenderObject.layout (package:flutter/src/rendering/object.dart:2907:7)
#116    RenderProxyBoxMixin.performLayout (package:flutter/src/rendering/proxy_box.dart:118:18)
#117    RenderObject.layout (package:flutter/src/rendering/object.dart:2907:7)
#118    RenderProxyBoxMixin.performLayout (package:flutter/src/rendering/proxy_box.dart:118:18)
#119    RenderObject.layout (package:flutter/src/rendering/object.dart:2907:7)
#120    RenderProxyBoxMixin.performLayout (package:flutter/src/rendering/proxy_box.dart:118:18)
#121    RenderObject.layout (package:flutter/src/rendering/object.dart:2907:7)
#122    RenderProxyBoxMixin.performLayout (package:flutter/src/rendering/proxy_box.dart:118:18)
#123    RenderObject.layout (package:flutter/src/rendering/object.dart:2907:7)
#124    RenderProxyBoxMixin.performLayout (package:flutter/src/rendering/proxy_box.dart:118:18)
#125    RenderObject.layout (package:flutter/src/rendering/object.dart:2907:7)
#126    RenderProxyBoxMixin.performLayout (package:flutter/src/rendering/proxy_box.dart:118:18)
#127    RenderObject.layout (package:flutter/src/rendering/object.dart:2907:7)
#128    RenderView.performLayout (package:flutter/src/rendering/view.dart:292:12)
#129    RenderObject._layoutWithoutResize (package:flutter/src/rendering/object.dart:2755:7)
#130    PipelineOwner.flushLayout (package:flutter/src/rendering/object.dart:1174:18)
#131    PipelineOwner.flushLayout (package:flutter/src/rendering/object.dart:1187:15)
#132    AutomatedTestWidgetsFlutterBinding.drawFrame (package:flutter_test/src/binding.dart:2433:27)
#133    RendererBinding._handlePersistentFrameCallback (package:flutter/src/rendering/binding.dart:509:5)
#134    SchedulerBinding._invokeFrameCallback (package:flutter/src/scheduler/binding.dart:1430:15)
#135    SchedulerBinding.handleDrawFrame (package:flutter/src/scheduler/binding.dart:1345:9)
#136    AutomatedTestWidgetsFlutterBinding.pump.<anonymous closure> (package:flutter_test/src/binding.dart:2260:9)
#139    TestAsyncUtils.guard (package:flutter_test/src/test_async_utils.dart:74:41)
#140    AutomatedTestWidgetsFlutterBinding.pump (package:flutter_test/src/binding.dart:2249:27)
#141    WidgetTester.pumpWidget.<anonymous closure> (package:flutter_test/src/widget_tester.dart:598:22)
#144    TestAsyncUtils.guard (package:flutter_test/src/test_async_utils.dart:74:41)
#145    WidgetTester.pumpWidget (package:flutter_test/src/widget_tester.dart:595:27)
#146    main.<anonymous closure>.<anonymous closure> (file:///Y:/AndroidStudioProject/Github/expert-project/test/presentation/pages/tv_detail_page_test.dart:88:20)
#147    testWidgets.<anonymous closure>.<anonymous closure> (package:flutter_test/src/widget_tester.dart:192:29)
<asynchronous suspension>
#148    TestWidgetsFlutterBinding._runTestBody (package:flutter_test/src/binding.dart:1952:5)
<asynchronous suspension>
<asynchronous suspension>
(elided 7 frames from class _AssertionError, dart:async, and package:stack_trace)

The following RenderObject was being processed when the exception was fired: RenderPointerListener#a8b72 relayoutBoundary=up15 NEEDS-LAYOUT NEEDS-PAINT NEEDS-COMPOSITING-BITS-UPDATE:
  creator: Listener ΓåÉ _ScrollableScope ΓåÉ _ScrollSemantics-[GlobalKey#012b0] ΓåÉ
    NotificationListener<ScrollMetricsNotification> ΓåÉ Transform ΓåÉ StretchEffect ΓåÉ ClipRect ΓåÉ
    AnimatedBuilder ΓåÉ NotificationListener<ScrollNotification> ΓåÉ StretchingOverscrollIndicator ΓåÉ
    Scrollable ΓåÉ ListView ΓåÉ Γï»
  parentData: <none> (can use size)
  constraints: BoxConstraints(0.0<=w<=768.0, 0.0<=h<=Infinity)
  size: MISSING
  behavior: deferToChild
  listeners: signal
This RenderObject had the following descendants (showing up to depth 5):
    child: RenderSemanticsGestureHandler#b4229 relayoutBoundary=up16 NEEDS-PAINT NEEDS-COMPOSITING-BITS-UPDATE
      child: RenderPointerListener#c769b relayoutBoundary=up17 NEEDS-PAINT NEEDS-COMPOSITING-BITS-UPDATE
        child: RenderSemanticsAnnotations#8e06c relayoutBoundary=up18 NEEDS-PAINT NEEDS-COMPOSITING-BITS-UPDATE
          child: RenderIgnorePointer#5e9db relayoutBoundary=up19 NEEDS-PAINT NEEDS-COMPOSITING-BITS-UPDATE
            child: RenderViewport#fe4d8 NEEDS-PAINT NEEDS-COMPOSITING-BITS-UPDATE
ΓòÉΓòÉΓòÉΓòÉΓòÉΓòÉΓòÉΓòÉΓòÉΓòÉΓòÉΓòÉΓòÉΓòÉΓòÉΓòÉΓòÉΓòÉΓòÉΓòÉΓòÉΓòÉΓòÉΓòÉΓòÉΓòÉΓòÉΓòÉΓòÉΓòÉΓòÉΓòÉΓòÉΓòÉΓòÉΓòÉΓòÉΓòÉΓòÉΓòÉΓòÉΓòÉΓòÉΓòÉΓòÉΓòÉΓòÉΓòÉΓòÉΓòÉΓòÉΓòÉΓòÉΓòÉΓòÉΓòÉΓòÉΓòÉΓòÉΓòÉΓòÉΓòÉΓòÉΓòÉΓòÉΓòÉΓòÉΓòÉΓòÉΓòÉΓòÉΓòÉΓòÉΓòÉΓòÉΓòÉΓòÉΓòÉΓòÉΓòÉΓòÉΓòÉΓòÉΓòÉΓòÉΓòÉΓòÉΓòÉΓòÉΓòÉΓòÉΓòÉΓòÉΓòÉΓòÉΓòÉΓòÉΓòÉΓòÉΓòÉ
ΓòÉΓòÉΓòí EXCEPTION CAUGHT BY RENDERING LIBRARY Γò₧ΓòÉΓòÉΓòÉΓòÉΓòÉΓòÉΓòÉΓòÉΓòÉΓòÉΓòÉΓòÉΓòÉΓòÉΓòÉΓòÉΓòÉΓòÉΓòÉΓòÉΓòÉΓòÉΓòÉΓòÉΓòÉΓòÉΓòÉΓòÉΓòÉΓòÉΓòÉΓòÉΓòÉΓòÉΓòÉΓòÉΓòÉΓòÉΓòÉΓòÉΓòÉΓòÉΓòÉΓòÉΓòÉΓòÉΓòÉΓòÉΓòÉΓòÉΓòÉΓòÉΓòÉΓòÉΓòÉΓòÉΓòÉ
The following assertion was thrown during performLayout():
RenderBox was not laid out: RenderPointerListener#a8b72 relayoutBoundary=up15 NEEDS-PAINT
NEEDS-COMPOSITING-BITS-UPDATE
'package:flutter/src/rendering/box.dart':
Failed assertion: line 2251 pos 12: 'hasSize'

Either the assertion indicates an error in the framework itself, or we should provide substantially
more information in this error message to help you determine and fix the underlying cause.
In either case, please report this assertion by filing a bug on GitHub:
  https://github.com/flutter/flutter/issues/new?template=02_bug.yml

The relevant error-causing widget was:
  ListView
  ListView:file:///Y:/AndroidStudioProject/Github/expert-project/lib/presentation/pages/tv_detail_page.dart:184:38

When the exception was thrown, this was the stack:
#2      RenderBox.size (package:flutter/src/rendering/box.dart:2251:12)
#3      RenderProxyBoxMixin.performLayout (package:flutter/src/rendering/proxy_box.dart:118:62)
#4      RenderObject.layout (package:flutter/src/rendering/object.dart:2907:7)
#5      RenderProxyBoxMixin.performLayout (package:flutter/src/rendering/proxy_box.dart:118:18)
#6      RenderObject.layout (package:flutter/src/rendering/object.dart:2907:7)
#7      RenderProxyBoxMixin.performLayout (package:flutter/src/rendering/proxy_box.dart:118:18)
#8      _RenderCustomClip.performLayout (package:flutter/src/rendering/proxy_box.dart:1549:11)
#9      RenderObject.layout (package:flutter/src/rendering/object.dart:2907:7)
#10     ChildLayoutHelper.layoutChild (package:flutter/src/rendering/layout_helper.dart:62:11)
#11     RenderFlex._computeSizes (package:flutter/src/rendering/flex.dart:1237:28)
#12     RenderFlex.performLayout (package:flutter/src/rendering/flex.dart:1329:32)
#13     RenderObject.layout (package:flutter/src/rendering/object.dart:2907:7)
#14     _RenderSingleChildViewport.performLayout (package:flutter/src/widgets/single_child_scroll_view.dart:502:14)
#15     RenderObject.layout (package:flutter/src/rendering/object.dart:2907:7)
#16     RenderProxyBoxMixin.performLayout (package:flutter/src/rendering/proxy_box.dart:118:18)
#17     RenderObject.layout (package:flutter/src/rendering/object.dart:2907:7)
#18     RenderProxyBoxMixin.performLayout (package:flutter/src/rendering/proxy_box.dart:118:18)
#19     RenderObject.layout (package:flutter/src/rendering/object.dart:2907:7)
#20     RenderProxyBoxMixin.performLayout (package:flutter/src/rendering/proxy_box.dart:118:18)
#21     RenderObject.layout (package:flutter/src/rendering/object.dart:2907:7)
#22     RenderProxyBoxMixin.performLayout (package:flutter/src/rendering/proxy_box.dart:118:18)
#23     RenderObject.layout (package:flutter/src/rendering/object.dart:2907:7)
#24     RenderProxyBoxMixin.performLayout (package:flutter/src/rendering/proxy_box.dart:118:18)
#25     RenderObject.layout (package:flutter/src/rendering/object.dart:2907:7)
#26     RenderProxyBoxMixin.performLayout (package:flutter/src/rendering/proxy_box.dart:118:18)
#27     RenderObject.layout (package:flutter/src/rendering/object.dart:2907:7)
#28     RenderProxyBoxMixin.performLayout (package:flutter/src/rendering/proxy_box.dart:118:18)
#29     RenderObject.layout (package:flutter/src/rendering/object.dart:2907:7)
#30     RenderProxyBoxMixin.performLayout (package:flutter/src/rendering/proxy_box.dart:118:18)
#31     _RenderCustomClip.performLayout (package:flutter/src/rendering/proxy_box.dart:1549:11)
#32     RenderObject.layout (package:flutter/src/rendering/object.dart:2907:7)
#33     RenderPadding.performLayout (package:flutter/src/rendering/shifted_box.dart:262:12)
#34     RenderObject.layout (package:flutter/src/rendering/object.dart:2907:7)
#35     ChildLayoutHelper.layoutChild (package:flutter/src/rendering/layout_helper.dart:62:11)
#36     RenderStack._computeSize (package:flutter/src/rendering/stack.dart:647:43)
#37     RenderStack.performLayout (package:flutter/src/rendering/stack.dart:682:12)
#38     RenderObject.layout (package:flutter/src/rendering/object.dart:2907:7)
#39     RenderPadding.performLayout (package:flutter/src/rendering/shifted_box.dart:262:12)
#40     RenderObject.layout (package:flutter/src/rendering/object.dart:2907:7)
#41     RenderProxyBoxMixin.performLayout (package:flutter/src/rendering/proxy_box.dart:118:18)
#42     RenderObject.layout (package:flutter/src/rendering/object.dart:2907:7)
#43     RenderFractionallySizedOverflowBox.performLayout (package:flutter/src/rendering/shifted_box.dart:1298:14)
#44     RenderObject.layout (package:flutter/src/rendering/object.dart:2907:7)
#45     RenderConstrainedBox.performLayout (package:flutter/src/rendering/proxy_box.dart:296:14)
#46     RenderObject.layout (package:flutter/src/rendering/object.dart:2907:7)
#47     _RenderLayoutBuilder.performLayout (package:flutter/src/widgets/layout_builder.dart:449:14)
#48     RenderObject.layout (package:flutter/src/rendering/object.dart:2907:7)
#49     RenderPadding.performLayout (package:flutter/src/rendering/shifted_box.dart:262:12)
#50     RenderObject.layout (package:flutter/src/rendering/object.dart:2907:7)
#51     ChildLayoutHelper.layoutChild (package:flutter/src/rendering/layout_helper.dart:62:11)
#52     RenderStack._computeSize (package:flutter/src/rendering/stack.dart:647:43)
#53     RenderStack.performLayout (package:flutter/src/rendering/stack.dart:682:12)
#54     RenderObject.layout (package:flutter/src/rendering/object.dart:2907:7)
#55     RenderPadding.performLayout (package:flutter/src/rendering/shifted_box.dart:262:12)
#56     RenderObject.layout (package:flutter/src/rendering/object.dart:2907:7)
#57     MultiChildLayoutDelegate.layoutChild (package:flutter/src/rendering/custom_layout.dart:180:12)
#58     _ScaffoldLayout.performLayout (package:flutter/src/material/scaffold.dart:1113:7)
#59     MultiChildLayoutDelegate._callPerformLayout (package:flutter/src/rendering/custom_layout.dart:246:7)
#60     RenderCustomMultiChildLayoutBox.performLayout (package:flutter/src/rendering/custom_layout.dart:417:14)
#61     RenderObject.layout (package:flutter/src/rendering/object.dart:2907:7)
#62     RenderProxyBoxMixin.performLayout (package:flutter/src/rendering/proxy_box.dart:118:18)
#63     RenderObject.layout (package:flutter/src/rendering/object.dart:2907:7)
#64     RenderProxyBoxMixin.performLayout (package:flutter/src/rendering/proxy_box.dart:118:18)
#65     _RenderCustomClip.performLayout (package:flutter/src/rendering/proxy_box.dart:1549:11)
#66     RenderObject.layout (package:flutter/src/rendering/object.dart:2907:7)
#67     RenderProxyBoxMixin.performLayout (package:flutter/src/rendering/proxy_box.dart:118:18)
#68     RenderObject.layout (package:flutter/src/rendering/object.dart:2907:7)
#69     RenderProxyBoxMixin.performLayout (package:flutter/src/rendering/proxy_box.dart:118:18)
#70     RenderObject.layout (package:flutter/src/rendering/object.dart:2907:7)
#71     RenderProxyBoxMixin.performLayout (package:flutter/src/rendering/proxy_box.dart:118:18)
#72     RenderObject.layout (package:flutter/src/rendering/object.dart:2907:7)
#73     RenderProxyBoxMixin.performLayout (package:flutter/src/rendering/proxy_box.dart:118:18)
#74     RenderObject.layout (package:flutter/src/rendering/object.dart:2907:7)
#75     RenderProxyBoxMixin.performLayout (package:flutter/src/rendering/proxy_box.dart:118:18)
#76     RenderObject.layout (package:flutter/src/rendering/object.dart:2907:7)
#77     RenderProxyBoxMixin.performLayout (package:flutter/src/rendering/proxy_box.dart:118:18)
#78     RenderObject.layout (package:flutter/src/rendering/object.dart:2907:7)
#79     RenderProxyBoxMixin.performLayout (package:flutter/src/rendering/proxy_box.dart:118:18)
#80     RenderObject.layout (package:flutter/src/rendering/object.dart:2907:7)
#81     RenderProxyBoxMixin.performLayout (package:flutter/src/rendering/proxy_box.dart:118:18)
#82     RenderObject.layout (package:flutter/src/rendering/object.dart:2907:7)
#83     RenderProxyBoxMixin.performLayout (package:flutter/src/rendering/proxy_box.dart:118:18)
#84     RenderObject.layout (package:flutter/src/rendering/object.dart:2907:7)
#85     RenderProxyBoxMixin.performLayout (package:flutter/src/rendering/proxy_box.dart:118:18)
#86     RenderObject.layout (package:flutter/src/rendering/object.dart:2907:7)
#87     RenderProxyBoxMixin.performLayout (package:flutter/src/rendering/proxy_box.dart:118:18)
#88     RenderObject.layout (package:flutter/src/rendering/object.dart:2907:7)
#89     RenderProxyBoxMixin.performLayout (package:flutter/src/rendering/proxy_box.dart:118:18)
#90     RenderObject.layout (package:flutter/src/rendering/object.dart:2907:7)
#91     RenderProxyBoxMixin.performLayout (package:flutter/src/rendering/proxy_box.dart:118:18)
#92     RenderObject.layout (package:flutter/src/rendering/object.dart:2907:7)
#93     RenderProxyBoxMixin.performLayout (package:flutter/src/rendering/proxy_box.dart:118:18)
#94     RenderObject.layout (package:flutter/src/rendering/object.dart:2907:7)
#95     RenderProxyBoxMixin.performLayout (package:flutter/src/rendering/proxy_box.dart:118:18)
#96     RenderObject.layout (package:flutter/src/rendering/object.dart:2907:7)
#97     RenderProxyBoxMixin.performLayout (package:flutter/src/rendering/proxy_box.dart:118:18)
#98     RenderOffstage.performLayout (package:flutter/src/rendering/proxy_box.dart:3923:13)
#99     RenderObject.layout (package:flutter/src/rendering/object.dart:2907:7)
#100    RenderProxyBoxMixin.performLayout (package:flutter/src/rendering/proxy_box.dart:118:18)
#101    RenderObject.layout (package:flutter/src/rendering/object.dart:2907:7)
#102    _RenderTheaterMixin.layoutChild (package:flutter/src/widgets/overlay.dart:1124:13)
#103    _RenderTheater.performLayout (package:flutter/src/widgets/overlay.dart:1481:9)
#104    RenderObject.layout (package:flutter/src/rendering/object.dart:2907:7)
#105    RenderProxyBoxMixin.performLayout (package:flutter/src/rendering/proxy_box.dart:118:18)
#106    RenderObject.layout (package:flutter/src/rendering/object.dart:2907:7)
#107    RenderProxyBoxMixin.performLayout (package:flutter/src/rendering/proxy_box.dart:118:18)
#108    RenderObject.layout (package:flutter/src/rendering/object.dart:2907:7)
#109    RenderProxyBoxMixin.performLayout (package:flutter/src/rendering/proxy_box.dart:118:18)
#110    RenderObject.layout (package:flutter/src/rendering/object.dart:2907:7)
#111    RenderProxyBoxMixin.performLayout (package:flutter/src/rendering/proxy_box.dart:118:18)
#112    RenderCustomPaint.performLayout (package:flutter/src/rendering/custom_paint.dart:574:11)
#113    RenderObject.layout (package:flutter/src/rendering/object.dart:2907:7)
#114    RenderProxyBoxMixin.performLayout (package:flutter/src/rendering/proxy_box.dart:118:18)
#115    RenderObject.layout (package:flutter/src/rendering/object.dart:2907:7)
#116    RenderProxyBoxMixin.performLayout (package:flutter/src/rendering/proxy_box.dart:118:18)
#117    RenderObject.layout (package:flutter/src/rendering/object.dart:2907:7)
#118    RenderProxyBoxMixin.performLayout (package:flutter/src/rendering/proxy_box.dart:118:18)
#119    RenderObject.layout (package:flutter/src/rendering/object.dart:2907:7)
#120    RenderProxyBoxMixin.performLayout (package:flutter/src/rendering/proxy_box.dart:118:18)
#121    RenderObject.layout (package:flutter/src/rendering/object.dart:2907:7)
#122    RenderProxyBoxMixin.performLayout (package:flutter/src/rendering/proxy_box.dart:118:18)
#123    RenderObject.layout (package:flutter/src/rendering/object.dart:2907:7)
#124    RenderProxyBoxMixin.performLayout (package:flutter/src/rendering/proxy_box.dart:118:18)
#125    RenderObject.layout (package:flutter/src/rendering/object.dart:2907:7)
#126    RenderView.performLayout (package:flutter/src/rendering/view.dart:292:12)
#127    RenderObject._layoutWithoutResize (package:flutter/src/rendering/object.dart:2755:7)
#128    PipelineOwner.flushLayout (package:flutter/src/rendering/object.dart:1174:18)
#129    PipelineOwner.flushLayout (package:flutter/src/rendering/object.dart:1187:15)
#130    AutomatedTestWidgetsFlutterBinding.drawFrame (package:flutter_test/src/binding.dart:2433:27)
#131    RendererBinding._handlePersistentFrameCallback (package:flutter/src/rendering/binding.dart:509:5)
#132    SchedulerBinding._invokeFrameCallback (package:flutter/src/scheduler/binding.dart:1430:15)
#133    SchedulerBinding.handleDrawFrame (package:flutter/src/scheduler/binding.dart:1345:9)
#134    AutomatedTestWidgetsFlutterBinding.pump.<anonymous closure> (package:flutter_test/src/binding.dart:2260:9)
#137    TestAsyncUtils.guard (package:flutter_test/src/test_async_utils.dart:74:41)
#138    AutomatedTestWidgetsFlutterBinding.pump (package:flutter_test/src/binding.dart:2249:27)
#139    WidgetTester.pumpWidget.<anonymous closure> (package:flutter_test/src/widget_tester.dart:598:22)
#142    TestAsyncUtils.guard (package:flutter_test/src/test_async_utils.dart:74:41)
#143    WidgetTester.pumpWidget (package:flutter_test/src/widget_tester.dart:595:27)
#144    main.<anonymous closure>.<anonymous closure> (file:///Y:/AndroidStudioProject/Github/expert-project/test/presentation/pages/tv_detail_page_test.dart:88:20)
#145    testWidgets.<anonymous closure>.<anonymous closure> (package:flutter_test/src/widget_tester.dart:192:29)
<asynchronous suspension>
#146    TestWidgetsFlutterBinding._runTestBody (package:flutter_test/src/binding.dart:1952:5)
<asynchronous suspension>
<asynchronous suspension>
(elided 7 frames from class _AssertionError, dart:async, and package:stack_trace)

The following RenderObject was being processed when the exception was fired: _RenderScrollSemantics#4199f relayoutBoundary=up14 NEEDS-LAYOUT NEEDS-PAINT NEEDS-COMPOSITING-BITS-UPDATE:
  creator: _ScrollSemantics-[GlobalKey#012b0] ΓåÉ NotificationListener<ScrollMetricsNotification> ΓåÉ
    Transform ΓåÉ StretchEffect ΓåÉ ClipRect ΓåÉ AnimatedBuilder ΓåÉ NotificationListener<ScrollNotification>
    ΓåÉ StretchingOverscrollIndicator ΓåÉ Scrollable ΓåÉ ListView ΓåÉ Column ΓåÉ _SingleChildViewport ΓåÉ Γï»
  parentData: <none> (can use size)
  constraints: BoxConstraints(0.0<=w<=768.0, 0.0<=h<=Infinity)
  semantic boundary
  size: MISSING
This RenderObject had the following descendants (showing up to depth 5):
    child: RenderPointerListener#a8b72 relayoutBoundary=up15 NEEDS-PAINT NEEDS-COMPOSITING-BITS-UPDATE
      child: RenderSemanticsGestureHandler#b4229 relayoutBoundary=up16 NEEDS-PAINT NEEDS-COMPOSITING-BITS-UPDATE
        child: RenderPointerListener#c769b relayoutBoundary=up17 NEEDS-PAINT NEEDS-COMPOSITING-BITS-UPDATE
          child: RenderSemanticsAnnotations#8e06c relayoutBoundary=up18 NEEDS-PAINT NEEDS-COMPOSITING-BITS-UPDATE
            child: RenderIgnorePointer#5e9db relayoutBoundary=up19 NEEDS-PAINT NEEDS-COMPOSITING-BITS-UPDATE
ΓòÉΓòÉΓòÉΓòÉΓòÉΓòÉΓòÉΓòÉΓòÉΓòÉΓòÉΓòÉΓòÉΓòÉΓòÉΓòÉΓòÉΓòÉΓòÉΓòÉΓòÉΓòÉΓòÉΓòÉΓòÉΓòÉΓòÉΓòÉΓòÉΓòÉΓòÉΓòÉΓòÉΓòÉΓòÉΓòÉΓòÉΓòÉΓòÉΓòÉΓòÉΓòÉΓòÉΓòÉΓòÉΓòÉΓòÉΓòÉΓòÉΓòÉΓòÉΓòÉΓòÉΓòÉΓòÉΓòÉΓòÉΓòÉΓòÉΓòÉΓòÉΓòÉΓòÉΓòÉΓòÉΓòÉΓòÉΓòÉΓòÉΓòÉΓòÉΓòÉΓòÉΓòÉΓòÉΓòÉΓòÉΓòÉΓòÉΓòÉΓòÉΓòÉΓòÉΓòÉΓòÉΓòÉΓòÉΓòÉΓòÉΓòÉΓòÉΓòÉΓòÉΓòÉΓòÉΓòÉΓòÉΓòÉΓòÉΓòÉ
ΓòÉΓòÉΓòí EXCEPTION CAUGHT BY RENDERING LIBRARY Γò₧ΓòÉΓòÉΓòÉΓòÉΓòÉΓòÉΓòÉΓòÉΓòÉΓòÉΓòÉΓòÉΓòÉΓòÉΓòÉΓòÉΓòÉΓòÉΓòÉΓòÉΓòÉΓòÉΓòÉΓòÉΓòÉΓòÉΓòÉΓòÉΓòÉΓòÉΓòÉΓòÉΓòÉΓòÉΓòÉΓòÉΓòÉΓòÉΓòÉΓòÉΓòÉΓòÉΓòÉΓòÉΓòÉΓòÉΓòÉΓòÉΓòÉΓòÉΓòÉΓòÉΓòÉΓòÉΓòÉΓòÉΓòÉ
The following assertion was thrown during performLayout():
RenderBox was not laid out: _RenderScrollSemantics#4199f relayoutBoundary=up14 NEEDS-PAINT
NEEDS-COMPOSITING-BITS-UPDATE
'package:flutter/src/rendering/box.dart':
Failed assertion: line 2251 pos 12: 'hasSize'

Either the assertion indicates an error in the framework itself, or we should provide substantially
more information in this error message to help you determine and fix the underlying cause.
In either case, please report this assertion by filing a bug on GitHub:
  https://github.com/flutter/flutter/issues/new?template=02_bug.yml

The relevant error-causing widget was:
  ListView
  ListView:file:///Y:/AndroidStudioProject/Github/expert-project/lib/presentation/pages/tv_detail_page.dart:184:38

When the exception was thrown, this was the stack:
#2      RenderBox.size (package:flutter/src/rendering/box.dart:2251:12)
#3      RenderProxyBoxMixin.performLayout (package:flutter/src/rendering/proxy_box.dart:118:62)
#4      RenderObject.layout (package:flutter/src/rendering/object.dart:2907:7)
#5      RenderProxyBoxMixin.performLayout (package:flutter/src/rendering/proxy_box.dart:118:18)
#6      _RenderCustomClip.performLayout (package:flutter/src/rendering/proxy_box.dart:1549:11)
#7      RenderObject.layout (package:flutter/src/rendering/object.dart:2907:7)
#8      ChildLayoutHelper.layoutChild (package:flutter/src/rendering/layout_helper.dart:62:11)
#9      RenderFlex._computeSizes (package:flutter/src/rendering/flex.dart:1237:28)
#10     RenderFlex.performLayout (package:flutter/src/rendering/flex.dart:1329:32)
#11     RenderObject.layout (package:flutter/src/rendering/object.dart:2907:7)
#12     _RenderSingleChildViewport.performLayout (package:flutter/src/widgets/single_child_scroll_view.dart:502:14)
#13     RenderObject.layout (package:flutter/src/rendering/object.dart:2907:7)
#14     RenderProxyBoxMixin.performLayout (package:flutter/src/rendering/proxy_box.dart:118:18)
#15     RenderObject.layout (package:flutter/src/rendering/object.dart:2907:7)
#16     RenderProxyBoxMixin.performLayout (package:flutter/src/rendering/proxy_box.dart:118:18)
#17     RenderObject.layout (package:flutter/src/rendering/object.dart:2907:7)
#18     RenderProxyBoxMixin.performLayout (package:flutter/src/rendering/proxy_box.dart:118:18)
#19     RenderObject.layout (package:flutter/src/rendering/object.dart:2907:7)
#20     RenderProxyBoxMixin.performLayout (package:flutter/src/rendering/proxy_box.dart:118:18)
#21     RenderObject.layout (package:flutter/src/rendering/object.dart:2907:7)
#22     RenderProxyBoxMixin.performLayout (package:flutter/src/rendering/proxy_box.dart:118:18)
#23     RenderObject.layout (package:flutter/src/rendering/object.dart:2907:7)
#24     RenderProxyBoxMixin.performLayout (package:flutter/src/rendering/proxy_box.dart:118:18)
#25     RenderObject.layout (package:flutter/src/rendering/object.dart:2907:7)
#26     RenderProxyBoxMixin.performLayout (package:flutter/src/rendering/proxy_box.dart:118:18)
#27     RenderObject.layout (package:flutter/src/rendering/object.dart:2907:7)
#28     RenderProxyBoxMixin.performLayout (package:flutter/src/rendering/proxy_box.dart:118:18)
#29     _RenderCustomClip.performLayout (package:flutter/src/rendering/proxy_box.dart:1549:11)
#30     RenderObject.layout (package:flutter/src/rendering/object.dart:2907:7)
#31     RenderPadding.performLayout (package:flutter/src/rendering/shifted_box.dart:262:12)
#32     RenderObject.layout (package:flutter/src/rendering/object.dart:2907:7)
#33     ChildLayoutHelper.layoutChild (package:flutter/src/rendering/layout_helper.dart:62:11)
#34     RenderStack._computeSize (package:flutter/src/rendering/stack.dart:647:43)
#35     RenderStack.performLayout (package:flutter/src/rendering/stack.dart:682:12)
#36     RenderObject.layout (package:flutter/src/rendering/object.dart:2907:7)
#37     RenderPadding.performLayout (package:flutter/src/rendering/shifted_box.dart:262:12)
#38     RenderObject.layout (package:flutter/src/rendering/object.dart:2907:7)
#39     RenderProxyBoxMixin.performLayout (package:flutter/src/rendering/proxy_box.dart:118:18)
#40     RenderObject.layout (package:flutter/src/rendering/object.dart:2907:7)
#41     RenderFractionallySizedOverflowBox.performLayout (package:flutter/src/rendering/shifted_box.dart:1298:14)
#42     RenderObject.layout (package:flutter/src/rendering/object.dart:2907:7)
#43     RenderConstrainedBox.performLayout (package:flutter/src/rendering/proxy_box.dart:296:14)
#44     RenderObject.layout (package:flutter/src/rendering/object.dart:2907:7)
#45     _RenderLayoutBuilder.performLayout (package:flutter/src/widgets/layout_builder.dart:449:14)
#46     RenderObject.layout (package:flutter/src/rendering/object.dart:2907:7)
#47     RenderPadding.performLayout (package:flutter/src/rendering/shifted_box.dart:262:12)
#48     RenderObject.layout (package:flutter/src/rendering/object.dart:2907:7)
#49     ChildLayoutHelper.layoutChild (package:flutter/src/rendering/layout_helper.dart:62:11)
#50     RenderStack._computeSize (package:flutter/src/rendering/stack.dart:647:43)
#51     RenderStack.performLayout (package:flutter/src/rendering/stack.dart:682:12)
#52     RenderObject.layout (package:flutter/src/rendering/object.dart:2907:7)
#53     RenderPadding.performLayout (package:flutter/src/rendering/shifted_box.dart:262:12)
#54     RenderObject.layout (package:flutter/src/rendering/object.dart:2907:7)
#55     MultiChildLayoutDelegate.layoutChild (package:flutter/src/rendering/custom_layout.dart:180:12)
#56     _ScaffoldLayout.performLayout (package:flutter/src/material/scaffold.dart:1113:7)
#57     MultiChildLayoutDelegate._callPerformLayout (package:flutter/src/rendering/custom_layout.dart:246:7)
#58     RenderCustomMultiChildLayoutBox.performLayout (package:flutter/src/rendering/custom_layout.dart:417:14)
#59     RenderObject.layout (package:flutter/src/rendering/object.dart:2907:7)
#60     RenderProxyBoxMixin.performLayout (package:flutter/src/rendering/proxy_box.dart:118:18)
#61     RenderObject.layout (package:flutter/src/rendering/object.dart:2907:7)
#62     RenderProxyBoxMixin.performLayout (package:flutter/src/rendering/proxy_box.dart:118:18)
#63     _RenderCustomClip.performLayout (package:flutter/src/rendering/proxy_box.dart:1549:11)
#64     RenderObject.layout (package:flutter/src/rendering/object.dart:2907:7)
#65     RenderProxyBoxMixin.performLayout (package:flutter/src/rendering/proxy_box.dart:118:18)
#66     RenderObject.layout (package:flutter/src/rendering/object.dart:2907:7)
#67     RenderProxyBoxMixin.performLayout (package:flutter/src/rendering/proxy_box.dart:118:18)
#68     RenderObject.layout (package:flutter/src/rendering/object.dart:2907:7)
#69     RenderProxyBoxMixin.performLayout (package:flutter/src/rendering/proxy_box.dart:118:18)
#70     RenderObject.layout (package:flutter/src/rendering/object.dart:2907:7)
#71     RenderProxyBoxMixin.performLayout (package:flutter/src/rendering/proxy_box.dart:118:18)
#72     RenderObject.layout (package:flutter/src/rendering/object.dart:2907:7)
#73     RenderProxyBoxMixin.performLayout (package:flutter/src/rendering/proxy_box.dart:118:18)
#74     RenderObject.layout (package:flutter/src/rendering/object.dart:2907:7)
#75     RenderProxyBoxMixin.performLayout (package:flutter/src/rendering/proxy_box.dart:118:18)
#76     RenderObject.layout (package:flutter/src/rendering/object.dart:2907:7)
#77     RenderProxyBoxMixin.performLayout (package:flutter/src/rendering/proxy_box.dart:118:18)
#78     RenderObject.layout (package:flutter/src/rendering/object.dart:2907:7)
#79     RenderProxyBoxMixin.performLayout (package:flutter/src/rendering/proxy_box.dart:118:18)
#80     RenderObject.layout (package:flutter/src/rendering/object.dart:2907:7)
#81     RenderProxyBoxMixin.performLayout (package:flutter/src/rendering/proxy_box.dart:118:18)
#82     RenderObject.layout (package:flutter/src/rendering/object.dart:2907:7)
#83     RenderProxyBoxMixin.performLayout (package:flutter/src/rendering/proxy_box.dart:118:18)
#84     RenderObject.layout (package:flutter/src/rendering/object.dart:2907:7)
#85     RenderProxyBoxMixin.performLayout (package:flutter/src/rendering/proxy_box.dart:118:18)
#86     RenderObject.layout (package:flutter/src/rendering/object.dart:2907:7)
#87     RenderProxyBoxMixin.performLayout (package:flutter/src/rendering/proxy_box.dart:118:18)
#88     RenderObject.layout (package:flutter/src/rendering/object.dart:2907:7)
#89     RenderProxyBoxMixin.performLayout (package:flutter/src/rendering/proxy_box.dart:118:18)
#90     RenderObject.layout (package:flutter/src/rendering/object.dart:2907:7)
#91     RenderProxyBoxMixin.performLayout (package:flutter/src/rendering/proxy_box.dart:118:18)
#92     RenderObject.layout (package:flutter/src/rendering/object.dart:2907:7)
#93     RenderProxyBoxMixin.performLayout (package:flutter/src/rendering/proxy_box.dart:118:18)
#94     RenderObject.layout (package:flutter/src/rendering/object.dart:2907:7)
#95     RenderProxyBoxMixin.performLayout (package:flutter/src/rendering/proxy_box.dart:118:18)
#96     RenderOffstage.performLayout (package:flutter/src/rendering/proxy_box.dart:3923:13)
#97     RenderObject.layout (package:flutter/src/rendering/object.dart:2907:7)
#98     RenderProxyBoxMixin.performLayout (package:flutter/src/rendering/proxy_box.dart:118:18)
#99     RenderObject.layout (package:flutter/src/rendering/object.dart:2907:7)
#100    _RenderTheaterMixin.layoutChild (package:flutter/src/widgets/overlay.dart:1124:13)
#101    _RenderTheater.performLayout (package:flutter/src/widgets/overlay.dart:1481:9)
#102    RenderObject.layout (package:flutter/src/rendering/object.dart:2907:7)
#103    RenderProxyBoxMixin.performLayout (package:flutter/src/rendering/proxy_box.dart:118:18)
#104    RenderObject.layout (package:flutter/src/rendering/object.dart:2907:7)
#105    RenderProxyBoxMixin.performLayout (package:flutter/src/rendering/proxy_box.dart:118:18)
#106    RenderObject.layout (package:flutter/src/rendering/object.dart:2907:7)
#107    RenderProxyBoxMixin.performLayout (package:flutter/src/rendering/proxy_box.dart:118:18)
#108    RenderObject.layout (package:flutter/src/rendering/object.dart:2907:7)
#109    RenderProxyBoxMixin.performLayout (package:flutter/src/rendering/proxy_box.dart:118:18)
#110    RenderCustomPaint.performLayout (package:flutter/src/rendering/custom_paint.dart:574:11)
#111    RenderObject.layout (package:flutter/src/rendering/object.dart:2907:7)
#112    RenderProxyBoxMixin.performLayout (package:flutter/src/rendering/proxy_box.dart:118:18)
#113    RenderObject.layout (package:flutter/src/rendering/object.dart:2907:7)
#114    RenderProxyBoxMixin.performLayout (package:flutter/src/rendering/proxy_box.dart:118:18)
#115    RenderObject.layout (package:flutter/src/rendering/object.dart:2907:7)
#116    RenderProxyBoxMixin.performLayout (package:flutter/src/rendering/proxy_box.dart:118:18)
#117    RenderObject.layout (package:flutter/src/rendering/object.dart:2907:7)
#118    RenderProxyBoxMixin.performLayout (package:flutter/src/rendering/proxy_box.dart:118:18)
#119    RenderObject.layout (package:flutter/src/rendering/object.dart:2907:7)
#120    RenderProxyBoxMixin.performLayout (package:flutter/src/rendering/proxy_box.dart:118:18)
#121    RenderObject.layout (package:flutter/src/rendering/object.dart:2907:7)
#122    RenderProxyBoxMixin.performLayout (package:flutter/src/rendering/proxy_box.dart:118:18)
#123    RenderObject.layout (package:flutter/src/rendering/object.dart:2907:7)
#124    RenderView.performLayout (package:flutter/src/rendering/view.dart:292:12)
#125    RenderObject._layoutWithoutResize (package:flutter/src/rendering/object.dart:2755:7)
#126    PipelineOwner.flushLayout (package:flutter/src/rendering/object.dart:1174:18)
#127    PipelineOwner.flushLayout (package:flutter/src/rendering/object.dart:1187:15)
#128    AutomatedTestWidgetsFlutterBinding.drawFrame (package:flutter_test/src/binding.dart:2433:27)
#129    RendererBinding._handlePersistentFrameCallback (package:flutter/src/rendering/binding.dart:509:5)
#130    SchedulerBinding._invokeFrameCallback (package:flutter/src/scheduler/binding.dart:1430:15)
#131    SchedulerBinding.handleDrawFrame (package:flutter/src/scheduler/binding.dart:1345:9)
#132    AutomatedTestWidgetsFlutterBinding.pump.<anonymous closure> (package:flutter_test/src/binding.dart:2260:9)
#135    TestAsyncUtils.guard (package:flutter_test/src/test_async_utils.dart:74:41)
#136    AutomatedTestWidgetsFlutterBinding.pump (package:flutter_test/src/binding.dart:2249:27)
#137    WidgetTester.pumpWidget.<anonymous closure> (package:flutter_test/src/widget_tester.dart:598:22)
#140    TestAsyncUtils.guard (package:flutter_test/src/test_async_utils.dart:74:41)
#141    WidgetTester.pumpWidget (package:flutter_test/src/widget_tester.dart:595:27)
#142    main.<anonymous closure>.<anonymous closure> (file:///Y:/AndroidStudioProject/Github/expert-project/test/presentation/pages/tv_detail_page_test.dart:88:20)
#143    testWidgets.<anonymous closure>.<anonymous closure> (package:flutter_test/src/widget_tester.dart:192:29)
<asynchronous suspension>
#144    TestWidgetsFlutterBinding._runTestBody (package:flutter_test/src/binding.dart:1952:5)
<asynchronous suspension>
<asynchronous suspension>
(elided 7 frames from class _AssertionError, dart:async, and package:stack_trace)

The following RenderObject was being processed when the exception was fired: RenderTransform#f5a07 relayoutBoundary=up13 NEEDS-LAYOUT NEEDS-PAINT NEEDS-COMPOSITING-BITS-UPDATE:
  creator: Transform ΓåÉ StretchEffect ΓåÉ ClipRect ΓåÉ AnimatedBuilder ΓåÉ
    NotificationListener<ScrollNotification> ΓåÉ StretchingOverscrollIndicator ΓåÉ Scrollable ΓåÉ ListView ΓåÉ
    Column ΓåÉ _SingleChildViewport ΓåÉ IgnorePointer-[GlobalKey#a3a12] ΓåÉ Semantics ΓåÉ Γï»
  parentData: <none> (can use size)
  constraints: BoxConstraints(0.0<=w<=768.0, 0.0<=h<=Infinity)
  size: MISSING
  transform matrix:
    [0] 1.0,0.0,0.0,0.0
    [1] 0.0,1.0,0.0,0.0
    [2] 0.0,0.0,1.0,0.0
    [3] 0.0,0.0,0.0,1.0
  origin: null
  alignment: AlignmentDirectional.centerEnd
  textDirection: ltr
  transformHitTests: true
This RenderObject had the following descendants (showing up to depth 5):
    child: _RenderScrollSemantics#4199f relayoutBoundary=up14 NEEDS-PAINT NEEDS-COMPOSITING-BITS-UPDATE
      child: RenderPointerListener#a8b72 relayoutBoundary=up15 NEEDS-PAINT NEEDS-COMPOSITING-BITS-UPDATE
        child: RenderSemanticsGestureHandler#b4229 relayoutBoundary=up16 NEEDS-PAINT NEEDS-COMPOSITING-BITS-UPDATE
          child: RenderPointerListener#c769b relayoutBoundary=up17 NEEDS-PAINT NEEDS-COMPOSITING-BITS-UPDATE
            child: RenderSemanticsAnnotations#8e06c relayoutBoundary=up18 NEEDS-PAINT NEEDS-COMPOSITING-BITS-UPDATE
ΓòÉΓòÉΓòÉΓòÉΓòÉΓòÉΓòÉΓòÉΓòÉΓòÉΓòÉΓòÉΓòÉΓòÉΓòÉΓòÉΓòÉΓòÉΓòÉΓòÉΓòÉΓòÉΓòÉΓòÉΓòÉΓòÉΓòÉΓòÉΓòÉΓòÉΓòÉΓòÉΓòÉΓòÉΓòÉΓòÉΓòÉΓòÉΓòÉΓòÉΓòÉΓòÉΓòÉΓòÉΓòÉΓòÉΓòÉΓòÉΓòÉΓòÉΓòÉΓòÉΓòÉΓòÉΓòÉΓòÉΓòÉΓòÉΓòÉΓòÉΓòÉΓòÉΓòÉΓòÉΓòÉΓòÉΓòÉΓòÉΓòÉΓòÉΓòÉΓòÉΓòÉΓòÉΓòÉΓòÉΓòÉΓòÉΓòÉΓòÉΓòÉΓòÉΓòÉΓòÉΓòÉΓòÉΓòÉΓòÉΓòÉΓòÉΓòÉΓòÉΓòÉΓòÉΓòÉΓòÉΓòÉΓòÉΓòÉΓòÉ
ΓòÉΓòÉΓòí EXCEPTION CAUGHT BY RENDERING LIBRARY Γò₧ΓòÉΓòÉΓòÉΓòÉΓòÉΓòÉΓòÉΓòÉΓòÉΓòÉΓòÉΓòÉΓòÉΓòÉΓòÉΓòÉΓòÉΓòÉΓòÉΓòÉΓòÉΓòÉΓòÉΓòÉΓòÉΓòÉΓòÉΓòÉΓòÉΓòÉΓòÉΓòÉΓòÉΓòÉΓòÉΓòÉΓòÉΓòÉΓòÉΓòÉΓòÉΓòÉΓòÉΓòÉΓòÉΓòÉΓòÉΓòÉΓòÉΓòÉΓòÉΓòÉΓòÉΓòÉΓòÉΓòÉΓòÉ
The following assertion was thrown during performLayout():
RenderBox was not laid out: RenderTransform#f5a07 relayoutBoundary=up13 NEEDS-PAINT
NEEDS-COMPOSITING-BITS-UPDATE
'package:flutter/src/rendering/box.dart':
Failed assertion: line 2251 pos 12: 'hasSize'

Either the assertion indicates an error in the framework itself, or we should provide substantially
more information in this error message to help you determine and fix the underlying cause.
In either case, please report this assertion by filing a bug on GitHub:
  https://github.com/flutter/flutter/issues/new?template=02_bug.yml

The relevant error-causing widget was:
  ListView
  ListView:file:///Y:/AndroidStudioProject/Github/expert-project/lib/presentation/pages/tv_detail_page.dart:184:38

When the exception was thrown, this was the stack:
#2      RenderBox.size (package:flutter/src/rendering/box.dart:2251:12)
#3      RenderProxyBoxMixin.performLayout (package:flutter/src/rendering/proxy_box.dart:118:62)
#4      _RenderCustomClip.performLayout (package:flutter/src/rendering/proxy_box.dart:1549:11)
#5      RenderObject.layout (package:flutter/src/rendering/object.dart:2907:7)
#6      ChildLayoutHelper.layoutChild (package:flutter/src/rendering/layout_helper.dart:62:11)
#7      RenderFlex._computeSizes (package:flutter/src/rendering/flex.dart:1237:28)
#8      RenderFlex.performLayout (package:flutter/src/rendering/flex.dart:1329:32)
#9      RenderObject.layout (package:flutter/src/rendering/object.dart:2907:7)
#10     _RenderSingleChildViewport.performLayout (package:flutter/src/widgets/single_child_scroll_view.dart:502:14)
#11     RenderObject.layout (package:flutter/src/rendering/object.dart:2907:7)
#12     RenderProxyBoxMixin.performLayout (package:flutter/src/rendering/proxy_box.dart:118:18)
#13     RenderObject.layout (package:flutter/src/rendering/object.dart:2907:7)
#14     RenderProxyBoxMixin.performLayout (package:flutter/src/rendering/proxy_box.dart:118:18)
#15     RenderObject.layout (package:flutter/src/rendering/object.dart:2907:7)
#16     RenderProxyBoxMixin.performLayout (package:flutter/src/rendering/proxy_box.dart:118:18)
#17     RenderObject.layout (package:flutter/src/rendering/object.dart:2907:7)
#18     RenderProxyBoxMixin.performLayout (package:flutter/src/rendering/proxy_box.dart:118:18)
#19     RenderObject.layout (package:flutter/src/rendering/object.dart:2907:7)
#20     RenderProxyBoxMixin.performLayout (package:flutter/src/rendering/proxy_box.dart:118:18)
#21     RenderObject.layout (package:flutter/src/rendering/object.dart:2907:7)
#22     RenderProxyBoxMixin.performLayout (package:flutter/src/rendering/proxy_box.dart:118:18)
#23     RenderObject.layout (package:flutter/src/rendering/object.dart:2907:7)
#24     RenderProxyBoxMixin.performLayout (package:flutter/src/rendering/proxy_box.dart:118:18)
#25     RenderObject.layout (package:flutter/src/rendering/object.dart:2907:7)
#26     RenderProxyBoxMixin.performLayout (package:flutter/src/rendering/proxy_box.dart:118:18)
#27     _RenderCustomClip.performLayout (package:flutter/src/rendering/proxy_box.dart:1549:11)
#28     RenderObject.layout (package:flutter/src/rendering/object.dart:2907:7)
#29     RenderPadding.performLayout (package:flutter/src/rendering/shifted_box.dart:262:12)
#30     RenderObject.layout (package:flutter/src/rendering/object.dart:2907:7)
#31     ChildLayoutHelper.layoutChild (package:flutter/src/rendering/layout_helper.dart:62:11)
#32     RenderStack._computeSize (package:flutter/src/rendering/stack.dart:647:43)
#33     RenderStack.performLayout (package:flutter/src/rendering/stack.dart:682:12)
#34     RenderObject.layout (package:flutter/src/rendering/object.dart:2907:7)
#35     RenderPadding.performLayout (package:flutter/src/rendering/shifted_box.dart:262:12)
#36     RenderObject.layout (package:flutter/src/rendering/object.dart:2907:7)
#37     RenderProxyBoxMixin.performLayout (package:flutter/src/rendering/proxy_box.dart:118:18)
#38     RenderObject.layout (package:flutter/src/rendering/object.dart:2907:7)
#39     RenderFractionallySizedOverflowBox.performLayout (package:flutter/src/rendering/shifted_box.dart:1298:14)
#40     RenderObject.layout (package:flutter/src/rendering/object.dart:2907:7)
#41     RenderConstrainedBox.performLayout (package:flutter/src/rendering/proxy_box.dart:296:14)
#42     RenderObject.layout (package:flutter/src/rendering/object.dart:2907:7)
#43     _RenderLayoutBuilder.performLayout (package:flutter/src/widgets/layout_builder.dart:449:14)
#44     RenderObject.layout (package:flutter/src/rendering/object.dart:2907:7)
#45     RenderPadding.performLayout (package:flutter/src/rendering/shifted_box.dart:262:12)
#46     RenderObject.layout (package:flutter/src/rendering/object.dart:2907:7)
#47     ChildLayoutHelper.layoutChild (package:flutter/src/rendering/layout_helper.dart:62:11)
#48     RenderStack._computeSize (package:flutter/src/rendering/stack.dart:647:43)
#49     RenderStack.performLayout (package:flutter/src/rendering/stack.dart:682:12)
#50     RenderObject.layout (package:flutter/src/rendering/object.dart:2907:7)
#51     RenderPadding.performLayout (package:flutter/src/rendering/shifted_box.dart:262:12)
#52     RenderObject.layout (package:flutter/src/rendering/object.dart:2907:7)
#53     MultiChildLayoutDelegate.layoutChild (package:flutter/src/rendering/custom_layout.dart:180:12)
#54     _ScaffoldLayout.performLayout (package:flutter/src/material/scaffold.dart:1113:7)
#55     MultiChildLayoutDelegate._callPerformLayout (package:flutter/src/rendering/custom_layout.dart:246:7)
#56     RenderCustomMultiChildLayoutBox.performLayout (package:flutter/src/rendering/custom_layout.dart:417:14)
#57     RenderObject.layout (package:flutter/src/rendering/object.dart:2907:7)
#58     RenderProxyBoxMixin.performLayout (package:flutter/src/rendering/proxy_box.dart:118:18)
#59     RenderObject.layout (package:flutter/src/rendering/object.dart:2907:7)
#60     RenderProxyBoxMixin.performLayout (package:flutter/src/rendering/proxy_box.dart:118:18)
#61     _RenderCustomClip.performLayout (package:flutter/src/rendering/proxy_box.dart:1549:11)
#62     RenderObject.layout (package:flutter/src/rendering/object.dart:2907:7)
#63     RenderProxyBoxMixin.performLayout (package:flutter/src/rendering/proxy_box.dart:118:18)
#64     RenderObject.layout (package:flutter/src/rendering/object.dart:2907:7)
#65     RenderProxyBoxMixin.performLayout (package:flutter/src/rendering/proxy_box.dart:118:18)
#66     RenderObject.layout (package:flutter/src/rendering/object.dart:2907:7)
#67     RenderProxyBoxMixin.performLayout (package:flutter/src/rendering/proxy_box.dart:118:18)
#68     RenderObject.layout (package:flutter/src/rendering/object.dart:2907:7)
#69     RenderProxyBoxMixin.performLayout (package:flutter/src/rendering/proxy_box.dart:118:18)
#70     RenderObject.layout (package:flutter/src/rendering/object.dart:2907:7)
#71     RenderProxyBoxMixin.performLayout (package:flutter/src/rendering/proxy_box.dart:118:18)
#72     RenderObject.layout (package:flutter/src/rendering/object.dart:2907:7)
#73     RenderProxyBoxMixin.performLayout (package:flutter/src/rendering/proxy_box.dart:118:18)
#74     RenderObject.layout (package:flutter/src/rendering/object.dart:2907:7)
#75     RenderProxyBoxMixin.performLayout (package:flutter/src/rendering/proxy_box.dart:118:18)
#76     RenderObject.layout (package:flutter/src/rendering/object.dart:2907:7)
#77     RenderProxyBoxMixin.performLayout (package:flutter/src/rendering/proxy_box.dart:118:18)
#78     RenderObject.layout (package:flutter/src/rendering/object.dart:2907:7)
#79     RenderProxyBoxMixin.performLayout (package:flutter/src/rendering/proxy_box.dart:118:18)
#80     RenderObject.layout (package:flutter/src/rendering/object.dart:2907:7)
#81     RenderProxyBoxMixin.performLayout (package:flutter/src/rendering/proxy_box.dart:118:18)
#82     RenderObject.layout (package:flutter/src/rendering/object.dart:2907:7)
#83     RenderProxyBoxMixin.performLayout (package:flutter/src/rendering/proxy_box.dart:118:18)
#84     RenderObject.layout (package:flutter/src/rendering/object.dart:2907:7)
#85     RenderProxyBoxMixin.performLayout (package:flutter/src/rendering/proxy_box.dart:118:18)
#86     RenderObject.layout (package:flutter/src/rendering/object.dart:2907:7)
#87     RenderProxyBoxMixin.performLayout (package:flutter/src/rendering/proxy_box.dart:118:18)
#88     RenderObject.layout (package:flutter/src/rendering/object.dart:2907:7)
#89     RenderProxyBoxMixin.performLayout (package:flutter/src/rendering/proxy_box.dart:118:18)
#90     RenderObject.layout (package:flutter/src/rendering/object.dart:2907:7)
#91     RenderProxyBoxMixin.performLayout (package:flutter/src/rendering/proxy_box.dart:118:18)
#92     RenderObject.layout (package:flutter/src/rendering/object.dart:2907:7)
#93     RenderProxyBoxMixin.performLayout (package:flutter/src/rendering/proxy_box.dart:118:18)
#94     RenderOffstage.performLayout (package:flutter/src/rendering/proxy_box.dart:3923:13)
#95     RenderObject.layout (package:flutter/src/rendering/object.dart:2907:7)
#96     RenderProxyBoxMixin.performLayout (package:flutter/src/rendering/proxy_box.dart:118:18)
#97     RenderObject.layout (package:flutter/src/rendering/object.dart:2907:7)
#98     _RenderTheaterMixin.layoutChild (package:flutter/src/widgets/overlay.dart:1124:13)
#99     _RenderTheater.performLayout (package:flutter/src/widgets/overlay.dart:1481:9)
#100    RenderObject.layout (package:flutter/src/rendering/object.dart:2907:7)
#101    RenderProxyBoxMixin.performLayout (package:flutter/src/rendering/proxy_box.dart:118:18)
#102    RenderObject.layout (package:flutter/src/rendering/object.dart:2907:7)
#103    RenderProxyBoxMixin.performLayout (package:flutter/src/rendering/proxy_box.dart:118:18)
#104    RenderObject.layout (package:flutter/src/rendering/object.dart:2907:7)
#105    RenderProxyBoxMixin.performLayout (package:flutter/src/rendering/proxy_box.dart:118:18)
#106    RenderObject.layout (package:flutter/src/rendering/object.dart:2907:7)
#107    RenderProxyBoxMixin.performLayout (package:flutter/src/rendering/proxy_box.dart:118:18)
#108    RenderCustomPaint.performLayout (package:flutter/src/rendering/custom_paint.dart:574:11)
#109    RenderObject.layout (package:flutter/src/rendering/object.dart:2907:7)
#110    RenderProxyBoxMixin.performLayout (package:flutter/src/rendering/proxy_box.dart:118:18)
#111    RenderObject.layout (package:flutter/src/rendering/object.dart:2907:7)
#112    RenderProxyBoxMixin.performLayout (package:flutter/src/rendering/proxy_box.dart:118:18)
#113    RenderObject.layout (package:flutter/src/rendering/object.dart:2907:7)
#114    RenderProxyBoxMixin.performLayout (package:flutter/src/rendering/proxy_box.dart:118:18)
#115    RenderObject.layout (package:flutter/src/rendering/object.dart:2907:7)
#116    RenderProxyBoxMixin.performLayout (package:flutter/src/rendering/proxy_box.dart:118:18)
#117    RenderObject.layout (package:flutter/src/rendering/object.dart:2907:7)
#118    RenderProxyBoxMixin.performLayout (package:flutter/src/rendering/proxy_box.dart:118:18)
#119    RenderObject.layout (package:flutter/src/rendering/object.dart:2907:7)
#120    RenderProxyBoxMixin.performLayout (package:flutter/src/rendering/proxy_box.dart:118:18)
#121    RenderObject.layout (package:flutter/src/rendering/object.dart:2907:7)
#122    RenderView.performLayout (package:flutter/src/rendering/view.dart:292:12)
#123    RenderObject._layoutWithoutResize (package:flutter/src/rendering/object.dart:2755:7)
#124    PipelineOwner.flushLayout (package:flutter/src/rendering/object.dart:1174:18)
#125    PipelineOwner.flushLayout (package:flutter/src/rendering/object.dart:1187:15)
#126    AutomatedTestWidgetsFlutterBinding.drawFrame (package:flutter_test/src/binding.dart:2433:27)
#127    RendererBinding._handlePersistentFrameCallback (package:flutter/src/rendering/binding.dart:509:5)
#128    SchedulerBinding._invokeFrameCallback (package:flutter/src/scheduler/binding.dart:1430:15)
#129    SchedulerBinding.handleDrawFrame (package:flutter/src/scheduler/binding.dart:1345:9)
#130    AutomatedTestWidgetsFlutterBinding.pump.<anonymous closure> (package:flutter_test/src/binding.dart:2260:9)
#133    TestAsyncUtils.guard (package:flutter_test/src/test_async_utils.dart:74:41)
#134    AutomatedTestWidgetsFlutterBinding.pump (package:flutter_test/src/binding.dart:2249:27)
#135    WidgetTester.pumpWidget.<anonymous closure> (package:flutter_test/src/widget_tester.dart:598:22)
#138    TestAsyncUtils.guard (package:flutter_test/src/test_async_utils.dart:74:41)
#139    WidgetTester.pumpWidget (package:flutter_test/src/widget_tester.dart:595:27)
#140    main.<anonymous closure>.<anonymous closure> (file:///Y:/AndroidStudioProject/Github/expert-project/test/presentation/pages/tv_detail_page_test.dart:88:20)
#141    testWidgets.<anonymous closure>.<anonymous closure> (package:flutter_test/src/widget_tester.dart:192:29)
<asynchronous suspension>
#142    TestWidgetsFlutterBinding._runTestBody (package:flutter_test/src/binding.dart:1952:5)
<asynchronous suspension>
<asynchronous suspension>
(elided 7 frames from class _AssertionError, dart:async, and package:stack_trace)

The following RenderObject was being processed when the exception was fired: RenderClipRect#e7a3c relayoutBoundary=up12 NEEDS-LAYOUT NEEDS-PAINT NEEDS-COMPOSITING-BITS-UPDATE:
  creator: ClipRect ΓåÉ AnimatedBuilder ΓåÉ NotificationListener<ScrollNotification> ΓåÉ
    StretchingOverscrollIndicator ΓåÉ Scrollable ΓåÉ ListView ΓåÉ Column ΓåÉ _SingleChildViewport ΓåÉ
    IgnorePointer-[GlobalKey#a3a12] ΓåÉ Semantics ΓåÉ Listener ΓåÉ _GestureSemantics ΓåÉ Γï»
  parentData: offset=Offset(0.0, 0.0); flex=null; fit=null (can use size)
  constraints: BoxConstraints(0.0<=w<=768.0, 0.0<=h<=Infinity)
  size: MISSING
This RenderObject had the following descendants (showing up to depth 5):
    child: RenderTransform#f5a07 relayoutBoundary=up13 NEEDS-PAINT NEEDS-COMPOSITING-BITS-UPDATE
      child: _RenderScrollSemantics#4199f relayoutBoundary=up14 NEEDS-PAINT NEEDS-COMPOSITING-BITS-UPDATE
        child: RenderPointerListener#a8b72 relayoutBoundary=up15 NEEDS-PAINT NEEDS-COMPOSITING-BITS-UPDATE
          child: RenderSemanticsGestureHandler#b4229 relayoutBoundary=up16 NEEDS-PAINT NEEDS-COMPOSITING-BITS-UPDATE
            child: RenderPointerListener#c769b relayoutBoundary=up17 NEEDS-PAINT NEEDS-COMPOSITING-BITS-UPDATE
ΓòÉΓòÉΓòÉΓòÉΓòÉΓòÉΓòÉΓòÉΓòÉΓòÉΓòÉΓòÉΓòÉΓòÉΓòÉΓòÉΓòÉΓòÉΓòÉΓòÉΓòÉΓòÉΓòÉΓòÉΓòÉΓòÉΓòÉΓòÉΓòÉΓòÉΓòÉΓòÉΓòÉΓòÉΓòÉΓòÉΓòÉΓòÉΓòÉΓòÉΓòÉΓòÉΓòÉΓòÉΓòÉΓòÉΓòÉΓòÉΓòÉΓòÉΓòÉΓòÉΓòÉΓòÉΓòÉΓòÉΓòÉΓòÉΓòÉΓòÉΓòÉΓòÉΓòÉΓòÉΓòÉΓòÉΓòÉΓòÉΓòÉΓòÉΓòÉΓòÉΓòÉΓòÉΓòÉΓòÉΓòÉΓòÉΓòÉΓòÉΓòÉΓòÉΓòÉΓòÉΓòÉΓòÉΓòÉΓòÉΓòÉΓòÉΓòÉΓòÉΓòÉΓòÉΓòÉΓòÉΓòÉΓòÉΓòÉΓòÉ
ΓòÉΓòÉΓòí EXCEPTION CAUGHT BY RENDERING LIBRARY Γò₧ΓòÉΓòÉΓòÉΓòÉΓòÉΓòÉΓòÉΓòÉΓòÉΓòÉΓòÉΓòÉΓòÉΓòÉΓòÉΓòÉΓòÉΓòÉΓòÉΓòÉΓòÉΓòÉΓòÉΓòÉΓòÉΓòÉΓòÉΓòÉΓòÉΓòÉΓòÉΓòÉΓòÉΓòÉΓòÉΓòÉΓòÉΓòÉΓòÉΓòÉΓòÉΓòÉΓòÉΓòÉΓòÉΓòÉΓòÉΓòÉΓòÉΓòÉΓòÉΓòÉΓòÉΓòÉΓòÉΓòÉΓòÉ
The following assertion was thrown during performLayout():
RenderBox was not laid out: RenderClipRect#e7a3c relayoutBoundary=up12 NEEDS-PAINT
NEEDS-COMPOSITING-BITS-UPDATE
'package:flutter/src/rendering/box.dart':
Failed assertion: line 2251 pos 12: 'hasSize'

Either the assertion indicates an error in the framework itself, or we should provide substantially
more information in this error message to help you determine and fix the underlying cause.
In either case, please report this assertion by filing a bug on GitHub:
  https://github.com/flutter/flutter/issues/new?template=02_bug.yml

The relevant error-causing widget was:
  Column
  Column:file:///Y:/AndroidStudioProject/Github/expert-project/lib/presentation/pages/tv_detail_page.dart:102:32

When the exception was thrown, this was the stack:
#2      RenderBox.size (package:flutter/src/rendering/box.dart:2251:12)
#3      ChildLayoutHelper.layoutChild (package:flutter/src/rendering/layout_helper.dart:63:18)
#4      RenderFlex._computeSizes (package:flutter/src/rendering/flex.dart:1237:28)
#5      RenderFlex.performLayout (package:flutter/src/rendering/flex.dart:1329:32)
#6      RenderObject.layout (package:flutter/src/rendering/object.dart:2907:7)
#7      _RenderSingleChildViewport.performLayout (package:flutter/src/widgets/single_child_scroll_view.dart:502:14)
#8      RenderObject.layout (package:flutter/src/rendering/object.dart:2907:7)
#9      RenderProxyBoxMixin.performLayout (package:flutter/src/rendering/proxy_box.dart:118:18)
#10     RenderObject.layout (package:flutter/src/rendering/object.dart:2907:7)
#11     RenderProxyBoxMixin.performLayout (package:flutter/src/rendering/proxy_box.dart:118:18)
#12     RenderObject.layout (package:flutter/src/rendering/object.dart:2907:7)
#13     RenderProxyBoxMixin.performLayout (package:flutter/src/rendering/proxy_box.dart:118:18)
#14     RenderObject.layout (package:flutter/src/rendering/object.dart:2907:7)
#15     RenderProxyBoxMixin.performLayout (package:flutter/src/rendering/proxy_box.dart:118:18)
#16     RenderObject.layout (package:flutter/src/rendering/object.dart:2907:7)
#17     RenderProxyBoxMixin.performLayout (package:flutter/src/rendering/proxy_box.dart:118:18)
#18     RenderObject.layout (package:flutter/src/rendering/object.dart:2907:7)
#19     RenderProxyBoxMixin.performLayout (package:flutter/src/rendering/proxy_box.dart:118:18)
#20     RenderObject.layout (package:flutter/src/rendering/object.dart:2907:7)
#21     RenderProxyBoxMixin.performLayout (package:flutter/src/rendering/proxy_box.dart:118:18)
#22     RenderObject.layout (package:flutter/src/rendering/object.dart:2907:7)
#23     RenderProxyBoxMixin.performLayout (package:flutter/src/rendering/proxy_box.dart:118:18)
#24     _RenderCustomClip.performLayout (package:flutter/src/rendering/proxy_box.dart:1549:11)
#25     RenderObject.layout (package:flutter/src/rendering/object.dart:2907:7)
#26     RenderPadding.performLayout (package:flutter/src/rendering/shifted_box.dart:262:12)
#27     RenderObject.layout (package:flutter/src/rendering/object.dart:2907:7)
#28     ChildLayoutHelper.layoutChild (package:flutter/src/rendering/layout_helper.dart:62:11)
#29     RenderStack._computeSize (package:flutter/src/rendering/stack.dart:647:43)
#30     RenderStack.performLayout (package:flutter/src/rendering/stack.dart:682:12)
#31     RenderObject.layout (package:flutter/src/rendering/object.dart:2907:7)
#32     RenderPadding.performLayout (package:flutter/src/rendering/shifted_box.dart:262:12)
#33     RenderObject.layout (package:flutter/src/rendering/object.dart:2907:7)
#34     RenderProxyBoxMixin.performLayout (package:flutter/src/rendering/proxy_box.dart:118:18)
#35     RenderObject.layout (package:flutter/src/rendering/object.dart:2907:7)
#36     RenderFractionallySizedOverflowBox.performLayout (package:flutter/src/rendering/shifted_box.dart:1298:14)
#37     RenderObject.layout (package:flutter/src/rendering/object.dart:2907:7)
#38     RenderConstrainedBox.performLayout (package:flutter/src/rendering/proxy_box.dart:296:14)
#39     RenderObject.layout (package:flutter/src/rendering/object.dart:2907:7)
#40     _RenderLayoutBuilder.performLayout (package:flutter/src/widgets/layout_builder.dart:449:14)
#41     RenderObject.layout (package:flutter/src/rendering/object.dart:2907:7)
#42     RenderPadding.performLayout (package:flutter/src/rendering/shifted_box.dart:262:12)
#43     RenderObject.layout (package:flutter/src/rendering/object.dart:2907:7)
#44     ChildLayoutHelper.layoutChild (package:flutter/src/rendering/layout_helper.dart:62:11)
#45     RenderStack._computeSize (package:flutter/src/rendering/stack.dart:647:43)
#46     RenderStack.performLayout (package:flutter/src/rendering/stack.dart:682:12)
#47     RenderObject.layout (package:flutter/src/rendering/object.dart:2907:7)
#48     RenderPadding.performLayout (package:flutter/src/rendering/shifted_box.dart:262:12)
#49     RenderObject.layout (package:flutter/src/rendering/object.dart:2907:7)
#50     MultiChildLayoutDelegate.layoutChild (package:flutter/src/rendering/custom_layout.dart:180:12)
#51     _ScaffoldLayout.performLayout (package:flutter/src/material/scaffold.dart:1113:7)
#52     MultiChildLayoutDelegate._callPerformLayout (package:flutter/src/rendering/custom_layout.dart:246:7)
#53     RenderCustomMultiChildLayoutBox.performLayout (package:flutter/src/rendering/custom_layout.dart:417:14)
#54     RenderObject.layout (package:flutter/src/rendering/object.dart:2907:7)
#55     RenderProxyBoxMixin.performLayout (package:flutter/src/rendering/proxy_box.dart:118:18)
#56     RenderObject.layout (package:flutter/src/rendering/object.dart:2907:7)
#57     RenderProxyBoxMixin.performLayout (package:flutter/src/rendering/proxy_box.dart:118:18)
#58     _RenderCustomClip.performLayout (package:flutter/src/rendering/proxy_box.dart:1549:11)
#59     RenderObject.layout (package:flutter/src/rendering/object.dart:2907:7)
#60     RenderProxyBoxMixin.performLayout (package:flutter/src/rendering/proxy_box.dart:118:18)
#61     RenderObject.layout (package:flutter/src/rendering/object.dart:2907:7)
#62     RenderProxyBoxMixin.performLayout (package:flutter/src/rendering/proxy_box.dart:118:18)
#63     RenderObject.layout (package:flutter/src/rendering/object.dart:2907:7)
#64     RenderProxyBoxMixin.performLayout (package:flutter/src/rendering/proxy_box.dart:118:18)
#65     RenderObject.layout (package:flutter/src/rendering/object.dart:2907:7)
#66     RenderProxyBoxMixin.performLayout (package:flutter/src/rendering/proxy_box.dart:118:18)
#67     RenderObject.layout (package:flutter/src/rendering/object.dart:2907:7)
#68     RenderProxyBoxMixin.performLayout (package:flutter/src/rendering/proxy_box.dart:118:18)
#69     RenderObject.layout (package:flutter/src/rendering/object.dart:2907:7)
#70     RenderProxyBoxMixin.performLayout (package:flutter/src/rendering/proxy_box.dart:118:18)
#71     RenderObject.layout (package:flutter/src/rendering/object.dart:2907:7)
#72     RenderProxyBoxMixin.performLayout (package:flutter/src/rendering/proxy_box.dart:118:18)
#73     RenderObject.layout (package:flutter/src/rendering/object.dart:2907:7)
#74     RenderProxyBoxMixin.performLayout (package:flutter/src/rendering/proxy_box.dart:118:18)
#75     RenderObject.layout (package:flutter/src/rendering/object.dart:2907:7)
#76     RenderProxyBoxMixin.performLayout (package:flutter/src/rendering/proxy_box.dart:118:18)
#77     RenderObject.layout (package:flutter/src/rendering/object.dart:2907:7)
#78     RenderProxyBoxMixin.performLayout (package:flutter/src/rendering/proxy_box.dart:118:18)
#79     RenderObject.layout (package:flutter/src/rendering/object.dart:2907:7)
#80     RenderProxyBoxMixin.performLayout (package:flutter/src/rendering/proxy_box.dart:118:18)
#81     RenderObject.layout (package:flutter/src/rendering/object.dart:2907:7)
#82     RenderProxyBoxMixin.performLayout (package:flutter/src/rendering/proxy_box.dart:118:18)
#83     RenderObject.layout (package:flutter/src/rendering/object.dart:2907:7)
#84     RenderProxyBoxMixin.performLayout (package:flutter/src/rendering/proxy_box.dart:118:18)
#85     RenderObject.layout (package:flutter/src/rendering/object.dart:2907:7)
#86     RenderProxyBoxMixin.performLayout (package:flutter/src/rendering/proxy_box.dart:118:18)
#87     RenderObject.layout (package:flutter/src/rendering/object.dart:2907:7)
#88     RenderProxyBoxMixin.performLayout (package:flutter/src/rendering/proxy_box.dart:118:18)
#89     RenderObject.layout (package:flutter/src/rendering/object.dart:2907:7)
#90     RenderProxyBoxMixin.performLayout (package:flutter/src/rendering/proxy_box.dart:118:18)
#91     RenderOffstage.performLayout (package:flutter/src/rendering/proxy_box.dart:3923:13)
#92     RenderObject.layout (package:flutter/src/rendering/object.dart:2907:7)
#93     RenderProxyBoxMixin.performLayout (package:flutter/src/rendering/proxy_box.dart:118:18)
#94     RenderObject.layout (package:flutter/src/rendering/object.dart:2907:7)
#95     _RenderTheaterMixin.layoutChild (package:flutter/src/widgets/overlay.dart:1124:13)
#96     _RenderTheater.performLayout (package:flutter/src/widgets/overlay.dart:1481:9)
#97     RenderObject.layout (package:flutter/src/rendering/object.dart:2907:7)
#98     RenderProxyBoxMixin.performLayout (package:flutter/src/rendering/proxy_box.dart:118:18)
#99     RenderObject.layout (package:flutter/src/rendering/object.dart:2907:7)
#100    RenderProxyBoxMixin.performLayout (package:flutter/src/rendering/proxy_box.dart:118:18)
#101    RenderObject.layout (package:flutter/src/rendering/object.dart:2907:7)
#102    RenderProxyBoxMixin.performLayout (package:flutter/src/rendering/proxy_box.dart:118:18)
#103    RenderObject.layout (package:flutter/src/rendering/object.dart:2907:7)
#104    RenderProxyBoxMixin.performLayout (package:flutter/src/rendering/proxy_box.dart:118:18)
#105    RenderCustomPaint.performLayout (package:flutter/src/rendering/custom_paint.dart:574:11)
#106    RenderObject.layout (package:flutter/src/rendering/object.dart:2907:7)
#107    RenderProxyBoxMixin.performLayout (package:flutter/src/rendering/proxy_box.dart:118:18)
#108    RenderObject.layout (package:flutter/src/rendering/object.dart:2907:7)
#109    RenderProxyBoxMixin.performLayout (package:flutter/src/rendering/proxy_box.dart:118:18)
#110    RenderObject.layout (package:flutter/src/rendering/object.dart:2907:7)
#111    RenderProxyBoxMixin.performLayout (package:flutter/src/rendering/proxy_box.dart:118:18)
#112    RenderObject.layout (package:flutter/src/rendering/object.dart:2907:7)
#113    RenderProxyBoxMixin.performLayout (package:flutter/src/rendering/proxy_box.dart:118:18)
#114    RenderObject.layout (package:flutter/src/rendering/object.dart:2907:7)
#115    RenderProxyBoxMixin.performLayout (package:flutter/src/rendering/proxy_box.dart:118:18)
#116    RenderObject.layout (package:flutter/src/rendering/object.dart:2907:7)
#117    RenderProxyBoxMixin.performLayout (package:flutter/src/rendering/proxy_box.dart:118:18)
#118    RenderObject.layout (package:flutter/src/rendering/object.dart:2907:7)
#119    RenderView.performLayout (package:flutter/src/rendering/view.dart:292:12)
#120    RenderObject._layoutWithoutResize (package:flutter/src/rendering/object.dart:2755:7)
#121    PipelineOwner.flushLayout (package:flutter/src/rendering/object.dart:1174:18)
#122    PipelineOwner.flushLayout (package:flutter/src/rendering/object.dart:1187:15)
#123    AutomatedTestWidgetsFlutterBinding.drawFrame (package:flutter_test/src/binding.dart:2433:27)
#124    RendererBinding._handlePersistentFrameCallback (package:flutter/src/rendering/binding.dart:509:5)
#125    SchedulerBinding._invokeFrameCallback (package:flutter/src/scheduler/binding.dart:1430:15)
#126    SchedulerBinding.handleDrawFrame (package:flutter/src/scheduler/binding.dart:1345:9)
#127    AutomatedTestWidgetsFlutterBinding.pump.<anonymous closure> (package:flutter_test/src/binding.dart:2260:9)
#130    TestAsyncUtils.guard (package:flutter_test/src/test_async_utils.dart:74:41)
#131    AutomatedTestWidgetsFlutterBinding.pump (package:flutter_test/src/binding.dart:2249:27)
#132    WidgetTester.pumpWidget.<anonymous closure> (package:flutter_test/src/widget_tester.dart:598:22)
#135    TestAsyncUtils.guard (package:flutter_test/src/test_async_utils.dart:74:41)
#136    WidgetTester.pumpWidget (package:flutter_test/src/widget_tester.dart:595:27)
#137    main.<anonymous closure>.<anonymous closure> (file:///Y:/AndroidStudioProject/Github/expert-project/test/presentation/pages/tv_detail_page_test.dart:88:20)
#138    testWidgets.<anonymous closure>.<anonymous closure> (package:flutter_test/src/widget_tester.dart:192:29)
<asynchronous suspension>
#139    TestWidgetsFlutterBinding._runTestBody (package:flutter_test/src/binding.dart:1952:5)
<asynchronous suspension>
<asynchronous suspension>
(elided 7 frames from class _AssertionError, dart:async, and package:stack_trace)

The following RenderObject was being processed when the exception was fired: RenderFlex#8b562 relayoutBoundary=up11 NEEDS-LAYOUT NEEDS-PAINT NEEDS-COMPOSITING-BITS-UPDATE:
  creator: Column ΓåÉ _SingleChildViewport ΓåÉ IgnorePointer-[GlobalKey#a3a12] ΓåÉ Semantics ΓåÉ Listener ΓåÉ
    _GestureSemantics ΓåÉ RawGestureDetector-[LabeledGlobalKey<RawGestureDetectorState>#df7bc] ΓåÉ
    Listener ΓåÉ _ScrollableScope ΓåÉ _ScrollSemantics-[GlobalKey#60121] ΓåÉ
    NotificationListener<ScrollMetricsNotification> ΓåÉ Transform ΓåÉ Γï»
  parentData: <none> (can use size)
  constraints: BoxConstraints(0.0<=w<=768.0, 0.0<=h<=Infinity)
  size: MISSING
  direction: vertical
  mainAxisAlignment: start
  mainAxisSize: max
  crossAxisAlignment: start
  textDirection: ltr
  verticalDirection: down
  spacing: 0.0
This RenderObject had the following descendants (showing up to depth 5):
    child 1: RenderParagraph#6521c relayoutBoundary=up12 NEEDS-PAINT
      text: TextSpan
    child 2: RenderSemanticsAnnotations#27a3b relayoutBoundary=up12 NEEDS-PAINT NEEDS-COMPOSITING-BITS-UPDATE
      child: _RenderInputPadding#09e72 relayoutBoundary=up13 NEEDS-PAINT NEEDS-COMPOSITING-BITS-UPDATE
        child: RenderConstrainedBox#a99c6 relayoutBoundary=up14 NEEDS-PAINT NEEDS-COMPOSITING-BITS-UPDATE
          child: RenderPhysicalShape#d9297 relayoutBoundary=up15 NEEDS-PAINT NEEDS-COMPOSITING-BITS-UPDATE
            child: RenderCustomPaint#a8fa9 relayoutBoundary=up16 NEEDS-PAINT NEEDS-COMPOSITING-BITS-UPDATE
    child 3: RenderParagraph#4aeac relayoutBoundary=up12 NEEDS-PAINT
      text: TextSpan
    child 4: RenderFlex#109e2 relayoutBoundary=up12 NEEDS-PAINT NEEDS-COMPOSITING-BITS-UPDATE
      child 1: RenderClipRect#80f7a relayoutBoundary=up13 NEEDS-PAINT NEEDS-COMPOSITING-BITS-UPDATE
        child: RenderTransform#0c9ef relayoutBoundary=up14 NEEDS-PAINT NEEDS-COMPOSITING-BITS-UPDATE
          child: _RenderScrollSemantics#5b847 relayoutBoundary=up15 NEEDS-PAINT NEEDS-COMPOSITING-BITS-UPDATE
            child: RenderPointerListener#ebc52 relayoutBoundary=up16 NEEDS-PAINT NEEDS-COMPOSITING-BITS-UPDATE
      child 2: RenderParagraph#afee0 relayoutBoundary=up13 NEEDS-PAINT
        text: TextSpan
    child 5: RenderConstrainedBox#e435a relayoutBoundary=up12 NEEDS-PAINT
    child 6: RenderParagraph#57191 relayoutBoundary=up12 NEEDS-PAINT
      text: TextSpan
    child 7: RenderParagraph#f6264 relayoutBoundary=up12 NEEDS-PAINT
      text: TextSpan
    child 8: RenderConstrainedBox#7d1a4 relayoutBoundary=up12 NEEDS-PAINT
    child 9: RenderParagraph#5cf58 relayoutBoundary=up12 NEEDS-PAINT
      text: TextSpan
    child 10: RenderClipRect#e7a3c relayoutBoundary=up12 NEEDS-PAINT NEEDS-COMPOSITING-BITS-UPDATE
      child: RenderTransform#f5a07 relayoutBoundary=up13 NEEDS-PAINT NEEDS-COMPOSITING-BITS-UPDATE
        child: _RenderScrollSemantics#4199f relayoutBoundary=up14 NEEDS-PAINT NEEDS-COMPOSITING-BITS-UPDATE
          child: RenderPointerListener#a8b72 relayoutBoundary=up15 NEEDS-PAINT NEEDS-COMPOSITING-BITS-UPDATE
            child: RenderSemanticsGestureHandler#b4229 relayoutBoundary=up16 NEEDS-PAINT NEEDS-COMPOSITING-BITS-UPDATE
ΓòÉΓòÉΓòÉΓòÉΓòÉΓòÉΓòÉΓòÉΓòÉΓòÉΓòÉΓòÉΓòÉΓòÉΓòÉΓòÉΓòÉΓòÉΓòÉΓòÉΓòÉΓòÉΓòÉΓòÉΓòÉΓòÉΓòÉΓòÉΓòÉΓòÉΓòÉΓòÉΓòÉΓòÉΓòÉΓòÉΓòÉΓòÉΓòÉΓòÉΓòÉΓòÉΓòÉΓòÉΓòÉΓòÉΓòÉΓòÉΓòÉΓòÉΓòÉΓòÉΓòÉΓòÉΓòÉΓòÉΓòÉΓòÉΓòÉΓòÉΓòÉΓòÉΓòÉΓòÉΓòÉΓòÉΓòÉΓòÉΓòÉΓòÉΓòÉΓòÉΓòÉΓòÉΓòÉΓòÉΓòÉΓòÉΓòÉΓòÉΓòÉΓòÉΓòÉΓòÉΓòÉΓòÉΓòÉΓòÉΓòÉΓòÉΓòÉΓòÉΓòÉΓòÉΓòÉΓòÉΓòÉΓòÉΓòÉΓòÉ
ΓòÉΓòÉΓòí EXCEPTION CAUGHT BY RENDERING LIBRARY Γò₧ΓòÉΓòÉΓòÉΓòÉΓòÉΓòÉΓòÉΓòÉΓòÉΓòÉΓòÉΓòÉΓòÉΓòÉΓòÉΓòÉΓòÉΓòÉΓòÉΓòÉΓòÉΓòÉΓòÉΓòÉΓòÉΓòÉΓòÉΓòÉΓòÉΓòÉΓòÉΓòÉΓòÉΓòÉΓòÉΓòÉΓòÉΓòÉΓòÉΓòÉΓòÉΓòÉΓòÉΓòÉΓòÉΓòÉΓòÉΓòÉΓòÉΓòÉΓòÉΓòÉΓòÉΓòÉΓòÉΓòÉΓòÉ
The following assertion was thrown during performLayout():
RenderBox was not laid out: RenderFlex#8b562 relayoutBoundary=up11 NEEDS-PAINT
NEEDS-COMPOSITING-BITS-UPDATE
'package:flutter/src/rendering/box.dart':
Failed assertion: line 2251 pos 12: 'hasSize'

Either the assertion indicates an error in the framework itself, or we should provide substantially
more information in this error message to help you determine and fix the underlying cause.
In either case, please report this assertion by filing a bug on GitHub:
  https://github.com/flutter/flutter/issues/new?template=02_bug.yml

The relevant error-causing widget was:
  SingleChildScrollView
  SingleChildScrollView:file:///Y:/AndroidStudioProject/Github/expert-project/lib/presentation/pages/tv_detail_page.dart:100:30

When the exception was thrown, this was the stack:
#2      RenderBox.size (package:flutter/src/rendering/box.dart:2251:12)
#3      _RenderSingleChildViewport.performLayout (package:flutter/src/widgets/single_child_scroll_view.dart:503:43)
#4      RenderObject.layout (package:flutter/src/rendering/object.dart:2907:7)
#5      RenderProxyBoxMixin.performLayout (package:flutter/src/rendering/proxy_box.dart:118:18)
#6      RenderObject.layout (package:flutter/src/rendering/object.dart:2907:7)
#7      RenderProxyBoxMixin.performLayout (package:flutter/src/rendering/proxy_box.dart:118:18)
#8      RenderObject.layout (package:flutter/src/rendering/object.dart:2907:7)
#9      RenderProxyBoxMixin.performLayout (package:flutter/src/rendering/proxy_box.dart:118:18)
#10     RenderObject.layout (package:flutter/src/rendering/object.dart:2907:7)
#11     RenderProxyBoxMixin.performLayout (package:flutter/src/rendering/proxy_box.dart:118:18)
#12     RenderObject.layout (package:flutter/src/rendering/object.dart:2907:7)
#13     RenderProxyBoxMixin.performLayout (package:flutter/src/rendering/proxy_box.dart:118:18)
#14     RenderObject.layout (package:flutter/src/rendering/object.dart:2907:7)
#15     RenderProxyBoxMixin.performLayout (package:flutter/src/rendering/proxy_box.dart:118:18)
#16     RenderObject.layout (package:flutter/src/rendering/object.dart:2907:7)
#17     RenderProxyBoxMixin.performLayout (package:flutter/src/rendering/proxy_box.dart:118:18)
#18     RenderObject.layout (package:flutter/src/rendering/object.dart:2907:7)
#19     RenderProxyBoxMixin.performLayout (package:flutter/src/rendering/proxy_box.dart:118:18)
#20     _RenderCustomClip.performLayout (package:flutter/src/rendering/proxy_box.dart:1549:11)
#21     RenderObject.layout (package:flutter/src/rendering/object.dart:2907:7)
#22     RenderPadding.performLayout (package:flutter/src/rendering/shifted_box.dart:262:12)
#23     RenderObject.layout (package:flutter/src/rendering/object.dart:2907:7)
#24     ChildLayoutHelper.layoutChild (package:flutter/src/rendering/layout_helper.dart:62:11)
#25     RenderStack._computeSize (package:flutter/src/rendering/stack.dart:647:43)
#26     RenderStack.performLayout (package:flutter/src/rendering/stack.dart:682:12)
#27     RenderObject.layout (package:flutter/src/rendering/object.dart:2907:7)
#28     RenderPadding.performLayout (package:flutter/src/rendering/shifted_box.dart:262:12)
#29     RenderObject.layout (package:flutter/src/rendering/object.dart:2907:7)
#30     RenderProxyBoxMixin.performLayout (package:flutter/src/rendering/proxy_box.dart:118:18)
#31     RenderObject.layout (package:flutter/src/rendering/object.dart:2907:7)
#32     RenderFractionallySizedOverflowBox.performLayout (package:flutter/src/rendering/shifted_box.dart:1298:14)
#33     RenderObject.layout (package:flutter/src/rendering/object.dart:2907:7)
#34     RenderConstrainedBox.performLayout (package:flutter/src/rendering/proxy_box.dart:296:14)
#35     RenderObject.layout (package:flutter/src/rendering/object.dart:2907:7)
#36     _RenderLayoutBuilder.performLayout (package:flutter/src/widgets/layout_builder.dart:449:14)
#37     RenderObject.layout (package:flutter/src/rendering/object.dart:2907:7)
#38     RenderPadding.performLayout (package:flutter/src/rendering/shifted_box.dart:262:12)
#39     RenderObject.layout (package:flutter/src/rendering/object.dart:2907:7)
#40     ChildLayoutHelper.layoutChild (package:flutter/src/rendering/layout_helper.dart:62:11)
#41     RenderStack._computeSize (package:flutter/src/rendering/stack.dart:647:43)
#42     RenderStack.performLayout (package:flutter/src/rendering/stack.dart:682:12)
#43     RenderObject.layout (package:flutter/src/rendering/object.dart:2907:7)
#44     RenderPadding.performLayout (package:flutter/src/rendering/shifted_box.dart:262:12)
#45     RenderObject.layout (package:flutter/src/rendering/object.dart:2907:7)
#46     MultiChildLayoutDelegate.layoutChild (package:flutter/src/rendering/custom_layout.dart:180:12)
#47     _ScaffoldLayout.performLayout (package:flutter/src/material/scaffold.dart:1113:7)
#48     MultiChildLayoutDelegate._callPerformLayout (package:flutter/src/rendering/custom_layout.dart:246:7)
#49     RenderCustomMultiChildLayoutBox.performLayout (package:flutter/src/rendering/custom_layout.dart:417:14)
#50     RenderObject.layout (package:flutter/src/rendering/object.dart:2907:7)
#51     RenderProxyBoxMixin.performLayout (package:flutter/src/rendering/proxy_box.dart:118:18)
#52     RenderObject.layout (package:flutter/src/rendering/object.dart:2907:7)
#53     RenderProxyBoxMixin.performLayout (package:flutter/src/rendering/proxy_box.dart:118:18)
#54     _RenderCustomClip.performLayout (package:flutter/src/rendering/proxy_box.dart:1549:11)
#55     RenderObject.layout (package:flutter/src/rendering/object.dart:2907:7)
#56     RenderProxyBoxMixin.performLayout (package:flutter/src/rendering/proxy_box.dart:118:18)
#57     RenderObject.layout (package:flutter/src/rendering/object.dart:2907:7)
#58     RenderProxyBoxMixin.performLayout (package:flutter/src/rendering/proxy_box.dart:118:18)
#59     RenderObject.layout (package:flutter/src/rendering/object.dart:2907:7)
#60     RenderProxyBoxMixin.performLayout (package:flutter/src/rendering/proxy_box.dart:118:18)
#61     RenderObject.layout (package:flutter/src/rendering/object.dart:2907:7)
#62     RenderProxyBoxMixin.performLayout (package:flutter/src/rendering/proxy_box.dart:118:18)
#63     RenderObject.layout (package:flutter/src/rendering/object.dart:2907:7)
#64     RenderProxyBoxMixin.performLayout (package:flutter/src/rendering/proxy_box.dart:118:18)
#65     RenderObject.layout (package:flutter/src/rendering/object.dart:2907:7)
#66     RenderProxyBoxMixin.performLayout (package:flutter/src/rendering/proxy_box.dart:118:18)
#67     RenderObject.layout (package:flutter/src/rendering/object.dart:2907:7)
#68     RenderProxyBoxMixin.performLayout (package:flutter/src/rendering/proxy_box.dart:118:18)
#69     RenderObject.layout (package:flutter/src/rendering/object.dart:2907:7)
#70     RenderProxyBoxMixin.performLayout (package:flutter/src/rendering/proxy_box.dart:118:18)
#71     RenderObject.layout (package:flutter/src/rendering/object.dart:2907:7)
#72     RenderProxyBoxMixin.performLayout (package:flutter/src/rendering/proxy_box.dart:118:18)
#73     RenderObject.layout (package:flutter/src/rendering/object.dart:2907:7)
#74     RenderProxyBoxMixin.performLayout (package:flutter/src/rendering/proxy_box.dart:118:18)
#75     RenderObject.layout (package:flutter/src/rendering/object.dart:2907:7)
#76     RenderProxyBoxMixin.performLayout (package:flutter/src/rendering/proxy_box.dart:118:18)
#77     RenderObject.layout (package:flutter/src/rendering/object.dart:2907:7)
#78     RenderProxyBoxMixin.performLayout (package:flutter/src/rendering/proxy_box.dart:118:18)
#79     RenderObject.layout (package:flutter/src/rendering/object.dart:2907:7)
#80     RenderProxyBoxMixin.performLayout (package:flutter/src/rendering/proxy_box.dart:118:18)
#81     RenderObject.layout (package:flutter/src/rendering/object.dart:2907:7)
#82     RenderProxyBoxMixin.performLayout (package:flutter/src/rendering/proxy_box.dart:118:18)
#83     RenderObject.layout (package:flutter/src/rendering/object.dart:2907:7)
#84     RenderProxyBoxMixin.performLayout (package:flutter/src/rendering/proxy_box.dart:118:18)
#85     RenderObject.layout (package:flutter/src/rendering/object.dart:2907:7)
#86     RenderProxyBoxMixin.performLayout (package:flutter/src/rendering/proxy_box.dart:118:18)
#87     RenderOffstage.performLayout (package:flutter/src/rendering/proxy_box.dart:3923:13)
#88     RenderObject.layout (package:flutter/src/rendering/object.dart:2907:7)
#89     RenderProxyBoxMixin.performLayout (package:flutter/src/rendering/proxy_box.dart:118:18)
#90     RenderObject.layout (package:flutter/src/rendering/object.dart:2907:7)
#91     _RenderTheaterMixin.layoutChild (package:flutter/src/widgets/overlay.dart:1124:13)
#92     _RenderTheater.performLayout (package:flutter/src/widgets/overlay.dart:1481:9)
#93     RenderObject.layout (package:flutter/src/rendering/object.dart:2907:7)
#94     RenderProxyBoxMixin.performLayout (package:flutter/src/rendering/proxy_box.dart:118:18)
#95     RenderObject.layout (package:flutter/src/rendering/object.dart:2907:7)
#96     RenderProxyBoxMixin.performLayout (package:flutter/src/rendering/proxy_box.dart:118:18)
#97     RenderObject.layout (package:flutter/src/rendering/object.dart:2907:7)
#98     RenderProxyBoxMixin.performLayout (package:flutter/src/rendering/proxy_box.dart:118:18)
#99     RenderObject.layout (package:flutter/src/rendering/object.dart:2907:7)
#100    RenderProxyBoxMixin.performLayout (package:flutter/src/rendering/proxy_box.dart:118:18)
#101    RenderCustomPaint.performLayout (package:flutter/src/rendering/custom_paint.dart:574:11)
#102    RenderObject.layout (package:flutter/src/rendering/object.dart:2907:7)
#103    RenderProxyBoxMixin.performLayout (package:flutter/src/rendering/proxy_box.dart:118:18)
#104    RenderObject.layout (package:flutter/src/rendering/object.dart:2907:7)
#105    RenderProxyBoxMixin.performLayout (package:flutter/src/rendering/proxy_box.dart:118:18)
#106    RenderObject.layout (package:flutter/src/rendering/object.dart:2907:7)
#107    RenderProxyBoxMixin.performLayout (package:flutter/src/rendering/proxy_box.dart:118:18)
#108    RenderObject.layout (package:flutter/src/rendering/object.dart:2907:7)
#109    RenderProxyBoxMixin.performLayout (package:flutter/src/rendering/proxy_box.dart:118:18)
#110    RenderObject.layout (package:flutter/src/rendering/object.dart:2907:7)
#111    RenderProxyBoxMixin.performLayout (package:flutter/src/rendering/proxy_box.dart:118:18)
#112    RenderObject.layout (package:flutter/src/rendering/object.dart:2907:7)
#113    RenderProxyBoxMixin.performLayout (package:flutter/src/rendering/proxy_box.dart:118:18)
#114    RenderObject.layout (package:flutter/src/rendering/object.dart:2907:7)
#115    RenderView.performLayout (package:flutter/src/rendering/view.dart:292:12)
#116    RenderObject._layoutWithoutResize (package:flutter/src/rendering/object.dart:2755:7)
#117    PipelineOwner.flushLayout (package:flutter/src/rendering/object.dart:1174:18)
#118    PipelineOwner.flushLayout (package:flutter/src/rendering/object.dart:1187:15)
#119    AutomatedTestWidgetsFlutterBinding.drawFrame (package:flutter_test/src/binding.dart:2433:27)
#120    RendererBinding._handlePersistentFrameCallback (package:flutter/src/rendering/binding.dart:509:5)
#121    SchedulerBinding._invokeFrameCallback (package:flutter/src/scheduler/binding.dart:1430:15)
#122    SchedulerBinding.handleDrawFrame (package:flutter/src/scheduler/binding.dart:1345:9)
#123    AutomatedTestWidgetsFlutterBinding.pump.<anonymous closure> (package:flutter_test/src/binding.dart:2260:9)
#126    TestAsyncUtils.guard (package:flutter_test/src/test_async_utils.dart:74:41)
#127    AutomatedTestWidgetsFlutterBinding.pump (package:flutter_test/src/binding.dart:2249:27)
#128    WidgetTester.pumpWidget.<anonymous closure> (package:flutter_test/src/widget_tester.dart:598:22)
#131    TestAsyncUtils.guard (package:flutter_test/src/test_async_utils.dart:74:41)
#132    WidgetTester.pumpWidget (package:flutter_test/src/widget_tester.dart:595:27)
#133    main.<anonymous closure>.<anonymous closure> (file:///Y:/AndroidStudioProject/Github/expert-project/test/presentation/pages/tv_detail_page_test.dart:88:20)
#134    testWidgets.<anonymous closure>.<anonymous closure> (package:flutter_test/src/widget_tester.dart:192:29)
<asynchronous suspension>
#135    TestWidgetsFlutterBinding._runTestBody (package:flutter_test/src/binding.dart:1952:5)
<asynchronous suspension>
<asynchronous suspension>
(elided 7 frames from class _AssertionError, dart:async, and package:stack_trace)

The following RenderObject was being processed when the exception was fired: _RenderSingleChildViewport#00a15 relayoutBoundary=up10 NEEDS-LAYOUT NEEDS-PAINT NEEDS-COMPOSITING-BITS-UPDATE:
  needs compositing
  creator: _SingleChildViewport ΓåÉ IgnorePointer-[GlobalKey#a3a12] ΓåÉ Semantics ΓåÉ Listener ΓåÉ
    _GestureSemantics ΓåÉ RawGestureDetector-[LabeledGlobalKey<RawGestureDetectorState>#df7bc] ΓåÉ
    Listener ΓåÉ _ScrollableScope ΓåÉ _ScrollSemantics-[GlobalKey#60121] ΓåÉ
    NotificationListener<ScrollMetricsNotification> ΓåÉ Transform ΓåÉ StretchEffect ΓåÉ Γï»
  parentData: <none> (can use size)
  constraints: BoxConstraints(0.0<=w<=768.0, 0.0<=h<=240.0)
  size: MISSING
  offset: Offset(0.0, -0.0)
This RenderObject had the following descendants (showing up to depth 5):
    child: RenderFlex#8b562 relayoutBoundary=up11 NEEDS-PAINT NEEDS-COMPOSITING-BITS-UPDATE
      child 1: RenderParagraph#6521c relayoutBoundary=up12 NEEDS-PAINT
        text: TextSpan
      child 2: RenderSemanticsAnnotations#27a3b relayoutBoundary=up12 NEEDS-PAINT NEEDS-COMPOSITING-BITS-UPDATE
        child: _RenderInputPadding#09e72 relayoutBoundary=up13 NEEDS-PAINT NEEDS-COMPOSITING-BITS-UPDATE
          child: RenderConstrainedBox#a99c6 relayoutBoundary=up14 NEEDS-PAINT NEEDS-COMPOSITING-BITS-UPDATE
            child: RenderPhysicalShape#d9297 relayoutBoundary=up15 NEEDS-PAINT NEEDS-COMPOSITING-BITS-UPDATE
      child 3: RenderParagraph#4aeac relayoutBoundary=up12 NEEDS-PAINT
        text: TextSpan
      child 4: RenderFlex#109e2 relayoutBoundary=up12 NEEDS-PAINT NEEDS-COMPOSITING-BITS-UPDATE
        child 1: RenderClipRect#80f7a relayoutBoundary=up13 NEEDS-PAINT NEEDS-COMPOSITING-BITS-UPDATE
          child: RenderTransform#0c9ef relayoutBoundary=up14 NEEDS-PAINT NEEDS-COMPOSITING-BITS-UPDATE
            child: _RenderScrollSemantics#5b847 relayoutBoundary=up15 NEEDS-PAINT NEEDS-COMPOSITING-BITS-UPDATE
        child 2: RenderParagraph#afee0 relayoutBoundary=up13 NEEDS-PAINT
          text: TextSpan
      child 5: RenderConstrainedBox#e435a relayoutBoundary=up12 NEEDS-PAINT
      child 6: RenderParagraph#57191 relayoutBoundary=up12 NEEDS-PAINT
        text: TextSpan
      child 7: RenderParagraph#f6264 relayoutBoundary=up12 NEEDS-PAINT
        text: TextSpan
      child 8: RenderConstrainedBox#7d1a4 relayoutBoundary=up12 NEEDS-PAINT
      child 9: RenderParagraph#5cf58 relayoutBoundary=up12 NEEDS-PAINT
        text: TextSpan
      child 10: RenderClipRect#e7a3c relayoutBoundary=up12 NEEDS-PAINT NEEDS-COMPOSITING-BITS-UPDATE
        child: RenderTransform#f5a07 relayoutBoundary=up13 NEEDS-PAINT NEEDS-COMPOSITING-BITS-UPDATE
          child: _RenderScrollSemantics#4199f relayoutBoundary=up14 NEEDS-PAINT NEEDS-COMPOSITING-BITS-UPDATE
            child: RenderPointerListener#a8b72 relayoutBoundary=up15 NEEDS-PAINT NEEDS-COMPOSITING-BITS-UPDATE
ΓòÉΓòÉΓòÉΓòÉΓòÉΓòÉΓòÉΓòÉΓòÉΓòÉΓòÉΓòÉΓòÉΓòÉΓòÉΓòÉΓòÉΓòÉΓòÉΓòÉΓòÉΓòÉΓòÉΓòÉΓòÉΓòÉΓòÉΓòÉΓòÉΓòÉΓòÉΓòÉΓòÉΓòÉΓòÉΓòÉΓòÉΓòÉΓòÉΓòÉΓòÉΓòÉΓòÉΓòÉΓòÉΓòÉΓòÉΓòÉΓòÉΓòÉΓòÉΓòÉΓòÉΓòÉΓòÉΓòÉΓòÉΓòÉΓòÉΓòÉΓòÉΓòÉΓòÉΓòÉΓòÉΓòÉΓòÉΓòÉΓòÉΓòÉΓòÉΓòÉΓòÉΓòÉΓòÉΓòÉΓòÉΓòÉΓòÉΓòÉΓòÉΓòÉΓòÉΓòÉΓòÉΓòÉΓòÉΓòÉΓòÉΓòÉΓòÉΓòÉΓòÉΓòÉΓòÉΓòÉΓòÉΓòÉΓòÉΓòÉ
ΓòÉΓòÉΓòí EXCEPTION CAUGHT BY RENDERING LIBRARY Γò₧ΓòÉΓòÉΓòÉΓòÉΓòÉΓòÉΓòÉΓòÉΓòÉΓòÉΓòÉΓòÉΓòÉΓòÉΓòÉΓòÉΓòÉΓòÉΓòÉΓòÉΓòÉΓòÉΓòÉΓòÉΓòÉΓòÉΓòÉΓòÉΓòÉΓòÉΓòÉΓòÉΓòÉΓòÉΓòÉΓòÉΓòÉΓòÉΓòÉΓòÉΓòÉΓòÉΓòÉΓòÉΓòÉΓòÉΓòÉΓòÉΓòÉΓòÉΓòÉΓòÉΓòÉΓòÉΓòÉΓòÉΓòÉ
The following assertion was thrown during performLayout():
RenderBox was not laid out: _RenderSingleChildViewport#00a15 relayoutBoundary=up10 NEEDS-PAINT
NEEDS-COMPOSITING-BITS-UPDATE
'package:flutter/src/rendering/box.dart':
Failed assertion: line 2251 pos 12: 'hasSize'

Either the assertion indicates an error in the framework itself, or we should provide substantially
more information in this error message to help you determine and fix the underlying cause.
In either case, please report this assertion by filing a bug on GitHub:
  https://github.com/flutter/flutter/issues/new?template=02_bug.yml

The relevant error-causing widget was:
  SingleChildScrollView
  SingleChildScrollView:file:///Y:/AndroidStudioProject/Github/expert-project/lib/presentation/pages/tv_detail_page.dart:100:30

When the exception was thrown, this was the stack:
#2      RenderBox.size (package:flutter/src/rendering/box.dart:2251:12)
#3      RenderProxyBoxMixin.performLayout (package:flutter/src/rendering/proxy_box.dart:118:62)
#4      RenderObject.layout (package:flutter/src/rendering/object.dart:2907:7)
#5      RenderProxyBoxMixin.performLayout (package:flutter/src/rendering/proxy_box.dart:118:18)
#6      RenderObject.layout (package:flutter/src/rendering/object.dart:2907:7)
#7      RenderProxyBoxMixin.performLayout (package:flutter/src/rendering/proxy_box.dart:118:18)
#8      RenderObject.layout (package:flutter/src/rendering/object.dart:2907:7)
#9      RenderProxyBoxMixin.performLayout (package:flutter/src/rendering/proxy_box.dart:118:18)
#10     RenderObject.layout (package:flutter/src/rendering/object.dart:2907:7)
#11     RenderProxyBoxMixin.performLayout (package:flutter/src/rendering/proxy_box.dart:118:18)
#12     RenderObject.layout (package:flutter/src/rendering/object.dart:2907:7)
#13     RenderProxyBoxMixin.performLayout (package:flutter/src/rendering/proxy_box.dart:118:18)
#14     RenderObject.layout (package:flutter/src/rendering/object.dart:2907:7)
#15     RenderProxyBoxMixin.performLayout (package:flutter/src/rendering/proxy_box.dart:118:18)
#16     RenderObject.layout (package:flutter/src/rendering/object.dart:2907:7)
#17     RenderProxyBoxMixin.performLayout (package:flutter/src/rendering/proxy_box.dart:118:18)
#18     _RenderCustomClip.performLayout (package:flutter/src/rendering/proxy_box.dart:1549:11)
#19     RenderObject.layout (package:flutter/src/rendering/object.dart:2907:7)
#20     RenderPadding.performLayout (package:flutter/src/rendering/shifted_box.dart:262:12)
#21     RenderObject.layout (package:flutter/src/rendering/object.dart:2907:7)
#22     ChildLayoutHelper.layoutChild (package:flutter/src/rendering/layout_helper.dart:62:11)
#23     RenderStack._computeSize (package:flutter/src/rendering/stack.dart:647:43)
#24     RenderStack.performLayout (package:flutter/src/rendering/stack.dart:682:12)
#25     RenderObject.layout (package:flutter/src/rendering/object.dart:2907:7)
#26     RenderPadding.performLayout (package:flutter/src/rendering/shifted_box.dart:262:12)
#27     RenderObject.layout (package:flutter/src/rendering/object.dart:2907:7)
#28     RenderProxyBoxMixin.performLayout (package:flutter/src/rendering/proxy_box.dart:118:18)
#29     RenderObject.layout (package:flutter/src/rendering/object.dart:2907:7)
#30     RenderFractionallySizedOverflowBox.performLayout (package:flutter/src/rendering/shifted_box.dart:1298:14)
#31     RenderObject.layout (package:flutter/src/rendering/object.dart:2907:7)
#32     RenderConstrainedBox.performLayout (package:flutter/src/rendering/proxy_box.dart:296:14)
#33     RenderObject.layout (package:flutter/src/rendering/object.dart:2907:7)
#34     _RenderLayoutBuilder.performLayout (package:flutter/src/widgets/layout_builder.dart:449:14)
#35     RenderObject.layout (package:flutter/src/rendering/object.dart:2907:7)
#36     RenderPadding.performLayout (package:flutter/src/rendering/shifted_box.dart:262:12)
#37     RenderObject.layout (package:flutter/src/rendering/object.dart:2907:7)
#38     ChildLayoutHelper.layoutChild (package:flutter/src/rendering/layout_helper.dart:62:11)
#39     RenderStack._computeSize (package:flutter/src/rendering/stack.dart:647:43)
#40     RenderStack.performLayout (package:flutter/src/rendering/stack.dart:682:12)
#41     RenderObject.layout (package:flutter/src/rendering/object.dart:2907:7)
#42     RenderPadding.performLayout (package:flutter/src/rendering/shifted_box.dart:262:12)
#43     RenderObject.layout (package:flutter/src/rendering/object.dart:2907:7)
#44     MultiChildLayoutDelegate.layoutChild (package:flutter/src/rendering/custom_layout.dart:180:12)
#45     _ScaffoldLayout.performLayout (package:flutter/src/material/scaffold.dart:1113:7)
#46     MultiChildLayoutDelegate._callPerformLayout (package:flutter/src/rendering/custom_layout.dart:246:7)
#47     RenderCustomMultiChildLayoutBox.performLayout (package:flutter/src/rendering/custom_layout.dart:417:14)
#48     RenderObject.layout (package:flutter/src/rendering/object.dart:2907:7)
#49     RenderProxyBoxMixin.performLayout (package:flutter/src/rendering/proxy_box.dart:118:18)
#50     RenderObject.layout (package:flutter/src/rendering/object.dart:2907:7)
#51     RenderProxyBoxMixin.performLayout (package:flutter/src/rendering/proxy_box.dart:118:18)
#52     _RenderCustomClip.performLayout (package:flutter/src/rendering/proxy_box.dart:1549:11)
#53     RenderObject.layout (package:flutter/src/rendering/object.dart:2907:7)
#54     RenderProxyBoxMixin.performLayout (package:flutter/src/rendering/proxy_box.dart:118:18)
#55     RenderObject.layout (package:flutter/src/rendering/object.dart:2907:7)
#56     RenderProxyBoxMixin.performLayout (package:flutter/src/rendering/proxy_box.dart:118:18)
#57     RenderObject.layout (package:flutter/src/rendering/object.dart:2907:7)
#58     RenderProxyBoxMixin.performLayout (package:flutter/src/rendering/proxy_box.dart:118:18)
#59     RenderObject.layout (package:flutter/src/rendering/object.dart:2907:7)
#60     RenderProxyBoxMixin.performLayout (package:flutter/src/rendering/proxy_box.dart:118:18)
#61     RenderObject.layout (package:flutter/src/rendering/object.dart:2907:7)
#62     RenderProxyBoxMixin.performLayout (package:flutter/src/rendering/proxy_box.dart:118:18)
#63     RenderObject.layout (package:flutter/src/rendering/object.dart:2907:7)
#64     RenderProxyBoxMixin.performLayout (package:flutter/src/rendering/proxy_box.dart:118:18)
#65     RenderObject.layout (package:flutter/src/rendering/object.dart:2907:7)
#66     RenderProxyBoxMixin.performLayout (package:flutter/src/rendering/proxy_box.dart:118:18)
#67     RenderObject.layout (package:flutter/src/rendering/object.dart:2907:7)
#68     RenderProxyBoxMixin.performLayout (package:flutter/src/rendering/proxy_box.dart:118:18)
#69     RenderObject.layout (package:flutter/src/rendering/object.dart:2907:7)
#70     RenderProxyBoxMixin.performLayout (package:flutter/src/rendering/proxy_box.dart:118:18)
#71     RenderObject.layout (package:flutter/src/rendering/object.dart:2907:7)
#72     RenderProxyBoxMixin.performLayout (package:flutter/src/rendering/proxy_box.dart:118:18)
#73     RenderObject.layout (package:flutter/src/rendering/object.dart:2907:7)
#74     RenderProxyBoxMixin.performLayout (package:flutter/src/rendering/proxy_box.dart:118:18)
#75     RenderObject.layout (package:flutter/src/rendering/object.dart:2907:7)
#76     RenderProxyBoxMixin.performLayout (package:flutter/src/rendering/proxy_box.dart:118:18)
#77     RenderObject.layout (package:flutter/src/rendering/object.dart:2907:7)
#78     RenderProxyBoxMixin.performLayout (package:flutter/src/rendering/proxy_box.dart:118:18)
#79     RenderObject.layout (package:flutter/src/rendering/object.dart:2907:7)
#80     RenderProxyBoxMixin.performLayout (package:flutter/src/rendering/proxy_box.dart:118:18)
#81     RenderObject.layout (package:flutter/src/rendering/object.dart:2907:7)
#82     RenderProxyBoxMixin.performLayout (package:flutter/src/rendering/proxy_box.dart:118:18)
#83     RenderObject.layout (package:flutter/src/rendering/object.dart:2907:7)
#84     RenderProxyBoxMixin.performLayout (package:flutter/src/rendering/proxy_box.dart:118:18)
#85     RenderOffstage.performLayout (package:flutter/src/rendering/proxy_box.dart:3923:13)
#86     RenderObject.layout (package:flutter/src/rendering/object.dart:2907:7)
#87     RenderProxyBoxMixin.performLayout (package:flutter/src/rendering/proxy_box.dart:118:18)
#88     RenderObject.layout (package:flutter/src/rendering/object.dart:2907:7)
#89     _RenderTheaterMixin.layoutChild (package:flutter/src/widgets/overlay.dart:1124:13)
#90     _RenderTheater.performLayout (package:flutter/src/widgets/overlay.dart:1481:9)
#91     RenderObject.layout (package:flutter/src/rendering/object.dart:2907:7)
#92     RenderProxyBoxMixin.performLayout (package:flutter/src/rendering/proxy_box.dart:118:18)
#93     RenderObject.layout (package:flutter/src/rendering/object.dart:2907:7)
#94     RenderProxyBoxMixin.performLayout (package:flutter/src/rendering/proxy_box.dart:118:18)
#95     RenderObject.layout (package:flutter/src/rendering/object.dart:2907:7)
#96     RenderProxyBoxMixin.performLayout (package:flutter/src/rendering/proxy_box.dart:118:18)
#97     RenderObject.layout (package:flutter/src/rendering/object.dart:2907:7)
#98     RenderProxyBoxMixin.performLayout (package:flutter/src/rendering/proxy_box.dart:118:18)
#99     RenderCustomPaint.performLayout (package:flutter/src/rendering/custom_paint.dart:574:11)
#100    RenderObject.layout (package:flutter/src/rendering/object.dart:2907:7)
#101    RenderProxyBoxMixin.performLayout (package:flutter/src/rendering/proxy_box.dart:118:18)
#102    RenderObject.layout (package:flutter/src/rendering/object.dart:2907:7)
#103    RenderProxyBoxMixin.performLayout (package:flutter/src/rendering/proxy_box.dart:118:18)
#104    RenderObject.layout (package:flutter/src/rendering/object.dart:2907:7)
#105    RenderProxyBoxMixin.performLayout (package:flutter/src/rendering/proxy_box.dart:118:18)
#106    RenderObject.layout (package:flutter/src/rendering/object.dart:2907:7)
#107    RenderProxyBoxMixin.performLayout (package:flutter/src/rendering/proxy_box.dart:118:18)
#108    RenderObject.layout (package:flutter/src/rendering/object.dart:2907:7)
#109    RenderProxyBoxMixin.performLayout (package:flutter/src/rendering/proxy_box.dart:118:18)
#110    RenderObject.layout (package:flutter/src/rendering/object.dart:2907:7)
#111    RenderProxyBoxMixin.performLayout (package:flutter/src/rendering/proxy_box.dart:118:18)
#112    RenderObject.layout (package:flutter/src/rendering/object.dart:2907:7)
#113    RenderView.performLayout (package:flutter/src/rendering/view.dart:292:12)
#114    RenderObject._layoutWithoutResize (package:flutter/src/rendering/object.dart:2755:7)
#115    PipelineOwner.flushLayout (package:flutter/src/rendering/object.dart:1174:18)
#116    PipelineOwner.flushLayout (package:flutter/src/rendering/object.dart:1187:15)
#117    AutomatedTestWidgetsFlutterBinding.drawFrame (package:flutter_test/src/binding.dart:2433:27)
#118    RendererBinding._handlePersistentFrameCallback (package:flutter/src/rendering/binding.dart:509:5)
#119    SchedulerBinding._invokeFrameCallback (package:flutter/src/scheduler/binding.dart:1430:15)
#120    SchedulerBinding.handleDrawFrame (package:flutter/src/scheduler/binding.dart:1345:9)
#121    AutomatedTestWidgetsFlutterBinding.pump.<anonymous closure> (package:flutter_test/src/binding.dart:2260:9)
#124    TestAsyncUtils.guard (package:flutter_test/src/test_async_utils.dart:74:41)
#125    AutomatedTestWidgetsFlutterBinding.pump (package:flutter_test/src/binding.dart:2249:27)
#126    WidgetTester.pumpWidget.<anonymous closure> (package:flutter_test/src/widget_tester.dart:598:22)
#129    TestAsyncUtils.guard (package:flutter_test/src/test_async_utils.dart:74:41)
#130    WidgetTester.pumpWidget (package:flutter_test/src/widget_tester.dart:595:27)
#131    main.<anonymous closure>.<anonymous closure> (file:///Y:/AndroidStudioProject/Github/expert-project/test/presentation/pages/tv_detail_page_test.dart:88:20)
#132    testWidgets.<anonymous closure>.<anonymous closure> (package:flutter_test/src/widget_tester.dart:192:29)
<asynchronous suspension>
#133    TestWidgetsFlutterBinding._runTestBody (package:flutter_test/src/binding.dart:1952:5)
<asynchronous suspension>
<asynchronous suspension>
(elided 7 frames from class _AssertionError, dart:async, and package:stack_trace)

The following RenderObject was being processed when the exception was fired: RenderIgnorePointer#c71c3 relayoutBoundary=up9 NEEDS-LAYOUT NEEDS-PAINT NEEDS-COMPOSITING-BITS-UPDATE:
  creator: IgnorePointer-[GlobalKey#a3a12] ΓåÉ Semantics ΓåÉ Listener ΓåÉ _GestureSemantics ΓåÉ
    RawGestureDetector-[LabeledGlobalKey<RawGestureDetectorState>#df7bc] ΓåÉ Listener ΓåÉ _ScrollableScope
    ΓåÉ _ScrollSemantics-[GlobalKey#60121] ΓåÉ NotificationListener<ScrollMetricsNotification> ΓåÉ Transform
    ΓåÉ StretchEffect ΓåÉ ClipRect ΓåÉ Γï»
  parentData: <none> (can use size)
  constraints: BoxConstraints(0.0<=w<=768.0, 0.0<=h<=240.0)
  size: MISSING
  ignoring: false
  ignoringSemantics: null
This RenderObject had the following descendants (showing up to depth 5):
    child: _RenderSingleChildViewport#00a15 relayoutBoundary=up10 NEEDS-PAINT NEEDS-COMPOSITING-BITS-UPDATE
      child: RenderFlex#8b562 relayoutBoundary=up11 NEEDS-PAINT NEEDS-COMPOSITING-BITS-UPDATE
        child 1: RenderParagraph#6521c relayoutBoundary=up12 NEEDS-PAINT
          text: TextSpan
        child 2: RenderSemanticsAnnotations#27a3b relayoutBoundary=up12 NEEDS-PAINT NEEDS-COMPOSITING-BITS-UPDATE
          child: _RenderInputPadding#09e72 relayoutBoundary=up13 NEEDS-PAINT NEEDS-COMPOSITING-BITS-UPDATE
            child: RenderConstrainedBox#a99c6 relayoutBoundary=up14 NEEDS-PAINT NEEDS-COMPOSITING-BITS-UPDATE
        child 3: RenderParagraph#4aeac relayoutBoundary=up12 NEEDS-PAINT
          text: TextSpan
        child 4: RenderFlex#109e2 relayoutBoundary=up12 NEEDS-PAINT NEEDS-COMPOSITING-BITS-UPDATE
          child 1: RenderClipRect#80f7a relayoutBoundary=up13 NEEDS-PAINT NEEDS-COMPOSITING-BITS-UPDATE
            child: RenderTransform#0c9ef relayoutBoundary=up14 NEEDS-PAINT NEEDS-COMPOSITING-BITS-UPDATE
          child 2: RenderParagraph#afee0 relayoutBoundary=up13 NEEDS-PAINT
            text: TextSpan
        child 5: RenderConstrainedBox#e435a relayoutBoundary=up12 NEEDS-PAINT
        child 6: RenderParagraph#57191 relayoutBoundary=up12 NEEDS-PAINT
          text: TextSpan
        child 7: RenderParagraph#f6264 relayoutBoundary=up12 NEEDS-PAINT
          text: TextSpan
        child 8: RenderConstrainedBox#7d1a4 relayoutBoundary=up12 NEEDS-PAINT
        child 9: RenderParagraph#5cf58 relayoutBoundary=up12 NEEDS-PAINT
          text: TextSpan
        child 10: RenderClipRect#e7a3c relayoutBoundary=up12 NEEDS-PAINT NEEDS-COMPOSITING-BITS-UPDATE
          child: RenderTransform#f5a07 relayoutBoundary=up13 NEEDS-PAINT NEEDS-COMPOSITING-BITS-UPDATE
            child: _RenderScrollSemantics#4199f relayoutBoundary=up14 NEEDS-PAINT NEEDS-COMPOSITING-BITS-UPDATE
        child 11: RenderConstrainedBox#66d50 NEEDS-LAYOUT NEEDS-PAINT
        child 12: RenderParagraph#ef6dd NEEDS-LAYOUT NEEDS-PAINT
          text: TextSpan
ΓòÉΓòÉΓòÉΓòÉΓòÉΓòÉΓòÉΓòÉΓòÉΓòÉΓòÉΓòÉΓòÉΓòÉΓòÉΓòÉΓòÉΓòÉΓòÉΓòÉΓòÉΓòÉΓòÉΓòÉΓòÉΓòÉΓòÉΓòÉΓòÉΓòÉΓòÉΓòÉΓòÉΓòÉΓòÉΓòÉΓòÉΓòÉΓòÉΓòÉΓòÉΓòÉΓòÉΓòÉΓòÉΓòÉΓòÉΓòÉΓòÉΓòÉΓòÉΓòÉΓòÉΓòÉΓòÉΓòÉΓòÉΓòÉΓòÉΓòÉΓòÉΓòÉΓòÉΓòÉΓòÉΓòÉΓòÉΓòÉΓòÉΓòÉΓòÉΓòÉΓòÉΓòÉΓòÉΓòÉΓòÉΓòÉΓòÉΓòÉΓòÉΓòÉΓòÉΓòÉΓòÉΓòÉΓòÉΓòÉΓòÉΓòÉΓòÉΓòÉΓòÉΓòÉΓòÉΓòÉΓòÉΓòÉΓòÉΓòÉ
ΓòÉΓòÉΓòí EXCEPTION CAUGHT BY RENDERING LIBRARY Γò₧ΓòÉΓòÉΓòÉΓòÉΓòÉΓòÉΓòÉΓòÉΓòÉΓòÉΓòÉΓòÉΓòÉΓòÉΓòÉΓòÉΓòÉΓòÉΓòÉΓòÉΓòÉΓòÉΓòÉΓòÉΓòÉΓòÉΓòÉΓòÉΓòÉΓòÉΓòÉΓòÉΓòÉΓòÉΓòÉΓòÉΓòÉΓòÉΓòÉΓòÉΓòÉΓòÉΓòÉΓòÉΓòÉΓòÉΓòÉΓòÉΓòÉΓòÉΓòÉΓòÉΓòÉΓòÉΓòÉΓòÉΓòÉ
The following assertion was thrown during performLayout():
RenderBox was not laid out: RenderIgnorePointer#c71c3 relayoutBoundary=up9 NEEDS-PAINT
NEEDS-COMPOSITING-BITS-UPDATE
'package:flutter/src/rendering/box.dart':
Failed assertion: line 2251 pos 12: 'hasSize'

Either the assertion indicates an error in the framework itself, or we should provide substantially
more information in this error message to help you determine and fix the underlying cause.
In either case, please report this assertion by filing a bug on GitHub:
  https://github.com/flutter/flutter/issues/new?template=02_bug.yml

The relevant error-causing widget was:
  SingleChildScrollView
  SingleChildScrollView:file:///Y:/AndroidStudioProject/Github/expert-project/lib/presentation/pages/tv_detail_page.dart:100:30

When the exception was thrown, this was the stack:
#2      RenderBox.size (package:flutter/src/rendering/box.dart:2251:12)
#3      RenderProxyBoxMixin.performLayout (package:flutter/src/rendering/proxy_box.dart:118:62)
#4      RenderObject.layout (package:flutter/src/rendering/object.dart:2907:7)
#5      RenderProxyBoxMixin.performLayout (package:flutter/src/rendering/proxy_box.dart:118:18)
#6      RenderObject.layout (package:flutter/src/rendering/object.dart:2907:7)
#7      RenderProxyBoxMixin.performLayout (package:flutter/src/rendering/proxy_box.dart:118:18)
#8      RenderObject.layout (package:flutter/src/rendering/object.dart:2907:7)
#9      RenderProxyBoxMixin.performLayout (package:flutter/src/rendering/proxy_box.dart:118:18)
#10     RenderObject.layout (package:flutter/src/rendering/object.dart:2907:7)
#11     RenderProxyBoxMixin.performLayout (package:flutter/src/rendering/proxy_box.dart:118:18)
#12     RenderObject.layout (package:flutter/src/rendering/object.dart:2907:7)
#13     RenderProxyBoxMixin.performLayout (package:flutter/src/rendering/proxy_box.dart:118:18)
#14     RenderObject.layout (package:flutter/src/rendering/object.dart:2907:7)
#15     RenderProxyBoxMixin.performLayout (package:flutter/src/rendering/proxy_box.dart:118:18)
#16     _RenderCustomClip.performLayout (package:flutter/src/rendering/proxy_box.dart:1549:11)
#17     RenderObject.layout (package:flutter/src/rendering/object.dart:2907:7)
#18     RenderPadding.performLayout (package:flutter/src/rendering/shifted_box.dart:262:12)
#19     RenderObject.layout (package:flutter/src/rendering/object.dart:2907:7)
#20     ChildLayoutHelper.layoutChild (package:flutter/src/rendering/layout_helper.dart:62:11)
#21     RenderStack._computeSize (package:flutter/src/rendering/stack.dart:647:43)
#22     RenderStack.performLayout (package:flutter/src/rendering/stack.dart:682:12)
#23     RenderObject.layout (package:flutter/src/rendering/object.dart:2907:7)
#24     RenderPadding.performLayout (package:flutter/src/rendering/shifted_box.dart:262:12)
#25     RenderObject.layout (package:flutter/src/rendering/object.dart:2907:7)
#26     RenderProxyBoxMixin.performLayout (package:flutter/src/rendering/proxy_box.dart:118:18)
#27     RenderObject.layout (package:flutter/src/rendering/object.dart:2907:7)
#28     RenderFractionallySizedOverflowBox.performLayout (package:flutter/src/rendering/shifted_box.dart:1298:14)
#29     RenderObject.layout (package:flutter/src/rendering/object.dart:2907:7)
#30     RenderConstrainedBox.performLayout (package:flutter/src/rendering/proxy_box.dart:296:14)
#31     RenderObject.layout (package:flutter/src/rendering/object.dart:2907:7)
#32     _RenderLayoutBuilder.performLayout (package:flutter/src/widgets/layout_builder.dart:449:14)
#33     RenderObject.layout (package:flutter/src/rendering/object.dart:2907:7)
#34     RenderPadding.performLayout (package:flutter/src/rendering/shifted_box.dart:262:12)
#35     RenderObject.layout (package:flutter/src/rendering/object.dart:2907:7)
#36     ChildLayoutHelper.layoutChild (package:flutter/src/rendering/layout_helper.dart:62:11)
#37     RenderStack._computeSize (package:flutter/src/rendering/stack.dart:647:43)
#38     RenderStack.performLayout (package:flutter/src/rendering/stack.dart:682:12)
#39     RenderObject.layout (package:flutter/src/rendering/object.dart:2907:7)
#40     RenderPadding.performLayout (package:flutter/src/rendering/shifted_box.dart:262:12)
#41     RenderObject.layout (package:flutter/src/rendering/object.dart:2907:7)
#42     MultiChildLayoutDelegate.layoutChild (package:flutter/src/rendering/custom_layout.dart:180:12)
#43     _ScaffoldLayout.performLayout (package:flutter/src/material/scaffold.dart:1113:7)
#44     MultiChildLayoutDelegate._callPerformLayout (package:flutter/src/rendering/custom_layout.dart:246:7)
#45     RenderCustomMultiChildLayoutBox.performLayout (package:flutter/src/rendering/custom_layout.dart:417:14)
#46     RenderObject.layout (package:flutter/src/rendering/object.dart:2907:7)
#47     RenderProxyBoxMixin.performLayout (package:flutter/src/rendering/proxy_box.dart:118:18)
#48     RenderObject.layout (package:flutter/src/rendering/object.dart:2907:7)
#49     RenderProxyBoxMixin.performLayout (package:flutter/src/rendering/proxy_box.dart:118:18)
#50     _RenderCustomClip.performLayout (package:flutter/src/rendering/proxy_box.dart:1549:11)
#51     RenderObject.layout (package:flutter/src/rendering/object.dart:2907:7)
#52     RenderProxyBoxMixin.performLayout (package:flutter/src/rendering/proxy_box.dart:118:18)
#53     RenderObject.layout (package:flutter/src/rendering/object.dart:2907:7)
#54     RenderProxyBoxMixin.performLayout (package:flutter/src/rendering/proxy_box.dart:118:18)
#55     RenderObject.layout (package:flutter/src/rendering/object.dart:2907:7)
#56     RenderProxyBoxMixin.performLayout (package:flutter/src/rendering/proxy_box.dart:118:18)
#57     RenderObject.layout (package:flutter/src/rendering/object.dart:2907:7)
#58     RenderProxyBoxMixin.performLayout (package:flutter/src/rendering/proxy_box.dart:118:18)
#59     RenderObject.layout (package:flutter/src/rendering/object.dart:2907:7)
#60     RenderProxyBoxMixin.performLayout (package:flutter/src/rendering/proxy_box.dart:118:18)
#61     RenderObject.layout (package:flutter/src/rendering/object.dart:2907:7)
#62     RenderProxyBoxMixin.performLayout (package:flutter/src/rendering/proxy_box.dart:118:18)
#63     RenderObject.layout (package:flutter/src/rendering/object.dart:2907:7)
#64     RenderProxyBoxMixin.performLayout (package:flutter/src/rendering/proxy_box.dart:118:18)
#65     RenderObject.layout (package:flutter/src/rendering/object.dart:2907:7)
#66     RenderProxyBoxMixin.performLayout (package:flutter/src/rendering/proxy_box.dart:118:18)
#67     RenderObject.layout (package:flutter/src/rendering/object.dart:2907:7)
#68     RenderProxyBoxMixin.performLayout (package:flutter/src/rendering/proxy_box.dart:118:18)
#69     RenderObject.layout (package:flutter/src/rendering/object.dart:2907:7)
#70     RenderProxyBoxMixin.performLayout (package:flutter/src/rendering/proxy_box.dart:118:18)
#71     RenderObject.layout (package:flutter/src/rendering/object.dart:2907:7)
#72     RenderProxyBoxMixin.performLayout (package:flutter/src/rendering/proxy_box.dart:118:18)
#73     RenderObject.layout (package:flutter/src/rendering/object.dart:2907:7)
#74     RenderProxyBoxMixin.performLayout (package:flutter/src/rendering/proxy_box.dart:118:18)
#75     RenderObject.layout (package:flutter/src/rendering/object.dart:2907:7)
#76     RenderProxyBoxMixin.performLayout (package:flutter/src/rendering/proxy_box.dart:118:18)
#77     RenderObject.layout (package:flutter/src/rendering/object.dart:2907:7)
#78     RenderProxyBoxMixin.performLayout (package:flutter/src/rendering/proxy_box.dart:118:18)
#79     RenderObject.layout (package:flutter/src/rendering/object.dart:2907:7)
#80     RenderProxyBoxMixin.performLayout (package:flutter/src/rendering/proxy_box.dart:118:18)
#81     RenderObject.layout (package:flutter/src/rendering/object.dart:2907:7)
#82     RenderProxyBoxMixin.performLayout (package:flutter/src/rendering/proxy_box.dart:118:18)
#83     RenderOffstage.performLayout (package:flutter/src/rendering/proxy_box.dart:3923:13)
#84     RenderObject.layout (package:flutter/src/rendering/object.dart:2907:7)
#85     RenderProxyBoxMixin.performLayout (package:flutter/src/rendering/proxy_box.dart:118:18)
#86     RenderObject.layout (package:flutter/src/rendering/object.dart:2907:7)
#87     _RenderTheaterMixin.layoutChild (package:flutter/src/widgets/overlay.dart:1124:13)
#88     _RenderTheater.performLayout (package:flutter/src/widgets/overlay.dart:1481:9)
#89     RenderObject.layout (package:flutter/src/rendering/object.dart:2907:7)
#90     RenderProxyBoxMixin.performLayout (package:flutter/src/rendering/proxy_box.dart:118:18)
#91     RenderObject.layout (package:flutter/src/rendering/object.dart:2907:7)
#92     RenderProxyBoxMixin.performLayout (package:flutter/src/rendering/proxy_box.dart:118:18)
#93     RenderObject.layout (package:flutter/src/rendering/object.dart:2907:7)
#94     RenderProxyBoxMixin.performLayout (package:flutter/src/rendering/proxy_box.dart:118:18)
#95     RenderObject.layout (package:flutter/src/rendering/object.dart:2907:7)
#96     RenderProxyBoxMixin.performLayout (package:flutter/src/rendering/proxy_box.dart:118:18)
#97     RenderCustomPaint.performLayout (package:flutter/src/rendering/custom_paint.dart:574:11)
#98     RenderObject.layout (package:flutter/src/rendering/object.dart:2907:7)
#99     RenderProxyBoxMixin.performLayout (package:flutter/src/rendering/proxy_box.dart:118:18)
#100    RenderObject.layout (package:flutter/src/rendering/object.dart:2907:7)
#101    RenderProxyBoxMixin.performLayout (package:flutter/src/rendering/proxy_box.dart:118:18)
#102    RenderObject.layout (package:flutter/src/rendering/object.dart:2907:7)
#103    RenderProxyBoxMixin.performLayout (package:flutter/src/rendering/proxy_box.dart:118:18)
#104    RenderObject.layout (package:flutter/src/rendering/object.dart:2907:7)
#105    RenderProxyBoxMixin.performLayout (package:flutter/src/rendering/proxy_box.dart:118:18)
#106    RenderObject.layout (package:flutter/src/rendering/object.dart:2907:7)
#107    RenderProxyBoxMixin.performLayout (package:flutter/src/rendering/proxy_box.dart:118:18)
#108    RenderObject.layout (package:flutter/src/rendering/object.dart:2907:7)
#109    RenderProxyBoxMixin.performLayout (package:flutter/src/rendering/proxy_box.dart:118:18)
#110    RenderObject.layout (package:flutter/src/rendering/object.dart:2907:7)
#111    RenderView.performLayout (package:flutter/src/rendering/view.dart:292:12)
#112    RenderObject._layoutWithoutResize (package:flutter/src/rendering/object.dart:2755:7)
#113    PipelineOwner.flushLayout (package:flutter/src/rendering/object.dart:1174:18)
#114    PipelineOwner.flushLayout (package:flutter/src/rendering/object.dart:1187:15)
#115    AutomatedTestWidgetsFlutterBinding.drawFrame (package:flutter_test/src/binding.dart:2433:27)
#116    RendererBinding._handlePersistentFrameCallback (package:flutter/src/rendering/binding.dart:509:5)
#117    SchedulerBinding._invokeFrameCallback (package:flutter/src/scheduler/binding.dart:1430:15)
#118    SchedulerBinding.handleDrawFrame (package:flutter/src/scheduler/binding.dart:1345:9)
#119    AutomatedTestWidgetsFlutterBinding.pump.<anonymous closure> (package:flutter_test/src/binding.dart:2260:9)
#122    TestAsyncUtils.guard (package:flutter_test/src/test_async_utils.dart:74:41)
#123    AutomatedTestWidgetsFlutterBinding.pump (package:flutter_test/src/binding.dart:2249:27)
#124    WidgetTester.pumpWidget.<anonymous closure> (package:flutter_test/src/widget_tester.dart:598:22)
#127    TestAsyncUtils.guard (package:flutter_test/src/test_async_utils.dart:74:41)
#128    WidgetTester.pumpWidget (package:flutter_test/src/widget_tester.dart:595:27)
#129    main.<anonymous closure>.<anonymous closure> (file:///Y:/AndroidStudioProject/Github/expert-project/test/presentation/pages/tv_detail_page_test.dart:88:20)
#130    testWidgets.<anonymous closure>.<anonymous closure> (package:flutter_test/src/widget_tester.dart:192:29)
<asynchronous suspension>
#131    TestWidgetsFlutterBinding._runTestBody (package:flutter_test/src/binding.dart:1952:5)
<asynchronous suspension>
<asynchronous suspension>
(elided 7 frames from class _AssertionError, dart:async, and package:stack_trace)

The following RenderObject was being processed when the exception was fired: RenderSemanticsAnnotations#bf380 relayoutBoundary=up8 NEEDS-LAYOUT NEEDS-PAINT NEEDS-COMPOSITING-BITS-UPDATE:
  creator: Semantics ΓåÉ Listener ΓåÉ _GestureSemantics ΓåÉ
    RawGestureDetector-[LabeledGlobalKey<RawGestureDetectorState>#df7bc] ΓåÉ Listener ΓåÉ _ScrollableScope
    ΓåÉ _ScrollSemantics-[GlobalKey#60121] ΓåÉ NotificationListener<ScrollMetricsNotification> ΓåÉ Transform
    ΓåÉ StretchEffect ΓåÉ ClipRect ΓåÉ AnimatedBuilder ΓåÉ Γï»
  parentData: <none> (can use size)
  constraints: BoxConstraints(0.0<=w<=768.0, 0.0<=h<=240.0)
  size: MISSING
This RenderObject had the following descendants (showing up to depth 5):
    child: RenderIgnorePointer#c71c3 relayoutBoundary=up9 NEEDS-PAINT NEEDS-COMPOSITING-BITS-UPDATE
      child: _RenderSingleChildViewport#00a15 relayoutBoundary=up10 NEEDS-PAINT NEEDS-COMPOSITING-BITS-UPDATE
        child: RenderFlex#8b562 relayoutBoundary=up11 NEEDS-PAINT NEEDS-COMPOSITING-BITS-UPDATE
          child 1: RenderParagraph#6521c relayoutBoundary=up12 NEEDS-PAINT
            text: TextSpan
          child 2: RenderSemanticsAnnotations#27a3b relayoutBoundary=up12 NEEDS-PAINT NEEDS-COMPOSITING-BITS-UPDATE
            child: _RenderInputPadding#09e72 relayoutBoundary=up13 NEEDS-PAINT NEEDS-COMPOSITING-BITS-UPDATE
          child 3: RenderParagraph#4aeac relayoutBoundary=up12 NEEDS-PAINT
            text: TextSpan
          child 4: RenderFlex#109e2 relayoutBoundary=up12 NEEDS-PAINT NEEDS-COMPOSITING-BITS-UPDATE
            child 1: RenderClipRect#80f7a relayoutBoundary=up13 NEEDS-PAINT NEEDS-COMPOSITING-BITS-UPDATE
            child 2: RenderParagraph#afee0 relayoutBoundary=up13 NEEDS-PAINT
          child 5: RenderConstrainedBox#e435a relayoutBoundary=up12 NEEDS-PAINT
          child 6: RenderParagraph#57191 relayoutBoundary=up12 NEEDS-PAINT
            text: TextSpan
          child 7: RenderParagraph#f6264 relayoutBoundary=up12 NEEDS-PAINT
            text: TextSpan
          child 8: RenderConstrainedBox#7d1a4 relayoutBoundary=up12 NEEDS-PAINT
          child 9: RenderParagraph#5cf58 relayoutBoundary=up12 NEEDS-PAINT
            text: TextSpan
          child 10: RenderClipRect#e7a3c relayoutBoundary=up12 NEEDS-PAINT NEEDS-COMPOSITING-BITS-UPDATE
            child: RenderTransform#f5a07 relayoutBoundary=up13 NEEDS-PAINT NEEDS-COMPOSITING-BITS-UPDATE
          child 11: RenderConstrainedBox#66d50 NEEDS-LAYOUT NEEDS-PAINT
          child 12: RenderParagraph#ef6dd NEEDS-LAYOUT NEEDS-PAINT
            text: TextSpan
          child 13: RenderErrorBox#845e1 NEEDS-LAYOUT NEEDS-PAINT
ΓòÉΓòÉΓòÉΓòÉΓòÉΓòÉΓòÉΓòÉΓòÉΓòÉΓòÉΓòÉΓòÉΓòÉΓòÉΓòÉΓòÉΓòÉΓòÉΓòÉΓòÉΓòÉΓòÉΓòÉΓòÉΓòÉΓòÉΓòÉΓòÉΓòÉΓòÉΓòÉΓòÉΓòÉΓòÉΓòÉΓòÉΓòÉΓòÉΓòÉΓòÉΓòÉΓòÉΓòÉΓòÉΓòÉΓòÉΓòÉΓòÉΓòÉΓòÉΓòÉΓòÉΓòÉΓòÉΓòÉΓòÉΓòÉΓòÉΓòÉΓòÉΓòÉΓòÉΓòÉΓòÉΓòÉΓòÉΓòÉΓòÉΓòÉΓòÉΓòÉΓòÉΓòÉΓòÉΓòÉΓòÉΓòÉΓòÉΓòÉΓòÉΓòÉΓòÉΓòÉΓòÉΓòÉΓòÉΓòÉΓòÉΓòÉΓòÉΓòÉΓòÉΓòÉΓòÉΓòÉΓòÉΓòÉΓòÉΓòÉ
ΓòÉΓòÉΓòí EXCEPTION CAUGHT BY RENDERING LIBRARY Γò₧ΓòÉΓòÉΓòÉΓòÉΓòÉΓòÉΓòÉΓòÉΓòÉΓòÉΓòÉΓòÉΓòÉΓòÉΓòÉΓòÉΓòÉΓòÉΓòÉΓòÉΓòÉΓòÉΓòÉΓòÉΓòÉΓòÉΓòÉΓòÉΓòÉΓòÉΓòÉΓòÉΓòÉΓòÉΓòÉΓòÉΓòÉΓòÉΓòÉΓòÉΓòÉΓòÉΓòÉΓòÉΓòÉΓòÉΓòÉΓòÉΓòÉΓòÉΓòÉΓòÉΓòÉΓòÉΓòÉΓòÉΓòÉ
The following assertion was thrown during performLayout():
RenderBox was not laid out: RenderSemanticsAnnotations#bf380 relayoutBoundary=up8 NEEDS-PAINT
NEEDS-COMPOSITING-BITS-UPDATE
'package:flutter/src/rendering/box.dart':
Failed assertion: line 2251 pos 12: 'hasSize'

Either the assertion indicates an error in the framework itself, or we should provide substantially
more information in this error message to help you determine and fix the underlying cause.
In either case, please report this assertion by filing a bug on GitHub:
  https://github.com/flutter/flutter/issues/new?template=02_bug.yml

The relevant error-causing widget was:
  SingleChildScrollView
  SingleChildScrollView:file:///Y:/AndroidStudioProject/Github/expert-project/lib/presentation/pages/tv_detail_page.dart:100:30

When the exception was thrown, this was the stack:
#2      RenderBox.size (package:flutter/src/rendering/box.dart:2251:12)
#3      RenderProxyBoxMixin.performLayout (package:flutter/src/rendering/proxy_box.dart:118:62)
#4      RenderObject.layout (package:flutter/src/rendering/object.dart:2907:7)
#5      RenderProxyBoxMixin.performLayout (package:flutter/src/rendering/proxy_box.dart:118:18)
#6      RenderObject.layout (package:flutter/src/rendering/object.dart:2907:7)
#7      RenderProxyBoxMixin.performLayout (package:flutter/src/rendering/proxy_box.dart:118:18)
#8      RenderObject.layout (package:flutter/src/rendering/object.dart:2907:7)
#9      RenderProxyBoxMixin.performLayout (package:flutter/src/rendering/proxy_box.dart:118:18)
#10     RenderObject.layout (package:flutter/src/rendering/object.dart:2907:7)
#11     RenderProxyBoxMixin.performLayout (package:flutter/src/rendering/proxy_box.dart:118:18)
#12     RenderObject.layout (package:flutter/src/rendering/object.dart:2907:7)
#13     RenderProxyBoxMixin.performLayout (package:flutter/src/rendering/proxy_box.dart:118:18)
#14     _RenderCustomClip.performLayout (package:flutter/src/rendering/proxy_box.dart:1549:11)
#15     RenderObject.layout (package:flutter/src/rendering/object.dart:2907:7)
#16     RenderPadding.performLayout (package:flutter/src/rendering/shifted_box.dart:262:12)
#17     RenderObject.layout (package:flutter/src/rendering/object.dart:2907:7)
#18     ChildLayoutHelper.layoutChild (package:flutter/src/rendering/layout_helper.dart:62:11)
#19     RenderStack._computeSize (package:flutter/src/rendering/stack.dart:647:43)
#20     RenderStack.performLayout (package:flutter/src/rendering/stack.dart:682:12)
#21     RenderObject.layout (package:flutter/src/rendering/object.dart:2907:7)
#22     RenderPadding.performLayout (package:flutter/src/rendering/shifted_box.dart:262:12)
#23     RenderObject.layout (package:flutter/src/rendering/object.dart:2907:7)
#24     RenderProxyBoxMixin.performLayout (package:flutter/src/rendering/proxy_box.dart:118:18)
#25     RenderObject.layout (package:flutter/src/rendering/object.dart:2907:7)
#26     RenderFractionallySizedOverflowBox.performLayout (package:flutter/src/rendering/shifted_box.dart:1298:14)
#27     RenderObject.layout (package:flutter/src/rendering/object.dart:2907:7)
#28     RenderConstrainedBox.performLayout (package:flutter/src/rendering/proxy_box.dart:296:14)
#29     RenderObject.layout (package:flutter/src/rendering/object.dart:2907:7)
#30     _RenderLayoutBuilder.performLayout (package:flutter/src/widgets/layout_builder.dart:449:14)
#31     RenderObject.layout (package:flutter/src/rendering/object.dart:2907:7)
#32     RenderPadding.performLayout (package:flutter/src/rendering/shifted_box.dart:262:12)
#33     RenderObject.layout (package:flutter/src/rendering/object.dart:2907:7)
#34     ChildLayoutHelper.layoutChild (package:flutter/src/rendering/layout_helper.dart:62:11)
#35     RenderStack._computeSize (package:flutter/src/rendering/stack.dart:647:43)
#36     RenderStack.performLayout (package:flutter/src/rendering/stack.dart:682:12)
#37     RenderObject.layout (package:flutter/src/rendering/object.dart:2907:7)
#38     RenderPadding.performLayout (package:flutter/src/rendering/shifted_box.dart:262:12)
#39     RenderObject.layout (package:flutter/src/rendering/object.dart:2907:7)
#40     MultiChildLayoutDelegate.layoutChild (package:flutter/src/rendering/custom_layout.dart:180:12)
#41     _ScaffoldLayout.performLayout (package:flutter/src/material/scaffold.dart:1113:7)
#42     MultiChildLayoutDelegate._callPerformLayout (package:flutter/src/rendering/custom_layout.dart:246:7)
#43     RenderCustomMultiChildLayoutBox.performLayout (package:flutter/src/rendering/custom_layout.dart:417:14)
#44     RenderObject.layout (package:flutter/src/rendering/object.dart:2907:7)
#45     RenderProxyBoxMixin.performLayout (package:flutter/src/rendering/proxy_box.dart:118:18)
#46     RenderObject.layout (package:flutter/src/rendering/object.dart:2907:7)
#47     RenderProxyBoxMixin.performLayout (package:flutter/src/rendering/proxy_box.dart:118:18)
#48     _RenderCustomClip.performLayout (package:flutter/src/rendering/proxy_box.dart:1549:11)
#49     RenderObject.layout (package:flutter/src/rendering/object.dart:2907:7)
#50     RenderProxyBoxMixin.performLayout (package:flutter/src/rendering/proxy_box.dart:118:18)
#51     RenderObject.layout (package:flutter/src/rendering/object.dart:2907:7)
#52     RenderProxyBoxMixin.performLayout (package:flutter/src/rendering/proxy_box.dart:118:18)
#53     RenderObject.layout (package:flutter/src/rendering/object.dart:2907:7)
#54     RenderProxyBoxMixin.performLayout (package:flutter/src/rendering/proxy_box.dart:118:18)
#55     RenderObject.layout (package:flutter/src/rendering/object.dart:2907:7)
#56     RenderProxyBoxMixin.performLayout (package:flutter/src/rendering/proxy_box.dart:118:18)
#57     RenderObject.layout (package:flutter/src/rendering/object.dart:2907:7)
#58     RenderProxyBoxMixin.performLayout (package:flutter/src/rendering/proxy_box.dart:118:18)
#59     RenderObject.layout (package:flutter/src/rendering/object.dart:2907:7)
#60     RenderProxyBoxMixin.performLayout (package:flutter/src/rendering/proxy_box.dart:118:18)
#61     RenderObject.layout (package:flutter/src/rendering/object.dart:2907:7)
#62     RenderProxyBoxMixin.performLayout (package:flutter/src/rendering/proxy_box.dart:118:18)
#63     RenderObject.layout (package:flutter/src/rendering/object.dart:2907:7)
#64     RenderProxyBoxMixin.performLayout (package:flutter/src/rendering/proxy_box.dart:118:18)
#65     RenderObject.layout (package:flutter/src/rendering/object.dart:2907:7)
#66     RenderProxyBoxMixin.performLayout (package:flutter/src/rendering/proxy_box.dart:118:18)
#67     RenderObject.layout (package:flutter/src/rendering/object.dart:2907:7)
#68     RenderProxyBoxMixin.performLayout (package:flutter/src/rendering/proxy_box.dart:118:18)
#69     RenderObject.layout (package:flutter/src/rendering/object.dart:2907:7)
#70     RenderProxyBoxMixin.performLayout (package:flutter/src/rendering/proxy_box.dart:118:18)
#71     RenderObject.layout (package:flutter/src/rendering/object.dart:2907:7)
#72     RenderProxyBoxMixin.performLayout (package:flutter/src/rendering/proxy_box.dart:118:18)
#73     RenderObject.layout (package:flutter/src/rendering/object.dart:2907:7)
#74     RenderProxyBoxMixin.performLayout (package:flutter/src/rendering/proxy_box.dart:118:18)
#75     RenderObject.layout (package:flutter/src/rendering/object.dart:2907:7)
#76     RenderProxyBoxMixin.performLayout (package:flutter/src/rendering/proxy_box.dart:118:18)
#77     RenderObject.layout (package:flutter/src/rendering/object.dart:2907:7)
#78     RenderProxyBoxMixin.performLayout (package:flutter/src/rendering/proxy_box.dart:118:18)
#79     RenderObject.layout (package:flutter/src/rendering/object.dart:2907:7)
#80     RenderProxyBoxMixin.performLayout (package:flutter/src/rendering/proxy_box.dart:118:18)
#81     RenderOffstage.performLayout (package:flutter/src/rendering/proxy_box.dart:3923:13)
#82     RenderObject.layout (package:flutter/src/rendering/object.dart:2907:7)
#83     RenderProxyBoxMixin.performLayout (package:flutter/src/rendering/proxy_box.dart:118:18)
#84     RenderObject.layout (package:flutter/src/rendering/object.dart:2907:7)
#85     _RenderTheaterMixin.layoutChild (package:flutter/src/widgets/overlay.dart:1124:13)
#86     _RenderTheater.performLayout (package:flutter/src/widgets/overlay.dart:1481:9)
#87     RenderObject.layout (package:flutter/src/rendering/object.dart:2907:7)
#88     RenderProxyBoxMixin.performLayout (package:flutter/src/rendering/proxy_box.dart:118:18)
#89     RenderObject.layout (package:flutter/src/rendering/object.dart:2907:7)
#90     RenderProxyBoxMixin.performLayout (package:flutter/src/rendering/proxy_box.dart:118:18)
#91     RenderObject.layout (package:flutter/src/rendering/object.dart:2907:7)
#92     RenderProxyBoxMixin.performLayout (package:flutter/src/rendering/proxy_box.dart:118:18)
#93     RenderObject.layout (package:flutter/src/rendering/object.dart:2907:7)
#94     RenderProxyBoxMixin.performLayout (package:flutter/src/rendering/proxy_box.dart:118:18)
#95     RenderCustomPaint.performLayout (package:flutter/src/rendering/custom_paint.dart:574:11)
#96     RenderObject.layout (package:flutter/src/rendering/object.dart:2907:7)
#97     RenderProxyBoxMixin.performLayout (package:flutter/src/rendering/proxy_box.dart:118:18)
#98     RenderObject.layout (package:flutter/src/rendering/object.dart:2907:7)
#99     RenderProxyBoxMixin.performLayout (package:flutter/src/rendering/proxy_box.dart:118:18)
#100    RenderObject.layout (package:flutter/src/rendering/object.dart:2907:7)
#101    RenderProxyBoxMixin.performLayout (package:flutter/src/rendering/proxy_box.dart:118:18)
#102    RenderObject.layout (package:flutter/src/rendering/object.dart:2907:7)
#103    RenderProxyBoxMixin.performLayout (package:flutter/src/rendering/proxy_box.dart:118:18)
#104    RenderObject.layout (package:flutter/src/rendering/object.dart:2907:7)
#105    RenderProxyBoxMixin.performLayout (package:flutter/src/rendering/proxy_box.dart:118:18)
#106    RenderObject.layout (package:flutter/src/rendering/object.dart:2907:7)
#107    RenderProxyBoxMixin.performLayout (package:flutter/src/rendering/proxy_box.dart:118:18)
#108    RenderObject.layout (package:flutter/src/rendering/object.dart:2907:7)
#109    RenderView.performLayout (package:flutter/src/rendering/view.dart:292:12)
#110    RenderObject._layoutWithoutResize (package:flutter/src/rendering/object.dart:2755:7)
#111    PipelineOwner.flushLayout (package:flutter/src/rendering/object.dart:1174:18)
#112    PipelineOwner.flushLayout (package:flutter/src/rendering/object.dart:1187:15)
#113    AutomatedTestWidgetsFlutterBinding.drawFrame (package:flutter_test/src/binding.dart:2433:27)
#114    RendererBinding._handlePersistentFrameCallback (package:flutter/src/rendering/binding.dart:509:5)
#115    SchedulerBinding._invokeFrameCallback (package:flutter/src/scheduler/binding.dart:1430:15)
#116    SchedulerBinding.handleDrawFrame (package:flutter/src/scheduler/binding.dart:1345:9)
#117    AutomatedTestWidgetsFlutterBinding.pump.<anonymous closure> (package:flutter_test/src/binding.dart:2260:9)
#120    TestAsyncUtils.guard (package:flutter_test/src/test_async_utils.dart:74:41)
#121    AutomatedTestWidgetsFlutterBinding.pump (package:flutter_test/src/binding.dart:2249:27)
#122    WidgetTester.pumpWidget.<anonymous closure> (package:flutter_test/src/widget_tester.dart:598:22)
#125    TestAsyncUtils.guard (package:flutter_test/src/test_async_utils.dart:74:41)
#126    WidgetTester.pumpWidget (package:flutter_test/src/widget_tester.dart:595:27)
#127    main.<anonymous closure>.<anonymous closure> (file:///Y:/AndroidStudioProject/Github/expert-project/test/presentation/pages/tv_detail_page_test.dart:88:20)
#128    testWidgets.<anonymous closure>.<anonymous closure> (package:flutter_test/src/widget_tester.dart:192:29)
<asynchronous suspension>
#129    TestWidgetsFlutterBinding._runTestBody (package:flutter_test/src/binding.dart:1952:5)
<asynchronous suspension>
<asynchronous suspension>
(elided 7 frames from class _AssertionError, dart:async, and package:stack_trace)

The following RenderObject was being processed when the exception was fired: RenderPointerListener#aaefd relayoutBoundary=up7 NEEDS-LAYOUT NEEDS-PAINT NEEDS-COMPOSITING-BITS-UPDATE:
  creator: Listener ΓåÉ _GestureSemantics ΓåÉ
    RawGestureDetector-[LabeledGlobalKey<RawGestureDetectorState>#df7bc] ΓåÉ Listener ΓåÉ _ScrollableScope
    ΓåÉ _ScrollSemantics-[GlobalKey#60121] ΓåÉ NotificationListener<ScrollMetricsNotification> ΓåÉ Transform
    ΓåÉ StretchEffect ΓåÉ ClipRect ΓåÉ AnimatedBuilder ΓåÉ NotificationListener<ScrollNotification> ΓåÉ Γï»
  parentData: <none> (can use size)
  constraints: BoxConstraints(0.0<=w<=768.0, 0.0<=h<=240.0)
  size: MISSING
  behavior: opaque
  listeners: down, panZoomStart
This RenderObject had the following descendants (showing up to depth 5):
    child: RenderSemanticsAnnotations#bf380 relayoutBoundary=up8 NEEDS-PAINT NEEDS-COMPOSITING-BITS-UPDATE
      child: RenderIgnorePointer#c71c3 relayoutBoundary=up9 NEEDS-PAINT NEEDS-COMPOSITING-BITS-UPDATE
        child: _RenderSingleChildViewport#00a15 relayoutBoundary=up10 NEEDS-PAINT NEEDS-COMPOSITING-BITS-UPDATE
          child: RenderFlex#8b562 relayoutBoundary=up11 NEEDS-PAINT NEEDS-COMPOSITING-BITS-UPDATE
            child 1: RenderParagraph#6521c relayoutBoundary=up12 NEEDS-PAINT
            child 2: RenderSemanticsAnnotations#27a3b relayoutBoundary=up12 NEEDS-PAINT NEEDS-COMPOSITING-BITS-UPDATE
            child 3: RenderParagraph#4aeac relayoutBoundary=up12 NEEDS-PAINT
            child 4: RenderFlex#109e2 relayoutBoundary=up12 NEEDS-PAINT NEEDS-COMPOSITING-BITS-UPDATE
            child 5: RenderConstrainedBox#e435a relayoutBoundary=up12 NEEDS-PAINT
            child 6: RenderParagraph#57191 relayoutBoundary=up12 NEEDS-PAINT
            child 7: RenderParagraph#f6264 relayoutBoundary=up12 NEEDS-PAINT
            child 8: RenderConstrainedBox#7d1a4 relayoutBoundary=up12 NEEDS-PAINT
            child 9: RenderParagraph#5cf58 relayoutBoundary=up12 NEEDS-PAINT
            child 10: RenderClipRect#e7a3c relayoutBoundary=up12 NEEDS-PAINT NEEDS-COMPOSITING-BITS-UPDATE
            child 11: RenderConstrainedBox#66d50 NEEDS-LAYOUT NEEDS-PAINT
            child 12: RenderParagraph#ef6dd NEEDS-LAYOUT NEEDS-PAINT
            child 13: RenderErrorBox#845e1 NEEDS-LAYOUT NEEDS-PAINT
ΓòÉΓòÉΓòÉΓòÉΓòÉΓòÉΓòÉΓòÉΓòÉΓòÉΓòÉΓòÉΓòÉΓòÉΓòÉΓòÉΓòÉΓòÉΓòÉΓòÉΓòÉΓòÉΓòÉΓòÉΓòÉΓòÉΓòÉΓòÉΓòÉΓòÉΓòÉΓòÉΓòÉΓòÉΓòÉΓòÉΓòÉΓòÉΓòÉΓòÉΓòÉΓòÉΓòÉΓòÉΓòÉΓòÉΓòÉΓòÉΓòÉΓòÉΓòÉΓòÉΓòÉΓòÉΓòÉΓòÉΓòÉΓòÉΓòÉΓòÉΓòÉΓòÉΓòÉΓòÉΓòÉΓòÉΓòÉΓòÉΓòÉΓòÉΓòÉΓòÉΓòÉΓòÉΓòÉΓòÉΓòÉΓòÉΓòÉΓòÉΓòÉΓòÉΓòÉΓòÉΓòÉΓòÉΓòÉΓòÉΓòÉΓòÉΓòÉΓòÉΓòÉΓòÉΓòÉΓòÉΓòÉΓòÉΓòÉΓòÉ
ΓòÉΓòÉΓòí EXCEPTION CAUGHT BY RENDERING LIBRARY Γò₧ΓòÉΓòÉΓòÉΓòÉΓòÉΓòÉΓòÉΓòÉΓòÉΓòÉΓòÉΓòÉΓòÉΓòÉΓòÉΓòÉΓòÉΓòÉΓòÉΓòÉΓòÉΓòÉΓòÉΓòÉΓòÉΓòÉΓòÉΓòÉΓòÉΓòÉΓòÉΓòÉΓòÉΓòÉΓòÉΓòÉΓòÉΓòÉΓòÉΓòÉΓòÉΓòÉΓòÉΓòÉΓòÉΓòÉΓòÉΓòÉΓòÉΓòÉΓòÉΓòÉΓòÉΓòÉΓòÉΓòÉΓòÉ
The following assertion was thrown during performLayout():
RenderBox was not laid out: RenderPointerListener#aaefd relayoutBoundary=up7 NEEDS-PAINT
NEEDS-COMPOSITING-BITS-UPDATE
'package:flutter/src/rendering/box.dart':
Failed assertion: line 2251 pos 12: 'hasSize'

Either the assertion indicates an error in the framework itself, or we should provide substantially
more information in this error message to help you determine and fix the underlying cause.
In either case, please report this assertion by filing a bug on GitHub:
  https://github.com/flutter/flutter/issues/new?template=02_bug.yml

The relevant error-causing widget was:
  SingleChildScrollView
  SingleChildScrollView:file:///Y:/AndroidStudioProject/Github/expert-project/lib/presentation/pages/tv_detail_page.dart:100:30

When the exception was thrown, this was the stack:
#2      RenderBox.size (package:flutter/src/rendering/box.dart:2251:12)
#3      RenderProxyBoxMixin.performLayout (package:flutter/src/rendering/proxy_box.dart:118:62)
#4      RenderObject.layout (package:flutter/src/rendering/object.dart:2907:7)
#5      RenderProxyBoxMixin.performLayout (package:flutter/src/rendering/proxy_box.dart:118:18)
#6      RenderObject.layout (package:flutter/src/rendering/object.dart:2907:7)
#7      RenderProxyBoxMixin.performLayout (package:flutter/src/rendering/proxy_box.dart:118:18)
#8      RenderObject.layout (package:flutter/src/rendering/object.dart:2907:7)
#9      RenderProxyBoxMixin.performLayout (package:flutter/src/rendering/proxy_box.dart:118:18)
#10     RenderObject.layout (package:flutter/src/rendering/object.dart:2907:7)
#11     RenderProxyBoxMixin.performLayout (package:flutter/src/rendering/proxy_box.dart:118:18)
#12     _RenderCustomClip.performLayout (package:flutter/src/rendering/proxy_box.dart:1549:11)
#13     RenderObject.layout (package:flutter/src/rendering/object.dart:2907:7)
#14     RenderPadding.performLayout (package:flutter/src/rendering/shifted_box.dart:262:12)
#15     RenderObject.layout (package:flutter/src/rendering/object.dart:2907:7)
#16     ChildLayoutHelper.layoutChild (package:flutter/src/rendering/layout_helper.dart:62:11)
#17     RenderStack._computeSize (package:flutter/src/rendering/stack.dart:647:43)
#18     RenderStack.performLayout (package:flutter/src/rendering/stack.dart:682:12)
#19     RenderObject.layout (package:flutter/src/rendering/object.dart:2907:7)
#20     RenderPadding.performLayout (package:flutter/src/rendering/shifted_box.dart:262:12)
#21     RenderObject.layout (package:flutter/src/rendering/object.dart:2907:7)
#22     RenderProxyBoxMixin.performLayout (package:flutter/src/rendering/proxy_box.dart:118:18)
#23     RenderObject.layout (package:flutter/src/rendering/object.dart:2907:7)
#24     RenderFractionallySizedOverflowBox.performLayout (package:flutter/src/rendering/shifted_box.dart:1298:14)
#25     RenderObject.layout (package:flutter/src/rendering/object.dart:2907:7)
#26     RenderConstrainedBox.performLayout (package:flutter/src/rendering/proxy_box.dart:296:14)
#27     RenderObject.layout (package:flutter/src/rendering/object.dart:2907:7)
#28     _RenderLayoutBuilder.performLayout (package:flutter/src/widgets/layout_builder.dart:449:14)
#29     RenderObject.layout (package:flutter/src/rendering/object.dart:2907:7)
#30     RenderPadding.performLayout (package:flutter/src/rendering/shifted_box.dart:262:12)
#31     RenderObject.layout (package:flutter/src/rendering/object.dart:2907:7)
#32     ChildLayoutHelper.layoutChild (package:flutter/src/rendering/layout_helper.dart:62:11)
#33     RenderStack._computeSize (package:flutter/src/rendering/stack.dart:647:43)
#34     RenderStack.performLayout (package:flutter/src/rendering/stack.dart:682:12)
#35     RenderObject.layout (package:flutter/src/rendering/object.dart:2907:7)
#36     RenderPadding.performLayout (package:flutter/src/rendering/shifted_box.dart:262:12)
#37     RenderObject.layout (package:flutter/src/rendering/object.dart:2907:7)
#38     MultiChildLayoutDelegate.layoutChild (package:flutter/src/rendering/custom_layout.dart:180:12)
#39     _ScaffoldLayout.performLayout (package:flutter/src/material/scaffold.dart:1113:7)
#40     MultiChildLayoutDelegate._callPerformLayout (package:flutter/src/rendering/custom_layout.dart:246:7)
#41     RenderCustomMultiChildLayoutBox.performLayout (package:flutter/src/rendering/custom_layout.dart:417:14)
#42     RenderObject.layout (package:flutter/src/rendering/object.dart:2907:7)
#43     RenderProxyBoxMixin.performLayout (package:flutter/src/rendering/proxy_box.dart:118:18)
#44     RenderObject.layout (package:flutter/src/rendering/object.dart:2907:7)
#45     RenderProxyBoxMixin.performLayout (package:flutter/src/rendering/proxy_box.dart:118:18)
#46     _RenderCustomClip.performLayout (package:flutter/src/rendering/proxy_box.dart:1549:11)
#47     RenderObject.layout (package:flutter/src/rendering/object.dart:2907:7)
#48     RenderProxyBoxMixin.performLayout (package:flutter/src/rendering/proxy_box.dart:118:18)
#49     RenderObject.layout (package:flutter/src/rendering/object.dart:2907:7)
#50     RenderProxyBoxMixin.performLayout (package:flutter/src/rendering/proxy_box.dart:118:18)
#51     RenderObject.layout (package:flutter/src/rendering/object.dart:2907:7)
#52     RenderProxyBoxMixin.performLayout (package:flutter/src/rendering/proxy_box.dart:118:18)
#53     RenderObject.layout (package:flutter/src/rendering/object.dart:2907:7)
#54     RenderProxyBoxMixin.performLayout (package:flutter/src/rendering/proxy_box.dart:118:18)
#55     RenderObject.layout (package:flutter/src/rendering/object.dart:2907:7)
#56     RenderProxyBoxMixin.performLayout (package:flutter/src/rendering/proxy_box.dart:118:18)
#57     RenderObject.layout (package:flutter/src/rendering/object.dart:2907:7)
#58     RenderProxyBoxMixin.performLayout (package:flutter/src/rendering/proxy_box.dart:118:18)
#59     RenderObject.layout (package:flutter/src/rendering/object.dart:2907:7)
#60     RenderProxyBoxMixin.performLayout (package:flutter/src/rendering/proxy_box.dart:118:18)
#61     RenderObject.layout (package:flutter/src/rendering/object.dart:2907:7)
#62     RenderProxyBoxMixin.performLayout (package:flutter/src/rendering/proxy_box.dart:118:18)
#63     RenderObject.layout (package:flutter/src/rendering/object.dart:2907:7)
#64     RenderProxyBoxMixin.performLayout (package:flutter/src/rendering/proxy_box.dart:118:18)
#65     RenderObject.layout (package:flutter/src/rendering/object.dart:2907:7)
#66     RenderProxyBoxMixin.performLayout (package:flutter/src/rendering/proxy_box.dart:118:18)
#67     RenderObject.layout (package:flutter/src/rendering/object.dart:2907:7)
#68     RenderProxyBoxMixin.performLayout (package:flutter/src/rendering/proxy_box.dart:118:18)
#69     RenderObject.layout (package:flutter/src/rendering/object.dart:2907:7)
#70     RenderProxyBoxMixin.performLayout (package:flutter/src/rendering/proxy_box.dart:118:18)
#71     RenderObject.layout (package:flutter/src/rendering/object.dart:2907:7)
#72     RenderProxyBoxMixin.performLayout (package:flutter/src/rendering/proxy_box.dart:118:18)
#73     RenderObject.layout (package:flutter/src/rendering/object.dart:2907:7)
#74     RenderProxyBoxMixin.performLayout (package:flutter/src/rendering/proxy_box.dart:118:18)
#75     RenderObject.layout (package:flutter/src/rendering/object.dart:2907:7)
#76     RenderProxyBoxMixin.performLayout (package:flutter/src/rendering/proxy_box.dart:118:18)
#77     RenderObject.layout (package:flutter/src/rendering/object.dart:2907:7)
#78     RenderProxyBoxMixin.performLayout (package:flutter/src/rendering/proxy_box.dart:118:18)
#79     RenderOffstage.performLayout (package:flutter/src/rendering/proxy_box.dart:3923:13)
#80     RenderObject.layout (package:flutter/src/rendering/object.dart:2907:7)
#81     RenderProxyBoxMixin.performLayout (package:flutter/src/rendering/proxy_box.dart:118:18)
#82     RenderObject.layout (package:flutter/src/rendering/object.dart:2907:7)
#83     _RenderTheaterMixin.layoutChild (package:flutter/src/widgets/overlay.dart:1124:13)
#84     _RenderTheater.performLayout (package:flutter/src/widgets/overlay.dart:1481:9)
#85     RenderObject.layout (package:flutter/src/rendering/object.dart:2907:7)
#86     RenderProxyBoxMixin.performLayout (package:flutter/src/rendering/proxy_box.dart:118:18)
#87     RenderObject.layout (package:flutter/src/rendering/object.dart:2907:7)
#88     RenderProxyBoxMixin.performLayout (package:flutter/src/rendering/proxy_box.dart:118:18)
#89     RenderObject.layout (package:flutter/src/rendering/object.dart:2907:7)
#90     RenderProxyBoxMixin.performLayout (package:flutter/src/rendering/proxy_box.dart:118:18)
#91     RenderObject.layout (package:flutter/src/rendering/object.dart:2907:7)
#92     RenderProxyBoxMixin.performLayout (package:flutter/src/rendering/proxy_box.dart:118:18)
#93     RenderCustomPaint.performLayout (package:flutter/src/rendering/custom_paint.dart:574:11)
#94     RenderObject.layout (package:flutter/src/rendering/object.dart:2907:7)
#95     RenderProxyBoxMixin.performLayout (package:flutter/src/rendering/proxy_box.dart:118:18)
#96     RenderObject.layout (package:flutter/src/rendering/object.dart:2907:7)
#97     RenderProxyBoxMixin.performLayout (package:flutter/src/rendering/proxy_box.dart:118:18)
#98     RenderObject.layout (package:flutter/src/rendering/object.dart:2907:7)
#99     RenderProxyBoxMixin.performLayout (package:flutter/src/rendering/proxy_box.dart:118:18)
#100    RenderObject.layout (package:flutter/src/rendering/object.dart:2907:7)
#101    RenderProxyBoxMixin.performLayout (package:flutter/src/rendering/proxy_box.dart:118:18)
#102    RenderObject.layout (package:flutter/src/rendering/object.dart:2907:7)
#103    RenderProxyBoxMixin.performLayout (package:flutter/src/rendering/proxy_box.dart:118:18)
#104    RenderObject.layout (package:flutter/src/rendering/object.dart:2907:7)
#105    RenderProxyBoxMixin.performLayout (package:flutter/src/rendering/proxy_box.dart:118:18)
#106    RenderObject.layout (package:flutter/src/rendering/object.dart:2907:7)
#107    RenderView.performLayout (package:flutter/src/rendering/view.dart:292:12)
#108    RenderObject._layoutWithoutResize (package:flutter/src/rendering/object.dart:2755:7)
#109    PipelineOwner.flushLayout (package:flutter/src/rendering/object.dart:1174:18)
#110    PipelineOwner.flushLayout (package:flutter/src/rendering/object.dart:1187:15)
#111    AutomatedTestWidgetsFlutterBinding.drawFrame (package:flutter_test/src/binding.dart:2433:27)
#112    RendererBinding._handlePersistentFrameCallback (package:flutter/src/rendering/binding.dart:509:5)
#113    SchedulerBinding._invokeFrameCallback (package:flutter/src/scheduler/binding.dart:1430:15)
#114    SchedulerBinding.handleDrawFrame (package:flutter/src/scheduler/binding.dart:1345:9)
#115    AutomatedTestWidgetsFlutterBinding.pump.<anonymous closure> (package:flutter_test/src/binding.dart:2260:9)
#118    TestAsyncUtils.guard (package:flutter_test/src/test_async_utils.dart:74:41)
#119    AutomatedTestWidgetsFlutterBinding.pump (package:flutter_test/src/binding.dart:2249:27)
#120    WidgetTester.pumpWidget.<anonymous closure> (package:flutter_test/src/widget_tester.dart:598:22)
#123    TestAsyncUtils.guard (package:flutter_test/src/test_async_utils.dart:74:41)
#124    WidgetTester.pumpWidget (package:flutter_test/src/widget_tester.dart:595:27)
#125    main.<anonymous closure>.<anonymous closure> (file:///Y:/AndroidStudioProject/Github/expert-project/test/presentation/pages/tv_detail_page_test.dart:88:20)
#126    testWidgets.<anonymous closure>.<anonymous closure> (package:flutter_test/src/widget_tester.dart:192:29)
<asynchronous suspension>
#127    TestWidgetsFlutterBinding._runTestBody (package:flutter_test/src/binding.dart:1952:5)
<asynchronous suspension>
<asynchronous suspension>
(elided 7 frames from class _AssertionError, dart:async, and package:stack_trace)

The following RenderObject was being processed when the exception was fired: RenderSemanticsGestureHandler#78c0a relayoutBoundary=up6 NEEDS-LAYOUT NEEDS-PAINT NEEDS-COMPOSITING-BITS-UPDATE:
  creator: _GestureSemantics ΓåÉ RawGestureDetector-[LabeledGlobalKey<RawGestureDetectorState>#df7bc] ΓåÉ
    Listener ΓåÉ _ScrollableScope ΓåÉ _ScrollSemantics-[GlobalKey#60121] ΓåÉ
    NotificationListener<ScrollMetricsNotification> ΓåÉ Transform ΓåÉ StretchEffect ΓåÉ ClipRect ΓåÉ
    AnimatedBuilder ΓåÉ NotificationListener<ScrollNotification> ΓåÉ StretchingOverscrollIndicator ΓåÉ Γï»
  parentData: <none> (can use size)
  constraints: BoxConstraints(0.0<=w<=768.0, 0.0<=h<=240.0)
  size: MISSING
  behavior: opaque
  gestures: <none>
This RenderObject had the following descendants (showing up to depth 5):
    child: RenderPointerListener#aaefd relayoutBoundary=up7 NEEDS-PAINT NEEDS-COMPOSITING-BITS-UPDATE
      child: RenderSemanticsAnnotations#bf380 relayoutBoundary=up8 NEEDS-PAINT NEEDS-COMPOSITING-BITS-UPDATE
        child: RenderIgnorePointer#c71c3 relayoutBoundary=up9 NEEDS-PAINT NEEDS-COMPOSITING-BITS-UPDATE
          child: _RenderSingleChildViewport#00a15 relayoutBoundary=up10 NEEDS-PAINT NEEDS-COMPOSITING-BITS-UPDATE
            child: RenderFlex#8b562 relayoutBoundary=up11 NEEDS-PAINT NEEDS-COMPOSITING-BITS-UPDATE
ΓòÉΓòÉΓòÉΓòÉΓòÉΓòÉΓòÉΓòÉΓòÉΓòÉΓòÉΓòÉΓòÉΓòÉΓòÉΓòÉΓòÉΓòÉΓòÉΓòÉΓòÉΓòÉΓòÉΓòÉΓòÉΓòÉΓòÉΓòÉΓòÉΓòÉΓòÉΓòÉΓòÉΓòÉΓòÉΓòÉΓòÉΓòÉΓòÉΓòÉΓòÉΓòÉΓòÉΓòÉΓòÉΓòÉΓòÉΓòÉΓòÉΓòÉΓòÉΓòÉΓòÉΓòÉΓòÉΓòÉΓòÉΓòÉΓòÉΓòÉΓòÉΓòÉΓòÉΓòÉΓòÉΓòÉΓòÉΓòÉΓòÉΓòÉΓòÉΓòÉΓòÉΓòÉΓòÉΓòÉΓòÉΓòÉΓòÉΓòÉΓòÉΓòÉΓòÉΓòÉΓòÉΓòÉΓòÉΓòÉΓòÉΓòÉΓòÉΓòÉΓòÉΓòÉΓòÉΓòÉΓòÉΓòÉΓòÉΓòÉ
ΓòÉΓòÉΓòí EXCEPTION CAUGHT BY RENDERING LIBRARY Γò₧ΓòÉΓòÉΓòÉΓòÉΓòÉΓòÉΓòÉΓòÉΓòÉΓòÉΓòÉΓòÉΓòÉΓòÉΓòÉΓòÉΓòÉΓòÉΓòÉΓòÉΓòÉΓòÉΓòÉΓòÉΓòÉΓòÉΓòÉΓòÉΓòÉΓòÉΓòÉΓòÉΓòÉΓòÉΓòÉΓòÉΓòÉΓòÉΓòÉΓòÉΓòÉΓòÉΓòÉΓòÉΓòÉΓòÉΓòÉΓòÉΓòÉΓòÉΓòÉΓòÉΓòÉΓòÉΓòÉΓòÉΓòÉ
The following assertion was thrown during performLayout():
RenderBox was not laid out: RenderSemanticsGestureHandler#78c0a relayoutBoundary=up6 NEEDS-PAINT
NEEDS-COMPOSITING-BITS-UPDATE
'package:flutter/src/rendering/box.dart':
Failed assertion: line 2251 pos 12: 'hasSize'

Either the assertion indicates an error in the framework itself, or we should provide substantially
more information in this error message to help you determine and fix the underlying cause.
In either case, please report this assertion by filing a bug on GitHub:
  https://github.com/flutter/flutter/issues/new?template=02_bug.yml

The relevant error-causing widget was:
  SingleChildScrollView
  SingleChildScrollView:file:///Y:/AndroidStudioProject/Github/expert-project/lib/presentation/pages/tv_detail_page.dart:100:30

When the exception was thrown, this was the stack:
#2      RenderBox.size (package:flutter/src/rendering/box.dart:2251:12)
#3      RenderProxyBoxMixin.performLayout (package:flutter/src/rendering/proxy_box.dart:118:62)
#4      RenderObject.layout (package:flutter/src/rendering/object.dart:2907:7)
#5      RenderProxyBoxMixin.performLayout (package:flutter/src/rendering/proxy_box.dart:118:18)
#6      RenderObject.layout (package:flutter/src/rendering/object.dart:2907:7)
#7      RenderProxyBoxMixin.performLayout (package:flutter/src/rendering/proxy_box.dart:118:18)
#8      RenderObject.layout (package:flutter/src/rendering/object.dart:2907:7)
#9      RenderProxyBoxMixin.performLayout (package:flutter/src/rendering/proxy_box.dart:118:18)
#10     _RenderCustomClip.performLayout (package:flutter/src/rendering/proxy_box.dart:1549:11)
#11     RenderObject.layout (package:flutter/src/rendering/object.dart:2907:7)
#12     RenderPadding.performLayout (package:flutter/src/rendering/shifted_box.dart:262:12)
#13     RenderObject.layout (package:flutter/src/rendering/object.dart:2907:7)
#14     ChildLayoutHelper.layoutChild (package:flutter/src/rendering/layout_helper.dart:62:11)
#15     RenderStack._computeSize (package:flutter/src/rendering/stack.dart:647:43)
#16     RenderStack.performLayout (package:flutter/src/rendering/stack.dart:682:12)
#17     RenderObject.layout (package:flutter/src/rendering/object.dart:2907:7)
#18     RenderPadding.performLayout (package:flutter/src/rendering/shifted_box.dart:262:12)
#19     RenderObject.layout (package:flutter/src/rendering/object.dart:2907:7)
#20     RenderProxyBoxMixin.performLayout (package:flutter/src/rendering/proxy_box.dart:118:18)
#21     RenderObject.layout (package:flutter/src/rendering/object.dart:2907:7)
#22     RenderFractionallySizedOverflowBox.performLayout (package:flutter/src/rendering/shifted_box.dart:1298:14)
#23     RenderObject.layout (package:flutter/src/rendering/object.dart:2907:7)
#24     RenderConstrainedBox.performLayout (package:flutter/src/rendering/proxy_box.dart:296:14)
#25     RenderObject.layout (package:flutter/src/rendering/object.dart:2907:7)
#26     _RenderLayoutBuilder.performLayout (package:flutter/src/widgets/layout_builder.dart:449:14)
#27     RenderObject.layout (package:flutter/src/rendering/object.dart:2907:7)
#28     RenderPadding.performLayout (package:flutter/src/rendering/shifted_box.dart:262:12)
#29     RenderObject.layout (package:flutter/src/rendering/object.dart:2907:7)
#30     ChildLayoutHelper.layoutChild (package:flutter/src/rendering/layout_helper.dart:62:11)
#31     RenderStack._computeSize (package:flutter/src/rendering/stack.dart:647:43)
#32     RenderStack.performLayout (package:flutter/src/rendering/stack.dart:682:12)
#33     RenderObject.layout (package:flutter/src/rendering/object.dart:2907:7)
#34     RenderPadding.performLayout (package:flutter/src/rendering/shifted_box.dart:262:12)
#35     RenderObject.layout (package:flutter/src/rendering/object.dart:2907:7)
#36     MultiChildLayoutDelegate.layoutChild (package:flutter/src/rendering/custom_layout.dart:180:12)
#37     _ScaffoldLayout.performLayout (package:flutter/src/material/scaffold.dart:1113:7)
#38     MultiChildLayoutDelegate._callPerformLayout (package:flutter/src/rendering/custom_layout.dart:246:7)
#39     RenderCustomMultiChildLayoutBox.performLayout (package:flutter/src/rendering/custom_layout.dart:417:14)
#40     RenderObject.layout (package:flutter/src/rendering/object.dart:2907:7)
#41     RenderProxyBoxMixin.performLayout (package:flutter/src/rendering/proxy_box.dart:118:18)
#42     RenderObject.layout (package:flutter/src/rendering/object.dart:2907:7)
#43     RenderProxyBoxMixin.performLayout (package:flutter/src/rendering/proxy_box.dart:118:18)
#44     _RenderCustomClip.performLayout (package:flutter/src/rendering/proxy_box.dart:1549:11)
#45     RenderObject.layout (package:flutter/src/rendering/object.dart:2907:7)
#46     RenderProxyBoxMixin.performLayout (package:flutter/src/rendering/proxy_box.dart:118:18)
#47     RenderObject.layout (package:flutter/src/rendering/object.dart:2907:7)
#48     RenderProxyBoxMixin.performLayout (package:flutter/src/rendering/proxy_box.dart:118:18)
#49     RenderObject.layout (package:flutter/src/rendering/object.dart:2907:7)
#50     RenderProxyBoxMixin.performLayout (package:flutter/src/rendering/proxy_box.dart:118:18)
#51     RenderObject.layout (package:flutter/src/rendering/object.dart:2907:7)
#52     RenderProxyBoxMixin.performLayout (package:flutter/src/rendering/proxy_box.dart:118:18)
#53     RenderObject.layout (package:flutter/src/rendering/object.dart:2907:7)
#54     RenderProxyBoxMixin.performLayout (package:flutter/src/rendering/proxy_box.dart:118:18)
#55     RenderObject.layout (package:flutter/src/rendering/object.dart:2907:7)
#56     RenderProxyBoxMixin.performLayout (package:flutter/src/rendering/proxy_box.dart:118:18)
#57     RenderObject.layout (package:flutter/src/rendering/object.dart:2907:7)
#58     RenderProxyBoxMixin.performLayout (package:flutter/src/rendering/proxy_box.dart:118:18)
#59     RenderObject.layout (package:flutter/src/rendering/object.dart:2907:7)
#60     RenderProxyBoxMixin.performLayout (package:flutter/src/rendering/proxy_box.dart:118:18)
#61     RenderObject.layout (package:flutter/src/rendering/object.dart:2907:7)
#62     RenderProxyBoxMixin.performLayout (package:flutter/src/rendering/proxy_box.dart:118:18)
#63     RenderObject.layout (package:flutter/src/rendering/object.dart:2907:7)
#64     RenderProxyBoxMixin.performLayout (package:flutter/src/rendering/proxy_box.dart:118:18)
#65     RenderObject.layout (package:flutter/src/rendering/object.dart:2907:7)
#66     RenderProxyBoxMixin.performLayout (package:flutter/src/rendering/proxy_box.dart:118:18)
#67     RenderObject.layout (package:flutter/src/rendering/object.dart:2907:7)
#68     RenderProxyBoxMixin.performLayout (package:flutter/src/rendering/proxy_box.dart:118:18)
#69     RenderObject.layout (package:flutter/src/rendering/object.dart:2907:7)
#70     RenderProxyBoxMixin.performLayout (package:flutter/src/rendering/proxy_box.dart:118:18)
#71     RenderObject.layout (package:flutter/src/rendering/object.dart:2907:7)
#72     RenderProxyBoxMixin.performLayout (package:flutter/src/rendering/proxy_box.dart:118:18)
#73     RenderObject.layout (package:flutter/src/rendering/object.dart:2907:7)
#74     RenderProxyBoxMixin.performLayout (package:flutter/src/rendering/proxy_box.dart:118:18)
#75     RenderObject.layout (package:flutter/src/rendering/object.dart:2907:7)
#76     RenderProxyBoxMixin.performLayout (package:flutter/src/rendering/proxy_box.dart:118:18)
#77     RenderOffstage.performLayout (package:flutter/src/rendering/proxy_box.dart:3923:13)
#78     RenderObject.layout (package:flutter/src/rendering/object.dart:2907:7)
#79     RenderProxyBoxMixin.performLayout (package:flutter/src/rendering/proxy_box.dart:118:18)
#80     RenderObject.layout (package:flutter/src/rendering/object.dart:2907:7)
#81     _RenderTheaterMixin.layoutChild (package:flutter/src/widgets/overlay.dart:1124:13)
#82     _RenderTheater.performLayout (package:flutter/src/widgets/overlay.dart:1481:9)
#83     RenderObject.layout (package:flutter/src/rendering/object.dart:2907:7)
#84     RenderProxyBoxMixin.performLayout (package:flutter/src/rendering/proxy_box.dart:118:18)
#85     RenderObject.layout (package:flutter/src/rendering/object.dart:2907:7)
#86     RenderProxyBoxMixin.performLayout (package:flutter/src/rendering/proxy_box.dart:118:18)
#87     RenderObject.layout (package:flutter/src/rendering/object.dart:2907:7)
#88     RenderProxyBoxMixin.performLayout (package:flutter/src/rendering/proxy_box.dart:118:18)
#89     RenderObject.layout (package:flutter/src/rendering/object.dart:2907:7)
#90     RenderProxyBoxMixin.performLayout (package:flutter/src/rendering/proxy_box.dart:118:18)
#91     RenderCustomPaint.performLayout (package:flutter/src/rendering/custom_paint.dart:574:11)
#92     RenderObject.layout (package:flutter/src/rendering/object.dart:2907:7)
#93     RenderProxyBoxMixin.performLayout (package:flutter/src/rendering/proxy_box.dart:118:18)
#94     RenderObject.layout (package:flutter/src/rendering/object.dart:2907:7)
#95     RenderProxyBoxMixin.performLayout (package:flutter/src/rendering/proxy_box.dart:118:18)
#96     RenderObject.layout (package:flutter/src/rendering/object.dart:2907:7)
#97     RenderProxyBoxMixin.performLayout (package:flutter/src/rendering/proxy_box.dart:118:18)
#98     RenderObject.layout (package:flutter/src/rendering/object.dart:2907:7)
#99     RenderProxyBoxMixin.performLayout (package:flutter/src/rendering/proxy_box.dart:118:18)
#100    RenderObject.layout (package:flutter/src/rendering/object.dart:2907:7)
#101    RenderProxyBoxMixin.performLayout (package:flutter/src/rendering/proxy_box.dart:118:18)
#102    RenderObject.layout (package:flutter/src/rendering/object.dart:2907:7)
#103    RenderProxyBoxMixin.performLayout (package:flutter/src/rendering/proxy_box.dart:118:18)
#104    RenderObject.layout (package:flutter/src/rendering/object.dart:2907:7)
#105    RenderView.performLayout (package:flutter/src/rendering/view.dart:292:12)
#106    RenderObject._layoutWithoutResize (package:flutter/src/rendering/object.dart:2755:7)
#107    PipelineOwner.flushLayout (package:flutter/src/rendering/object.dart:1174:18)
#108    PipelineOwner.flushLayout (package:flutter/src/rendering/object.dart:1187:15)
#109    AutomatedTestWidgetsFlutterBinding.drawFrame (package:flutter_test/src/binding.dart:2433:27)
#110    RendererBinding._handlePersistentFrameCallback (package:flutter/src/rendering/binding.dart:509:5)
#111    SchedulerBinding._invokeFrameCallback (package:flutter/src/scheduler/binding.dart:1430:15)
#112    SchedulerBinding.handleDrawFrame (package:flutter/src/scheduler/binding.dart:1345:9)
#113    AutomatedTestWidgetsFlutterBinding.pump.<anonymous closure> (package:flutter_test/src/binding.dart:2260:9)
#116    TestAsyncUtils.guard (package:flutter_test/src/test_async_utils.dart:74:41)
#117    AutomatedTestWidgetsFlutterBinding.pump (package:flutter_test/src/binding.dart:2249:27)
#118    WidgetTester.pumpWidget.<anonymous closure> (package:flutter_test/src/widget_tester.dart:598:22)
#121    TestAsyncUtils.guard (package:flutter_test/src/test_async_utils.dart:74:41)
#122    WidgetTester.pumpWidget (package:flutter_test/src/widget_tester.dart:595:27)
#123    main.<anonymous closure>.<anonymous closure> (file:///Y:/AndroidStudioProject/Github/expert-project/test/presentation/pages/tv_detail_page_test.dart:88:20)
#124    testWidgets.<anonymous closure>.<anonymous closure> (package:flutter_test/src/widget_tester.dart:192:29)
<asynchronous suspension>
#125    TestWidgetsFlutterBinding._runTestBody (package:flutter_test/src/binding.dart:1952:5)
<asynchronous suspension>
<asynchronous suspension>
(elided 7 frames from class _AssertionError, dart:async, and package:stack_trace)

The following RenderObject was being processed when the exception was fired: RenderPointerListener#82c30 relayoutBoundary=up5 NEEDS-LAYOUT NEEDS-PAINT NEEDS-COMPOSITING-BITS-UPDATE:
  creator: Listener ΓåÉ _ScrollableScope ΓåÉ _ScrollSemantics-[GlobalKey#60121] ΓåÉ
    NotificationListener<ScrollMetricsNotification> ΓåÉ Transform ΓåÉ StretchEffect ΓåÉ ClipRect ΓåÉ
    AnimatedBuilder ΓåÉ NotificationListener<ScrollNotification> ΓåÉ StretchingOverscrollIndicator ΓåÉ
    Scrollable ΓåÉ SingleChildScrollView ΓåÉ Γï»
  parentData: <none> (can use size)
  constraints: BoxConstraints(0.0<=w<=768.0, 0.0<=h<=240.0)
  size: MISSING
  behavior: deferToChild
  listeners: signal
This RenderObject had the following descendants (showing up to depth 5):
    child: RenderSemanticsGestureHandler#78c0a relayoutBoundary=up6 NEEDS-PAINT NEEDS-COMPOSITING-BITS-UPDATE
      child: RenderPointerListener#aaefd relayoutBoundary=up7 NEEDS-PAINT NEEDS-COMPOSITING-BITS-UPDATE
        child: RenderSemanticsAnnotations#bf380 relayoutBoundary=up8 NEEDS-PAINT NEEDS-COMPOSITING-BITS-UPDATE
          child: RenderIgnorePointer#c71c3 relayoutBoundary=up9 NEEDS-PAINT NEEDS-COMPOSITING-BITS-UPDATE
            child: _RenderSingleChildViewport#00a15 relayoutBoundary=up10 NEEDS-PAINT NEEDS-COMPOSITING-BITS-UPDATE
ΓòÉΓòÉΓòÉΓòÉΓòÉΓòÉΓòÉΓòÉΓòÉΓòÉΓòÉΓòÉΓòÉΓòÉΓòÉΓòÉΓòÉΓòÉΓòÉΓòÉΓòÉΓòÉΓòÉΓòÉΓòÉΓòÉΓòÉΓòÉΓòÉΓòÉΓòÉΓòÉΓòÉΓòÉΓòÉΓòÉΓòÉΓòÉΓòÉΓòÉΓòÉΓòÉΓòÉΓòÉΓòÉΓòÉΓòÉΓòÉΓòÉΓòÉΓòÉΓòÉΓòÉΓòÉΓòÉΓòÉΓòÉΓòÉΓòÉΓòÉΓòÉΓòÉΓòÉΓòÉΓòÉΓòÉΓòÉΓòÉΓòÉΓòÉΓòÉΓòÉΓòÉΓòÉΓòÉΓòÉΓòÉΓòÉΓòÉΓòÉΓòÉΓòÉΓòÉΓòÉΓòÉΓòÉΓòÉΓòÉΓòÉΓòÉΓòÉΓòÉΓòÉΓòÉΓòÉΓòÉΓòÉΓòÉΓòÉΓòÉ
ΓòÉΓòÉΓòí EXCEPTION CAUGHT BY RENDERING LIBRARY Γò₧ΓòÉΓòÉΓòÉΓòÉΓòÉΓòÉΓòÉΓòÉΓòÉΓòÉΓòÉΓòÉΓòÉΓòÉΓòÉΓòÉΓòÉΓòÉΓòÉΓòÉΓòÉΓòÉΓòÉΓòÉΓòÉΓòÉΓòÉΓòÉΓòÉΓòÉΓòÉΓòÉΓòÉΓòÉΓòÉΓòÉΓòÉΓòÉΓòÉΓòÉΓòÉΓòÉΓòÉΓòÉΓòÉΓòÉΓòÉΓòÉΓòÉΓòÉΓòÉΓòÉΓòÉΓòÉΓòÉΓòÉΓòÉ
The following assertion was thrown during performLayout():
RenderBox was not laid out: RenderPointerListener#82c30 relayoutBoundary=up5 NEEDS-PAINT
NEEDS-COMPOSITING-BITS-UPDATE
'package:flutter/src/rendering/box.dart':
Failed assertion: line 2251 pos 12: 'hasSize'

Either the assertion indicates an error in the framework itself, or we should provide substantially
more information in this error message to help you determine and fix the underlying cause.
In either case, please report this assertion by filing a bug on GitHub:
  https://github.com/flutter/flutter/issues/new?template=02_bug.yml

The relevant error-causing widget was:
  SingleChildScrollView
  SingleChildScrollView:file:///Y:/AndroidStudioProject/Github/expert-project/lib/presentation/pages/tv_detail_page.dart:100:30

When the exception was thrown, this was the stack:
#2      RenderBox.size (package:flutter/src/rendering/box.dart:2251:12)
#3      RenderProxyBoxMixin.performLayout (package:flutter/src/rendering/proxy_box.dart:118:62)
#4      RenderObject.layout (package:flutter/src/rendering/object.dart:2907:7)
#5      RenderProxyBoxMixin.performLayout (package:flutter/src/rendering/proxy_box.dart:118:18)
#6      RenderObject.layout (package:flutter/src/rendering/object.dart:2907:7)
#7      RenderProxyBoxMixin.performLayout (package:flutter/src/rendering/proxy_box.dart:118:18)
#8      _RenderCustomClip.performLayout (package:flutter/src/rendering/proxy_box.dart:1549:11)
#9      RenderObject.layout (package:flutter/src/rendering/object.dart:2907:7)
#10     RenderPadding.performLayout (package:flutter/src/rendering/shifted_box.dart:262:12)
#11     RenderObject.layout (package:flutter/src/rendering/object.dart:2907:7)
#12     ChildLayoutHelper.layoutChild (package:flutter/src/rendering/layout_helper.dart:62:11)
#13     RenderStack._computeSize (package:flutter/src/rendering/stack.dart:647:43)
#14     RenderStack.performLayout (package:flutter/src/rendering/stack.dart:682:12)
#15     RenderObject.layout (package:flutter/src/rendering/object.dart:2907:7)
#16     RenderPadding.performLayout (package:flutter/src/rendering/shifted_box.dart:262:12)
#17     RenderObject.layout (package:flutter/src/rendering/object.dart:2907:7)
#18     RenderProxyBoxMixin.performLayout (package:flutter/src/rendering/proxy_box.dart:118:18)
#19     RenderObject.layout (package:flutter/src/rendering/object.dart:2907:7)
#20     RenderFractionallySizedOverflowBox.performLayout (package:flutter/src/rendering/shifted_box.dart:1298:14)
#21     RenderObject.layout (package:flutter/src/rendering/object.dart:2907:7)
#22     RenderConstrainedBox.performLayout (package:flutter/src/rendering/proxy_box.dart:296:14)
#23     RenderObject.layout (package:flutter/src/rendering/object.dart:2907:7)
#24     _RenderLayoutBuilder.performLayout (package:flutter/src/widgets/layout_builder.dart:449:14)
#25     RenderObject.layout (package:flutter/src/rendering/object.dart:2907:7)
#26     RenderPadding.performLayout (package:flutter/src/rendering/shifted_box.dart:262:12)
#27     RenderObject.layout (package:flutter/src/rendering/object.dart:2907:7)
#28     ChildLayoutHelper.layoutChild (package:flutter/src/rendering/layout_helper.dart:62:11)
#29     RenderStack._computeSize (package:flutter/src/rendering/stack.dart:647:43)
#30     RenderStack.performLayout (package:flutter/src/rendering/stack.dart:682:12)
#31     RenderObject.layout (package:flutter/src/rendering/object.dart:2907:7)
#32     RenderPadding.performLayout (package:flutter/src/rendering/shifted_box.dart:262:12)
#33     RenderObject.layout (package:flutter/src/rendering/object.dart:2907:7)
#34     MultiChildLayoutDelegate.layoutChild (package:flutter/src/rendering/custom_layout.dart:180:12)
#35     _ScaffoldLayout.performLayout (package:flutter/src/material/scaffold.dart:1113:7)
#36     MultiChildLayoutDelegate._callPerformLayout (package:flutter/src/rendering/custom_layout.dart:246:7)
#37     RenderCustomMultiChildLayoutBox.performLayout (package:flutter/src/rendering/custom_layout.dart:417:14)
#38     RenderObject.layout (package:flutter/src/rendering/object.dart:2907:7)
#39     RenderProxyBoxMixin.performLayout (package:flutter/src/rendering/proxy_box.dart:118:18)
#40     RenderObject.layout (package:flutter/src/rendering/object.dart:2907:7)
#41     RenderProxyBoxMixin.performLayout (package:flutter/src/rendering/proxy_box.dart:118:18)
#42     _RenderCustomClip.performLayout (package:flutter/src/rendering/proxy_box.dart:1549:11)
#43     RenderObject.layout (package:flutter/src/rendering/object.dart:2907:7)
#44     RenderProxyBoxMixin.performLayout (package:flutter/src/rendering/proxy_box.dart:118:18)
#45     RenderObject.layout (package:flutter/src/rendering/object.dart:2907:7)
#46     RenderProxyBoxMixin.performLayout (package:flutter/src/rendering/proxy_box.dart:118:18)
#47     RenderObject.layout (package:flutter/src/rendering/object.dart:2907:7)
#48     RenderProxyBoxMixin.performLayout (package:flutter/src/rendering/proxy_box.dart:118:18)
#49     RenderObject.layout (package:flutter/src/rendering/object.dart:2907:7)
#50     RenderProxyBoxMixin.performLayout (package:flutter/src/rendering/proxy_box.dart:118:18)
#51     RenderObject.layout (package:flutter/src/rendering/object.dart:2907:7)
#52     RenderProxyBoxMixin.performLayout (package:flutter/src/rendering/proxy_box.dart:118:18)
#53     RenderObject.layout (package:flutter/src/rendering/object.dart:2907:7)
#54     RenderProxyBoxMixin.performLayout (package:flutter/src/rendering/proxy_box.dart:118:18)
#55     RenderObject.layout (package:flutter/src/rendering/object.dart:2907:7)
#56     RenderProxyBoxMixin.performLayout (package:flutter/src/rendering/proxy_box.dart:118:18)
#57     RenderObject.layout (package:flutter/src/rendering/object.dart:2907:7)
#58     RenderProxyBoxMixin.performLayout (package:flutter/src/rendering/proxy_box.dart:118:18)
#59     RenderObject.layout (package:flutter/src/rendering/object.dart:2907:7)
#60     RenderProxyBoxMixin.performLayout (package:flutter/src/rendering/proxy_box.dart:118:18)
#61     RenderObject.layout (package:flutter/src/rendering/object.dart:2907:7)
#62     RenderProxyBoxMixin.performLayout (package:flutter/src/rendering/proxy_box.dart:118:18)
#63     RenderObject.layout (package:flutter/src/rendering/object.dart:2907:7)
#64     RenderProxyBoxMixin.performLayout (package:flutter/src/rendering/proxy_box.dart:118:18)
#65     RenderObject.layout (package:flutter/src/rendering/object.dart:2907:7)
#66     RenderProxyBoxMixin.performLayout (package:flutter/src/rendering/proxy_box.dart:118:18)
#67     RenderObject.layout (package:flutter/src/rendering/object.dart:2907:7)
#68     RenderProxyBoxMixin.performLayout (package:flutter/src/rendering/proxy_box.dart:118:18)
#69     RenderObject.layout (package:flutter/src/rendering/object.dart:2907:7)
#70     RenderProxyBoxMixin.performLayout (package:flutter/src/rendering/proxy_box.dart:118:18)
#71     RenderObject.layout (package:flutter/src/rendering/object.dart:2907:7)
#72     RenderProxyBoxMixin.performLayout (package:flutter/src/rendering/proxy_box.dart:118:18)
#73     RenderObject.layout (package:flutter/src/rendering/object.dart:2907:7)
#74     RenderProxyBoxMixin.performLayout (package:flutter/src/rendering/proxy_box.dart:118:18)
#75     RenderOffstage.performLayout (package:flutter/src/rendering/proxy_box.dart:3923:13)
#76     RenderObject.layout (package:flutter/src/rendering/object.dart:2907:7)
#77     RenderProxyBoxMixin.performLayout (package:flutter/src/rendering/proxy_box.dart:118:18)
#78     RenderObject.layout (package:flutter/src/rendering/object.dart:2907:7)
#79     _RenderTheaterMixin.layoutChild (package:flutter/src/widgets/overlay.dart:1124:13)
#80     _RenderTheater.performLayout (package:flutter/src/widgets/overlay.dart:1481:9)
#81     RenderObject.layout (package:flutter/src/rendering/object.dart:2907:7)
#82     RenderProxyBoxMixin.performLayout (package:flutter/src/rendering/proxy_box.dart:118:18)
#83     RenderObject.layout (package:flutter/src/rendering/object.dart:2907:7)
#84     RenderProxyBoxMixin.performLayout (package:flutter/src/rendering/proxy_box.dart:118:18)
#85     RenderObject.layout (package:flutter/src/rendering/object.dart:2907:7)
#86     RenderProxyBoxMixin.performLayout (package:flutter/src/rendering/proxy_box.dart:118:18)
#87     RenderObject.layout (package:flutter/src/rendering/object.dart:2907:7)
#88     RenderProxyBoxMixin.performLayout (package:flutter/src/rendering/proxy_box.dart:118:18)
#89     RenderCustomPaint.performLayout (package:flutter/src/rendering/custom_paint.dart:574:11)
#90     RenderObject.layout (package:flutter/src/rendering/object.dart:2907:7)
#91     RenderProxyBoxMixin.performLayout (package:flutter/src/rendering/proxy_box.dart:118:18)
#92     RenderObject.layout (package:flutter/src/rendering/object.dart:2907:7)
#93     RenderProxyBoxMixin.performLayout (package:flutter/src/rendering/proxy_box.dart:118:18)
#94     RenderObject.layout (package:flutter/src/rendering/object.dart:2907:7)
#95     RenderProxyBoxMixin.performLayout (package:flutter/src/rendering/proxy_box.dart:118:18)
#96     RenderObject.layout (package:flutter/src/rendering/object.dart:2907:7)
#97     RenderProxyBoxMixin.performLayout (package:flutter/src/rendering/proxy_box.dart:118:18)
#98     RenderObject.layout (package:flutter/src/rendering/object.dart:2907:7)
#99     RenderProxyBoxMixin.performLayout (package:flutter/src/rendering/proxy_box.dart:118:18)
#100    RenderObject.layout (package:flutter/src/rendering/object.dart:2907:7)
#101    RenderProxyBoxMixin.performLayout (package:flutter/src/rendering/proxy_box.dart:118:18)
#102    RenderObject.layout (package:flutter/src/rendering/object.dart:2907:7)
#103    RenderView.performLayout (package:flutter/src/rendering/view.dart:292:12)
#104    RenderObject._layoutWithoutResize (package:flutter/src/rendering/object.dart:2755:7)
#105    PipelineOwner.flushLayout (package:flutter/src/rendering/object.dart:1174:18)
#106    PipelineOwner.flushLayout (package:flutter/src/rendering/object.dart:1187:15)
#107    AutomatedTestWidgetsFlutterBinding.drawFrame (package:flutter_test/src/binding.dart:2433:27)
#108    RendererBinding._handlePersistentFrameCallback (package:flutter/src/rendering/binding.dart:509:5)
#109    SchedulerBinding._invokeFrameCallback (package:flutter/src/scheduler/binding.dart:1430:15)
#110    SchedulerBinding.handleDrawFrame (package:flutter/src/scheduler/binding.dart:1345:9)
#111    AutomatedTestWidgetsFlutterBinding.pump.<anonymous closure> (package:flutter_test/src/binding.dart:2260:9)
#114    TestAsyncUtils.guard (package:flutter_test/src/test_async_utils.dart:74:41)
#115    AutomatedTestWidgetsFlutterBinding.pump (package:flutter_test/src/binding.dart:2249:27)
#116    WidgetTester.pumpWidget.<anonymous closure> (package:flutter_test/src/widget_tester.dart:598:22)
#119    TestAsyncUtils.guard (package:flutter_test/src/test_async_utils.dart:74:41)
#120    WidgetTester.pumpWidget (package:flutter_test/src/widget_tester.dart:595:27)
#121    main.<anonymous closure>.<anonymous closure> (file:///Y:/AndroidStudioProject/Github/expert-project/test/presentation/pages/tv_detail_page_test.dart:88:20)
#122    testWidgets.<anonymous closure>.<anonymous closure> (package:flutter_test/src/widget_tester.dart:192:29)
<asynchronous suspension>
#123    TestWidgetsFlutterBinding._runTestBody (package:flutter_test/src/binding.dart:1952:5)
<asynchronous suspension>
<asynchronous suspension>
(elided 7 frames from class _AssertionError, dart:async, and package:stack_trace)

The following RenderObject was being processed when the exception was fired: _RenderScrollSemantics#33c67 relayoutBoundary=up4 NEEDS-LAYOUT NEEDS-PAINT NEEDS-COMPOSITING-BITS-UPDATE:
  creator: _ScrollSemantics-[GlobalKey#60121] ΓåÉ NotificationListener<ScrollMetricsNotification> ΓåÉ
    Transform ΓåÉ StretchEffect ΓåÉ ClipRect ΓåÉ AnimatedBuilder ΓåÉ NotificationListener<ScrollNotification>
    ΓåÉ StretchingOverscrollIndicator ΓåÉ Scrollable ΓåÉ SingleChildScrollView ΓåÉ Padding ΓåÉ Container ΓåÉ Γï»
  parentData: <none> (can use size)
  constraints: BoxConstraints(0.0<=w<=768.0, 0.0<=h<=240.0)
  semantic boundary
  size: MISSING
This RenderObject had the following descendants (showing up to depth 5):
    child: RenderPointerListener#82c30 relayoutBoundary=up5 NEEDS-PAINT NEEDS-COMPOSITING-BITS-UPDATE
      child: RenderSemanticsGestureHandler#78c0a relayoutBoundary=up6 NEEDS-PAINT NEEDS-COMPOSITING-BITS-UPDATE
        child: RenderPointerListener#aaefd relayoutBoundary=up7 NEEDS-PAINT NEEDS-COMPOSITING-BITS-UPDATE
          child: RenderSemanticsAnnotations#bf380 relayoutBoundary=up8 NEEDS-PAINT NEEDS-COMPOSITING-BITS-UPDATE
            child: RenderIgnorePointer#c71c3 relayoutBoundary=up9 NEEDS-PAINT NEEDS-COMPOSITING-BITS-UPDATE
ΓòÉΓòÉΓòÉΓòÉΓòÉΓòÉΓòÉΓòÉΓòÉΓòÉΓòÉΓòÉΓòÉΓòÉΓòÉΓòÉΓòÉΓòÉΓòÉΓòÉΓòÉΓòÉΓòÉΓòÉΓòÉΓòÉΓòÉΓòÉΓòÉΓòÉΓòÉΓòÉΓòÉΓòÉΓòÉΓòÉΓòÉΓòÉΓòÉΓòÉΓòÉΓòÉΓòÉΓòÉΓòÉΓòÉΓòÉΓòÉΓòÉΓòÉΓòÉΓòÉΓòÉΓòÉΓòÉΓòÉΓòÉΓòÉΓòÉΓòÉΓòÉΓòÉΓòÉΓòÉΓòÉΓòÉΓòÉΓòÉΓòÉΓòÉΓòÉΓòÉΓòÉΓòÉΓòÉΓòÉΓòÉΓòÉΓòÉΓòÉΓòÉΓòÉΓòÉΓòÉΓòÉΓòÉΓòÉΓòÉΓòÉΓòÉΓòÉΓòÉΓòÉΓòÉΓòÉΓòÉΓòÉΓòÉΓòÉΓòÉ
ΓòÉΓòÉΓòí EXCEPTION CAUGHT BY RENDERING LIBRARY Γò₧ΓòÉΓòÉΓòÉΓòÉΓòÉΓòÉΓòÉΓòÉΓòÉΓòÉΓòÉΓòÉΓòÉΓòÉΓòÉΓòÉΓòÉΓòÉΓòÉΓòÉΓòÉΓòÉΓòÉΓòÉΓòÉΓòÉΓòÉΓòÉΓòÉΓòÉΓòÉΓòÉΓòÉΓòÉΓòÉΓòÉΓòÉΓòÉΓòÉΓòÉΓòÉΓòÉΓòÉΓòÉΓòÉΓòÉΓòÉΓòÉΓòÉΓòÉΓòÉΓòÉΓòÉΓòÉΓòÉΓòÉΓòÉ
The following assertion was thrown during performLayout():
RenderBox was not laid out: _RenderScrollSemantics#33c67 relayoutBoundary=up4 NEEDS-PAINT
NEEDS-COMPOSITING-BITS-UPDATE
'package:flutter/src/rendering/box.dart':
Failed assertion: line 2251 pos 12: 'hasSize'

Either the assertion indicates an error in the framework itself, or we should provide substantially
more information in this error message to help you determine and fix the underlying cause.
In either case, please report this assertion by filing a bug on GitHub:
  https://github.com/flutter/flutter/issues/new?template=02_bug.yml

The relevant error-causing widget was:
  SingleChildScrollView
  SingleChildScrollView:file:///Y:/AndroidStudioProject/Github/expert-project/lib/presentation/pages/tv_detail_page.dart:100:30

When the exception was thrown, this was the stack:
#2      RenderBox.size (package:flutter/src/rendering/box.dart:2251:12)
#3      RenderProxyBoxMixin.performLayout (package:flutter/src/rendering/proxy_box.dart:118:62)
#4      RenderObject.layout (package:flutter/src/rendering/object.dart:2907:7)
#5      RenderProxyBoxMixin.performLayout (package:flutter/src/rendering/proxy_box.dart:118:18)
#6      _RenderCustomClip.performLayout (package:flutter/src/rendering/proxy_box.dart:1549:11)
#7      RenderObject.layout (package:flutter/src/rendering/object.dart:2907:7)
#8      RenderPadding.performLayout (package:flutter/src/rendering/shifted_box.dart:262:12)
#9      RenderObject.layout (package:flutter/src/rendering/object.dart:2907:7)
#10     ChildLayoutHelper.layoutChild (package:flutter/src/rendering/layout_helper.dart:62:11)
#11     RenderStack._computeSize (package:flutter/src/rendering/stack.dart:647:43)
#12     RenderStack.performLayout (package:flutter/src/rendering/stack.dart:682:12)
#13     RenderObject.layout (package:flutter/src/rendering/object.dart:2907:7)
#14     RenderPadding.performLayout (package:flutter/src/rendering/shifted_box.dart:262:12)
#15     RenderObject.layout (package:flutter/src/rendering/object.dart:2907:7)
#16     RenderProxyBoxMixin.performLayout (package:flutter/src/rendering/proxy_box.dart:118:18)
#17     RenderObject.layout (package:flutter/src/rendering/object.dart:2907:7)
#18     RenderFractionallySizedOverflowBox.performLayout (package:flutter/src/rendering/shifted_box.dart:1298:14)
#19     RenderObject.layout (package:flutter/src/rendering/object.dart:2907:7)
#20     RenderConstrainedBox.performLayout (package:flutter/src/rendering/proxy_box.dart:296:14)
#21     RenderObject.layout (package:flutter/src/rendering/object.dart:2907:7)
#22     _RenderLayoutBuilder.performLayout (package:flutter/src/widgets/layout_builder.dart:449:14)
#23     RenderObject.layout (package:flutter/src/rendering/object.dart:2907:7)
#24     RenderPadding.performLayout (package:flutter/src/rendering/shifted_box.dart:262:12)
#25     RenderObject.layout (package:flutter/src/rendering/object.dart:2907:7)
#26     ChildLayoutHelper.layoutChild (package:flutter/src/rendering/layout_helper.dart:62:11)
#27     RenderStack._computeSize (package:flutter/src/rendering/stack.dart:647:43)
#28     RenderStack.performLayout (package:flutter/src/rendering/stack.dart:682:12)
#29     RenderObject.layout (package:flutter/src/rendering/object.dart:2907:7)
#30     RenderPadding.performLayout (package:flutter/src/rendering/shifted_box.dart:262:12)
#31     RenderObject.layout (package:flutter/src/rendering/object.dart:2907:7)
#32     MultiChildLayoutDelegate.layoutChild (package:flutter/src/rendering/custom_layout.dart:180:12)
#33     _ScaffoldLayout.performLayout (package:flutter/src/material/scaffold.dart:1113:7)
#34     MultiChildLayoutDelegate._callPerformLayout (package:flutter/src/rendering/custom_layout.dart:246:7)
#35     RenderCustomMultiChildLayoutBox.performLayout (package:flutter/src/rendering/custom_layout.dart:417:14)
#36     RenderObject.layout (package:flutter/src/rendering/object.dart:2907:7)
#37     RenderProxyBoxMixin.performLayout (package:flutter/src/rendering/proxy_box.dart:118:18)
#38     RenderObject.layout (package:flutter/src/rendering/object.dart:2907:7)
#39     RenderProxyBoxMixin.performLayout (package:flutter/src/rendering/proxy_box.dart:118:18)
#40     _RenderCustomClip.performLayout (package:flutter/src/rendering/proxy_box.dart:1549:11)
#41     RenderObject.layout (package:flutter/src/rendering/object.dart:2907:7)
#42     RenderProxyBoxMixin.performLayout (package:flutter/src/rendering/proxy_box.dart:118:18)
#43     RenderObject.layout (package:flutter/src/rendering/object.dart:2907:7)
#44     RenderProxyBoxMixin.performLayout (package:flutter/src/rendering/proxy_box.dart:118:18)
#45     RenderObject.layout (package:flutter/src/rendering/object.dart:2907:7)
#46     RenderProxyBoxMixin.performLayout (package:flutter/src/rendering/proxy_box.dart:118:18)
#47     RenderObject.layout (package:flutter/src/rendering/object.dart:2907:7)
#48     RenderProxyBoxMixin.performLayout (package:flutter/src/rendering/proxy_box.dart:118:18)
#49     RenderObject.layout (package:flutter/src/rendering/object.dart:2907:7)
#50     RenderProxyBoxMixin.performLayout (package:flutter/src/rendering/proxy_box.dart:118:18)
#51     RenderObject.layout (package:flutter/src/rendering/object.dart:2907:7)
#52     RenderProxyBoxMixin.performLayout (package:flutter/src/rendering/proxy_box.dart:118:18)
#53     RenderObject.layout (package:flutter/src/rendering/object.dart:2907:7)
#54     RenderProxyBoxMixin.performLayout (package:flutter/src/rendering/proxy_box.dart:118:18)
#55     RenderObject.layout (package:flutter/src/rendering/object.dart:2907:7)
#56     RenderProxyBoxMixin.performLayout (package:flutter/src/rendering/proxy_box.dart:118:18)
#57     RenderObject.layout (package:flutter/src/rendering/object.dart:2907:7)
#58     RenderProxyBoxMixin.performLayout (package:flutter/src/rendering/proxy_box.dart:118:18)
#59     RenderObject.layout (package:flutter/src/rendering/object.dart:2907:7)
#60     RenderProxyBoxMixin.performLayout (package:flutter/src/rendering/proxy_box.dart:118:18)
#61     RenderObject.layout (package:flutter/src/rendering/object.dart:2907:7)
#62     RenderProxyBoxMixin.performLayout (package:flutter/src/rendering/proxy_box.dart:118:18)
#63     RenderObject.layout (package:flutter/src/rendering/object.dart:2907:7)
#64     RenderProxyBoxMixin.performLayout (package:flutter/src/rendering/proxy_box.dart:118:18)
#65     RenderObject.layout (package:flutter/src/rendering/object.dart:2907:7)
#66     RenderProxyBoxMixin.performLayout (package:flutter/src/rendering/proxy_box.dart:118:18)
#67     RenderObject.layout (package:flutter/src/rendering/object.dart:2907:7)
#68     RenderProxyBoxMixin.performLayout (package:flutter/src/rendering/proxy_box.dart:118:18)
#69     RenderObject.layout (package:flutter/src/rendering/object.dart:2907:7)
#70     RenderProxyBoxMixin.performLayout (package:flutter/src/rendering/proxy_box.dart:118:18)
#71     RenderObject.layout (package:flutter/src/rendering/object.dart:2907:7)
#72     RenderProxyBoxMixin.performLayout (package:flutter/src/rendering/proxy_box.dart:118:18)
#73     RenderOffstage.performLayout (package:flutter/src/rendering/proxy_box.dart:3923:13)
#74     RenderObject.layout (package:flutter/src/rendering/object.dart:2907:7)
#75     RenderProxyBoxMixin.performLayout (package:flutter/src/rendering/proxy_box.dart:118:18)
#76     RenderObject.layout (package:flutter/src/rendering/object.dart:2907:7)
#77     _RenderTheaterMixin.layoutChild (package:flutter/src/widgets/overlay.dart:1124:13)
#78     _RenderTheater.performLayout (package:flutter/src/widgets/overlay.dart:1481:9)
#79     RenderObject.layout (package:flutter/src/rendering/object.dart:2907:7)
#80     RenderProxyBoxMixin.performLayout (package:flutter/src/rendering/proxy_box.dart:118:18)
#81     RenderObject.layout (package:flutter/src/rendering/object.dart:2907:7)
#82     RenderProxyBoxMixin.performLayout (package:flutter/src/rendering/proxy_box.dart:118:18)
#83     RenderObject.layout (package:flutter/src/rendering/object.dart:2907:7)
#84     RenderProxyBoxMixin.performLayout (package:flutter/src/rendering/proxy_box.dart:118:18)
#85     RenderObject.layout (package:flutter/src/rendering/object.dart:2907:7)
#86     RenderProxyBoxMixin.performLayout (package:flutter/src/rendering/proxy_box.dart:118:18)
#87     RenderCustomPaint.performLayout (package:flutter/src/rendering/custom_paint.dart:574:11)
#88     RenderObject.layout (package:flutter/src/rendering/object.dart:2907:7)
#89     RenderProxyBoxMixin.performLayout (package:flutter/src/rendering/proxy_box.dart:118:18)
#90     RenderObject.layout (package:flutter/src/rendering/object.dart:2907:7)
#91     RenderProxyBoxMixin.performLayout (package:flutter/src/rendering/proxy_box.dart:118:18)
#92     RenderObject.layout (package:flutter/src/rendering/object.dart:2907:7)
#93     RenderProxyBoxMixin.performLayout (package:flutter/src/rendering/proxy_box.dart:118:18)
#94     RenderObject.layout (package:flutter/src/rendering/object.dart:2907:7)
#95     RenderProxyBoxMixin.performLayout (package:flutter/src/rendering/proxy_box.dart:118:18)
#96     RenderObject.layout (package:flutter/src/rendering/object.dart:2907:7)
#97     RenderProxyBoxMixin.performLayout (package:flutter/src/rendering/proxy_box.dart:118:18)
#98     RenderObject.layout (package:flutter/src/rendering/object.dart:2907:7)
#99     RenderProxyBoxMixin.performLayout (package:flutter/src/rendering/proxy_box.dart:118:18)
#100    RenderObject.layout (package:flutter/src/rendering/object.dart:2907:7)
#101    RenderView.performLayout (package:flutter/src/rendering/view.dart:292:12)
#102    RenderObject._layoutWithoutResize (package:flutter/src/rendering/object.dart:2755:7)
#103    PipelineOwner.flushLayout (package:flutter/src/rendering/object.dart:1174:18)
#104    PipelineOwner.flushLayout (package:flutter/src/rendering/object.dart:1187:15)
#105    AutomatedTestWidgetsFlutterBinding.drawFrame (package:flutter_test/src/binding.dart:2433:27)
#106    RendererBinding._handlePersistentFrameCallback (package:flutter/src/rendering/binding.dart:509:5)
#107    SchedulerBinding._invokeFrameCallback (package:flutter/src/scheduler/binding.dart:1430:15)
#108    SchedulerBinding.handleDrawFrame (package:flutter/src/scheduler/binding.dart:1345:9)
#109    AutomatedTestWidgetsFlutterBinding.pump.<anonymous closure> (package:flutter_test/src/binding.dart:2260:9)
#112    TestAsyncUtils.guard (package:flutter_test/src/test_async_utils.dart:74:41)
#113    AutomatedTestWidgetsFlutterBinding.pump (package:flutter_test/src/binding.dart:2249:27)
#114    WidgetTester.pumpWidget.<anonymous closure> (package:flutter_test/src/widget_tester.dart:598:22)
#117    TestAsyncUtils.guard (package:flutter_test/src/test_async_utils.dart:74:41)
#118    WidgetTester.pumpWidget (package:flutter_test/src/widget_tester.dart:595:27)
#119    main.<anonymous closure>.<anonymous closure> (file:///Y:/AndroidStudioProject/Github/expert-project/test/presentation/pages/tv_detail_page_test.dart:88:20)
#120    testWidgets.<anonymous closure>.<anonymous closure> (package:flutter_test/src/widget_tester.dart:192:29)
<asynchronous suspension>
#121    TestWidgetsFlutterBinding._runTestBody (package:flutter_test/src/binding.dart:1952:5)
<asynchronous suspension>
<asynchronous suspension>
(elided 7 frames from class _AssertionError, dart:async, and package:stack_trace)

The following RenderObject was being processed when the exception was fired: RenderTransform#b6c63 relayoutBoundary=up3 NEEDS-LAYOUT NEEDS-PAINT NEEDS-COMPOSITING-BITS-UPDATE:
  creator: Transform ΓåÉ StretchEffect ΓåÉ ClipRect ΓåÉ AnimatedBuilder ΓåÉ
    NotificationListener<ScrollNotification> ΓåÉ StretchingOverscrollIndicator ΓåÉ Scrollable ΓåÉ
    SingleChildScrollView ΓåÉ Padding ΓåÉ Container ΓåÉ Stack ΓåÉ Padding ΓåÉ Γï»
  parentData: <none> (can use size)
  constraints: BoxConstraints(0.0<=w<=768.0, 0.0<=h<=240.0)
  size: MISSING
  transform matrix:
    [0] 1.0,0.0,0.0,0.0
    [1] 0.0,1.0,0.0,0.0
    [2] 0.0,0.0,1.0,0.0
    [3] 0.0,0.0,0.0,1.0
  origin: null
  alignment: AlignmentDirectional.bottomCenter
  textDirection: ltr
  transformHitTests: true
This RenderObject had the following descendants (showing up to depth 5):
    child: _RenderScrollSemantics#33c67 relayoutBoundary=up4 NEEDS-PAINT NEEDS-COMPOSITING-BITS-UPDATE
      child: RenderPointerListener#82c30 relayoutBoundary=up5 NEEDS-PAINT NEEDS-COMPOSITING-BITS-UPDATE
        child: RenderSemanticsGestureHandler#78c0a relayoutBoundary=up6 NEEDS-PAINT NEEDS-COMPOSITING-BITS-UPDATE
          child: RenderPointerListener#aaefd relayoutBoundary=up7 NEEDS-PAINT NEEDS-COMPOSITING-BITS-UPDATE
            child: RenderSemanticsAnnotations#bf380 relayoutBoundary=up8 NEEDS-PAINT NEEDS-COMPOSITING-BITS-UPDATE
ΓòÉΓòÉΓòÉΓòÉΓòÉΓòÉΓòÉΓòÉΓòÉΓòÉΓòÉΓòÉΓòÉΓòÉΓòÉΓòÉΓòÉΓòÉΓòÉΓòÉΓòÉΓòÉΓòÉΓòÉΓòÉΓòÉΓòÉΓòÉΓòÉΓòÉΓòÉΓòÉΓòÉΓòÉΓòÉΓòÉΓòÉΓòÉΓòÉΓòÉΓòÉΓòÉΓòÉΓòÉΓòÉΓòÉΓòÉΓòÉΓòÉΓòÉΓòÉΓòÉΓòÉΓòÉΓòÉΓòÉΓòÉΓòÉΓòÉΓòÉΓòÉΓòÉΓòÉΓòÉΓòÉΓòÉΓòÉΓòÉΓòÉΓòÉΓòÉΓòÉΓòÉΓòÉΓòÉΓòÉΓòÉΓòÉΓòÉΓòÉΓòÉΓòÉΓòÉΓòÉΓòÉΓòÉΓòÉΓòÉΓòÉΓòÉΓòÉΓòÉΓòÉΓòÉΓòÉΓòÉΓòÉΓòÉΓòÉΓòÉ
ΓòÉΓòÉΓòí EXCEPTION CAUGHT BY RENDERING LIBRARY Γò₧ΓòÉΓòÉΓòÉΓòÉΓòÉΓòÉΓòÉΓòÉΓòÉΓòÉΓòÉΓòÉΓòÉΓòÉΓòÉΓòÉΓòÉΓòÉΓòÉΓòÉΓòÉΓòÉΓòÉΓòÉΓòÉΓòÉΓòÉΓòÉΓòÉΓòÉΓòÉΓòÉΓòÉΓòÉΓòÉΓòÉΓòÉΓòÉΓòÉΓòÉΓòÉΓòÉΓòÉΓòÉΓòÉΓòÉΓòÉΓòÉΓòÉΓòÉΓòÉΓòÉΓòÉΓòÉΓòÉΓòÉΓòÉ
The following assertion was thrown during performLayout():
RenderBox was not laid out: RenderTransform#b6c63 relayoutBoundary=up3 NEEDS-PAINT
NEEDS-COMPOSITING-BITS-UPDATE
'package:flutter/src/rendering/box.dart':
Failed assertion: line 2251 pos 12: 'hasSize'

Either the assertion indicates an error in the framework itself, or we should provide substantially
more information in this error message to help you determine and fix the underlying cause.
In either case, please report this assertion by filing a bug on GitHub:
  https://github.com/flutter/flutter/issues/new?template=02_bug.yml

The relevant error-causing widget was:
  SingleChildScrollView
  SingleChildScrollView:file:///Y:/AndroidStudioProject/Github/expert-project/lib/presentation/pages/tv_detail_page.dart:100:30

When the exception was thrown, this was the stack:
#2      RenderBox.size (package:flutter/src/rendering/box.dart:2251:12)
#3      RenderProxyBoxMixin.performLayout (package:flutter/src/rendering/proxy_box.dart:118:62)
#4      _RenderCustomClip.performLayout (package:flutter/src/rendering/proxy_box.dart:1549:11)
#5      RenderObject.layout (package:flutter/src/rendering/object.dart:2907:7)
#6      RenderPadding.performLayout (package:flutter/src/rendering/shifted_box.dart:262:12)
#7      RenderObject.layout (package:flutter/src/rendering/object.dart:2907:7)
#8      ChildLayoutHelper.layoutChild (package:flutter/src/rendering/layout_helper.dart:62:11)
#9      RenderStack._computeSize (package:flutter/src/rendering/stack.dart:647:43)
#10     RenderStack.performLayout (package:flutter/src/rendering/stack.dart:682:12)
#11     RenderObject.layout (package:flutter/src/rendering/object.dart:2907:7)
#12     RenderPadding.performLayout (package:flutter/src/rendering/shifted_box.dart:262:12)
#13     RenderObject.layout (package:flutter/src/rendering/object.dart:2907:7)
#14     RenderProxyBoxMixin.performLayout (package:flutter/src/rendering/proxy_box.dart:118:18)
#15     RenderObject.layout (package:flutter/src/rendering/object.dart:2907:7)
#16     RenderFractionallySizedOverflowBox.performLayout (package:flutter/src/rendering/shifted_box.dart:1298:14)
#17     RenderObject.layout (package:flutter/src/rendering/object.dart:2907:7)
#18     RenderConstrainedBox.performLayout (package:flutter/src/rendering/proxy_box.dart:296:14)
#19     RenderObject.layout (package:flutter/src/rendering/object.dart:2907:7)
#20     _RenderLayoutBuilder.performLayout (package:flutter/src/widgets/layout_builder.dart:449:14)
#21     RenderObject.layout (package:flutter/src/rendering/object.dart:2907:7)
#22     RenderPadding.performLayout (package:flutter/src/rendering/shifted_box.dart:262:12)
#23     RenderObject.layout (package:flutter/src/rendering/object.dart:2907:7)
#24     ChildLayoutHelper.layoutChild (package:flutter/src/rendering/layout_helper.dart:62:11)
#25     RenderStack._computeSize (package:flutter/src/rendering/stack.dart:647:43)
#26     RenderStack.performLayout (package:flutter/src/rendering/stack.dart:682:12)
#27     RenderObject.layout (package:flutter/src/rendering/object.dart:2907:7)
#28     RenderPadding.performLayout (package:flutter/src/rendering/shifted_box.dart:262:12)
#29     RenderObject.layout (package:flutter/src/rendering/object.dart:2907:7)
#30     MultiChildLayoutDelegate.layoutChild (package:flutter/src/rendering/custom_layout.dart:180:12)
#31     _ScaffoldLayout.performLayout (package:flutter/src/material/scaffold.dart:1113:7)
#32     MultiChildLayoutDelegate._callPerformLayout (package:flutter/src/rendering/custom_layout.dart:246:7)
#33     RenderCustomMultiChildLayoutBox.performLayout (package:flutter/src/rendering/custom_layout.dart:417:14)
#34     RenderObject.layout (package:flutter/src/rendering/object.dart:2907:7)
#35     RenderProxyBoxMixin.performLayout (package:flutter/src/rendering/proxy_box.dart:118:18)
#36     RenderObject.layout (package:flutter/src/rendering/object.dart:2907:7)
#37     RenderProxyBoxMixin.performLayout (package:flutter/src/rendering/proxy_box.dart:118:18)
#38     _RenderCustomClip.performLayout (package:flutter/src/rendering/proxy_box.dart:1549:11)
#39     RenderObject.layout (package:flutter/src/rendering/object.dart:2907:7)
#40     RenderProxyBoxMixin.performLayout (package:flutter/src/rendering/proxy_box.dart:118:18)
#41     RenderObject.layout (package:flutter/src/rendering/object.dart:2907:7)
#42     RenderProxyBoxMixin.performLayout (package:flutter/src/rendering/proxy_box.dart:118:18)
#43     RenderObject.layout (package:flutter/src/rendering/object.dart:2907:7)
#44     RenderProxyBoxMixin.performLayout (package:flutter/src/rendering/proxy_box.dart:118:18)
#45     RenderObject.layout (package:flutter/src/rendering/object.dart:2907:7)
#46     RenderProxyBoxMixin.performLayout (package:flutter/src/rendering/proxy_box.dart:118:18)
#47     RenderObject.layout (package:flutter/src/rendering/object.dart:2907:7)
#48     RenderProxyBoxMixin.performLayout (package:flutter/src/rendering/proxy_box.dart:118:18)
#49     RenderObject.layout (package:flutter/src/rendering/object.dart:2907:7)
#50     RenderProxyBoxMixin.performLayout (package:flutter/src/rendering/proxy_box.dart:118:18)
#51     RenderObject.layout (package:flutter/src/rendering/object.dart:2907:7)
#52     RenderProxyBoxMixin.performLayout (package:flutter/src/rendering/proxy_box.dart:118:18)
#53     RenderObject.layout (package:flutter/src/rendering/object.dart:2907:7)
#54     RenderProxyBoxMixin.performLayout (package:flutter/src/rendering/proxy_box.dart:118:18)
#55     RenderObject.layout (package:flutter/src/rendering/object.dart:2907:7)
#56     RenderProxyBoxMixin.performLayout (package:flutter/src/rendering/proxy_box.dart:118:18)
#57     RenderObject.layout (package:flutter/src/rendering/object.dart:2907:7)
#58     RenderProxyBoxMixin.performLayout (package:flutter/src/rendering/proxy_box.dart:118:18)
#59     RenderObject.layout (package:flutter/src/rendering/object.dart:2907:7)
#60     RenderProxyBoxMixin.performLayout (package:flutter/src/rendering/proxy_box.dart:118:18)
#61     RenderObject.layout (package:flutter/src/rendering/object.dart:2907:7)
#62     RenderProxyBoxMixin.performLayout (package:flutter/src/rendering/proxy_box.dart:118:18)
#63     RenderObject.layout (package:flutter/src/rendering/object.dart:2907:7)
#64     RenderProxyBoxMixin.performLayout (package:flutter/src/rendering/proxy_box.dart:118:18)
#65     RenderObject.layout (package:flutter/src/rendering/object.dart:2907:7)
#66     RenderProxyBoxMixin.performLayout (package:flutter/src/rendering/proxy_box.dart:118:18)
#67     RenderObject.layout (package:flutter/src/rendering/object.dart:2907:7)
#68     RenderProxyBoxMixin.performLayout (package:flutter/src/rendering/proxy_box.dart:118:18)
#69     RenderObject.layout (package:flutter/src/rendering/object.dart:2907:7)
#70     RenderProxyBoxMixin.performLayout (package:flutter/src/rendering/proxy_box.dart:118:18)
#71     RenderOffstage.performLayout (package:flutter/src/rendering/proxy_box.dart:3923:13)
#72     RenderObject.layout (package:flutter/src/rendering/object.dart:2907:7)
#73     RenderProxyBoxMixin.performLayout (package:flutter/src/rendering/proxy_box.dart:118:18)
#74     RenderObject.layout (package:flutter/src/rendering/object.dart:2907:7)
#75     _RenderTheaterMixin.layoutChild (package:flutter/src/widgets/overlay.dart:1124:13)
#76     _RenderTheater.performLayout (package:flutter/src/widgets/overlay.dart:1481:9)
#77     RenderObject.layout (package:flutter/src/rendering/object.dart:2907:7)
#78     RenderProxyBoxMixin.performLayout (package:flutter/src/rendering/proxy_box.dart:118:18)
#79     RenderObject.layout (package:flutter/src/rendering/object.dart:2907:7)
#80     RenderProxyBoxMixin.performLayout (package:flutter/src/rendering/proxy_box.dart:118:18)
#81     RenderObject.layout (package:flutter/src/rendering/object.dart:2907:7)
#82     RenderProxyBoxMixin.performLayout (package:flutter/src/rendering/proxy_box.dart:118:18)
#83     RenderObject.layout (package:flutter/src/rendering/object.dart:2907:7)
#84     RenderProxyBoxMixin.performLayout (package:flutter/src/rendering/proxy_box.dart:118:18)
#85     RenderCustomPaint.performLayout (package:flutter/src/rendering/custom_paint.dart:574:11)
#86     RenderObject.layout (package:flutter/src/rendering/object.dart:2907:7)
#87     RenderProxyBoxMixin.performLayout (package:flutter/src/rendering/proxy_box.dart:118:18)
#88     RenderObject.layout (package:flutter/src/rendering/object.dart:2907:7)
#89     RenderProxyBoxMixin.performLayout (package:flutter/src/rendering/proxy_box.dart:118:18)
#90     RenderObject.layout (package:flutter/src/rendering/object.dart:2907:7)
#91     RenderProxyBoxMixin.performLayout (package:flutter/src/rendering/proxy_box.dart:118:18)
#92     RenderObject.layout (package:flutter/src/rendering/object.dart:2907:7)
#93     RenderProxyBoxMixin.performLayout (package:flutter/src/rendering/proxy_box.dart:118:18)
#94     RenderObject.layout (package:flutter/src/rendering/object.dart:2907:7)
#95     RenderProxyBoxMixin.performLayout (package:flutter/src/rendering/proxy_box.dart:118:18)
#96     RenderObject.layout (package:flutter/src/rendering/object.dart:2907:7)
#97     RenderProxyBoxMixin.performLayout (package:flutter/src/rendering/proxy_box.dart:118:18)
#98     RenderObject.layout (package:flutter/src/rendering/object.dart:2907:7)
#99     RenderView.performLayout (package:flutter/src/rendering/view.dart:292:12)
#100    RenderObject._layoutWithoutResize (package:flutter/src/rendering/object.dart:2755:7)
#101    PipelineOwner.flushLayout (package:flutter/src/rendering/object.dart:1174:18)
#102    PipelineOwner.flushLayout (package:flutter/src/rendering/object.dart:1187:15)
#103    AutomatedTestWidgetsFlutterBinding.drawFrame (package:flutter_test/src/binding.dart:2433:27)
#104    RendererBinding._handlePersistentFrameCallback (package:flutter/src/rendering/binding.dart:509:5)
#105    SchedulerBinding._invokeFrameCallback (package:flutter/src/scheduler/binding.dart:1430:15)
#106    SchedulerBinding.handleDrawFrame (package:flutter/src/scheduler/binding.dart:1345:9)
#107    AutomatedTestWidgetsFlutterBinding.pump.<anonymous closure> (package:flutter_test/src/binding.dart:2260:9)
#110    TestAsyncUtils.guard (package:flutter_test/src/test_async_utils.dart:74:41)
#111    AutomatedTestWidgetsFlutterBinding.pump (package:flutter_test/src/binding.dart:2249:27)
#112    WidgetTester.pumpWidget.<anonymous closure> (package:flutter_test/src/widget_tester.dart:598:22)
#115    TestAsyncUtils.guard (package:flutter_test/src/test_async_utils.dart:74:41)
#116    WidgetTester.pumpWidget (package:flutter_test/src/widget_tester.dart:595:27)
#117    main.<anonymous closure>.<anonymous closure> (file:///Y:/AndroidStudioProject/Github/expert-project/test/presentation/pages/tv_detail_page_test.dart:88:20)
#118    testWidgets.<anonymous closure>.<anonymous closure> (package:flutter_test/src/widget_tester.dart:192:29)
<asynchronous suspension>
#119    TestWidgetsFlutterBinding._runTestBody (package:flutter_test/src/binding.dart:1952:5)
<asynchronous suspension>
<asynchronous suspension>
(elided 7 frames from class _AssertionError, dart:async, and package:stack_trace)

The following RenderObject was being processed when the exception was fired: RenderClipRect#fec4c relayoutBoundary=up2 NEEDS-LAYOUT NEEDS-PAINT NEEDS-COMPOSITING-BITS-UPDATE:
  creator: ClipRect ΓåÉ AnimatedBuilder ΓåÉ NotificationListener<ScrollNotification> ΓåÉ
    StretchingOverscrollIndicator ΓåÉ Scrollable ΓåÉ SingleChildScrollView ΓåÉ Padding ΓåÉ Container ΓåÉ Stack ΓåÉ
    Padding ΓåÉ DecoratedBox ΓåÉ Container ΓåÉ Γï»
  parentData: offset=Offset(0.0, 0.0) (can use size)
  constraints: BoxConstraints(0.0<=w<=768.0, 0.0<=h<=240.0)
  size: MISSING
This RenderObject had the following descendants (showing up to depth 5):
    child: RenderTransform#b6c63 relayoutBoundary=up3 NEEDS-PAINT NEEDS-COMPOSITING-BITS-UPDATE
      child: _RenderScrollSemantics#33c67 relayoutBoundary=up4 NEEDS-PAINT NEEDS-COMPOSITING-BITS-UPDATE
        child: RenderPointerListener#82c30 relayoutBoundary=up5 NEEDS-PAINT NEEDS-COMPOSITING-BITS-UPDATE
          child: RenderSemanticsGestureHandler#78c0a relayoutBoundary=up6 NEEDS-PAINT NEEDS-COMPOSITING-BITS-UPDATE
            child: RenderPointerListener#aaefd relayoutBoundary=up7 NEEDS-PAINT NEEDS-COMPOSITING-BITS-UPDATE
ΓòÉΓòÉΓòÉΓòÉΓòÉΓòÉΓòÉΓòÉΓòÉΓòÉΓòÉΓòÉΓòÉΓòÉΓòÉΓòÉΓòÉΓòÉΓòÉΓòÉΓòÉΓòÉΓòÉΓòÉΓòÉΓòÉΓòÉΓòÉΓòÉΓòÉΓòÉΓòÉΓòÉΓòÉΓòÉΓòÉΓòÉΓòÉΓòÉΓòÉΓòÉΓòÉΓòÉΓòÉΓòÉΓòÉΓòÉΓòÉΓòÉΓòÉΓòÉΓòÉΓòÉΓòÉΓòÉΓòÉΓòÉΓòÉΓòÉΓòÉΓòÉΓòÉΓòÉΓòÉΓòÉΓòÉΓòÉΓòÉΓòÉΓòÉΓòÉΓòÉΓòÉΓòÉΓòÉΓòÉΓòÉΓòÉΓòÉΓòÉΓòÉΓòÉΓòÉΓòÉΓòÉΓòÉΓòÉΓòÉΓòÉΓòÉΓòÉΓòÉΓòÉΓòÉΓòÉΓòÉΓòÉΓòÉΓòÉΓòÉ
ΓòÉΓòÉΓòí EXCEPTION CAUGHT BY RENDERING LIBRARY Γò₧ΓòÉΓòÉΓòÉΓòÉΓòÉΓòÉΓòÉΓòÉΓòÉΓòÉΓòÉΓòÉΓòÉΓòÉΓòÉΓòÉΓòÉΓòÉΓòÉΓòÉΓòÉΓòÉΓòÉΓòÉΓòÉΓòÉΓòÉΓòÉΓòÉΓòÉΓòÉΓòÉΓòÉΓòÉΓòÉΓòÉΓòÉΓòÉΓòÉΓòÉΓòÉΓòÉΓòÉΓòÉΓòÉΓòÉΓòÉΓòÉΓòÉΓòÉΓòÉΓòÉΓòÉΓòÉΓòÉΓòÉΓòÉ
The following assertion was thrown during performLayout():
RenderBox was not laid out: RenderClipRect#fec4c relayoutBoundary=up2 NEEDS-PAINT
NEEDS-COMPOSITING-BITS-UPDATE
'package:flutter/src/rendering/box.dart':
Failed assertion: line 2251 pos 12: 'hasSize'

Either the assertion indicates an error in the framework itself, or we should provide substantially
more information in this error message to help you determine and fix the underlying cause.
In either case, please report this assertion by filing a bug on GitHub:
  https://github.com/flutter/flutter/issues/new?template=02_bug.yml

The relevant error-causing widget was:
  Container
  Container:file:///Y:/AndroidStudioProject/Github/expert-project/lib/presentation/pages/tv_detail_page.dart:98:21

When the exception was thrown, this was the stack:
#2      RenderBox.size (package:flutter/src/rendering/box.dart:2251:12)
#3      RenderPadding.performLayout (package:flutter/src/rendering/shifted_box.dart:266:40)
#4      RenderObject.layout (package:flutter/src/rendering/object.dart:2907:7)
#5      ChildLayoutHelper.layoutChild (package:flutter/src/rendering/layout_helper.dart:62:11)
#6      RenderStack._computeSize (package:flutter/src/rendering/stack.dart:647:43)
#7      RenderStack.performLayout (package:flutter/src/rendering/stack.dart:682:12)
#8      RenderObject.layout (package:flutter/src/rendering/object.dart:2907:7)
#9      RenderPadding.performLayout (package:flutter/src/rendering/shifted_box.dart:262:12)
#10     RenderObject.layout (package:flutter/src/rendering/object.dart:2907:7)
#11     RenderProxyBoxMixin.performLayout (package:flutter/src/rendering/proxy_box.dart:118:18)
#12     RenderObject.layout (package:flutter/src/rendering/object.dart:2907:7)
#13     RenderFractionallySizedOverflowBox.performLayout (package:flutter/src/rendering/shifted_box.dart:1298:14)
#14     RenderObject.layout (package:flutter/src/rendering/object.dart:2907:7)
#15     RenderConstrainedBox.performLayout (package:flutter/src/rendering/proxy_box.dart:296:14)
#16     RenderObject.layout (package:flutter/src/rendering/object.dart:2907:7)
#17     _RenderLayoutBuilder.performLayout (package:flutter/src/widgets/layout_builder.dart:449:14)
#18     RenderObject.layout (package:flutter/src/rendering/object.dart:2907:7)
#19     RenderPadding.performLayout (package:flutter/src/rendering/shifted_box.dart:262:12)
#20     RenderObject.layout (package:flutter/src/rendering/object.dart:2907:7)
#21     ChildLayoutHelper.layoutChild (package:flutter/src/rendering/layout_helper.dart:62:11)
#22     RenderStack._computeSize (package:flutter/src/rendering/stack.dart:647:43)
#23     RenderStack.performLayout (package:flutter/src/rendering/stack.dart:682:12)
#24     RenderObject.layout (package:flutter/src/rendering/object.dart:2907:7)
#25     RenderPadding.performLayout (package:flutter/src/rendering/shifted_box.dart:262:12)
#26     RenderObject.layout (package:flutter/src/rendering/object.dart:2907:7)
#27     MultiChildLayoutDelegate.layoutChild (package:flutter/src/rendering/custom_layout.dart:180:12)
#28     _ScaffoldLayout.performLayout (package:flutter/src/material/scaffold.dart:1113:7)
#29     MultiChildLayoutDelegate._callPerformLayout (package:flutter/src/rendering/custom_layout.dart:246:7)
#30     RenderCustomMultiChildLayoutBox.performLayout (package:flutter/src/rendering/custom_layout.dart:417:14)
#31     RenderObject.layout (package:flutter/src/rendering/object.dart:2907:7)
#32     RenderProxyBoxMixin.performLayout (package:flutter/src/rendering/proxy_box.dart:118:18)
#33     RenderObject.layout (package:flutter/src/rendering/object.dart:2907:7)
#34     RenderProxyBoxMixin.performLayout (package:flutter/src/rendering/proxy_box.dart:118:18)
#35     _RenderCustomClip.performLayout (package:flutter/src/rendering/proxy_box.dart:1549:11)
#36     RenderObject.layout (package:flutter/src/rendering/object.dart:2907:7)
#37     RenderProxyBoxMixin.performLayout (package:flutter/src/rendering/proxy_box.dart:118:18)
#38     RenderObject.layout (package:flutter/src/rendering/object.dart:2907:7)
#39     RenderProxyBoxMixin.performLayout (package:flutter/src/rendering/proxy_box.dart:118:18)
#40     RenderObject.layout (package:flutter/src/rendering/object.dart:2907:7)
#41     RenderProxyBoxMixin.performLayout (package:flutter/src/rendering/proxy_box.dart:118:18)
#42     RenderObject.layout (package:flutter/src/rendering/object.dart:2907:7)
#43     RenderProxyBoxMixin.performLayout (package:flutter/src/rendering/proxy_box.dart:118:18)
#44     RenderObject.layout (package:flutter/src/rendering/object.dart:2907:7)
#45     RenderProxyBoxMixin.performLayout (package:flutter/src/rendering/proxy_box.dart:118:18)
#46     RenderObject.layout (package:flutter/src/rendering/object.dart:2907:7)
#47     RenderProxyBoxMixin.performLayout (package:flutter/src/rendering/proxy_box.dart:118:18)
#48     RenderObject.layout (package:flutter/src/rendering/object.dart:2907:7)
#49     RenderProxyBoxMixin.performLayout (package:flutter/src/rendering/proxy_box.dart:118:18)
#50     RenderObject.layout (package:flutter/src/rendering/object.dart:2907:7)
#51     RenderProxyBoxMixin.performLayout (package:flutter/src/rendering/proxy_box.dart:118:18)
#52     RenderObject.layout (package:flutter/src/rendering/object.dart:2907:7)
#53     RenderProxyBoxMixin.performLayout (package:flutter/src/rendering/proxy_box.dart:118:18)
#54     RenderObject.layout (package:flutter/src/rendering/object.dart:2907:7)
#55     RenderProxyBoxMixin.performLayout (package:flutter/src/rendering/proxy_box.dart:118:18)
#56     RenderObject.layout (package:flutter/src/rendering/object.dart:2907:7)
#57     RenderProxyBoxMixin.performLayout (package:flutter/src/rendering/proxy_box.dart:118:18)
#58     RenderObject.layout (package:flutter/src/rendering/object.dart:2907:7)
#59     RenderProxyBoxMixin.performLayout (package:flutter/src/rendering/proxy_box.dart:118:18)
#60     RenderObject.layout (package:flutter/src/rendering/object.dart:2907:7)
#61     RenderProxyBoxMixin.performLayout (package:flutter/src/rendering/proxy_box.dart:118:18)
#62     RenderObject.layout (package:flutter/src/rendering/object.dart:2907:7)
#63     RenderProxyBoxMixin.performLayout (package:flutter/src/rendering/proxy_box.dart:118:18)
#64     RenderObject.layout (package:flutter/src/rendering/object.dart:2907:7)
#65     RenderProxyBoxMixin.performLayout (package:flutter/src/rendering/proxy_box.dart:118:18)
#66     RenderObject.layout (package:flutter/src/rendering/object.dart:2907:7)
#67     RenderProxyBoxMixin.performLayout (package:flutter/src/rendering/proxy_box.dart:118:18)
#68     RenderOffstage.performLayout (package:flutter/src/rendering/proxy_box.dart:3923:13)
#69     RenderObject.layout (package:flutter/src/rendering/object.dart:2907:7)
#70     RenderProxyBoxMixin.performLayout (package:flutter/src/rendering/proxy_box.dart:118:18)
#71     RenderObject.layout (package:flutter/src/rendering/object.dart:2907:7)
#72     _RenderTheaterMixin.layoutChild (package:flutter/src/widgets/overlay.dart:1124:13)
#73     _RenderTheater.performLayout (package:flutter/src/widgets/overlay.dart:1481:9)
#74     RenderObject.layout (package:flutter/src/rendering/object.dart:2907:7)
#75     RenderProxyBoxMixin.performLayout (package:flutter/src/rendering/proxy_box.dart:118:18)
#76     RenderObject.layout (package:flutter/src/rendering/object.dart:2907:7)
#77     RenderProxyBoxMixin.performLayout (package:flutter/src/rendering/proxy_box.dart:118:18)
#78     RenderObject.layout (package:flutter/src/rendering/object.dart:2907:7)
#79     RenderProxyBoxMixin.performLayout (package:flutter/src/rendering/proxy_box.dart:118:18)
#80     RenderObject.layout (package:flutter/src/rendering/object.dart:2907:7)
#81     RenderProxyBoxMixin.performLayout (package:flutter/src/rendering/proxy_box.dart:118:18)
#82     RenderCustomPaint.performLayout (package:flutter/src/rendering/custom_paint.dart:574:11)
#83     RenderObject.layout (package:flutter/src/rendering/object.dart:2907:7)
#84     RenderProxyBoxMixin.performLayout (package:flutter/src/rendering/proxy_box.dart:118:18)
#85     RenderObject.layout (package:flutter/src/rendering/object.dart:2907:7)
#86     RenderProxyBoxMixin.performLayout (package:flutter/src/rendering/proxy_box.dart:118:18)
#87     RenderObject.layout (package:flutter/src/rendering/object.dart:2907:7)
#88     RenderProxyBoxMixin.performLayout (package:flutter/src/rendering/proxy_box.dart:118:18)
#89     RenderObject.layout (package:flutter/src/rendering/object.dart:2907:7)
#90     RenderProxyBoxMixin.performLayout (package:flutter/src/rendering/proxy_box.dart:118:18)
#91     RenderObject.layout (package:flutter/src/rendering/object.dart:2907:7)
#92     RenderProxyBoxMixin.performLayout (package:flutter/src/rendering/proxy_box.dart:118:18)
#93     RenderObject.layout (package:flutter/src/rendering/object.dart:2907:7)
#94     RenderProxyBoxMixin.performLayout (package:flutter/src/rendering/proxy_box.dart:118:18)
#95     RenderObject.layout (package:flutter/src/rendering/object.dart:2907:7)
#96     RenderView.performLayout (package:flutter/src/rendering/view.dart:292:12)
#97     RenderObject._layoutWithoutResize (package:flutter/src/rendering/object.dart:2755:7)
#98     PipelineOwner.flushLayout (package:flutter/src/rendering/object.dart:1174:18)
#99     PipelineOwner.flushLayout (package:flutter/src/rendering/object.dart:1187:15)
#100    AutomatedTestWidgetsFlutterBinding.drawFrame (package:flutter_test/src/binding.dart:2433:27)
#101    RendererBinding._handlePersistentFrameCallback (package:flutter/src/rendering/binding.dart:509:5)
#102    SchedulerBinding._invokeFrameCallback (package:flutter/src/scheduler/binding.dart:1430:15)
#103    SchedulerBinding.handleDrawFrame (package:flutter/src/scheduler/binding.dart:1345:9)
#104    AutomatedTestWidgetsFlutterBinding.pump.<anonymous closure> (package:flutter_test/src/binding.dart:2260:9)
#107    TestAsyncUtils.guard (package:flutter_test/src/test_async_utils.dart:74:41)
#108    AutomatedTestWidgetsFlutterBinding.pump (package:flutter_test/src/binding.dart:2249:27)
#109    WidgetTester.pumpWidget.<anonymous closure> (package:flutter_test/src/widget_tester.dart:598:22)
#112    TestAsyncUtils.guard (package:flutter_test/src/test_async_utils.dart:74:41)
#113    WidgetTester.pumpWidget (package:flutter_test/src/widget_tester.dart:595:27)
#114    main.<anonymous closure>.<anonymous closure> (file:///Y:/AndroidStudioProject/Github/expert-project/test/presentation/pages/tv_detail_page_test.dart:88:20)
#115    testWidgets.<anonymous closure>.<anonymous closure> (package:flutter_test/src/widget_tester.dart:192:29)
<asynchronous suspension>
#116    TestWidgetsFlutterBinding._runTestBody (package:flutter_test/src/binding.dart:1952:5)
<asynchronous suspension>
<asynchronous suspension>
(elided 7 frames from class _AssertionError, dart:async, and package:stack_trace)

The following RenderObject was being processed when the exception was fired: RenderPadding#0d1db relayoutBoundary=up1 NEEDS-LAYOUT NEEDS-PAINT NEEDS-COMPOSITING-BITS-UPDATE:
  creator: Padding ΓåÉ Container ΓåÉ Stack ΓåÉ Padding ΓåÉ DecoratedBox ΓåÉ Container ΓåÉ FractionallySizedBox ΓåÉ
    SizedBox.expand ΓåÉ LayoutBuilder ΓåÉ ValueListenableBuilder<double> ΓåÉ DraggableScrollableSheet ΓåÉ
    Padding ΓåÉ Γï»
  parentData: not positioned; offset=Offset(0.0, 0.0) (can use size)
  constraints: BoxConstraints(0.0<=w<=768.0, 0.0<=h<=256.0)
  size: MISSING
  padding: EdgeInsets(0.0, 16.0, 0.0, 0.0)
  textDirection: ltr
This RenderObject had the following descendants (showing up to depth 5):
    child: RenderClipRect#fec4c relayoutBoundary=up2 NEEDS-PAINT NEEDS-COMPOSITING-BITS-UPDATE
      child: RenderTransform#b6c63 relayoutBoundary=up3 NEEDS-PAINT NEEDS-COMPOSITING-BITS-UPDATE
        child: _RenderScrollSemantics#33c67 relayoutBoundary=up4 NEEDS-PAINT NEEDS-COMPOSITING-BITS-UPDATE
          child: RenderPointerListener#82c30 relayoutBoundary=up5 NEEDS-PAINT NEEDS-COMPOSITING-BITS-UPDATE
            child: RenderSemanticsGestureHandler#78c0a relayoutBoundary=up6 NEEDS-PAINT NEEDS-COMPOSITING-BITS-UPDATE
ΓòÉΓòÉΓòÉΓòÉΓòÉΓòÉΓòÉΓòÉΓòÉΓòÉΓòÉΓòÉΓòÉΓòÉΓòÉΓòÉΓòÉΓòÉΓòÉΓòÉΓòÉΓòÉΓòÉΓòÉΓòÉΓòÉΓòÉΓòÉΓòÉΓòÉΓòÉΓòÉΓòÉΓòÉΓòÉΓòÉΓòÉΓòÉΓòÉΓòÉΓòÉΓòÉΓòÉΓòÉΓòÉΓòÉΓòÉΓòÉΓòÉΓòÉΓòÉΓòÉΓòÉΓòÉΓòÉΓòÉΓòÉΓòÉΓòÉΓòÉΓòÉΓòÉΓòÉΓòÉΓòÉΓòÉΓòÉΓòÉΓòÉΓòÉΓòÉΓòÉΓòÉΓòÉΓòÉΓòÉΓòÉΓòÉΓòÉΓòÉΓòÉΓòÉΓòÉΓòÉΓòÉΓòÉΓòÉΓòÉΓòÉΓòÉΓòÉΓòÉΓòÉΓòÉΓòÉΓòÉΓòÉΓòÉΓòÉΓòÉ
ΓòÉΓòÉΓòí EXCEPTION CAUGHT BY RENDERING LIBRARY Γò₧ΓòÉΓòÉΓòÉΓòÉΓòÉΓòÉΓòÉΓòÉΓòÉΓòÉΓòÉΓòÉΓòÉΓòÉΓòÉΓòÉΓòÉΓòÉΓòÉΓòÉΓòÉΓòÉΓòÉΓòÉΓòÉΓòÉΓòÉΓòÉΓòÉΓòÉΓòÉΓòÉΓòÉΓòÉΓòÉΓòÉΓòÉΓòÉΓòÉΓòÉΓòÉΓòÉΓòÉΓòÉΓòÉΓòÉΓòÉΓòÉΓòÉΓòÉΓòÉΓòÉΓòÉΓòÉΓòÉΓòÉΓòÉ
The following assertion was thrown during performLayout():
RenderBox was not laid out: RenderPadding#0d1db relayoutBoundary=up1 NEEDS-PAINT
NEEDS-COMPOSITING-BITS-UPDATE
'package:flutter/src/rendering/box.dart':
Failed assertion: line 2251 pos 12: 'hasSize'

Either the assertion indicates an error in the framework itself, or we should provide substantially
more information in this error message to help you determine and fix the underlying cause.
In either case, please report this assertion by filing a bug on GitHub:
  https://github.com/flutter/flutter/issues/new?template=02_bug.yml

The relevant error-causing widget was:
  Stack
  Stack:file:///Y:/AndroidStudioProject/Github/expert-project/lib/presentation/pages/tv_detail_page.dart:96:24

When the exception was thrown, this was the stack:
#2      RenderBox.size (package:flutter/src/rendering/box.dart:2251:12)
#3      ChildLayoutHelper.layoutChild (package:flutter/src/rendering/layout_helper.dart:63:18)
#4      RenderStack._computeSize (package:flutter/src/rendering/stack.dart:647:43)
#5      RenderStack.performLayout (package:flutter/src/rendering/stack.dart:682:12)
#6      RenderObject.layout (package:flutter/src/rendering/object.dart:2907:7)
#7      RenderPadding.performLayout (package:flutter/src/rendering/shifted_box.dart:262:12)
#8      RenderObject.layout (package:flutter/src/rendering/object.dart:2907:7)
#9      RenderProxyBoxMixin.performLayout (package:flutter/src/rendering/proxy_box.dart:118:18)
#10     RenderObject.layout (package:flutter/src/rendering/object.dart:2907:7)
#11     RenderFractionallySizedOverflowBox.performLayout (package:flutter/src/rendering/shifted_box.dart:1298:14)
#12     RenderObject.layout (package:flutter/src/rendering/object.dart:2907:7)
#13     RenderConstrainedBox.performLayout (package:flutter/src/rendering/proxy_box.dart:296:14)
#14     RenderObject.layout (package:flutter/src/rendering/object.dart:2907:7)
#15     _RenderLayoutBuilder.performLayout (package:flutter/src/widgets/layout_builder.dart:449:14)
#16     RenderObject.layout (package:flutter/src/rendering/object.dart:2907:7)
#17     RenderPadding.performLayout (package:flutter/src/rendering/shifted_box.dart:262:12)
#18     RenderObject.layout (package:flutter/src/rendering/object.dart:2907:7)
#19     ChildLayoutHelper.layoutChild (package:flutter/src/rendering/layout_helper.dart:62:11)
#20     RenderStack._computeSize (package:flutter/src/rendering/stack.dart:647:43)
#21     RenderStack.performLayout (package:flutter/src/rendering/stack.dart:682:12)
#22     RenderObject.layout (package:flutter/src/rendering/object.dart:2907:7)
#23     RenderPadding.performLayout (package:flutter/src/rendering/shifted_box.dart:262:12)
#24     RenderObject.layout (package:flutter/src/rendering/object.dart:2907:7)
#25     MultiChildLayoutDelegate.layoutChild (package:flutter/src/rendering/custom_layout.dart:180:12)
#26     _ScaffoldLayout.performLayout (package:flutter/src/material/scaffold.dart:1113:7)
#27     MultiChildLayoutDelegate._callPerformLayout (package:flutter/src/rendering/custom_layout.dart:246:7)
#28     RenderCustomMultiChildLayoutBox.performLayout (package:flutter/src/rendering/custom_layout.dart:417:14)
#29     RenderObject.layout (package:flutter/src/rendering/object.dart:2907:7)
#30     RenderProxyBoxMixin.performLayout (package:flutter/src/rendering/proxy_box.dart:118:18)
#31     RenderObject.layout (package:flutter/src/rendering/object.dart:2907:7)
#32     RenderProxyBoxMixin.performLayout (package:flutter/src/rendering/proxy_box.dart:118:18)
#33     _RenderCustomClip.performLayout (package:flutter/src/rendering/proxy_box.dart:1549:11)
#34     RenderObject.layout (package:flutter/src/rendering/object.dart:2907:7)
#35     RenderProxyBoxMixin.performLayout (package:flutter/src/rendering/proxy_box.dart:118:18)
#36     RenderObject.layout (package:flutter/src/rendering/object.dart:2907:7)
#37     RenderProxyBoxMixin.performLayout (package:flutter/src/rendering/proxy_box.dart:118:18)
#38     RenderObject.layout (package:flutter/src/rendering/object.dart:2907:7)
#39     RenderProxyBoxMixin.performLayout (package:flutter/src/rendering/proxy_box.dart:118:18)
#40     RenderObject.layout (package:flutter/src/rendering/object.dart:2907:7)
#41     RenderProxyBoxMixin.performLayout (package:flutter/src/rendering/proxy_box.dart:118:18)
#42     RenderObject.layout (package:flutter/src/rendering/object.dart:2907:7)
#43     RenderProxyBoxMixin.performLayout (package:flutter/src/rendering/proxy_box.dart:118:18)
#44     RenderObject.layout (package:flutter/src/rendering/object.dart:2907:7)
#45     RenderProxyBoxMixin.performLayout (package:flutter/src/rendering/proxy_box.dart:118:18)
#46     RenderObject.layout (package:flutter/src/rendering/object.dart:2907:7)
#47     RenderProxyBoxMixin.performLayout (package:flutter/src/rendering/proxy_box.dart:118:18)
#48     RenderObject.layout (package:flutter/src/rendering/object.dart:2907:7)
#49     RenderProxyBoxMixin.performLayout (package:flutter/src/rendering/proxy_box.dart:118:18)
#50     RenderObject.layout (package:flutter/src/rendering/object.dart:2907:7)
#51     RenderProxyBoxMixin.performLayout (package:flutter/src/rendering/proxy_box.dart:118:18)
#52     RenderObject.layout (package:flutter/src/rendering/object.dart:2907:7)
#53     RenderProxyBoxMixin.performLayout (package:flutter/src/rendering/proxy_box.dart:118:18)
#54     RenderObject.layout (package:flutter/src/rendering/object.dart:2907:7)
#55     RenderProxyBoxMixin.performLayout (package:flutter/src/rendering/proxy_box.dart:118:18)
#56     RenderObject.layout (package:flutter/src/rendering/object.dart:2907:7)
#57     RenderProxyBoxMixin.performLayout (package:flutter/src/rendering/proxy_box.dart:118:18)
#58     RenderObject.layout (package:flutter/src/rendering/object.dart:2907:7)
#59     RenderProxyBoxMixin.performLayout (package:flutter/src/rendering/proxy_box.dart:118:18)
#60     RenderObject.layout (package:flutter/src/rendering/object.dart:2907:7)
#61     RenderProxyBoxMixin.performLayout (package:flutter/src/rendering/proxy_box.dart:118:18)
#62     RenderObject.layout (package:flutter/src/rendering/object.dart:2907:7)
#63     RenderProxyBoxMixin.performLayout (package:flutter/src/rendering/proxy_box.dart:118:18)
#64     RenderObject.layout (package:flutter/src/rendering/object.dart:2907:7)
#65     RenderProxyBoxMixin.performLayout (package:flutter/src/rendering/proxy_box.dart:118:18)
#66     RenderOffstage.performLayout (package:flutter/src/rendering/proxy_box.dart:3923:13)
#67     RenderObject.layout (package:flutter/src/rendering/object.dart:2907:7)
#68     RenderProxyBoxMixin.performLayout (package:flutter/src/rendering/proxy_box.dart:118:18)
#69     RenderObject.layout (package:flutter/src/rendering/object.dart:2907:7)
#70     _RenderTheaterMixin.layoutChild (package:flutter/src/widgets/overlay.dart:1124:13)
#71     _RenderTheater.performLayout (package:flutter/src/widgets/overlay.dart:1481:9)
#72     RenderObject.layout (package:flutter/src/rendering/object.dart:2907:7)
#73     RenderProxyBoxMixin.performLayout (package:flutter/src/rendering/proxy_box.dart:118:18)
#74     RenderObject.layout (package:flutter/src/rendering/object.dart:2907:7)
#75     RenderProxyBoxMixin.performLayout (package:flutter/src/rendering/proxy_box.dart:118:18)
#76     RenderObject.layout (package:flutter/src/rendering/object.dart:2907:7)
#77     RenderProxyBoxMixin.performLayout (package:flutter/src/rendering/proxy_box.dart:118:18)
#78     RenderObject.layout (package:flutter/src/rendering/object.dart:2907:7)
#79     RenderProxyBoxMixin.performLayout (package:flutter/src/rendering/proxy_box.dart:118:18)
#80     RenderCustomPaint.performLayout (package:flutter/src/rendering/custom_paint.dart:574:11)
#81     RenderObject.layout (package:flutter/src/rendering/object.dart:2907:7)
#82     RenderProxyBoxMixin.performLayout (package:flutter/src/rendering/proxy_box.dart:118:18)
#83     RenderObject.layout (package:flutter/src/rendering/object.dart:2907:7)
#84     RenderProxyBoxMixin.performLayout (package:flutter/src/rendering/proxy_box.dart:118:18)
#85     RenderObject.layout (package:flutter/src/rendering/object.dart:2907:7)
#86     RenderProxyBoxMixin.performLayout (package:flutter/src/rendering/proxy_box.dart:118:18)
#87     RenderObject.layout (package:flutter/src/rendering/object.dart:2907:7)
#88     RenderProxyBoxMixin.performLayout (package:flutter/src/rendering/proxy_box.dart:118:18)
#89     RenderObject.layout (package:flutter/src/rendering/object.dart:2907:7)
#90     RenderProxyBoxMixin.performLayout (package:flutter/src/rendering/proxy_box.dart:118:18)
#91     RenderObject.layout (package:flutter/src/rendering/object.dart:2907:7)
#92     RenderProxyBoxMixin.performLayout (package:flutter/src/rendering/proxy_box.dart:118:18)
#93     RenderObject.layout (package:flutter/src/rendering/object.dart:2907:7)
#94     RenderView.performLayout (package:flutter/src/rendering/view.dart:292:12)
#95     RenderObject._layoutWithoutResize (package:flutter/src/rendering/object.dart:2755:7)
#96     PipelineOwner.flushLayout (package:flutter/src/rendering/object.dart:1174:18)
#97     PipelineOwner.flushLayout (package:flutter/src/rendering/object.dart:1187:15)
#98     AutomatedTestWidgetsFlutterBinding.drawFrame (package:flutter_test/src/binding.dart:2433:27)
#99     RendererBinding._handlePersistentFrameCallback (package:flutter/src/rendering/binding.dart:509:5)
#100    SchedulerBinding._invokeFrameCallback (package:flutter/src/scheduler/binding.dart:1430:15)
#101    SchedulerBinding.handleDrawFrame (package:flutter/src/scheduler/binding.dart:1345:9)
#102    AutomatedTestWidgetsFlutterBinding.pump.<anonymous closure> (package:flutter_test/src/binding.dart:2260:9)
#105    TestAsyncUtils.guard (package:flutter_test/src/test_async_utils.dart:74:41)
#106    AutomatedTestWidgetsFlutterBinding.pump (package:flutter_test/src/binding.dart:2249:27)
#107    WidgetTester.pumpWidget.<anonymous closure> (package:flutter_test/src/widget_tester.dart:598:22)
#110    TestAsyncUtils.guard (package:flutter_test/src/test_async_utils.dart:74:41)
#111    WidgetTester.pumpWidget (package:flutter_test/src/widget_tester.dart:595:27)
#112    main.<anonymous closure>.<anonymous closure> (file:///Y:/AndroidStudioProject/Github/expert-project/test/presentation/pages/tv_detail_page_test.dart:88:20)
#113    testWidgets.<anonymous closure>.<anonymous closure> (package:flutter_test/src/widget_tester.dart:192:29)
<asynchronous suspension>
#114    TestWidgetsFlutterBinding._runTestBody (package:flutter_test/src/binding.dart:1952:5)
<asynchronous suspension>
<asynchronous suspension>
(elided 7 frames from class _AssertionError, dart:async, and package:stack_trace)

The following RenderObject was being processed when the exception was fired: RenderStack#2db07 NEEDS-LAYOUT NEEDS-PAINT NEEDS-COMPOSITING-BITS-UPDATE:
  creator: Stack ΓåÉ Padding ΓåÉ DecoratedBox ΓåÉ Container ΓåÉ FractionallySizedBox ΓåÉ SizedBox.expand ΓåÉ
    LayoutBuilder ΓåÉ ValueListenableBuilder<double> ΓåÉ DraggableScrollableSheet ΓåÉ Padding ΓåÉ Container ΓåÉ
    Stack ΓåÉ Γï»
  parentData: offset=Offset(0.0, 0.0) (can use size)
  constraints: BoxConstraints(w=768.0, h=256.0)
  size: MISSING
  alignment: AlignmentDirectional.topStart
  textDirection: ltr
  fit: loose
This RenderObject had the following descendants (showing up to depth 5):
    child 1: RenderPadding#0d1db relayoutBoundary=up1 NEEDS-PAINT NEEDS-COMPOSITING-BITS-UPDATE
      child: RenderClipRect#fec4c relayoutBoundary=up2 NEEDS-PAINT NEEDS-COMPOSITING-BITS-UPDATE
        child: RenderTransform#b6c63 relayoutBoundary=up3 NEEDS-PAINT NEEDS-COMPOSITING-BITS-UPDATE
          child: _RenderScrollSemantics#33c67 relayoutBoundary=up4 NEEDS-PAINT NEEDS-COMPOSITING-BITS-UPDATE
            child: RenderPointerListener#82c30 relayoutBoundary=up5 NEEDS-PAINT NEEDS-COMPOSITING-BITS-UPDATE
    child 2: RenderPositionedBox#cbd88 NEEDS-LAYOUT NEEDS-PAINT NEEDS-COMPOSITING-BITS-UPDATE
      child: RenderConstrainedBox#fbd30 NEEDS-LAYOUT NEEDS-PAINT NEEDS-COMPOSITING-BITS-UPDATE
        child: _RenderColoredBox#967dd NEEDS-LAYOUT NEEDS-PAINT
ΓòÉΓòÉΓòÉΓòÉΓòÉΓòÉΓòÉΓòÉΓòÉΓòÉΓòÉΓòÉΓòÉΓòÉΓòÉΓòÉΓòÉΓòÉΓòÉΓòÉΓòÉΓòÉΓòÉΓòÉΓòÉΓòÉΓòÉΓòÉΓòÉΓòÉΓòÉΓòÉΓòÉΓòÉΓòÉΓòÉΓòÉΓòÉΓòÉΓòÉΓòÉΓòÉΓòÉΓòÉΓòÉΓòÉΓòÉΓòÉΓòÉΓòÉΓòÉΓòÉΓòÉΓòÉΓòÉΓòÉΓòÉΓòÉΓòÉΓòÉΓòÉΓòÉΓòÉΓòÉΓòÉΓòÉΓòÉΓòÉΓòÉΓòÉΓòÉΓòÉΓòÉΓòÉΓòÉΓòÉΓòÉΓòÉΓòÉΓòÉΓòÉΓòÉΓòÉΓòÉΓòÉΓòÉΓòÉΓòÉΓòÉΓòÉΓòÉΓòÉΓòÉΓòÉΓòÉΓòÉΓòÉΓòÉΓòÉΓòÉ
ΓòÉΓòÉΓòí EXCEPTION CAUGHT BY RENDERING LIBRARY Γò₧ΓòÉΓòÉΓòÉΓòÉΓòÉΓòÉΓòÉΓòÉΓòÉΓòÉΓòÉΓòÉΓòÉΓòÉΓòÉΓòÉΓòÉΓòÉΓòÉΓòÉΓòÉΓòÉΓòÉΓòÉΓòÉΓòÉΓòÉΓòÉΓòÉΓòÉΓòÉΓòÉΓòÉΓòÉΓòÉΓòÉΓòÉΓòÉΓòÉΓòÉΓòÉΓòÉΓòÉΓòÉΓòÉΓòÉΓòÉΓòÉΓòÉΓòÉΓòÉΓòÉΓòÉΓòÉΓòÉΓòÉΓòÉ
The following assertion was thrown during performLayout():
RenderBox was not laid out: RenderStack#2db07 NEEDS-PAINT NEEDS-COMPOSITING-BITS-UPDATE
'package:flutter/src/rendering/box.dart':
Failed assertion: line 2251 pos 12: 'hasSize'

Either the assertion indicates an error in the framework itself, or we should provide substantially
more information in this error message to help you determine and fix the underlying cause.
In either case, please report this assertion by filing a bug on GitHub:
  https://github.com/flutter/flutter/issues/new?template=02_bug.yml

The relevant error-causing widget was:
  Container
  Container:file:///Y:/AndroidStudioProject/Github/expert-project/lib/presentation/pages/tv_detail_page.dart:86:22

When the exception was thrown, this was the stack:
#2      RenderBox.size (package:flutter/src/rendering/box.dart:2251:12)
#3      RenderPadding.performLayout (package:flutter/src/rendering/shifted_box.dart:266:40)
#4      RenderObject.layout (package:flutter/src/rendering/object.dart:2907:7)
#5      RenderProxyBoxMixin.performLayout (package:flutter/src/rendering/proxy_box.dart:118:18)
#6      RenderObject.layout (package:flutter/src/rendering/object.dart:2907:7)
#7      RenderFractionallySizedOverflowBox.performLayout (package:flutter/src/rendering/shifted_box.dart:1298:14)
#8      RenderObject.layout (package:flutter/src/rendering/object.dart:2907:7)
#9      RenderConstrainedBox.performLayout (package:flutter/src/rendering/proxy_box.dart:296:14)
#10     RenderObject.layout (package:flutter/src/rendering/object.dart:2907:7)
#11     _RenderLayoutBuilder.performLayout (package:flutter/src/widgets/layout_builder.dart:449:14)
#12     RenderObject.layout (package:flutter/src/rendering/object.dart:2907:7)
#13     RenderPadding.performLayout (package:flutter/src/rendering/shifted_box.dart:262:12)
#14     RenderObject.layout (package:flutter/src/rendering/object.dart:2907:7)
#15     ChildLayoutHelper.layoutChild (package:flutter/src/rendering/layout_helper.dart:62:11)
#16     RenderStack._computeSize (package:flutter/src/rendering/stack.dart:647:43)
#17     RenderStack.performLayout (package:flutter/src/rendering/stack.dart:682:12)
#18     RenderObject.layout (package:flutter/src/rendering/object.dart:2907:7)
#19     RenderPadding.performLayout (package:flutter/src/rendering/shifted_box.dart:262:12)
#20     RenderObject.layout (package:flutter/src/rendering/object.dart:2907:7)
#21     MultiChildLayoutDelegate.layoutChild (package:flutter/src/rendering/custom_layout.dart:180:12)
#22     _ScaffoldLayout.performLayout (package:flutter/src/material/scaffold.dart:1113:7)
#23     MultiChildLayoutDelegate._callPerformLayout (package:flutter/src/rendering/custom_layout.dart:246:7)
#24     RenderCustomMultiChildLayoutBox.performLayout (package:flutter/src/rendering/custom_layout.dart:417:14)
#25     RenderObject.layout (package:flutter/src/rendering/object.dart:2907:7)
#26     RenderProxyBoxMixin.performLayout (package:flutter/src/rendering/proxy_box.dart:118:18)
#27     RenderObject.layout (package:flutter/src/rendering/object.dart:2907:7)
#28     RenderProxyBoxMixin.performLayout (package:flutter/src/rendering/proxy_box.dart:118:18)
#29     _RenderCustomClip.performLayout (package:flutter/src/rendering/proxy_box.dart:1549:11)
#30     RenderObject.layout (package:flutter/src/rendering/object.dart:2907:7)
#31     RenderProxyBoxMixin.performLayout (package:flutter/src/rendering/proxy_box.dart:118:18)
#32     RenderObject.layout (package:flutter/src/rendering/object.dart:2907:7)
#33     RenderProxyBoxMixin.performLayout (package:flutter/src/rendering/proxy_box.dart:118:18)
#34     RenderObject.layout (package:flutter/src/rendering/object.dart:2907:7)
#35     RenderProxyBoxMixin.performLayout (package:flutter/src/rendering/proxy_box.dart:118:18)
#36     RenderObject.layout (package:flutter/src/rendering/object.dart:2907:7)
#37     RenderProxyBoxMixin.performLayout (package:flutter/src/rendering/proxy_box.dart:118:18)
#38     RenderObject.layout (package:flutter/src/rendering/object.dart:2907:7)
#39     RenderProxyBoxMixin.performLayout (package:flutter/src/rendering/proxy_box.dart:118:18)
#40     RenderObject.layout (package:flutter/src/rendering/object.dart:2907:7)
#41     RenderProxyBoxMixin.performLayout (package:flutter/src/rendering/proxy_box.dart:118:18)
#42     RenderObject.layout (package:flutter/src/rendering/object.dart:2907:7)
#43     RenderProxyBoxMixin.performLayout (package:flutter/src/rendering/proxy_box.dart:118:18)
#44     RenderObject.layout (package:flutter/src/rendering/object.dart:2907:7)
#45     RenderProxyBoxMixin.performLayout (package:flutter/src/rendering/proxy_box.dart:118:18)
#46     RenderObject.layout (package:flutter/src/rendering/object.dart:2907:7)
#47     RenderProxyBoxMixin.performLayout (package:flutter/src/rendering/proxy_box.dart:118:18)
#48     RenderObject.layout (package:flutter/src/rendering/object.dart:2907:7)
#49     RenderProxyBoxMixin.performLayout (package:flutter/src/rendering/proxy_box.dart:118:18)
#50     RenderObject.layout (package:flutter/src/rendering/object.dart:2907:7)
#51     RenderProxyBoxMixin.performLayout (package:flutter/src/rendering/proxy_box.dart:118:18)
#52     RenderObject.layout (package:flutter/src/rendering/object.dart:2907:7)
#53     RenderProxyBoxMixin.performLayout (package:flutter/src/rendering/proxy_box.dart:118:18)
#54     RenderObject.layout (package:flutter/src/rendering/object.dart:2907:7)
#55     RenderProxyBoxMixin.performLayout (package:flutter/src/rendering/proxy_box.dart:118:18)
#56     RenderObject.layout (package:flutter/src/rendering/object.dart:2907:7)
#57     RenderProxyBoxMixin.performLayout (package:flutter/src/rendering/proxy_box.dart:118:18)
#58     RenderObject.layout (package:flutter/src/rendering/object.dart:2907:7)
#59     RenderProxyBoxMixin.performLayout (package:flutter/src/rendering/proxy_box.dart:118:18)
#60     RenderObject.layout (package:flutter/src/rendering/object.dart:2907:7)
#61     RenderProxyBoxMixin.performLayout (package:flutter/src/rendering/proxy_box.dart:118:18)
#62     RenderOffstage.performLayout (package:flutter/src/rendering/proxy_box.dart:3923:13)
#63     RenderObject.layout (package:flutter/src/rendering/object.dart:2907:7)
#64     RenderProxyBoxMixin.performLayout (package:flutter/src/rendering/proxy_box.dart:118:18)
#65     RenderObject.layout (package:flutter/src/rendering/object.dart:2907:7)
#66     _RenderTheaterMixin.layoutChild (package:flutter/src/widgets/overlay.dart:1124:13)
#67     _RenderTheater.performLayout (package:flutter/src/widgets/overlay.dart:1481:9)
#68     RenderObject.layout (package:flutter/src/rendering/object.dart:2907:7)
#69     RenderProxyBoxMixin.performLayout (package:flutter/src/rendering/proxy_box.dart:118:18)
#70     RenderObject.layout (package:flutter/src/rendering/object.dart:2907:7)
#71     RenderProxyBoxMixin.performLayout (package:flutter/src/rendering/proxy_box.dart:118:18)
#72     RenderObject.layout (package:flutter/src/rendering/object.dart:2907:7)
#73     RenderProxyBoxMixin.performLayout (package:flutter/src/rendering/proxy_box.dart:118:18)
#74     RenderObject.layout (package:flutter/src/rendering/object.dart:2907:7)
#75     RenderProxyBoxMixin.performLayout (package:flutter/src/rendering/proxy_box.dart:118:18)
#76     RenderCustomPaint.performLayout (package:flutter/src/rendering/custom_paint.dart:574:11)
#77     RenderObject.layout (package:flutter/src/rendering/object.dart:2907:7)
#78     RenderProxyBoxMixin.performLayout (package:flutter/src/rendering/proxy_box.dart:118:18)
#79     RenderObject.layout (package:flutter/src/rendering/object.dart:2907:7)
#80     RenderProxyBoxMixin.performLayout (package:flutter/src/rendering/proxy_box.dart:118:18)
#81     RenderObject.layout (package:flutter/src/rendering/object.dart:2907:7)
#82     RenderProxyBoxMixin.performLayout (package:flutter/src/rendering/proxy_box.dart:118:18)
#83     RenderObject.layout (package:flutter/src/rendering/object.dart:2907:7)
#84     RenderProxyBoxMixin.performLayout (package:flutter/src/rendering/proxy_box.dart:118:18)
#85     RenderObject.layout (package:flutter/src/rendering/object.dart:2907:7)
#86     RenderProxyBoxMixin.performLayout (package:flutter/src/rendering/proxy_box.dart:118:18)
#87     RenderObject.layout (package:flutter/src/rendering/object.dart:2907:7)
#88     RenderProxyBoxMixin.performLayout (package:flutter/src/rendering/proxy_box.dart:118:18)
#89     RenderObject.layout (package:flutter/src/rendering/object.dart:2907:7)
#90     RenderView.performLayout (package:flutter/src/rendering/view.dart:292:12)
#91     RenderObject._layoutWithoutResize (package:flutter/src/rendering/object.dart:2755:7)
#92     PipelineOwner.flushLayout (package:flutter/src/rendering/object.dart:1174:18)
#93     PipelineOwner.flushLayout (package:flutter/src/rendering/object.dart:1187:15)
#94     AutomatedTestWidgetsFlutterBinding.drawFrame (package:flutter_test/src/binding.dart:2433:27)
#95     RendererBinding._handlePersistentFrameCallback (package:flutter/src/rendering/binding.dart:509:5)
#96     SchedulerBinding._invokeFrameCallback (package:flutter/src/scheduler/binding.dart:1430:15)
#97     SchedulerBinding.handleDrawFrame (package:flutter/src/scheduler/binding.dart:1345:9)
#98     AutomatedTestWidgetsFlutterBinding.pump.<anonymous closure> (package:flutter_test/src/binding.dart:2260:9)
#101    TestAsyncUtils.guard (package:flutter_test/src/test_async_utils.dart:74:41)
#102    AutomatedTestWidgetsFlutterBinding.pump (package:flutter_test/src/binding.dart:2249:27)
#103    WidgetTester.pumpWidget.<anonymous closure> (package:flutter_test/src/widget_tester.dart:598:22)
#106    TestAsyncUtils.guard (package:flutter_test/src/test_async_utils.dart:74:41)
#107    WidgetTester.pumpWidget (package:flutter_test/src/widget_tester.dart:595:27)
#108    main.<anonymous closure>.<anonymous closure> (file:///Y:/AndroidStudioProject/Github/expert-project/test/presentation/pages/tv_detail_page_test.dart:88:20)
#109    testWidgets.<anonymous closure>.<anonymous closure> (package:flutter_test/src/widget_tester.dart:192:29)
<asynchronous suspension>
#110    TestWidgetsFlutterBinding._runTestBody (package:flutter_test/src/binding.dart:1952:5)
<asynchronous suspension>
<asynchronous suspension>
(elided 7 frames from class _AssertionError, dart:async, and package:stack_trace)

The following RenderObject was being processed when the exception was fired: RenderPadding#7c874 NEEDS-LAYOUT NEEDS-PAINT NEEDS-COMPOSITING-BITS-UPDATE:
  creator: Padding ΓåÉ DecoratedBox ΓåÉ Container ΓåÉ FractionallySizedBox ΓåÉ SizedBox.expand ΓåÉ LayoutBuilder
    ΓåÉ ValueListenableBuilder<double> ΓåÉ DraggableScrollableSheet ΓåÉ Padding ΓåÉ Container ΓåÉ Stack ΓåÉ
    TvDetailContent ΓåÉ Γï»
  parentData: <none> (can use size)
  constraints: BoxConstraints(w=800.0, h=272.0)
  size: MISSING
  padding: EdgeInsets(16.0, 16.0, 16.0, 0.0)
  textDirection: ltr
This RenderObject had the following descendants (showing up to depth 5):
    child: RenderStack#2db07 NEEDS-PAINT NEEDS-COMPOSITING-BITS-UPDATE
      child 1: RenderPadding#0d1db relayoutBoundary=up1 NEEDS-PAINT NEEDS-COMPOSITING-BITS-UPDATE
        child: RenderClipRect#fec4c relayoutBoundary=up2 NEEDS-PAINT NEEDS-COMPOSITING-BITS-UPDATE
          child: RenderTransform#b6c63 relayoutBoundary=up3 NEEDS-PAINT NEEDS-COMPOSITING-BITS-UPDATE
            child: _RenderScrollSemantics#33c67 relayoutBoundary=up4 NEEDS-PAINT NEEDS-COMPOSITING-BITS-UPDATE
      child 2: RenderPositionedBox#cbd88 NEEDS-LAYOUT NEEDS-PAINT NEEDS-COMPOSITING-BITS-UPDATE
        child: RenderConstrainedBox#fbd30 NEEDS-LAYOUT NEEDS-PAINT NEEDS-COMPOSITING-BITS-UPDATE
          child: _RenderColoredBox#967dd NEEDS-LAYOUT NEEDS-PAINT
ΓòÉΓòÉΓòÉΓòÉΓòÉΓòÉΓòÉΓòÉΓòÉΓòÉΓòÉΓòÉΓòÉΓòÉΓòÉΓòÉΓòÉΓòÉΓòÉΓòÉΓòÉΓòÉΓòÉΓòÉΓòÉΓòÉΓòÉΓòÉΓòÉΓòÉΓòÉΓòÉΓòÉΓòÉΓòÉΓòÉΓòÉΓòÉΓòÉΓòÉΓòÉΓòÉΓòÉΓòÉΓòÉΓòÉΓòÉΓòÉΓòÉΓòÉΓòÉΓòÉΓòÉΓòÉΓòÉΓòÉΓòÉΓòÉΓòÉΓòÉΓòÉΓòÉΓòÉΓòÉΓòÉΓòÉΓòÉΓòÉΓòÉΓòÉΓòÉΓòÉΓòÉΓòÉΓòÉΓòÉΓòÉΓòÉΓòÉΓòÉΓòÉΓòÉΓòÉΓòÉΓòÉΓòÉΓòÉΓòÉΓòÉΓòÉΓòÉΓòÉΓòÉΓòÉΓòÉΓòÉΓòÉΓòÉΓòÉΓòÉ
ΓòÉΓòÉΓòí EXCEPTION CAUGHT BY RENDERING LIBRARY Γò₧ΓòÉΓòÉΓòÉΓòÉΓòÉΓòÉΓòÉΓòÉΓòÉΓòÉΓòÉΓòÉΓòÉΓòÉΓòÉΓòÉΓòÉΓòÉΓòÉΓòÉΓòÉΓòÉΓòÉΓòÉΓòÉΓòÉΓòÉΓòÉΓòÉΓòÉΓòÉΓòÉΓòÉΓòÉΓòÉΓòÉΓòÉΓòÉΓòÉΓòÉΓòÉΓòÉΓòÉΓòÉΓòÉΓòÉΓòÉΓòÉΓòÉΓòÉΓòÉΓòÉΓòÉΓòÉΓòÉΓòÉΓòÉ
The following assertion was thrown during performLayout():
RenderBox was not laid out: RenderPadding#7c874 NEEDS-PAINT NEEDS-COMPOSITING-BITS-UPDATE
'package:flutter/src/rendering/box.dart':
Failed assertion: line 2251 pos 12: 'hasSize'

Either the assertion indicates an error in the framework itself, or we should provide substantially
more information in this error message to help you determine and fix the underlying cause.
In either case, please report this assertion by filing a bug on GitHub:
  https://github.com/flutter/flutter/issues/new?template=02_bug.yml

The relevant error-causing widget was:
  Container
  Container:file:///Y:/AndroidStudioProject/Github/expert-project/lib/presentation/pages/tv_detail_page.dart:86:22

When the exception was thrown, this was the stack:
#2      RenderBox.size (package:flutter/src/rendering/box.dart:2251:12)
#3      RenderProxyBoxMixin.performLayout (package:flutter/src/rendering/proxy_box.dart:118:62)
#4      RenderObject.layout (package:flutter/src/rendering/object.dart:2907:7)
#5      RenderFractionallySizedOverflowBox.performLayout (package:flutter/src/rendering/shifted_box.dart:1298:14)
#6      RenderObject.layout (package:flutter/src/rendering/object.dart:2907:7)
#7      RenderConstrainedBox.performLayout (package:flutter/src/rendering/proxy_box.dart:296:14)
#8      RenderObject.layout (package:flutter/src/rendering/object.dart:2907:7)
#9      _RenderLayoutBuilder.performLayout (package:flutter/src/widgets/layout_builder.dart:449:14)
#10     RenderObject.layout (package:flutter/src/rendering/object.dart:2907:7)
#11     RenderPadding.performLayout (package:flutter/src/rendering/shifted_box.dart:262:12)
#12     RenderObject.layout (package:flutter/src/rendering/object.dart:2907:7)
#13     ChildLayoutHelper.layoutChild (package:flutter/src/rendering/layout_helper.dart:62:11)
#14     RenderStack._computeSize (package:flutter/src/rendering/stack.dart:647:43)
#15     RenderStack.performLayout (package:flutter/src/rendering/stack.dart:682:12)
#16     RenderObject.layout (package:flutter/src/rendering/object.dart:2907:7)
#17     RenderPadding.performLayout (package:flutter/src/rendering/shifted_box.dart:262:12)
#18     RenderObject.layout (package:flutter/src/rendering/object.dart:2907:7)
#19     MultiChildLayoutDelegate.layoutChild (package:flutter/src/rendering/custom_layout.dart:180:12)
#20     _ScaffoldLayout.performLayout (package:flutter/src/material/scaffold.dart:1113:7)
#21     MultiChildLayoutDelegate._callPerformLayout (package:flutter/src/rendering/custom_layout.dart:246:7)
#22     RenderCustomMultiChildLayoutBox.performLayout (package:flutter/src/rendering/custom_layout.dart:417:14)
#23     RenderObject.layout (package:flutter/src/rendering/object.dart:2907:7)
#24     RenderProxyBoxMixin.performLayout (package:flutter/src/rendering/proxy_box.dart:118:18)
#25     RenderObject.layout (package:flutter/src/rendering/object.dart:2907:7)
#26     RenderProxyBoxMixin.performLayout (package:flutter/src/rendering/proxy_box.dart:118:18)
#27     _RenderCustomClip.performLayout (package:flutter/src/rendering/proxy_box.dart:1549:11)
#28     RenderObject.layout (package:flutter/src/rendering/object.dart:2907:7)
#29     RenderProxyBoxMixin.performLayout (package:flutter/src/rendering/proxy_box.dart:118:18)
#30     RenderObject.layout (package:flutter/src/rendering/object.dart:2907:7)
#31     RenderProxyBoxMixin.performLayout (package:flutter/src/rendering/proxy_box.dart:118:18)
#32     RenderObject.layout (package:flutter/src/rendering/object.dart:2907:7)
#33     RenderProxyBoxMixin.performLayout (package:flutter/src/rendering/proxy_box.dart:118:18)
#34     RenderObject.layout (package:flutter/src/rendering/object.dart:2907:7)
#35     RenderProxyBoxMixin.performLayout (package:flutter/src/rendering/proxy_box.dart:118:18)
#36     RenderObject.layout (package:flutter/src/rendering/object.dart:2907:7)
#37     RenderProxyBoxMixin.performLayout (package:flutter/src/rendering/proxy_box.dart:118:18)
#38     RenderObject.layout (package:flutter/src/rendering/object.dart:2907:7)
#39     RenderProxyBoxMixin.performLayout (package:flutter/src/rendering/proxy_box.dart:118:18)
#40     RenderObject.layout (package:flutter/src/rendering/object.dart:2907:7)
#41     RenderProxyBoxMixin.performLayout (package:flutter/src/rendering/proxy_box.dart:118:18)
#42     RenderObject.layout (package:flutter/src/rendering/object.dart:2907:7)
#43     RenderProxyBoxMixin.performLayout (package:flutter/src/rendering/proxy_box.dart:118:18)
#44     RenderObject.layout (package:flutter/src/rendering/object.dart:2907:7)
#45     RenderProxyBoxMixin.performLayout (package:flutter/src/rendering/proxy_box.dart:118:18)
#46     RenderObject.layout (package:flutter/src/rendering/object.dart:2907:7)
#47     RenderProxyBoxMixin.performLayout (package:flutter/src/rendering/proxy_box.dart:118:18)
#48     RenderObject.layout (package:flutter/src/rendering/object.dart:2907:7)
#49     RenderProxyBoxMixin.performLayout (package:flutter/src/rendering/proxy_box.dart:118:18)
#50     RenderObject.layout (package:flutter/src/rendering/object.dart:2907:7)
#51     RenderProxyBoxMixin.performLayout (package:flutter/src/rendering/proxy_box.dart:118:18)
#52     RenderObject.layout (package:flutter/src/rendering/object.dart:2907:7)
#53     RenderProxyBoxMixin.performLayout (package:flutter/src/rendering/proxy_box.dart:118:18)
#54     RenderObject.layout (package:flutter/src/rendering/object.dart:2907:7)
#55     RenderProxyBoxMixin.performLayout (package:flutter/src/rendering/proxy_box.dart:118:18)
#56     RenderObject.layout (package:flutter/src/rendering/object.dart:2907:7)
#57     RenderProxyBoxMixin.performLayout (package:flutter/src/rendering/proxy_box.dart:118:18)
#58     RenderObject.layout (package:flutter/src/rendering/object.dart:2907:7)
#59     RenderProxyBoxMixin.performLayout (package:flutter/src/rendering/proxy_box.dart:118:18)
#60     RenderOffstage.performLayout (package:flutter/src/rendering/proxy_box.dart:3923:13)
#61     RenderObject.layout (package:flutter/src/rendering/object.dart:2907:7)
#62     RenderProxyBoxMixin.performLayout (package:flutter/src/rendering/proxy_box.dart:118:18)
#63     RenderObject.layout (package:flutter/src/rendering/object.dart:2907:7)
#64     _RenderTheaterMixin.layoutChild (package:flutter/src/widgets/overlay.dart:1124:13)
#65     _RenderTheater.performLayout (package:flutter/src/widgets/overlay.dart:1481:9)
#66     RenderObject.layout (package:flutter/src/rendering/object.dart:2907:7)
#67     RenderProxyBoxMixin.performLayout (package:flutter/src/rendering/proxy_box.dart:118:18)
#68     RenderObject.layout (package:flutter/src/rendering/object.dart:2907:7)
#69     RenderProxyBoxMixin.performLayout (package:flutter/src/rendering/proxy_box.dart:118:18)
#70     RenderObject.layout (package:flutter/src/rendering/object.dart:2907:7)
#71     RenderProxyBoxMixin.performLayout (package:flutter/src/rendering/proxy_box.dart:118:18)
#72     RenderObject.layout (package:flutter/src/rendering/object.dart:2907:7)
#73     RenderProxyBoxMixin.performLayout (package:flutter/src/rendering/proxy_box.dart:118:18)
#74     RenderCustomPaint.performLayout (package:flutter/src/rendering/custom_paint.dart:574:11)
#75     RenderObject.layout (package:flutter/src/rendering/object.dart:2907:7)
#76     RenderProxyBoxMixin.performLayout (package:flutter/src/rendering/proxy_box.dart:118:18)
#77     RenderObject.layout (package:flutter/src/rendering/object.dart:2907:7)
#78     RenderProxyBoxMixin.performLayout (package:flutter/src/rendering/proxy_box.dart:118:18)
#79     RenderObject.layout (package:flutter/src/rendering/object.dart:2907:7)
#80     RenderProxyBoxMixin.performLayout (package:flutter/src/rendering/proxy_box.dart:118:18)
#81     RenderObject.layout (package:flutter/src/rendering/object.dart:2907:7)
#82     RenderProxyBoxMixin.performLayout (package:flutter/src/rendering/proxy_box.dart:118:18)
#83     RenderObject.layout (package:flutter/src/rendering/object.dart:2907:7)
#84     RenderProxyBoxMixin.performLayout (package:flutter/src/rendering/proxy_box.dart:118:18)
#85     RenderObject.layout (package:flutter/src/rendering/object.dart:2907:7)
#86     RenderProxyBoxMixin.performLayout (package:flutter/src/rendering/proxy_box.dart:118:18)
#87     RenderObject.layout (package:flutter/src/rendering/object.dart:2907:7)
#88     RenderView.performLayout (package:flutter/src/rendering/view.dart:292:12)
#89     RenderObject._layoutWithoutResize (package:flutter/src/rendering/object.dart:2755:7)
#90     PipelineOwner.flushLayout (package:flutter/src/rendering/object.dart:1174:18)
#91     PipelineOwner.flushLayout (package:flutter/src/rendering/object.dart:1187:15)
#92     AutomatedTestWidgetsFlutterBinding.drawFrame (package:flutter_test/src/binding.dart:2433:27)
#93     RendererBinding._handlePersistentFrameCallback (package:flutter/src/rendering/binding.dart:509:5)
#94     SchedulerBinding._invokeFrameCallback (package:flutter/src/scheduler/binding.dart:1430:15)
#95     SchedulerBinding.handleDrawFrame (package:flutter/src/scheduler/binding.dart:1345:9)
#96     AutomatedTestWidgetsFlutterBinding.pump.<anonymous closure> (package:flutter_test/src/binding.dart:2260:9)
#99     TestAsyncUtils.guard (package:flutter_test/src/test_async_utils.dart:74:41)
#100    AutomatedTestWidgetsFlutterBinding.pump (package:flutter_test/src/binding.dart:2249:27)
#101    WidgetTester.pumpWidget.<anonymous closure> (package:flutter_test/src/widget_tester.dart:598:22)
#104    TestAsyncUtils.guard (package:flutter_test/src/test_async_utils.dart:74:41)
#105    WidgetTester.pumpWidget (package:flutter_test/src/widget_tester.dart:595:27)
#106    main.<anonymous closure>.<anonymous closure> (file:///Y:/AndroidStudioProject/Github/expert-project/test/presentation/pages/tv_detail_page_test.dart:88:20)
#107    testWidgets.<anonymous closure>.<anonymous closure> (package:flutter_test/src/widget_tester.dart:192:29)
<asynchronous suspension>
#108    TestWidgetsFlutterBinding._runTestBody (package:flutter_test/src/binding.dart:1952:5)
<asynchronous suspension>
<asynchronous suspension>
(elided 7 frames from class _AssertionError, dart:async, and package:stack_trace)

The following RenderObject was being processed when the exception was fired: RenderDecoratedBox#12087 NEEDS-LAYOUT NEEDS-PAINT NEEDS-COMPOSITING-BITS-UPDATE:
  creator: DecoratedBox ΓåÉ Container ΓåÉ FractionallySizedBox ΓåÉ SizedBox.expand ΓåÉ LayoutBuilder ΓåÉ
    ValueListenableBuilder<double> ΓåÉ DraggableScrollableSheet ΓåÉ Padding ΓåÉ Container ΓåÉ Stack ΓåÉ
    TvDetailContent ΓåÉ MediaQuery ΓåÉ Γï»
  parentData: offset=Offset(0.0, 0.0) (can use size)
  constraints: BoxConstraints(w=800.0, h=272.0)
  size: MISSING
  decoration: BoxDecoration:
    color: Color(alpha: 1.0000, red: 0.0000, green: 0.0314, blue: 0.0784, colorSpace: ColorSpace.sRGB)
    borderRadius: BorderRadius.only(topLeft: Radius.circular(16.0), topRight: Radius.circular(16.0))
  configuration: ImageConfiguration(bundle: PlatformAssetBundle#d63c3(), devicePixelRatio: 3.0,
    locale: en_US, textDirection: TextDirection.ltr, platform: android)
This RenderObject had the following descendants (showing up to depth 5):
    child: RenderPadding#7c874 NEEDS-PAINT NEEDS-COMPOSITING-BITS-UPDATE
      child: RenderStack#2db07 NEEDS-PAINT NEEDS-COMPOSITING-BITS-UPDATE
        child 1: RenderPadding#0d1db relayoutBoundary=up1 NEEDS-PAINT NEEDS-COMPOSITING-BITS-UPDATE
          child: RenderClipRect#fec4c relayoutBoundary=up2 NEEDS-PAINT NEEDS-COMPOSITING-BITS-UPDATE
            child: RenderTransform#b6c63 relayoutBoundary=up3 NEEDS-PAINT NEEDS-COMPOSITING-BITS-UPDATE
        child 2: RenderPositionedBox#cbd88 NEEDS-LAYOUT NEEDS-PAINT NEEDS-COMPOSITING-BITS-UPDATE
          child: RenderConstrainedBox#fbd30 NEEDS-LAYOUT NEEDS-PAINT NEEDS-COMPOSITING-BITS-UPDATE
            child: _RenderColoredBox#967dd NEEDS-LAYOUT NEEDS-PAINT
ΓòÉΓòÉΓòÉΓòÉΓòÉΓòÉΓòÉΓòÉΓòÉΓòÉΓòÉΓòÉΓòÉΓòÉΓòÉΓòÉΓòÉΓòÉΓòÉΓòÉΓòÉΓòÉΓòÉΓòÉΓòÉΓòÉΓòÉΓòÉΓòÉΓòÉΓòÉΓòÉΓòÉΓòÉΓòÉΓòÉΓòÉΓòÉΓòÉΓòÉΓòÉΓòÉΓòÉΓòÉΓòÉΓòÉΓòÉΓòÉΓòÉΓòÉΓòÉΓòÉΓòÉΓòÉΓòÉΓòÉΓòÉΓòÉΓòÉΓòÉΓòÉΓòÉΓòÉΓòÉΓòÉΓòÉΓòÉΓòÉΓòÉΓòÉΓòÉΓòÉΓòÉΓòÉΓòÉΓòÉΓòÉΓòÉΓòÉΓòÉΓòÉΓòÉΓòÉΓòÉΓòÉΓòÉΓòÉΓòÉΓòÉΓòÉΓòÉΓòÉΓòÉΓòÉΓòÉΓòÉΓòÉΓòÉΓòÉΓòÉ
ΓòÉΓòÉΓòí EXCEPTION CAUGHT BY RENDERING LIBRARY Γò₧ΓòÉΓòÉΓòÉΓòÉΓòÉΓòÉΓòÉΓòÉΓòÉΓòÉΓòÉΓòÉΓòÉΓòÉΓòÉΓòÉΓòÉΓòÉΓòÉΓòÉΓòÉΓòÉΓòÉΓòÉΓòÉΓòÉΓòÉΓòÉΓòÉΓòÉΓòÉΓòÉΓòÉΓòÉΓòÉΓòÉΓòÉΓòÉΓòÉΓòÉΓòÉΓòÉΓòÉΓòÉΓòÉΓòÉΓòÉΓòÉΓòÉΓòÉΓòÉΓòÉΓòÉΓòÉΓòÉΓòÉΓòÉ
The following assertion was thrown during performLayout():
RenderBox was not laid out: RenderDecoratedBox#12087 NEEDS-PAINT NEEDS-COMPOSITING-BITS-UPDATE
'package:flutter/src/rendering/box.dart':
Failed assertion: line 2251 pos 12: 'hasSize'

Either the assertion indicates an error in the framework itself, or we should provide substantially
more information in this error message to help you determine and fix the underlying cause.
In either case, please report this assertion by filing a bug on GitHub:
  https://github.com/flutter/flutter/issues/new?template=02_bug.yml

The relevant error-causing widget was:
  DraggableScrollableSheet
  DraggableScrollableSheet:file:///Y:/AndroidStudioProject/Github/expert-project/lib/presentation/pages/tv_detail_page.dart:84:18

When the exception was thrown, this was the stack:
#2      RenderBox.size (package:flutter/src/rendering/box.dart:2251:12)
#3      RenderFractionallySizedOverflowBox.performLayout (package:flutter/src/rendering/shifted_box.dart:1299:43)
#4      RenderObject.layout (package:flutter/src/rendering/object.dart:2907:7)
#5      RenderConstrainedBox.performLayout (package:flutter/src/rendering/proxy_box.dart:296:14)
#6      RenderObject.layout (package:flutter/src/rendering/object.dart:2907:7)
#7      _RenderLayoutBuilder.performLayout (package:flutter/src/widgets/layout_builder.dart:449:14)
#8      RenderObject.layout (package:flutter/src/rendering/object.dart:2907:7)
#9      RenderPadding.performLayout (package:flutter/src/rendering/shifted_box.dart:262:12)
#10     RenderObject.layout (package:flutter/src/rendering/object.dart:2907:7)
#11     ChildLayoutHelper.layoutChild (package:flutter/src/rendering/layout_helper.dart:62:11)
#12     RenderStack._computeSize (package:flutter/src/rendering/stack.dart:647:43)
#13     RenderStack.performLayout (package:flutter/src/rendering/stack.dart:682:12)
#14     RenderObject.layout (package:flutter/src/rendering/object.dart:2907:7)
#15     RenderPadding.performLayout (package:flutter/src/rendering/shifted_box.dart:262:12)
#16     RenderObject.layout (package:flutter/src/rendering/object.dart:2907:7)
#17     MultiChildLayoutDelegate.layoutChild (package:flutter/src/rendering/custom_layout.dart:180:12)
#18     _ScaffoldLayout.performLayout (package:flutter/src/material/scaffold.dart:1113:7)
#19     MultiChildLayoutDelegate._callPerformLayout (package:flutter/src/rendering/custom_layout.dart:246:7)
#20     RenderCustomMultiChildLayoutBox.performLayout (package:flutter/src/rendering/custom_layout.dart:417:14)
#21     RenderObject.layout (package:flutter/src/rendering/object.dart:2907:7)
#22     RenderProxyBoxMixin.performLayout (package:flutter/src/rendering/proxy_box.dart:118:18)
#23     RenderObject.layout (package:flutter/src/rendering/object.dart:2907:7)
#24     RenderProxyBoxMixin.performLayout (package:flutter/src/rendering/proxy_box.dart:118:18)
#25     _RenderCustomClip.performLayout (package:flutter/src/rendering/proxy_box.dart:1549:11)
#26     RenderObject.layout (package:flutter/src/rendering/object.dart:2907:7)
#27     RenderProxyBoxMixin.performLayout (package:flutter/src/rendering/proxy_box.dart:118:18)
#28     RenderObject.layout (package:flutter/src/rendering/object.dart:2907:7)
#29     RenderProxyBoxMixin.performLayout (package:flutter/src/rendering/proxy_box.dart:118:18)
#30     RenderObject.layout (package:flutter/src/rendering/object.dart:2907:7)
#31     RenderProxyBoxMixin.performLayout (package:flutter/src/rendering/proxy_box.dart:118:18)
#32     RenderObject.layout (package:flutter/src/rendering/object.dart:2907:7)
#33     RenderProxyBoxMixin.performLayout (package:flutter/src/rendering/proxy_box.dart:118:18)
#34     RenderObject.layout (package:flutter/src/rendering/object.dart:2907:7)
#35     RenderProxyBoxMixin.performLayout (package:flutter/src/rendering/proxy_box.dart:118:18)
#36     RenderObject.layout (package:flutter/src/rendering/object.dart:2907:7)
#37     RenderProxyBoxMixin.performLayout (package:flutter/src/rendering/proxy_box.dart:118:18)
#38     RenderObject.layout (package:flutter/src/rendering/object.dart:2907:7)
#39     RenderProxyBoxMixin.performLayout (package:flutter/src/rendering/proxy_box.dart:118:18)
#40     RenderObject.layout (package:flutter/src/rendering/object.dart:2907:7)
#41     RenderProxyBoxMixin.performLayout (package:flutter/src/rendering/proxy_box.dart:118:18)
#42     RenderObject.layout (package:flutter/src/rendering/object.dart:2907:7)
#43     RenderProxyBoxMixin.performLayout (package:flutter/src/rendering/proxy_box.dart:118:18)
#44     RenderObject.layout (package:flutter/src/rendering/object.dart:2907:7)
#45     RenderProxyBoxMixin.performLayout (package:flutter/src/rendering/proxy_box.dart:118:18)
#46     RenderObject.layout (package:flutter/src/rendering/object.dart:2907:7)
#47     RenderProxyBoxMixin.performLayout (package:flutter/src/rendering/proxy_box.dart:118:18)
#48     RenderObject.layout (package:flutter/src/rendering/object.dart:2907:7)
#49     RenderProxyBoxMixin.performLayout (package:flutter/src/rendering/proxy_box.dart:118:18)
#50     RenderObject.layout (package:flutter/src/rendering/object.dart:2907:7)
#51     RenderProxyBoxMixin.performLayout (package:flutter/src/rendering/proxy_box.dart:118:18)
#52     RenderObject.layout (package:flutter/src/rendering/object.dart:2907:7)
#53     RenderProxyBoxMixin.performLayout (package:flutter/src/rendering/proxy_box.dart:118:18)
#54     RenderObject.layout (package:flutter/src/rendering/object.dart:2907:7)
#55     RenderProxyBoxMixin.performLayout (package:flutter/src/rendering/proxy_box.dart:118:18)
#56     RenderObject.layout (package:flutter/src/rendering/object.dart:2907:7)
#57     RenderProxyBoxMixin.performLayout (package:flutter/src/rendering/proxy_box.dart:118:18)
#58     RenderOffstage.performLayout (package:flutter/src/rendering/proxy_box.dart:3923:13)
#59     RenderObject.layout (package:flutter/src/rendering/object.dart:2907:7)
#60     RenderProxyBoxMixin.performLayout (package:flutter/src/rendering/proxy_box.dart:118:18)
#61     RenderObject.layout (package:flutter/src/rendering/object.dart:2907:7)
#62     _RenderTheaterMixin.layoutChild (package:flutter/src/widgets/overlay.dart:1124:13)
#63     _RenderTheater.performLayout (package:flutter/src/widgets/overlay.dart:1481:9)
#64     RenderObject.layout (package:flutter/src/rendering/object.dart:2907:7)
#65     RenderProxyBoxMixin.performLayout (package:flutter/src/rendering/proxy_box.dart:118:18)
#66     RenderObject.layout (package:flutter/src/rendering/object.dart:2907:7)
#67     RenderProxyBoxMixin.performLayout (package:flutter/src/rendering/proxy_box.dart:118:18)
#68     RenderObject.layout (package:flutter/src/rendering/object.dart:2907:7)
#69     RenderProxyBoxMixin.performLayout (package:flutter/src/rendering/proxy_box.dart:118:18)
#70     RenderObject.layout (package:flutter/src/rendering/object.dart:2907:7)
#71     RenderProxyBoxMixin.performLayout (package:flutter/src/rendering/proxy_box.dart:118:18)
#72     RenderCustomPaint.performLayout (package:flutter/src/rendering/custom_paint.dart:574:11)
#73     RenderObject.layout (package:flutter/src/rendering/object.dart:2907:7)
#74     RenderProxyBoxMixin.performLayout (package:flutter/src/rendering/proxy_box.dart:118:18)
#75     RenderObject.layout (package:flutter/src/rendering/object.dart:2907:7)
#76     RenderProxyBoxMixin.performLayout (package:flutter/src/rendering/proxy_box.dart:118:18)
#77     RenderObject.layout (package:flutter/src/rendering/object.dart:2907:7)
#78     RenderProxyBoxMixin.performLayout (package:flutter/src/rendering/proxy_box.dart:118:18)
#79     RenderObject.layout (package:flutter/src/rendering/object.dart:2907:7)
#80     RenderProxyBoxMixin.performLayout (package:flutter/src/rendering/proxy_box.dart:118:18)
#81     RenderObject.layout (package:flutter/src/rendering/object.dart:2907:7)
#82     RenderProxyBoxMixin.performLayout (package:flutter/src/rendering/proxy_box.dart:118:18)
#83     RenderObject.layout (package:flutter/src/rendering/object.dart:2907:7)
#84     RenderProxyBoxMixin.performLayout (package:flutter/src/rendering/proxy_box.dart:118:18)
#85     RenderObject.layout (package:flutter/src/rendering/object.dart:2907:7)
#86     RenderView.performLayout (package:flutter/src/rendering/view.dart:292:12)
#87     RenderObject._layoutWithoutResize (package:flutter/src/rendering/object.dart:2755:7)
#88     PipelineOwner.flushLayout (package:flutter/src/rendering/object.dart:1174:18)
#89     PipelineOwner.flushLayout (package:flutter/src/rendering/object.dart:1187:15)
#90     AutomatedTestWidgetsFlutterBinding.drawFrame (package:flutter_test/src/binding.dart:2433:27)
#91     RendererBinding._handlePersistentFrameCallback (package:flutter/src/rendering/binding.dart:509:5)
#92     SchedulerBinding._invokeFrameCallback (package:flutter/src/scheduler/binding.dart:1430:15)
#93     SchedulerBinding.handleDrawFrame (package:flutter/src/scheduler/binding.dart:1345:9)
#94     AutomatedTestWidgetsFlutterBinding.pump.<anonymous closure> (package:flutter_test/src/binding.dart:2260:9)
#97     TestAsyncUtils.guard (package:flutter_test/src/test_async_utils.dart:74:41)
#98     AutomatedTestWidgetsFlutterBinding.pump (package:flutter_test/src/binding.dart:2249:27)
#99     WidgetTester.pumpWidget.<anonymous closure> (package:flutter_test/src/widget_tester.dart:598:22)
#102    TestAsyncUtils.guard (package:flutter_test/src/test_async_utils.dart:74:41)
#103    WidgetTester.pumpWidget (package:flutter_test/src/widget_tester.dart:595:27)
#104    main.<anonymous closure>.<anonymous closure> (file:///Y:/AndroidStudioProject/Github/expert-project/test/presentation/pages/tv_detail_page_test.dart:88:20)
#105    testWidgets.<anonymous closure>.<anonymous closure> (package:flutter_test/src/widget_tester.dart:192:29)
<asynchronous suspension>
#106    TestWidgetsFlutterBinding._runTestBody (package:flutter_test/src/binding.dart:1952:5)
<asynchronous suspension>
<asynchronous suspension>
(elided 7 frames from class _AssertionError, dart:async, and package:stack_trace)

The following RenderObject was being processed when the exception was fired: RenderFractionallySizedOverflowBox#e818a NEEDS-LAYOUT NEEDS-PAINT NEEDS-COMPOSITING-BITS-UPDATE:
  creator: FractionallySizedBox ΓåÉ SizedBox.expand ΓåÉ LayoutBuilder ΓåÉ ValueListenableBuilder<double> ΓåÉ
    DraggableScrollableSheet ΓåÉ Padding ΓåÉ Container ΓåÉ Stack ΓåÉ TvDetailContent ΓåÉ MediaQuery ΓåÉ Padding ΓåÉ
    SafeArea ΓåÉ Γï»
  parentData: <none> (can use size)
  constraints: BoxConstraints(w=800.0, h=544.0)
  size: MISSING
  alignment: Alignment.bottomCenter
  textDirection: ltr
  widthFactor: pass-through
  heightFactor: 0.5
This RenderObject had the following descendants (showing up to depth 5):
    child: RenderDecoratedBox#12087 NEEDS-PAINT NEEDS-COMPOSITING-BITS-UPDATE
      child: RenderPadding#7c874 NEEDS-PAINT NEEDS-COMPOSITING-BITS-UPDATE
        child: RenderStack#2db07 NEEDS-PAINT NEEDS-COMPOSITING-BITS-UPDATE
          child 1: RenderPadding#0d1db relayoutBoundary=up1 NEEDS-PAINT NEEDS-COMPOSITING-BITS-UPDATE
            child: RenderClipRect#fec4c relayoutBoundary=up2 NEEDS-PAINT NEEDS-COMPOSITING-BITS-UPDATE
          child 2: RenderPositionedBox#cbd88 NEEDS-LAYOUT NEEDS-PAINT NEEDS-COMPOSITING-BITS-UPDATE
            child: RenderConstrainedBox#fbd30 NEEDS-LAYOUT NEEDS-PAINT NEEDS-COMPOSITING-BITS-UPDATE
ΓòÉΓòÉΓòÉΓòÉΓòÉΓòÉΓòÉΓòÉΓòÉΓòÉΓòÉΓòÉΓòÉΓòÉΓòÉΓòÉΓòÉΓòÉΓòÉΓòÉΓòÉΓòÉΓòÉΓòÉΓòÉΓòÉΓòÉΓòÉΓòÉΓòÉΓòÉΓòÉΓòÉΓòÉΓòÉΓòÉΓòÉΓòÉΓòÉΓòÉΓòÉΓòÉΓòÉΓòÉΓòÉΓòÉΓòÉΓòÉΓòÉΓòÉΓòÉΓòÉΓòÉΓòÉΓòÉΓòÉΓòÉΓòÉΓòÉΓòÉΓòÉΓòÉΓòÉΓòÉΓòÉΓòÉΓòÉΓòÉΓòÉΓòÉΓòÉΓòÉΓòÉΓòÉΓòÉΓòÉΓòÉΓòÉΓòÉΓòÉΓòÉΓòÉΓòÉΓòÉΓòÉΓòÉΓòÉΓòÉΓòÉΓòÉΓòÉΓòÉΓòÉΓòÉΓòÉΓòÉΓòÉΓòÉΓòÉΓòÉ
ΓòÉΓòÉΓòí EXCEPTION CAUGHT BY RENDERING LIBRARY Γò₧ΓòÉΓòÉΓòÉΓòÉΓòÉΓòÉΓòÉΓòÉΓòÉΓòÉΓòÉΓòÉΓòÉΓòÉΓòÉΓòÉΓòÉΓòÉΓòÉΓòÉΓòÉΓòÉΓòÉΓòÉΓòÉΓòÉΓòÉΓòÉΓòÉΓòÉΓòÉΓòÉΓòÉΓòÉΓòÉΓòÉΓòÉΓòÉΓòÉΓòÉΓòÉΓòÉΓòÉΓòÉΓòÉΓòÉΓòÉΓòÉΓòÉΓòÉΓòÉΓòÉΓòÉΓòÉΓòÉΓòÉΓòÉ
The following assertion was thrown during performLayout():
RenderBox was not laid out: RenderFractionallySizedOverflowBox#e818a NEEDS-PAINT
NEEDS-COMPOSITING-BITS-UPDATE
'package:flutter/src/rendering/box.dart':
Failed assertion: line 2251 pos 12: 'hasSize'

Either the assertion indicates an error in the framework itself, or we should provide substantially
more information in this error message to help you determine and fix the underlying cause.
In either case, please report this assertion by filing a bug on GitHub:
  https://github.com/flutter/flutter/issues/new?template=02_bug.yml

The relevant error-causing widget was:
  DraggableScrollableSheet
  DraggableScrollableSheet:file:///Y:/AndroidStudioProject/Github/expert-project/lib/presentation/pages/tv_detail_page.dart:84:18

When the exception was thrown, this was the stack:
#2      RenderBox.size (package:flutter/src/rendering/box.dart:2251:12)
#3      RenderConstrainedBox.performLayout (package:flutter/src/rendering/proxy_box.dart:297:21)
#4      RenderObject.layout (package:flutter/src/rendering/object.dart:2907:7)
#5      _RenderLayoutBuilder.performLayout (package:flutter/src/widgets/layout_builder.dart:449:14)
#6      RenderObject.layout (package:flutter/src/rendering/object.dart:2907:7)
#7      RenderPadding.performLayout (package:flutter/src/rendering/shifted_box.dart:262:12)
#8      RenderObject.layout (package:flutter/src/rendering/object.dart:2907:7)
#9      ChildLayoutHelper.layoutChild (package:flutter/src/rendering/layout_helper.dart:62:11)
#10     RenderStack._computeSize (package:flutter/src/rendering/stack.dart:647:43)
#11     RenderStack.performLayout (package:flutter/src/rendering/stack.dart:682:12)
#12     RenderObject.layout (package:flutter/src/rendering/object.dart:2907:7)
#13     RenderPadding.performLayout (package:flutter/src/rendering/shifted_box.dart:262:12)
#14     RenderObject.layout (package:flutter/src/rendering/object.dart:2907:7)
#15     MultiChildLayoutDelegate.layoutChild (package:flutter/src/rendering/custom_layout.dart:180:12)
#16     _ScaffoldLayout.performLayout (package:flutter/src/material/scaffold.dart:1113:7)
#17     MultiChildLayoutDelegate._callPerformLayout (package:flutter/src/rendering/custom_layout.dart:246:7)
#18     RenderCustomMultiChildLayoutBox.performLayout (package:flutter/src/rendering/custom_layout.dart:417:14)
#19     RenderObject.layout (package:flutter/src/rendering/object.dart:2907:7)
#20     RenderProxyBoxMixin.performLayout (package:flutter/src/rendering/proxy_box.dart:118:18)
#21     RenderObject.layout (package:flutter/src/rendering/object.dart:2907:7)
#22     RenderProxyBoxMixin.performLayout (package:flutter/src/rendering/proxy_box.dart:118:18)
#23     _RenderCustomClip.performLayout (package:flutter/src/rendering/proxy_box.dart:1549:11)
#24     RenderObject.layout (package:flutter/src/rendering/object.dart:2907:7)
#25     RenderProxyBoxMixin.performLayout (package:flutter/src/rendering/proxy_box.dart:118:18)
#26     RenderObject.layout (package:flutter/src/rendering/object.dart:2907:7)
#27     RenderProxyBoxMixin.performLayout (package:flutter/src/rendering/proxy_box.dart:118:18)
#28     RenderObject.layout (package:flutter/src/rendering/object.dart:2907:7)
#29     RenderProxyBoxMixin.performLayout (package:flutter/src/rendering/proxy_box.dart:118:18)
#30     RenderObject.layout (package:flutter/src/rendering/object.dart:2907:7)
#31     RenderProxyBoxMixin.performLayout (package:flutter/src/rendering/proxy_box.dart:118:18)
#32     RenderObject.layout (package:flutter/src/rendering/object.dart:2907:7)
#33     RenderProxyBoxMixin.performLayout (package:flutter/src/rendering/proxy_box.dart:118:18)
#34     RenderObject.layout (package:flutter/src/rendering/object.dart:2907:7)
#35     RenderProxyBoxMixin.performLayout (package:flutter/src/rendering/proxy_box.dart:118:18)
#36     RenderObject.layout (package:flutter/src/rendering/object.dart:2907:7)
#37     RenderProxyBoxMixin.performLayout (package:flutter/src/rendering/proxy_box.dart:118:18)
#38     RenderObject.layout (package:flutter/src/rendering/object.dart:2907:7)
#39     RenderProxyBoxMixin.performLayout (package:flutter/src/rendering/proxy_box.dart:118:18)
#40     RenderObject.layout (package:flutter/src/rendering/object.dart:2907:7)
#41     RenderProxyBoxMixin.performLayout (package:flutter/src/rendering/proxy_box.dart:118:18)
#42     RenderObject.layout (package:flutter/src/rendering/object.dart:2907:7)
#43     RenderProxyBoxMixin.performLayout (package:flutter/src/rendering/proxy_box.dart:118:18)
#44     RenderObject.layout (package:flutter/src/rendering/object.dart:2907:7)
#45     RenderProxyBoxMixin.performLayout (package:flutter/src/rendering/proxy_box.dart:118:18)
#46     RenderObject.layout (package:flutter/src/rendering/object.dart:2907:7)
#47     RenderProxyBoxMixin.performLayout (package:flutter/src/rendering/proxy_box.dart:118:18)
#48     RenderObject.layout (package:flutter/src/rendering/object.dart:2907:7)
#49     RenderProxyBoxMixin.performLayout (package:flutter/src/rendering/proxy_box.dart:118:18)
#50     RenderObject.layout (package:flutter/src/rendering/object.dart:2907:7)
#51     RenderProxyBoxMixin.performLayout (package:flutter/src/rendering/proxy_box.dart:118:18)
#52     RenderObject.layout (package:flutter/src/rendering/object.dart:2907:7)
#53     RenderProxyBoxMixin.performLayout (package:flutter/src/rendering/proxy_box.dart:118:18)
#54     RenderObject.layout (package:flutter/src/rendering/object.dart:2907:7)
#55     RenderProxyBoxMixin.performLayout (package:flutter/src/rendering/proxy_box.dart:118:18)
#56     RenderOffstage.performLayout (package:flutter/src/rendering/proxy_box.dart:3923:13)
#57     RenderObject.layout (package:flutter/src/rendering/object.dart:2907:7)
#58     RenderProxyBoxMixin.performLayout (package:flutter/src/rendering/proxy_box.dart:118:18)
#59     RenderObject.layout (package:flutter/src/rendering/object.dart:2907:7)
#60     _RenderTheaterMixin.layoutChild (package:flutter/src/widgets/overlay.dart:1124:13)
#61     _RenderTheater.performLayout (package:flutter/src/widgets/overlay.dart:1481:9)
#62     RenderObject.layout (package:flutter/src/rendering/object.dart:2907:7)
#63     RenderProxyBoxMixin.performLayout (package:flutter/src/rendering/proxy_box.dart:118:18)
#64     RenderObject.layout (package:flutter/src/rendering/object.dart:2907:7)
#65     RenderProxyBoxMixin.performLayout (package:flutter/src/rendering/proxy_box.dart:118:18)
#66     RenderObject.layout (package:flutter/src/rendering/object.dart:2907:7)
#67     RenderProxyBoxMixin.performLayout (package:flutter/src/rendering/proxy_box.dart:118:18)
#68     RenderObject.layout (package:flutter/src/rendering/object.dart:2907:7)
#69     RenderProxyBoxMixin.performLayout (package:flutter/src/rendering/proxy_box.dart:118:18)
#70     RenderCustomPaint.performLayout (package:flutter/src/rendering/custom_paint.dart:574:11)
#71     RenderObject.layout (package:flutter/src/rendering/object.dart:2907:7)
#72     RenderProxyBoxMixin.performLayout (package:flutter/src/rendering/proxy_box.dart:118:18)
#73     RenderObject.layout (package:flutter/src/rendering/object.dart:2907:7)
#74     RenderProxyBoxMixin.performLayout (package:flutter/src/rendering/proxy_box.dart:118:18)
#75     RenderObject.layout (package:flutter/src/rendering/object.dart:2907:7)
#76     RenderProxyBoxMixin.performLayout (package:flutter/src/rendering/proxy_box.dart:118:18)
#77     RenderObject.layout (package:flutter/src/rendering/object.dart:2907:7)
#78     RenderProxyBoxMixin.performLayout (package:flutter/src/rendering/proxy_box.dart:118:18)
#79     RenderObject.layout (package:flutter/src/rendering/object.dart:2907:7)
#80     RenderProxyBoxMixin.performLayout (package:flutter/src/rendering/proxy_box.dart:118:18)
#81     RenderObject.layout (package:flutter/src/rendering/object.dart:2907:7)
#82     RenderProxyBoxMixin.performLayout (package:flutter/src/rendering/proxy_box.dart:118:18)
#83     RenderObject.layout (package:flutter/src/rendering/object.dart:2907:7)
#84     RenderView.performLayout (package:flutter/src/rendering/view.dart:292:12)
#85     RenderObject._layoutWithoutResize (package:flutter/src/rendering/object.dart:2755:7)
#86     PipelineOwner.flushLayout (package:flutter/src/rendering/object.dart:1174:18)
#87     PipelineOwner.flushLayout (package:flutter/src/rendering/object.dart:1187:15)
#88     AutomatedTestWidgetsFlutterBinding.drawFrame (package:flutter_test/src/binding.dart:2433:27)
#89     RendererBinding._handlePersistentFrameCallback (package:flutter/src/rendering/binding.dart:509:5)
#90     SchedulerBinding._invokeFrameCallback (package:flutter/src/scheduler/binding.dart:1430:15)
#91     SchedulerBinding.handleDrawFrame (package:flutter/src/scheduler/binding.dart:1345:9)
#92     AutomatedTestWidgetsFlutterBinding.pump.<anonymous closure> (package:flutter_test/src/binding.dart:2260:9)
#95     TestAsyncUtils.guard (package:flutter_test/src/test_async_utils.dart:74:41)
#96     AutomatedTestWidgetsFlutterBinding.pump (package:flutter_test/src/binding.dart:2249:27)
#97     WidgetTester.pumpWidget.<anonymous closure> (package:flutter_test/src/widget_tester.dart:598:22)
#100    TestAsyncUtils.guard (package:flutter_test/src/test_async_utils.dart:74:41)
#101    WidgetTester.pumpWidget (package:flutter_test/src/widget_tester.dart:595:27)
#102    main.<anonymous closure>.<anonymous closure> (file:///Y:/AndroidStudioProject/Github/expert-project/test/presentation/pages/tv_detail_page_test.dart:88:20)
#103    testWidgets.<anonymous closure>.<anonymous closure> (package:flutter_test/src/widget_tester.dart:192:29)
<asynchronous suspension>
#104    TestWidgetsFlutterBinding._runTestBody (package:flutter_test/src/binding.dart:1952:5)
<asynchronous suspension>
<asynchronous suspension>
(elided 7 frames from class _AssertionError, dart:async, and package:stack_trace)

The following RenderObject was being processed when the exception was fired: RenderConstrainedBox#fa1f8 relayoutBoundary=up5 NEEDS-LAYOUT NEEDS-PAINT NEEDS-COMPOSITING-BITS-UPDATE:
  creator: SizedBox.expand ΓåÉ LayoutBuilder ΓåÉ ValueListenableBuilder<double> ΓåÉ DraggableScrollableSheet
    ΓåÉ Padding ΓåÉ Container ΓåÉ Stack ΓåÉ TvDetailContent ΓåÉ MediaQuery ΓåÉ Padding ΓåÉ SafeArea ΓåÉ
    Consumer<TvDetailNotifier> ΓåÉ Γï»
  parentData: offset=Offset(0.0, 0.0) (can use size)
  constraints: BoxConstraints(0.0<=w<=800.0, 0.0<=h<=544.0)
  size: MISSING
  additionalConstraints: BoxConstraints(biggest)
This RenderObject had the following descendants (showing up to depth 5):
    child: RenderFractionallySizedOverflowBox#e818a NEEDS-PAINT NEEDS-COMPOSITING-BITS-UPDATE
      child: RenderDecoratedBox#12087 NEEDS-PAINT NEEDS-COMPOSITING-BITS-UPDATE
        child: RenderPadding#7c874 NEEDS-PAINT NEEDS-COMPOSITING-BITS-UPDATE
          child: RenderStack#2db07 NEEDS-PAINT NEEDS-COMPOSITING-BITS-UPDATE
            child 1: RenderPadding#0d1db relayoutBoundary=up1 NEEDS-PAINT NEEDS-COMPOSITING-BITS-UPDATE
            child 2: RenderPositionedBox#cbd88 NEEDS-LAYOUT NEEDS-PAINT NEEDS-COMPOSITING-BITS-UPDATE
ΓòÉΓòÉΓòÉΓòÉΓòÉΓòÉΓòÉΓòÉΓòÉΓòÉΓòÉΓòÉΓòÉΓòÉΓòÉΓòÉΓòÉΓòÉΓòÉΓòÉΓòÉΓòÉΓòÉΓòÉΓòÉΓòÉΓòÉΓòÉΓòÉΓòÉΓòÉΓòÉΓòÉΓòÉΓòÉΓòÉΓòÉΓòÉΓòÉΓòÉΓòÉΓòÉΓòÉΓòÉΓòÉΓòÉΓòÉΓòÉΓòÉΓòÉΓòÉΓòÉΓòÉΓòÉΓòÉΓòÉΓòÉΓòÉΓòÉΓòÉΓòÉΓòÉΓòÉΓòÉΓòÉΓòÉΓòÉΓòÉΓòÉΓòÉΓòÉΓòÉΓòÉΓòÉΓòÉΓòÉΓòÉΓòÉΓòÉΓòÉΓòÉΓòÉΓòÉΓòÉΓòÉΓòÉΓòÉΓòÉΓòÉΓòÉΓòÉΓòÉΓòÉΓòÉΓòÉΓòÉΓòÉΓòÉΓòÉΓòÉ
ΓòÉΓòÉΓòí EXCEPTION CAUGHT BY RENDERING LIBRARY Γò₧ΓòÉΓòÉΓòÉΓòÉΓòÉΓòÉΓòÉΓòÉΓòÉΓòÉΓòÉΓòÉΓòÉΓòÉΓòÉΓòÉΓòÉΓòÉΓòÉΓòÉΓòÉΓòÉΓòÉΓòÉΓòÉΓòÉΓòÉΓòÉΓòÉΓòÉΓòÉΓòÉΓòÉΓòÉΓòÉΓòÉΓòÉΓòÉΓòÉΓòÉΓòÉΓòÉΓòÉΓòÉΓòÉΓòÉΓòÉΓòÉΓòÉΓòÉΓòÉΓòÉΓòÉΓòÉΓòÉΓòÉΓòÉ
The following assertion was thrown during performLayout():
RenderBox was not laid out: RenderConstrainedBox#fa1f8 relayoutBoundary=up5 NEEDS-PAINT
NEEDS-COMPOSITING-BITS-UPDATE
'package:flutter/src/rendering/box.dart':
Failed assertion: line 2251 pos 12: 'hasSize'

Either the assertion indicates an error in the framework itself, or we should provide substantially
more information in this error message to help you determine and fix the underlying cause.
In either case, please report this assertion by filing a bug on GitHub:
  https://github.com/flutter/flutter/issues/new?template=02_bug.yml

The relevant error-causing widget was:
  DraggableScrollableSheet
  DraggableScrollableSheet:file:///Y:/AndroidStudioProject/Github/expert-project/lib/presentation/pages/tv_detail_page.dart:84:18

When the exception was thrown, this was the stack:
#2      RenderBox.size (package:flutter/src/rendering/box.dart:2251:12)
#3      _RenderLayoutBuilder.performLayout (package:flutter/src/widgets/layout_builder.dart:450:43)
#4      RenderObject.layout (package:flutter/src/rendering/object.dart:2907:7)
#5      RenderPadding.performLayout (package:flutter/src/rendering/shifted_box.dart:262:12)
#6      RenderObject.layout (package:flutter/src/rendering/object.dart:2907:7)
#7      ChildLayoutHelper.layoutChild (package:flutter/src/rendering/layout_helper.dart:62:11)
#8      RenderStack._computeSize (package:flutter/src/rendering/stack.dart:647:43)
#9      RenderStack.performLayout (package:flutter/src/rendering/stack.dart:682:12)
#10     RenderObject.layout (package:flutter/src/rendering/object.dart:2907:7)
#11     RenderPadding.performLayout (package:flutter/src/rendering/shifted_box.dart:262:12)
#12     RenderObject.layout (package:flutter/src/rendering/object.dart:2907:7)
#13     MultiChildLayoutDelegate.layoutChild (package:flutter/src/rendering/custom_layout.dart:180:12)
#14     _ScaffoldLayout.performLayout (package:flutter/src/material/scaffold.dart:1113:7)
#15     MultiChildLayoutDelegate._callPerformLayout (package:flutter/src/rendering/custom_layout.dart:246:7)
#16     RenderCustomMultiChildLayoutBox.performLayout (package:flutter/src/rendering/custom_layout.dart:417:14)
#17     RenderObject.layout (package:flutter/src/rendering/object.dart:2907:7)
#18     RenderProxyBoxMixin.performLayout (package:flutter/src/rendering/proxy_box.dart:118:18)
#19     RenderObject.layout (package:flutter/src/rendering/object.dart:2907:7)
#20     RenderProxyBoxMixin.performLayout (package:flutter/src/rendering/proxy_box.dart:118:18)
#21     _RenderCustomClip.performLayout (package:flutter/src/rendering/proxy_box.dart:1549:11)
#22     RenderObject.layout (package:flutter/src/rendering/object.dart:2907:7)
#23     RenderProxyBoxMixin.performLayout (package:flutter/src/rendering/proxy_box.dart:118:18)
#24     RenderObject.layout (package:flutter/src/rendering/object.dart:2907:7)
#25     RenderProxyBoxMixin.performLayout (package:flutter/src/rendering/proxy_box.dart:118:18)
#26     RenderObject.layout (package:flutter/src/rendering/object.dart:2907:7)
#27     RenderProxyBoxMixin.performLayout (package:flutter/src/rendering/proxy_box.dart:118:18)
#28     RenderObject.layout (package:flutter/src/rendering/object.dart:2907:7)
#29     RenderProxyBoxMixin.performLayout (package:flutter/src/rendering/proxy_box.dart:118:18)
#30     RenderObject.layout (package:flutter/src/rendering/object.dart:2907:7)
#31     RenderProxyBoxMixin.performLayout (package:flutter/src/rendering/proxy_box.dart:118:18)
#32     RenderObject.layout (package:flutter/src/rendering/object.dart:2907:7)
#33     RenderProxyBoxMixin.performLayout (package:flutter/src/rendering/proxy_box.dart:118:18)
#34     RenderObject.layout (package:flutter/src/rendering/object.dart:2907:7)
#35     RenderProxyBoxMixin.performLayout (package:flutter/src/rendering/proxy_box.dart:118:18)
#36     RenderObject.layout (package:flutter/src/rendering/object.dart:2907:7)
#37     RenderProxyBoxMixin.performLayout (package:flutter/src/rendering/proxy_box.dart:118:18)
#38     RenderObject.layout (package:flutter/src/rendering/object.dart:2907:7)
#39     RenderProxyBoxMixin.performLayout (package:flutter/src/rendering/proxy_box.dart:118:18)
#40     RenderObject.layout (package:flutter/src/rendering/object.dart:2907:7)
#41     RenderProxyBoxMixin.performLayout (package:flutter/src/rendering/proxy_box.dart:118:18)
#42     RenderObject.layout (package:flutter/src/rendering/object.dart:2907:7)
#43     RenderProxyBoxMixin.performLayout (package:flutter/src/rendering/proxy_box.dart:118:18)
#44     RenderObject.layout (package:flutter/src/rendering/object.dart:2907:7)
#45     RenderProxyBoxMixin.performLayout (package:flutter/src/rendering/proxy_box.dart:118:18)
#46     RenderObject.layout (package:flutter/src/rendering/object.dart:2907:7)
#47     RenderProxyBoxMixin.performLayout (package:flutter/src/rendering/proxy_box.dart:118:18)
#48     RenderObject.layout (package:flutter/src/rendering/object.dart:2907:7)
#49     RenderProxyBoxMixin.performLayout (package:flutter/src/rendering/proxy_box.dart:118:18)
#50     RenderObject.layout (package:flutter/src/rendering/object.dart:2907:7)
#51     RenderProxyBoxMixin.performLayout (package:flutter/src/rendering/proxy_box.dart:118:18)
#52     RenderObject.layout (package:flutter/src/rendering/object.dart:2907:7)
#53     RenderProxyBoxMixin.performLayout (package:flutter/src/rendering/proxy_box.dart:118:18)
#54     RenderOffstage.performLayout (package:flutter/src/rendering/proxy_box.dart:3923:13)
#55     RenderObject.layout (package:flutter/src/rendering/object.dart:2907:7)
#56     RenderProxyBoxMixin.performLayout (package:flutter/src/rendering/proxy_box.dart:118:18)
#57     RenderObject.layout (package:flutter/src/rendering/object.dart:2907:7)
#58     _RenderTheaterMixin.layoutChild (package:flutter/src/widgets/overlay.dart:1124:13)
#59     _RenderTheater.performLayout (package:flutter/src/widgets/overlay.dart:1481:9)
#60     RenderObject.layout (package:flutter/src/rendering/object.dart:2907:7)
#61     RenderProxyBoxMixin.performLayout (package:flutter/src/rendering/proxy_box.dart:118:18)
#62     RenderObject.layout (package:flutter/src/rendering/object.dart:2907:7)
#63     RenderProxyBoxMixin.performLayout (package:flutter/src/rendering/proxy_box.dart:118:18)
#64     RenderObject.layout (package:flutter/src/rendering/object.dart:2907:7)
#65     RenderProxyBoxMixin.performLayout (package:flutter/src/rendering/proxy_box.dart:118:18)
#66     RenderObject.layout (package:flutter/src/rendering/object.dart:2907:7)
#67     RenderProxyBoxMixin.performLayout (package:flutter/src/rendering/proxy_box.dart:118:18)
#68     RenderCustomPaint.performLayout (package:flutter/src/rendering/custom_paint.dart:574:11)
#69     RenderObject.layout (package:flutter/src/rendering/object.dart:2907:7)
#70     RenderProxyBoxMixin.performLayout (package:flutter/src/rendering/proxy_box.dart:118:18)
#71     RenderObject.layout (package:flutter/src/rendering/object.dart:2907:7)
#72     RenderProxyBoxMixin.performLayout (package:flutter/src/rendering/proxy_box.dart:118:18)
#73     RenderObject.layout (package:flutter/src/rendering/object.dart:2907:7)
#74     RenderProxyBoxMixin.performLayout (package:flutter/src/rendering/proxy_box.dart:118:18)
#75     RenderObject.layout (package:flutter/src/rendering/object.dart:2907:7)
#76     RenderProxyBoxMixin.performLayout (package:flutter/src/rendering/proxy_box.dart:118:18)
#77     RenderObject.layout (package:flutter/src/rendering/object.dart:2907:7)
#78     RenderProxyBoxMixin.performLayout (package:flutter/src/rendering/proxy_box.dart:118:18)
#79     RenderObject.layout (package:flutter/src/rendering/object.dart:2907:7)
#80     RenderProxyBoxMixin.performLayout (package:flutter/src/rendering/proxy_box.dart:118:18)
#81     RenderObject.layout (package:flutter/src/rendering/object.dart:2907:7)
#82     RenderView.performLayout (package:flutter/src/rendering/view.dart:292:12)
#83     RenderObject._layoutWithoutResize (package:flutter/src/rendering/object.dart:2755:7)
#84     PipelineOwner.flushLayout (package:flutter/src/rendering/object.dart:1174:18)
#85     PipelineOwner.flushLayout (package:flutter/src/rendering/object.dart:1187:15)
#86     AutomatedTestWidgetsFlutterBinding.drawFrame (package:flutter_test/src/binding.dart:2433:27)
#87     RendererBinding._handlePersistentFrameCallback (package:flutter/src/rendering/binding.dart:509:5)
#88     SchedulerBinding._invokeFrameCallback (package:flutter/src/scheduler/binding.dart:1430:15)
#89     SchedulerBinding.handleDrawFrame (package:flutter/src/scheduler/binding.dart:1345:9)
#90     AutomatedTestWidgetsFlutterBinding.pump.<anonymous closure> (package:flutter_test/src/binding.dart:2260:9)
#93     TestAsyncUtils.guard (package:flutter_test/src/test_async_utils.dart:74:41)
#94     AutomatedTestWidgetsFlutterBinding.pump (package:flutter_test/src/binding.dart:2249:27)
#95     WidgetTester.pumpWidget.<anonymous closure> (package:flutter_test/src/widget_tester.dart:598:22)
#98     TestAsyncUtils.guard (package:flutter_test/src/test_async_utils.dart:74:41)
#99     WidgetTester.pumpWidget (package:flutter_test/src/widget_tester.dart:595:27)
#100    main.<anonymous closure>.<anonymous closure> (file:///Y:/AndroidStudioProject/Github/expert-project/test/presentation/pages/tv_detail_page_test.dart:88:20)
#101    testWidgets.<anonymous closure>.<anonymous closure> (package:flutter_test/src/widget_tester.dart:192:29)
<asynchronous suspension>
#102    TestWidgetsFlutterBinding._runTestBody (package:flutter_test/src/binding.dart:1952:5)
<asynchronous suspension>
<asynchronous suspension>
(elided 7 frames from class _AssertionError, dart:async, and package:stack_trace)

The following RenderObject was being processed when the exception was fired: _RenderLayoutBuilder#b2664 relayoutBoundary=up4 NEEDS-LAYOUT NEEDS-PAINT NEEDS-COMPOSITING-BITS-UPDATE:
  creator: LayoutBuilder ΓåÉ ValueListenableBuilder<double> ΓåÉ DraggableScrollableSheet ΓåÉ Padding ΓåÉ
    Container ΓåÉ Stack ΓåÉ TvDetailContent ΓåÉ MediaQuery ΓåÉ Padding ΓåÉ SafeArea ΓåÉ Consumer<TvDetailNotifier>
    ΓåÉ KeyedSubtree-[GlobalKey#29f7b] ΓåÉ Γï»
  parentData: offset=Offset(0.0, 0.0) (can use size)
  constraints: BoxConstraints(0.0<=w<=800.0, 0.0<=h<=544.0)
  size: MISSING
This RenderObject had the following descendants (showing up to depth 5):
    child: RenderConstrainedBox#fa1f8 relayoutBoundary=up5 NEEDS-PAINT NEEDS-COMPOSITING-BITS-UPDATE
      child: RenderFractionallySizedOverflowBox#e818a NEEDS-PAINT NEEDS-COMPOSITING-BITS-UPDATE
        child: RenderDecoratedBox#12087 NEEDS-PAINT NEEDS-COMPOSITING-BITS-UPDATE
          child: RenderPadding#7c874 NEEDS-PAINT NEEDS-COMPOSITING-BITS-UPDATE
            child: RenderStack#2db07 NEEDS-PAINT NEEDS-COMPOSITING-BITS-UPDATE
ΓòÉΓòÉΓòÉΓòÉΓòÉΓòÉΓòÉΓòÉΓòÉΓòÉΓòÉΓòÉΓòÉΓòÉΓòÉΓòÉΓòÉΓòÉΓòÉΓòÉΓòÉΓòÉΓòÉΓòÉΓòÉΓòÉΓòÉΓòÉΓòÉΓòÉΓòÉΓòÉΓòÉΓòÉΓòÉΓòÉΓòÉΓòÉΓòÉΓòÉΓòÉΓòÉΓòÉΓòÉΓòÉΓòÉΓòÉΓòÉΓòÉΓòÉΓòÉΓòÉΓòÉΓòÉΓòÉΓòÉΓòÉΓòÉΓòÉΓòÉΓòÉΓòÉΓòÉΓòÉΓòÉΓòÉΓòÉΓòÉΓòÉΓòÉΓòÉΓòÉΓòÉΓòÉΓòÉΓòÉΓòÉΓòÉΓòÉΓòÉΓòÉΓòÉΓòÉΓòÉΓòÉΓòÉΓòÉΓòÉΓòÉΓòÉΓòÉΓòÉΓòÉΓòÉΓòÉΓòÉΓòÉΓòÉΓòÉΓòÉ
ΓòÉΓòÉΓòí EXCEPTION CAUGHT BY RENDERING LIBRARY Γò₧ΓòÉΓòÉΓòÉΓòÉΓòÉΓòÉΓòÉΓòÉΓòÉΓòÉΓòÉΓòÉΓòÉΓòÉΓòÉΓòÉΓòÉΓòÉΓòÉΓòÉΓòÉΓòÉΓòÉΓòÉΓòÉΓòÉΓòÉΓòÉΓòÉΓòÉΓòÉΓòÉΓòÉΓòÉΓòÉΓòÉΓòÉΓòÉΓòÉΓòÉΓòÉΓòÉΓòÉΓòÉΓòÉΓòÉΓòÉΓòÉΓòÉΓòÉΓòÉΓòÉΓòÉΓòÉΓòÉΓòÉΓòÉ
The following assertion was thrown during performLayout():
RenderBox was not laid out: _RenderLayoutBuilder#b2664 relayoutBoundary=up4 NEEDS-PAINT
NEEDS-COMPOSITING-BITS-UPDATE
'package:flutter/src/rendering/box.dart':
Failed assertion: line 2251 pos 12: 'hasSize'

Either the assertion indicates an error in the framework itself, or we should provide substantially
more information in this error message to help you determine and fix the underlying cause.
In either case, please report this assertion by filing a bug on GitHub:
  https://github.com/flutter/flutter/issues/new?template=02_bug.yml

The relevant error-causing widget was:
  Container
  Container:file:///Y:/AndroidStudioProject/Github/expert-project/lib/presentation/pages/tv_detail_page.dart:82:9

When the exception was thrown, this was the stack:
#2      RenderBox.size (package:flutter/src/rendering/box.dart:2251:12)
#3      RenderPadding.performLayout (package:flutter/src/rendering/shifted_box.dart:266:40)
#4      RenderObject.layout (package:flutter/src/rendering/object.dart:2907:7)
#5      ChildLayoutHelper.layoutChild (package:flutter/src/rendering/layout_helper.dart:62:11)
#6      RenderStack._computeSize (package:flutter/src/rendering/stack.dart:647:43)
#7      RenderStack.performLayout (package:flutter/src/rendering/stack.dart:682:12)
#8      RenderObject.layout (package:flutter/src/rendering/object.dart:2907:7)
#9      RenderPadding.performLayout (package:flutter/src/rendering/shifted_box.dart:262:12)
#10     RenderObject.layout (package:flutter/src/rendering/object.dart:2907:7)
#11     MultiChildLayoutDelegate.layoutChild (package:flutter/src/rendering/custom_layout.dart:180:12)
#12     _ScaffoldLayout.performLayout (package:flutter/src/material/scaffold.dart:1113:7)
#13     MultiChildLayoutDelegate._callPerformLayout (package:flutter/src/rendering/custom_layout.dart:246:7)
#14     RenderCustomMultiChildLayoutBox.performLayout (package:flutter/src/rendering/custom_layout.dart:417:14)
#15     RenderObject.layout (package:flutter/src/rendering/object.dart:2907:7)
#16     RenderProxyBoxMixin.performLayout (package:flutter/src/rendering/proxy_box.dart:118:18)
#17     RenderObject.layout (package:flutter/src/rendering/object.dart:2907:7)
#18     RenderProxyBoxMixin.performLayout (package:flutter/src/rendering/proxy_box.dart:118:18)
#19     _RenderCustomClip.performLayout (package:flutter/src/rendering/proxy_box.dart:1549:11)
#20     RenderObject.layout (package:flutter/src/rendering/object.dart:2907:7)
#21     RenderProxyBoxMixin.performLayout (package:flutter/src/rendering/proxy_box.dart:118:18)
#22     RenderObject.layout (package:flutter/src/rendering/object.dart:2907:7)
#23     RenderProxyBoxMixin.performLayout (package:flutter/src/rendering/proxy_box.dart:118:18)
#24     RenderObject.layout (package:flutter/src/rendering/object.dart:2907:7)
#25     RenderProxyBoxMixin.performLayout (package:flutter/src/rendering/proxy_box.dart:118:18)
#26     RenderObject.layout (package:flutter/src/rendering/object.dart:2907:7)
#27     RenderProxyBoxMixin.performLayout (package:flutter/src/rendering/proxy_box.dart:118:18)
#28     RenderObject.layout (package:flutter/src/rendering/object.dart:2907:7)
#29     RenderProxyBoxMixin.performLayout (package:flutter/src/rendering/proxy_box.dart:118:18)
#30     RenderObject.layout (package:flutter/src/rendering/object.dart:2907:7)
#31     RenderProxyBoxMixin.performLayout (package:flutter/src/rendering/proxy_box.dart:118:18)
#32     RenderObject.layout (package:flutter/src/rendering/object.dart:2907:7)
#33     RenderProxyBoxMixin.performLayout (package:flutter/src/rendering/proxy_box.dart:118:18)
#34     RenderObject.layout (package:flutter/src/rendering/object.dart:2907:7)
#35     RenderProxyBoxMixin.performLayout (package:flutter/src/rendering/proxy_box.dart:118:18)
#36     RenderObject.layout (package:flutter/src/rendering/object.dart:2907:7)
#37     RenderProxyBoxMixin.performLayout (package:flutter/src/rendering/proxy_box.dart:118:18)
#38     RenderObject.layout (package:flutter/src/rendering/object.dart:2907:7)
#39     RenderProxyBoxMixin.performLayout (package:flutter/src/rendering/proxy_box.dart:118:18)
#40     RenderObject.layout (package:flutter/src/rendering/object.dart:2907:7)
#41     RenderProxyBoxMixin.performLayout (package:flutter/src/rendering/proxy_box.dart:118:18)
#42     RenderObject.layout (package:flutter/src/rendering/object.dart:2907:7)
#43     RenderProxyBoxMixin.performLayout (package:flutter/src/rendering/proxy_box.dart:118:18)
#44     RenderObject.layout (package:flutter/src/rendering/object.dart:2907:7)
#45     RenderProxyBoxMixin.performLayout (package:flutter/src/rendering/proxy_box.dart:118:18)
#46     RenderObject.layout (package:flutter/src/rendering/object.dart:2907:7)
#47     RenderProxyBoxMixin.performLayout (package:flutter/src/rendering/proxy_box.dart:118:18)
#48     RenderObject.layout (package:flutter/src/rendering/object.dart:2907:7)
#49     RenderProxyBoxMixin.performLayout (package:flutter/src/rendering/proxy_box.dart:118:18)
#50     RenderObject.layout (package:flutter/src/rendering/object.dart:2907:7)
#51     RenderProxyBoxMixin.performLayout (package:flutter/src/rendering/proxy_box.dart:118:18)
#52     RenderOffstage.performLayout (package:flutter/src/rendering/proxy_box.dart:3923:13)
#53     RenderObject.layout (package:flutter/src/rendering/object.dart:2907:7)
#54     RenderProxyBoxMixin.performLayout (package:flutter/src/rendering/proxy_box.dart:118:18)
#55     RenderObject.layout (package:flutter/src/rendering/object.dart:2907:7)
#56     _RenderTheaterMixin.layoutChild (package:flutter/src/widgets/overlay.dart:1124:13)
#57     _RenderTheater.performLayout (package:flutter/src/widgets/overlay.dart:1481:9)
#58     RenderObject.layout (package:flutter/src/rendering/object.dart:2907:7)
#59     RenderProxyBoxMixin.performLayout (package:flutter/src/rendering/proxy_box.dart:118:18)
#60     RenderObject.layout (package:flutter/src/rendering/object.dart:2907:7)
#61     RenderProxyBoxMixin.performLayout (package:flutter/src/rendering/proxy_box.dart:118:18)
#62     RenderObject.layout (package:flutter/src/rendering/object.dart:2907:7)
#63     RenderProxyBoxMixin.performLayout (package:flutter/src/rendering/proxy_box.dart:118:18)
#64     RenderObject.layout (package:flutter/src/rendering/object.dart:2907:7)
#65     RenderProxyBoxMixin.performLayout (package:flutter/src/rendering/proxy_box.dart:118:18)
#66     RenderCustomPaint.performLayout (package:flutter/src/rendering/custom_paint.dart:574:11)
#67     RenderObject.layout (package:flutter/src/rendering/object.dart:2907:7)
#68     RenderProxyBoxMixin.performLayout (package:flutter/src/rendering/proxy_box.dart:118:18)
#69     RenderObject.layout (package:flutter/src/rendering/object.dart:2907:7)
#70     RenderProxyBoxMixin.performLayout (package:flutter/src/rendering/proxy_box.dart:118:18)
#71     RenderObject.layout (package:flutter/src/rendering/object.dart:2907:7)
#72     RenderProxyBoxMixin.performLayout (package:flutter/src/rendering/proxy_box.dart:118:18)
#73     RenderObject.layout (package:flutter/src/rendering/object.dart:2907:7)
#74     RenderProxyBoxMixin.performLayout (package:flutter/src/rendering/proxy_box.dart:118:18)
#75     RenderObject.layout (package:flutter/src/rendering/object.dart:2907:7)
#76     RenderProxyBoxMixin.performLayout (package:flutter/src/rendering/proxy_box.dart:118:18)
#77     RenderObject.layout (package:flutter/src/rendering/object.dart:2907:7)
#78     RenderProxyBoxMixin.performLayout (package:flutter/src/rendering/proxy_box.dart:118:18)
#79     RenderObject.layout (package:flutter/src/rendering/object.dart:2907:7)
#80     RenderView.performLayout (package:flutter/src/rendering/view.dart:292:12)
#81     RenderObject._layoutWithoutResize (package:flutter/src/rendering/object.dart:2755:7)
#82     PipelineOwner.flushLayout (package:flutter/src/rendering/object.dart:1174:18)
#83     PipelineOwner.flushLayout (package:flutter/src/rendering/object.dart:1187:15)
#84     AutomatedTestWidgetsFlutterBinding.drawFrame (package:flutter_test/src/binding.dart:2433:27)
#85     RendererBinding._handlePersistentFrameCallback (package:flutter/src/rendering/binding.dart:509:5)
#86     SchedulerBinding._invokeFrameCallback (package:flutter/src/scheduler/binding.dart:1430:15)
#87     SchedulerBinding.handleDrawFrame (package:flutter/src/scheduler/binding.dart:1345:9)
#88     AutomatedTestWidgetsFlutterBinding.pump.<anonymous closure> (package:flutter_test/src/binding.dart:2260:9)
#91     TestAsyncUtils.guard (package:flutter_test/src/test_async_utils.dart:74:41)
#92     AutomatedTestWidgetsFlutterBinding.pump (package:flutter_test/src/binding.dart:2249:27)
#93     WidgetTester.pumpWidget.<anonymous closure> (package:flutter_test/src/widget_tester.dart:598:22)
#96     TestAsyncUtils.guard (package:flutter_test/src/test_async_utils.dart:74:41)
#97     WidgetTester.pumpWidget (package:flutter_test/src/widget_tester.dart:595:27)
#98     main.<anonymous closure>.<anonymous closure> (file:///Y:/AndroidStudioProject/Github/expert-project/test/presentation/pages/tv_detail_page_test.dart:88:20)
#99     testWidgets.<anonymous closure>.<anonymous closure> (package:flutter_test/src/widget_tester.dart:192:29)
<asynchronous suspension>
#100    TestWidgetsFlutterBinding._runTestBody (package:flutter_test/src/binding.dart:1952:5)
<asynchronous suspension>
<asynchronous suspension>
(elided 7 frames from class _AssertionError, dart:async, and package:stack_trace)

The following RenderObject was being processed when the exception was fired: RenderPadding#bb18a relayoutBoundary=up3 NEEDS-LAYOUT NEEDS-PAINT NEEDS-COMPOSITING-BITS-UPDATE:
  creator: Padding ΓåÉ Container ΓåÉ Stack ΓåÉ TvDetailContent ΓåÉ MediaQuery ΓåÉ Padding ΓåÉ SafeArea ΓåÉ
    Consumer<TvDetailNotifier> ΓåÉ KeyedSubtree-[GlobalKey#29f7b] ΓåÉ _BodyBuilder ΓåÉ MediaQuery ΓåÉ
    LayoutId-[<_ScaffoldSlot.body>] ΓåÉ Γï»
  parentData: not positioned; offset=Offset(0.0, 0.0) (can use size)
  constraints: BoxConstraints(0.0<=w<=800.0, 0.0<=h<=600.0)
  size: MISSING
  padding: EdgeInsets(0.0, 56.0, 0.0, 0.0)
  textDirection: ltr
This RenderObject had the following descendants (showing up to depth 5):
    child: _RenderLayoutBuilder#b2664 relayoutBoundary=up4 NEEDS-PAINT NEEDS-COMPOSITING-BITS-UPDATE
      child: RenderConstrainedBox#fa1f8 relayoutBoundary=up5 NEEDS-PAINT NEEDS-COMPOSITING-BITS-UPDATE
        child: RenderFractionallySizedOverflowBox#e818a NEEDS-PAINT NEEDS-COMPOSITING-BITS-UPDATE
          child: RenderDecoratedBox#12087 NEEDS-PAINT NEEDS-COMPOSITING-BITS-UPDATE
            child: RenderPadding#7c874 NEEDS-PAINT NEEDS-COMPOSITING-BITS-UPDATE
ΓòÉΓòÉΓòÉΓòÉΓòÉΓòÉΓòÉΓòÉΓòÉΓòÉΓòÉΓòÉΓòÉΓòÉΓòÉΓòÉΓòÉΓòÉΓòÉΓòÉΓòÉΓòÉΓòÉΓòÉΓòÉΓòÉΓòÉΓòÉΓòÉΓòÉΓòÉΓòÉΓòÉΓòÉΓòÉΓòÉΓòÉΓòÉΓòÉΓòÉΓòÉΓòÉΓòÉΓòÉΓòÉΓòÉΓòÉΓòÉΓòÉΓòÉΓòÉΓòÉΓòÉΓòÉΓòÉΓòÉΓòÉΓòÉΓòÉΓòÉΓòÉΓòÉΓòÉΓòÉΓòÉΓòÉΓòÉΓòÉΓòÉΓòÉΓòÉΓòÉΓòÉΓòÉΓòÉΓòÉΓòÉΓòÉΓòÉΓòÉΓòÉΓòÉΓòÉΓòÉΓòÉΓòÉΓòÉΓòÉΓòÉΓòÉΓòÉΓòÉΓòÉΓòÉΓòÉΓòÉΓòÉΓòÉΓòÉΓòÉ
ΓòÉΓòÉΓòí EXCEPTION CAUGHT BY RENDERING LIBRARY Γò₧ΓòÉΓòÉΓòÉΓòÉΓòÉΓòÉΓòÉΓòÉΓòÉΓòÉΓòÉΓòÉΓòÉΓòÉΓòÉΓòÉΓòÉΓòÉΓòÉΓòÉΓòÉΓòÉΓòÉΓòÉΓòÉΓòÉΓòÉΓòÉΓòÉΓòÉΓòÉΓòÉΓòÉΓòÉΓòÉΓòÉΓòÉΓòÉΓòÉΓòÉΓòÉΓòÉΓòÉΓòÉΓòÉΓòÉΓòÉΓòÉΓòÉΓòÉΓòÉΓòÉΓòÉΓòÉΓòÉΓòÉΓòÉ
The following assertion was thrown during performLayout():
RenderBox was not laid out: RenderPadding#bb18a relayoutBoundary=up3 NEEDS-PAINT
NEEDS-COMPOSITING-BITS-UPDATE
'package:flutter/src/rendering/box.dart':
Failed assertion: line 2251 pos 12: 'hasSize'

Either the assertion indicates an error in the framework itself, or we should provide substantially
more information in this error message to help you determine and fix the underlying cause.
In either case, please report this assertion by filing a bug on GitHub:
  https://github.com/flutter/flutter/issues/new?template=02_bug.yml

The relevant error-causing widget was:
  Stack
  Stack:file:///Y:/AndroidStudioProject/Github/expert-project/lib/presentation/pages/tv_detail_page.dart:72:12

When the exception was thrown, this was the stack:
#2      RenderBox.size (package:flutter/src/rendering/box.dart:2251:12)
#3      ChildLayoutHelper.layoutChild (package:flutter/src/rendering/layout_helper.dart:63:18)
#4      RenderStack._computeSize (package:flutter/src/rendering/stack.dart:647:43)
#5      RenderStack.performLayout (package:flutter/src/rendering/stack.dart:682:12)
#6      RenderObject.layout (package:flutter/src/rendering/object.dart:2907:7)
#7      RenderPadding.performLayout (package:flutter/src/rendering/shifted_box.dart:262:12)
#8      RenderObject.layout (package:flutter/src/rendering/object.dart:2907:7)
#9      MultiChildLayoutDelegate.layoutChild (package:flutter/src/rendering/custom_layout.dart:180:12)
#10     _ScaffoldLayout.performLayout (package:flutter/src/material/scaffold.dart:1113:7)
#11     MultiChildLayoutDelegate._callPerformLayout (package:flutter/src/rendering/custom_layout.dart:246:7)
#12     RenderCustomMultiChildLayoutBox.performLayout (package:flutter/src/rendering/custom_layout.dart:417:14)
#13     RenderObject.layout (package:flutter/src/rendering/object.dart:2907:7)
#14     RenderProxyBoxMixin.performLayout (package:flutter/src/rendering/proxy_box.dart:118:18)
#15     RenderObject.layout (package:flutter/src/rendering/object.dart:2907:7)
#16     RenderProxyBoxMixin.performLayout (package:flutter/src/rendering/proxy_box.dart:118:18)
#17     _RenderCustomClip.performLayout (package:flutter/src/rendering/proxy_box.dart:1549:11)
#18     RenderObject.layout (package:flutter/src/rendering/object.dart:2907:7)
#19     RenderProxyBoxMixin.performLayout (package:flutter/src/rendering/proxy_box.dart:118:18)
#20     RenderObject.layout (package:flutter/src/rendering/object.dart:2907:7)
#21     RenderProxyBoxMixin.performLayout (package:flutter/src/rendering/proxy_box.dart:118:18)
#22     RenderObject.layout (package:flutter/src/rendering/object.dart:2907:7)
#23     RenderProxyBoxMixin.performLayout (package:flutter/src/rendering/proxy_box.dart:118:18)
#24     RenderObject.layout (package:flutter/src/rendering/object.dart:2907:7)
#25     RenderProxyBoxMixin.performLayout (package:flutter/src/rendering/proxy_box.dart:118:18)
#26     RenderObject.layout (package:flutter/src/rendering/object.dart:2907:7)
#27     RenderProxyBoxMixin.performLayout (package:flutter/src/rendering/proxy_box.dart:118:18)
#28     RenderObject.layout (package:flutter/src/rendering/object.dart:2907:7)
#29     RenderProxyBoxMixin.performLayout (package:flutter/src/rendering/proxy_box.dart:118:18)
#30     RenderObject.layout (package:flutter/src/rendering/object.dart:2907:7)
#31     RenderProxyBoxMixin.performLayout (package:flutter/src/rendering/proxy_box.dart:118:18)
#32     RenderObject.layout (package:flutter/src/rendering/object.dart:2907:7)
#33     RenderProxyBoxMixin.performLayout (package:flutter/src/rendering/proxy_box.dart:118:18)
#34     RenderObject.layout (package:flutter/src/rendering/object.dart:2907:7)
#35     RenderProxyBoxMixin.performLayout (package:flutter/src/rendering/proxy_box.dart:118:18)
#36     RenderObject.layout (package:flutter/src/rendering/object.dart:2907:7)
#37     RenderProxyBoxMixin.performLayout (package:flutter/src/rendering/proxy_box.dart:118:18)
#38     RenderObject.layout (package:flutter/src/rendering/object.dart:2907:7)
#39     RenderProxyBoxMixin.performLayout (package:flutter/src/rendering/proxy_box.dart:118:18)
#40     RenderObject.layout (package:flutter/src/rendering/object.dart:2907:7)
#41     RenderProxyBoxMixin.performLayout (package:flutter/src/rendering/proxy_box.dart:118:18)
#42     RenderObject.layout (package:flutter/src/rendering/object.dart:2907:7)
#43     RenderProxyBoxMixin.performLayout (package:flutter/src/rendering/proxy_box.dart:118:18)
#44     RenderObject.layout (package:flutter/src/rendering/object.dart:2907:7)
#45     RenderProxyBoxMixin.performLayout (package:flutter/src/rendering/proxy_box.dart:118:18)
#46     RenderObject.layout (package:flutter/src/rendering/object.dart:2907:7)
#47     RenderProxyBoxMixin.performLayout (package:flutter/src/rendering/proxy_box.dart:118:18)
#48     RenderObject.layout (package:flutter/src/rendering/object.dart:2907:7)
#49     RenderProxyBoxMixin.performLayout (package:flutter/src/rendering/proxy_box.dart:118:18)
#50     RenderOffstage.performLayout (package:flutter/src/rendering/proxy_box.dart:3923:13)
#51     RenderObject.layout (package:flutter/src/rendering/object.dart:2907:7)
#52     RenderProxyBoxMixin.performLayout (package:flutter/src/rendering/proxy_box.dart:118:18)
#53     RenderObject.layout (package:flutter/src/rendering/object.dart:2907:7)
#54     _RenderTheaterMixin.layoutChild (package:flutter/src/widgets/overlay.dart:1124:13)
#55     _RenderTheater.performLayout (package:flutter/src/widgets/overlay.dart:1481:9)
#56     RenderObject.layout (package:flutter/src/rendering/object.dart:2907:7)
#57     RenderProxyBoxMixin.performLayout (package:flutter/src/rendering/proxy_box.dart:118:18)
#58     RenderObject.layout (package:flutter/src/rendering/object.dart:2907:7)
#59     RenderProxyBoxMixin.performLayout (package:flutter/src/rendering/proxy_box.dart:118:18)
#60     RenderObject.layout (package:flutter/src/rendering/object.dart:2907:7)
#61     RenderProxyBoxMixin.performLayout (package:flutter/src/rendering/proxy_box.dart:118:18)
#62     RenderObject.layout (package:flutter/src/rendering/object.dart:2907:7)
#63     RenderProxyBoxMixin.performLayout (package:flutter/src/rendering/proxy_box.dart:118:18)
#64     RenderCustomPaint.performLayout (package:flutter/src/rendering/custom_paint.dart:574:11)
#65     RenderObject.layout (package:flutter/src/rendering/object.dart:2907:7)
#66     RenderProxyBoxMixin.performLayout (package:flutter/src/rendering/proxy_box.dart:118:18)
#67     RenderObject.layout (package:flutter/src/rendering/object.dart:2907:7)
#68     RenderProxyBoxMixin.performLayout (package:flutter/src/rendering/proxy_box.dart:118:18)
#69     RenderObject.layout (package:flutter/src/rendering/object.dart:2907:7)
#70     RenderProxyBoxMixin.performLayout (package:flutter/src/rendering/proxy_box.dart:118:18)
#71     RenderObject.layout (package:flutter/src/rendering/object.dart:2907:7)
#72     RenderProxyBoxMixin.performLayout (package:flutter/src/rendering/proxy_box.dart:118:18)
#73     RenderObject.layout (package:flutter/src/rendering/object.dart:2907:7)
#74     RenderProxyBoxMixin.performLayout (package:flutter/src/rendering/proxy_box.dart:118:18)
#75     RenderObject.layout (package:flutter/src/rendering/object.dart:2907:7)
#76     RenderProxyBoxMixin.performLayout (package:flutter/src/rendering/proxy_box.dart:118:18)
#77     RenderObject.layout (package:flutter/src/rendering/object.dart:2907:7)
#78     RenderView.performLayout (package:flutter/src/rendering/view.dart:292:12)
#79     RenderObject._layoutWithoutResize (package:flutter/src/rendering/object.dart:2755:7)
#80     PipelineOwner.flushLayout (package:flutter/src/rendering/object.dart:1174:18)
#81     PipelineOwner.flushLayout (package:flutter/src/rendering/object.dart:1187:15)
#82     AutomatedTestWidgetsFlutterBinding.drawFrame (package:flutter_test/src/binding.dart:2433:27)
#83     RendererBinding._handlePersistentFrameCallback (package:flutter/src/rendering/binding.dart:509:5)
#84     SchedulerBinding._invokeFrameCallback (package:flutter/src/scheduler/binding.dart:1430:15)
#85     SchedulerBinding.handleDrawFrame (package:flutter/src/scheduler/binding.dart:1345:9)
#86     AutomatedTestWidgetsFlutterBinding.pump.<anonymous closure> (package:flutter_test/src/binding.dart:2260:9)
#89     TestAsyncUtils.guard (package:flutter_test/src/test_async_utils.dart:74:41)
#90     AutomatedTestWidgetsFlutterBinding.pump (package:flutter_test/src/binding.dart:2249:27)
#91     WidgetTester.pumpWidget.<anonymous closure> (package:flutter_test/src/widget_tester.dart:598:22)
#94     TestAsyncUtils.guard (package:flutter_test/src/test_async_utils.dart:74:41)
#95     WidgetTester.pumpWidget (package:flutter_test/src/widget_tester.dart:595:27)
#96     main.<anonymous closure>.<anonymous closure> (file:///Y:/AndroidStudioProject/Github/expert-project/test/presentation/pages/tv_detail_page_test.dart:88:20)
#97     testWidgets.<anonymous closure>.<anonymous closure> (package:flutter_test/src/widget_tester.dart:192:29)
<asynchronous suspension>
#98     TestWidgetsFlutterBinding._runTestBody (package:flutter_test/src/binding.dart:1952:5)
<asynchronous suspension>
<asynchronous suspension>
(elided 7 frames from class _AssertionError, dart:async, and package:stack_trace)

The following RenderObject was being processed when the exception was fired: RenderStack#10ba2 relayoutBoundary=up2 NEEDS-LAYOUT NEEDS-PAINT NEEDS-COMPOSITING-BITS-UPDATE:
  creator: Stack ΓåÉ TvDetailContent ΓåÉ MediaQuery ΓåÉ Padding ΓåÉ SafeArea ΓåÉ Consumer<TvDetailNotifier> ΓåÉ
    KeyedSubtree-[GlobalKey#29f7b] ΓåÉ _BodyBuilder ΓåÉ MediaQuery ΓåÉ LayoutId-[<_ScaffoldSlot.body>] ΓåÉ
    CustomMultiChildLayout ΓåÉ _ActionsScope ΓåÉ Γï»
  parentData: offset=Offset(0.0, 0.0) (can use size)
  constraints: BoxConstraints(0.0<=w<=800.0, 0.0<=h<=600.0)
  size: MISSING
  alignment: AlignmentDirectional.topStart
  textDirection: ltr
  fit: loose
This RenderObject had the following descendants (showing up to depth 5):
    child 1: RenderConstrainedBox#eb0ea relayoutBoundary=up3 NEEDS-PAINT NEEDS-COMPOSITING-BITS-UPDATE
      child: RenderPositionedBox#67ade relayoutBoundary=up4 NEEDS-PAINT NEEDS-COMPOSITING-BITS-UPDATE
        child: RenderSemanticsAnnotations#15655 relayoutBoundary=up5 NEEDS-PAINT NEEDS-COMPOSITING-BITS-UPDATE
          child: RenderConstrainedBox#77cf2 relayoutBoundary=up6 NEEDS-PAINT NEEDS-COMPOSITING-BITS-UPDATE
            child: RenderCustomPaint#8f471 relayoutBoundary=up7 NEEDS-PAINT
    child 2: RenderPadding#bb18a relayoutBoundary=up3 NEEDS-PAINT NEEDS-COMPOSITING-BITS-UPDATE
      child: _RenderLayoutBuilder#b2664 relayoutBoundary=up4 NEEDS-PAINT NEEDS-COMPOSITING-BITS-UPDATE
        child: RenderConstrainedBox#fa1f8 relayoutBoundary=up5 NEEDS-PAINT NEEDS-COMPOSITING-BITS-UPDATE
          child: RenderFractionallySizedOverflowBox#e818a NEEDS-PAINT NEEDS-COMPOSITING-BITS-UPDATE
            child: RenderDecoratedBox#12087 NEEDS-PAINT NEEDS-COMPOSITING-BITS-UPDATE
    child 3: RenderPadding#a53d3 NEEDS-LAYOUT NEEDS-PAINT NEEDS-COMPOSITING-BITS-UPDATE
      child: RenderConstrainedBox#88eb4 NEEDS-LAYOUT NEEDS-PAINT NEEDS-COMPOSITING-BITS-UPDATE
        child: RenderDecoratedBox#53355 NEEDS-LAYOUT NEEDS-PAINT NEEDS-COMPOSITING-BITS-UPDATE
          child: RenderPadding#24776 NEEDS-LAYOUT NEEDS-PAINT NEEDS-COMPOSITING-BITS-UPDATE
            child: RenderPositionedBox#ed1be NEEDS-LAYOUT NEEDS-PAINT NEEDS-COMPOSITING-BITS-UPDATE
ΓòÉΓòÉΓòÉΓòÉΓòÉΓòÉΓòÉΓòÉΓòÉΓòÉΓòÉΓòÉΓòÉΓòÉΓòÉΓòÉΓòÉΓòÉΓòÉΓòÉΓòÉΓòÉΓòÉΓòÉΓòÉΓòÉΓòÉΓòÉΓòÉΓòÉΓòÉΓòÉΓòÉΓòÉΓòÉΓòÉΓòÉΓòÉΓòÉΓòÉΓòÉΓòÉΓòÉΓòÉΓòÉΓòÉΓòÉΓòÉΓòÉΓòÉΓòÉΓòÉΓòÉΓòÉΓòÉΓòÉΓòÉΓòÉΓòÉΓòÉΓòÉΓòÉΓòÉΓòÉΓòÉΓòÉΓòÉΓòÉΓòÉΓòÉΓòÉΓòÉΓòÉΓòÉΓòÉΓòÉΓòÉΓòÉΓòÉΓòÉΓòÉΓòÉΓòÉΓòÉΓòÉΓòÉΓòÉΓòÉΓòÉΓòÉΓòÉΓòÉΓòÉΓòÉΓòÉΓòÉΓòÉΓòÉΓòÉΓòÉ
ΓòÉΓòÉΓòí EXCEPTION CAUGHT BY RENDERING LIBRARY Γò₧ΓòÉΓòÉΓòÉΓòÉΓòÉΓòÉΓòÉΓòÉΓòÉΓòÉΓòÉΓòÉΓòÉΓòÉΓòÉΓòÉΓòÉΓòÉΓòÉΓòÉΓòÉΓòÉΓòÉΓòÉΓòÉΓòÉΓòÉΓòÉΓòÉΓòÉΓòÉΓòÉΓòÉΓòÉΓòÉΓòÉΓòÉΓòÉΓòÉΓòÉΓòÉΓòÉΓòÉΓòÉΓòÉΓòÉΓòÉΓòÉΓòÉΓòÉΓòÉΓòÉΓòÉΓòÉΓòÉΓòÉΓòÉ
The following assertion was thrown during performLayout():
RenderBox was not laid out: RenderStack#10ba2 relayoutBoundary=up2 NEEDS-PAINT
NEEDS-COMPOSITING-BITS-UPDATE
'package:flutter/src/rendering/box.dart':
Failed assertion: line 2251 pos 12: 'hasSize'

Either the assertion indicates an error in the framework itself, or we should provide substantially
more information in this error message to help you determine and fix the underlying cause.
In either case, please report this assertion by filing a bug on GitHub:
  https://github.com/flutter/flutter/issues/new?template=02_bug.yml

The relevant error-causing widget was:
  SafeArea
  SafeArea:file:///Y:/AndroidStudioProject/Github/expert-project/lib/presentation/pages/tv_detail_page.dart:46:20

When the exception was thrown, this was the stack:
#2      RenderBox.size (package:flutter/src/rendering/box.dart:2251:12)
#3      RenderPadding.performLayout (package:flutter/src/rendering/shifted_box.dart:266:40)
#4      RenderObject.layout (package:flutter/src/rendering/object.dart:2907:7)
#5      MultiChildLayoutDelegate.layoutChild (package:flutter/src/rendering/custom_layout.dart:180:12)
#6      _ScaffoldLayout.performLayout (package:flutter/src/material/scaffold.dart:1113:7)
#7      MultiChildLayoutDelegate._callPerformLayout (package:flutter/src/rendering/custom_layout.dart:246:7)
#8      RenderCustomMultiChildLayoutBox.performLayout (package:flutter/src/rendering/custom_layout.dart:417:14)
#9      RenderObject.layout (package:flutter/src/rendering/object.dart:2907:7)
#10     RenderProxyBoxMixin.performLayout (package:flutter/src/rendering/proxy_box.dart:118:18)
#11     RenderObject.layout (package:flutter/src/rendering/object.dart:2907:7)
#12     RenderProxyBoxMixin.performLayout (package:flutter/src/rendering/proxy_box.dart:118:18)
#13     _RenderCustomClip.performLayout (package:flutter/src/rendering/proxy_box.dart:1549:11)
#14     RenderObject.layout (package:flutter/src/rendering/object.dart:2907:7)
#15     RenderProxyBoxMixin.performLayout (package:flutter/src/rendering/proxy_box.dart:118:18)
#16     RenderObject.layout (package:flutter/src/rendering/object.dart:2907:7)
#17     RenderProxyBoxMixin.performLayout (package:flutter/src/rendering/proxy_box.dart:118:18)
#18     RenderObject.layout (package:flutter/src/rendering/object.dart:2907:7)
#19     RenderProxyBoxMixin.performLayout (package:flutter/src/rendering/proxy_box.dart:118:18)
#20     RenderObject.layout (package:flutter/src/rendering/object.dart:2907:7)
#21     RenderProxyBoxMixin.performLayout (package:flutter/src/rendering/proxy_box.dart:118:18)
#22     RenderObject.layout (package:flutter/src/rendering/object.dart:2907:7)
#23     RenderProxyBoxMixin.performLayout (package:flutter/src/rendering/proxy_box.dart:118:18)
#24     RenderObject.layout (package:flutter/src/rendering/object.dart:2907:7)
#25     RenderProxyBoxMixin.performLayout (package:flutter/src/rendering/proxy_box.dart:118:18)
#26     RenderObject.layout (package:flutter/src/rendering/object.dart:2907:7)
#27     RenderProxyBoxMixin.performLayout (package:flutter/src/rendering/proxy_box.dart:118:18)
#28     RenderObject.layout (package:flutter/src/rendering/object.dart:2907:7)
#29     RenderProxyBoxMixin.performLayout (package:flutter/src/rendering/proxy_box.dart:118:18)
#30     RenderObject.layout (package:flutter/src/rendering/object.dart:2907:7)
#31     RenderProxyBoxMixin.performLayout (package:flutter/src/rendering/proxy_box.dart:118:18)
#32     RenderObject.layout (package:flutter/src/rendering/object.dart:2907:7)
#33     RenderProxyBoxMixin.performLayout (package:flutter/src/rendering/proxy_box.dart:118:18)
#34     RenderObject.layout (package:flutter/src/rendering/object.dart:2907:7)
#35     RenderProxyBoxMixin.performLayout (package:flutter/src/rendering/proxy_box.dart:118:18)
#36     RenderObject.layout (package:flutter/src/rendering/object.dart:2907:7)
#37     RenderProxyBoxMixin.performLayout (package:flutter/src/rendering/proxy_box.dart:118:18)
#38     RenderObject.layout (package:flutter/src/rendering/object.dart:2907:7)
#39     RenderProxyBoxMixin.performLayout (package:flutter/src/rendering/proxy_box.dart:118:18)
#40     RenderObject.layout (package:flutter/src/rendering/object.dart:2907:7)
#41     RenderProxyBoxMixin.performLayout (package:flutter/src/rendering/proxy_box.dart:118:18)
#42     RenderObject.layout (package:flutter/src/rendering/object.dart:2907:7)
#43     RenderProxyBoxMixin.performLayout (package:flutter/src/rendering/proxy_box.dart:118:18)
#44     RenderObject.layout (package:flutter/src/rendering/object.dart:2907:7)
#45     RenderProxyBoxMixin.performLayout (package:flutter/src/rendering/proxy_box.dart:118:18)
#46     RenderOffstage.performLayout (package:flutter/src/rendering/proxy_box.dart:3923:13)
#47     RenderObject.layout (package:flutter/src/rendering/object.dart:2907:7)
#48     RenderProxyBoxMixin.performLayout (package:flutter/src/rendering/proxy_box.dart:118:18)
#49     RenderObject.layout (package:flutter/src/rendering/object.dart:2907:7)
#50     _RenderTheaterMixin.layoutChild (package:flutter/src/widgets/overlay.dart:1124:13)
#51     _RenderTheater.performLayout (package:flutter/src/widgets/overlay.dart:1481:9)
#52     RenderObject.layout (package:flutter/src/rendering/object.dart:2907:7)
#53     RenderProxyBoxMixin.performLayout (package:flutter/src/rendering/proxy_box.dart:118:18)
#54     RenderObject.layout (package:flutter/src/rendering/object.dart:2907:7)
#55     RenderProxyBoxMixin.performLayout (package:flutter/src/rendering/proxy_box.dart:118:18)
#56     RenderObject.layout (package:flutter/src/rendering/object.dart:2907:7)
#57     RenderProxyBoxMixin.performLayout (package:flutter/src/rendering/proxy_box.dart:118:18)
#58     RenderObject.layout (package:flutter/src/rendering/object.dart:2907:7)
#59     RenderProxyBoxMixin.performLayout (package:flutter/src/rendering/proxy_box.dart:118:18)
#60     RenderCustomPaint.performLayout (package:flutter/src/rendering/custom_paint.dart:574:11)
#61     RenderObject.layout (package:flutter/src/rendering/object.dart:2907:7)
#62     RenderProxyBoxMixin.performLayout (package:flutter/src/rendering/proxy_box.dart:118:18)
#63     RenderObject.layout (package:flutter/src/rendering/object.dart:2907:7)
#64     RenderProxyBoxMixin.performLayout (package:flutter/src/rendering/proxy_box.dart:118:18)
#65     RenderObject.layout (package:flutter/src/rendering/object.dart:2907:7)
#66     RenderProxyBoxMixin.performLayout (package:flutter/src/rendering/proxy_box.dart:118:18)
#67     RenderObject.layout (package:flutter/src/rendering/object.dart:2907:7)
#68     RenderProxyBoxMixin.performLayout (package:flutter/src/rendering/proxy_box.dart:118:18)
#69     RenderObject.layout (package:flutter/src/rendering/object.dart:2907:7)
#70     RenderProxyBoxMixin.performLayout (package:flutter/src/rendering/proxy_box.dart:118:18)
#71     RenderObject.layout (package:flutter/src/rendering/object.dart:2907:7)
#72     RenderProxyBoxMixin.performLayout (package:flutter/src/rendering/proxy_box.dart:118:18)
#73     RenderObject.layout (package:flutter/src/rendering/object.dart:2907:7)
#74     RenderView.performLayout (package:flutter/src/rendering/view.dart:292:12)
#75     RenderObject._layoutWithoutResize (package:flutter/src/rendering/object.dart:2755:7)
#76     PipelineOwner.flushLayout (package:flutter/src/rendering/object.dart:1174:18)
#77     PipelineOwner.flushLayout (package:flutter/src/rendering/object.dart:1187:15)
#78     AutomatedTestWidgetsFlutterBinding.drawFrame (package:flutter_test/src/binding.dart:2433:27)
#79     RendererBinding._handlePersistentFrameCallback (package:flutter/src/rendering/binding.dart:509:5)
#80     SchedulerBinding._invokeFrameCallback (package:flutter/src/scheduler/binding.dart:1430:15)
#81     SchedulerBinding.handleDrawFrame (package:flutter/src/scheduler/binding.dart:1345:9)
#82     AutomatedTestWidgetsFlutterBinding.pump.<anonymous closure> (package:flutter_test/src/binding.dart:2260:9)
#85     TestAsyncUtils.guard (package:flutter_test/src/test_async_utils.dart:74:41)
#86     AutomatedTestWidgetsFlutterBinding.pump (package:flutter_test/src/binding.dart:2249:27)
#87     WidgetTester.pumpWidget.<anonymous closure> (package:flutter_test/src/widget_tester.dart:598:22)
#90     TestAsyncUtils.guard (package:flutter_test/src/test_async_utils.dart:74:41)
#91     WidgetTester.pumpWidget (package:flutter_test/src/widget_tester.dart:595:27)
#92     main.<anonymous closure>.<anonymous closure> (file:///Y:/AndroidStudioProject/Github/expert-project/test/presentation/pages/tv_detail_page_test.dart:88:20)
#93     testWidgets.<anonymous closure>.<anonymous closure> (package:flutter_test/src/widget_tester.dart:192:29)
<asynchronous suspension>
#94     TestWidgetsFlutterBinding._runTestBody (package:flutter_test/src/binding.dart:1952:5)
<asynchronous suspension>
<asynchronous suspension>
(elided 7 frames from class _AssertionError, dart:async, and package:stack_trace)

The following RenderObject was being processed when the exception was fired: RenderPadding#bb075 relayoutBoundary=up1 NEEDS-LAYOUT NEEDS-PAINT NEEDS-COMPOSITING-BITS-UPDATE:
  creator: Padding ΓåÉ SafeArea ΓåÉ Consumer<TvDetailNotifier> ΓåÉ KeyedSubtree-[GlobalKey#29f7b] ΓåÉ
    _BodyBuilder ΓåÉ MediaQuery ΓåÉ LayoutId-[<_ScaffoldSlot.body>] ΓåÉ CustomMultiChildLayout ΓåÉ
    _ActionsScope ΓåÉ Actions ΓåÉ Builder ΓåÉ DefaultTextStyle ΓåÉ Γï»
  parentData: offset=Offset(0.0, 0.0); id=_ScaffoldSlot.body (can use size)
  constraints: BoxConstraints(0.0<=w<=800.0, 0.0<=h<=600.0)
  size: MISSING
  padding: EdgeInsets.zero
  textDirection: ltr
This RenderObject had the following descendants (showing up to depth 5):
    child: RenderStack#10ba2 relayoutBoundary=up2 NEEDS-PAINT NEEDS-COMPOSITING-BITS-UPDATE
      child 1: RenderConstrainedBox#eb0ea relayoutBoundary=up3 NEEDS-PAINT NEEDS-COMPOSITING-BITS-UPDATE
        child: RenderPositionedBox#67ade relayoutBoundary=up4 NEEDS-PAINT NEEDS-COMPOSITING-BITS-UPDATE
          child: RenderSemanticsAnnotations#15655 relayoutBoundary=up5 NEEDS-PAINT NEEDS-COMPOSITING-BITS-UPDATE
            child: RenderConstrainedBox#77cf2 relayoutBoundary=up6 NEEDS-PAINT NEEDS-COMPOSITING-BITS-UPDATE
      child 2: RenderPadding#bb18a relayoutBoundary=up3 NEEDS-PAINT NEEDS-COMPOSITING-BITS-UPDATE
        child: _RenderLayoutBuilder#b2664 relayoutBoundary=up4 NEEDS-PAINT NEEDS-COMPOSITING-BITS-UPDATE
          child: RenderConstrainedBox#fa1f8 relayoutBoundary=up5 NEEDS-PAINT NEEDS-COMPOSITING-BITS-UPDATE
            child: RenderFractionallySizedOverflowBox#e818a NEEDS-PAINT NEEDS-COMPOSITING-BITS-UPDATE
      child 3: RenderPadding#a53d3 NEEDS-LAYOUT NEEDS-PAINT NEEDS-COMPOSITING-BITS-UPDATE
        child: RenderConstrainedBox#88eb4 NEEDS-LAYOUT NEEDS-PAINT NEEDS-COMPOSITING-BITS-UPDATE
          child: RenderDecoratedBox#53355 NEEDS-LAYOUT NEEDS-PAINT NEEDS-COMPOSITING-BITS-UPDATE
            child: RenderPadding#24776 NEEDS-LAYOUT NEEDS-PAINT NEEDS-COMPOSITING-BITS-UPDATE
ΓòÉΓòÉΓòÉΓòÉΓòÉΓòÉΓòÉΓòÉΓòÉΓòÉΓòÉΓòÉΓòÉΓòÉΓòÉΓòÉΓòÉΓòÉΓòÉΓòÉΓòÉΓòÉΓòÉΓòÉΓòÉΓòÉΓòÉΓòÉΓòÉΓòÉΓòÉΓòÉΓòÉΓòÉΓòÉΓòÉΓòÉΓòÉΓòÉΓòÉΓòÉΓòÉΓòÉΓòÉΓòÉΓòÉΓòÉΓòÉΓòÉΓòÉΓòÉΓòÉΓòÉΓòÉΓòÉΓòÉΓòÉΓòÉΓòÉΓòÉΓòÉΓòÉΓòÉΓòÉΓòÉΓòÉΓòÉΓòÉΓòÉΓòÉΓòÉΓòÉΓòÉΓòÉΓòÉΓòÉΓòÉΓòÉΓòÉΓòÉΓòÉΓòÉΓòÉΓòÉΓòÉΓòÉΓòÉΓòÉΓòÉΓòÉΓòÉΓòÉΓòÉΓòÉΓòÉΓòÉΓòÉΓòÉΓòÉΓòÉ
ΓòÉΓòÉΓòí EXCEPTION CAUGHT BY RENDERING LIBRARY Γò₧ΓòÉΓòÉΓòÉΓòÉΓòÉΓòÉΓòÉΓòÉΓòÉΓòÉΓòÉΓòÉΓòÉΓòÉΓòÉΓòÉΓòÉΓòÉΓòÉΓòÉΓòÉΓòÉΓòÉΓòÉΓòÉΓòÉΓòÉΓòÉΓòÉΓòÉΓòÉΓòÉΓòÉΓòÉΓòÉΓòÉΓòÉΓòÉΓòÉΓòÉΓòÉΓòÉΓòÉΓòÉΓòÉΓòÉΓòÉΓòÉΓòÉΓòÉΓòÉΓòÉΓòÉΓòÉΓòÉΓòÉΓòÉ
The following assertion was thrown during performLayout():
RenderBox was not laid out: RenderPadding#bb075 relayoutBoundary=up1 NEEDS-PAINT
NEEDS-COMPOSITING-BITS-UPDATE
'package:flutter/src/rendering/box.dart':
Failed assertion: line 2251 pos 12: 'hasSize'

Either the assertion indicates an error in the framework itself, or we should provide substantially
more information in this error message to help you determine and fix the underlying cause.
In either case, please report this assertion by filing a bug on GitHub:
  https://github.com/flutter/flutter/issues/new?template=02_bug.yml

The relevant error-causing widget was:
  Scaffold
  Scaffold:file:///Y:/AndroidStudioProject/Github/expert-project/lib/presentation/pages/tv_detail_page.dart:37:12

When the exception was thrown, this was the stack:
#2      RenderBox.size (package:flutter/src/rendering/box.dart:2251:12)
#3      MultiChildLayoutDelegate.layoutChild (package:flutter/src/rendering/custom_layout.dart:181:18)
#4      _ScaffoldLayout.performLayout (package:flutter/src/material/scaffold.dart:1113:7)
#5      MultiChildLayoutDelegate._callPerformLayout (package:flutter/src/rendering/custom_layout.dart:246:7)
#6      RenderCustomMultiChildLayoutBox.performLayout (package:flutter/src/rendering/custom_layout.dart:417:14)
#7      RenderObject.layout (package:flutter/src/rendering/object.dart:2907:7)
#8      RenderProxyBoxMixin.performLayout (package:flutter/src/rendering/proxy_box.dart:118:18)
#9      RenderObject.layout (package:flutter/src/rendering/object.dart:2907:7)
#10     RenderProxyBoxMixin.performLayout (package:flutter/src/rendering/proxy_box.dart:118:18)
#11     _RenderCustomClip.performLayout (package:flutter/src/rendering/proxy_box.dart:1549:11)
#12     RenderObject.layout (package:flutter/src/rendering/object.dart:2907:7)
#13     RenderProxyBoxMixin.performLayout (package:flutter/src/rendering/proxy_box.dart:118:18)
#14     RenderObject.layout (package:flutter/src/rendering/object.dart:2907:7)
#15     RenderProxyBoxMixin.performLayout (package:flutter/src/rendering/proxy_box.dart:118:18)
#16     RenderObject.layout (package:flutter/src/rendering/object.dart:2907:7)
#17     RenderProxyBoxMixin.performLayout (package:flutter/src/rendering/proxy_box.dart:118:18)
#18     RenderObject.layout (package:flutter/src/rendering/object.dart:2907:7)
#19     RenderProxyBoxMixin.performLayout (package:flutter/src/rendering/proxy_box.dart:118:18)
#20     RenderObject.layout (package:flutter/src/rendering/object.dart:2907:7)
#21     RenderProxyBoxMixin.performLayout (package:flutter/src/rendering/proxy_box.dart:118:18)
#22     RenderObject.layout (package:flutter/src/rendering/object.dart:2907:7)
#23     RenderProxyBoxMixin.performLayout (package:flutter/src/rendering/proxy_box.dart:118:18)
#24     RenderObject.layout (package:flutter/src/rendering/object.dart:2907:7)
#25     RenderProxyBoxMixin.performLayout (package:flutter/src/rendering/proxy_box.dart:118:18)
#26     RenderObject.layout (package:flutter/src/rendering/object.dart:2907:7)
#27     RenderProxyBoxMixin.performLayout (package:flutter/src/rendering/proxy_box.dart:118:18)
#28     RenderObject.layout (package:flutter/src/rendering/object.dart:2907:7)
#29     RenderProxyBoxMixin.performLayout (package:flutter/src/rendering/proxy_box.dart:118:18)
#30     RenderObject.layout (package:flutter/src/rendering/object.dart:2907:7)
#31     RenderProxyBoxMixin.performLayout (package:flutter/src/rendering/proxy_box.dart:118:18)
#32     RenderObject.layout (package:flutter/src/rendering/object.dart:2907:7)
#33     RenderProxyBoxMixin.performLayout (package:flutter/src/rendering/proxy_box.dart:118:18)
#34     RenderObject.layout (package:flutter/src/rendering/object.dart:2907:7)
#35     RenderProxyBoxMixin.performLayout (package:flutter/src/rendering/proxy_box.dart:118:18)
#36     RenderObject.layout (package:flutter/src/rendering/object.dart:2907:7)
#37     RenderProxyBoxMixin.performLayout (package:flutter/src/rendering/proxy_box.dart:118:18)
#38     RenderObject.layout (package:flutter/src/rendering/object.dart:2907:7)
#39     RenderProxyBoxMixin.performLayout (package:flutter/src/rendering/proxy_box.dart:118:18)
#40     RenderObject.layout (package:flutter/src/rendering/object.dart:2907:7)
#41     RenderProxyBoxMixin.performLayout (package:flutter/src/rendering/proxy_box.dart:118:18)
#42     RenderObject.layout (package:flutter/src/rendering/object.dart:2907:7)
#43     RenderProxyBoxMixin.performLayout (package:flutter/src/rendering/proxy_box.dart:118:18)
#44     RenderOffstage.performLayout (package:flutter/src/rendering/proxy_box.dart:3923:13)
#45     RenderObject.layout (package:flutter/src/rendering/object.dart:2907:7)
#46     RenderProxyBoxMixin.performLayout (package:flutter/src/rendering/proxy_box.dart:118:18)
#47     RenderObject.layout (package:flutter/src/rendering/object.dart:2907:7)
#48     _RenderTheaterMixin.layoutChild (package:flutter/src/widgets/overlay.dart:1124:13)
#49     _RenderTheater.performLayout (package:flutter/src/widgets/overlay.dart:1481:9)
#50     RenderObject.layout (package:flutter/src/rendering/object.dart:2907:7)
#51     RenderProxyBoxMixin.performLayout (package:flutter/src/rendering/proxy_box.dart:118:18)
#52     RenderObject.layout (package:flutter/src/rendering/object.dart:2907:7)
#53     RenderProxyBoxMixin.performLayout (package:flutter/src/rendering/proxy_box.dart:118:18)
#54     RenderObject.layout (package:flutter/src/rendering/object.dart:2907:7)
#55     RenderProxyBoxMixin.performLayout (package:flutter/src/rendering/proxy_box.dart:118:18)
#56     RenderObject.layout (package:flutter/src/rendering/object.dart:2907:7)
#57     RenderProxyBoxMixin.performLayout (package:flutter/src/rendering/proxy_box.dart:118:18)
#58     RenderCustomPaint.performLayout (package:flutter/src/rendering/custom_paint.dart:574:11)
#59     RenderObject.layout (package:flutter/src/rendering/object.dart:2907:7)
#60     RenderProxyBoxMixin.performLayout (package:flutter/src/rendering/proxy_box.dart:118:18)
#61     RenderObject.layout (package:flutter/src/rendering/object.dart:2907:7)
#62     RenderProxyBoxMixin.performLayout (package:flutter/src/rendering/proxy_box.dart:118:18)
#63     RenderObject.layout (package:flutter/src/rendering/object.dart:2907:7)
#64     RenderProxyBoxMixin.performLayout (package:flutter/src/rendering/proxy_box.dart:118:18)
#65     RenderObject.layout (package:flutter/src/rendering/object.dart:2907:7)
#66     RenderProxyBoxMixin.performLayout (package:flutter/src/rendering/proxy_box.dart:118:18)
#67     RenderObject.layout (package:flutter/src/rendering/object.dart:2907:7)
#68     RenderProxyBoxMixin.performLayout (package:flutter/src/rendering/proxy_box.dart:118:18)
#69     RenderObject.layout (package:flutter/src/rendering/object.dart:2907:7)
#70     RenderProxyBoxMixin.performLayout (package:flutter/src/rendering/proxy_box.dart:118:18)
#71     RenderObject.layout (package:flutter/src/rendering/object.dart:2907:7)
#72     RenderView.performLayout (package:flutter/src/rendering/view.dart:292:12)
#73     RenderObject._layoutWithoutResize (package:flutter/src/rendering/object.dart:2755:7)
#74     PipelineOwner.flushLayout (package:flutter/src/rendering/object.dart:1174:18)
#75     PipelineOwner.flushLayout (package:flutter/src/rendering/object.dart:1187:15)
#76     AutomatedTestWidgetsFlutterBinding.drawFrame (package:flutter_test/src/binding.dart:2433:27)
#77     RendererBinding._handlePersistentFrameCallback (package:flutter/src/rendering/binding.dart:509:5)
#78     SchedulerBinding._invokeFrameCallback (package:flutter/src/scheduler/binding.dart:1430:15)
#79     SchedulerBinding.handleDrawFrame (package:flutter/src/scheduler/binding.dart:1345:9)
#80     AutomatedTestWidgetsFlutterBinding.pump.<anonymous closure> (package:flutter_test/src/binding.dart:2260:9)
#83     TestAsyncUtils.guard (package:flutter_test/src/test_async_utils.dart:74:41)
#84     AutomatedTestWidgetsFlutterBinding.pump (package:flutter_test/src/binding.dart:2249:27)
#85     WidgetTester.pumpWidget.<anonymous closure> (package:flutter_test/src/widget_tester.dart:598:22)
#88     TestAsyncUtils.guard (package:flutter_test/src/test_async_utils.dart:74:41)
#89     WidgetTester.pumpWidget (package:flutter_test/src/widget_tester.dart:595:27)
#90     main.<anonymous closure>.<anonymous closure> (file:///Y:/AndroidStudioProject/Github/expert-project/test/presentation/pages/tv_detail_page_test.dart:88:20)
#91     testWidgets.<anonymous closure>.<anonymous closure> (package:flutter_test/src/widget_tester.dart:192:29)
<asynchronous suspension>
#92     TestWidgetsFlutterBinding._runTestBody (package:flutter_test/src/binding.dart:1952:5)
<asynchronous suspension>
<asynchronous suspension>
(elided 7 frames from class _AssertionError, dart:async, and package:stack_trace)

The following RenderObject was being processed when the exception was fired: RenderCustomMultiChildLayoutBox#841c4 NEEDS-LAYOUT NEEDS-PAINT NEEDS-COMPOSITING-BITS-UPDATE:
  creator: CustomMultiChildLayout ΓåÉ _ActionsScope ΓåÉ Actions ΓåÉ Builder ΓåÉ DefaultTextStyle ΓåÉ
    AnimatedDefaultTextStyle ΓåÉ _InkFeatures-[GlobalKey#1505d ink renderer] ΓåÉ
    NotificationListener<LayoutChangedNotification> ΓåÉ PhysicalModel ΓåÉ AnimatedPhysicalModel ΓåÉ Material
    ΓåÉ _ScrollNotificationObserverScope ΓåÉ Γï»
  parentData: <none> (can use size)
  constraints: BoxConstraints(w=800.0, h=600.0)
  size: Size(800.0, 600.0)
This RenderObject had the following descendants (showing up to depth 5):
    child 1: RenderPadding#bb075 relayoutBoundary=up1 NEEDS-PAINT NEEDS-COMPOSITING-BITS-UPDATE
      child: RenderStack#10ba2 relayoutBoundary=up2 NEEDS-PAINT NEEDS-COMPOSITING-BITS-UPDATE
        child 1: RenderConstrainedBox#eb0ea relayoutBoundary=up3 NEEDS-PAINT NEEDS-COMPOSITING-BITS-UPDATE
          child: RenderPositionedBox#67ade relayoutBoundary=up4 NEEDS-PAINT NEEDS-COMPOSITING-BITS-UPDATE
            child: RenderSemanticsAnnotations#15655 relayoutBoundary=up5 NEEDS-PAINT NEEDS-COMPOSITING-BITS-UPDATE
        child 2: RenderPadding#bb18a relayoutBoundary=up3 NEEDS-PAINT NEEDS-COMPOSITING-BITS-UPDATE
          child: _RenderLayoutBuilder#b2664 relayoutBoundary=up4 NEEDS-PAINT NEEDS-COMPOSITING-BITS-UPDATE
            child: RenderConstrainedBox#fa1f8 relayoutBoundary=up5 NEEDS-PAINT NEEDS-COMPOSITING-BITS-UPDATE
        child 3: RenderPadding#a53d3 NEEDS-LAYOUT NEEDS-PAINT NEEDS-COMPOSITING-BITS-UPDATE
          child: RenderConstrainedBox#88eb4 NEEDS-LAYOUT NEEDS-PAINT NEEDS-COMPOSITING-BITS-UPDATE
            child: RenderDecoratedBox#53355 NEEDS-LAYOUT NEEDS-PAINT NEEDS-COMPOSITING-BITS-UPDATE
    child 2: RenderStack#57bff NEEDS-LAYOUT NEEDS-PAINT NEEDS-COMPOSITING-BITS-UPDATE
      child 1: RenderTransform#3f4f3 NEEDS-LAYOUT NEEDS-PAINT NEEDS-COMPOSITING-BITS-UPDATE
        child: RenderTransform#e5568 NEEDS-LAYOUT NEEDS-PAINT
ΓòÉΓòÉΓòÉΓòÉΓòÉΓòÉΓòÉΓòÉΓòÉΓòÉΓòÉΓòÉΓòÉΓòÉΓòÉΓòÉΓòÉΓòÉΓòÉΓòÉΓòÉΓòÉΓòÉΓòÉΓòÉΓòÉΓòÉΓòÉΓòÉΓòÉΓòÉΓòÉΓòÉΓòÉΓòÉΓòÉΓòÉΓòÉΓòÉΓòÉΓòÉΓòÉΓòÉΓòÉΓòÉΓòÉΓòÉΓòÉΓòÉΓòÉΓòÉΓòÉΓòÉΓòÉΓòÉΓòÉΓòÉΓòÉΓòÉΓòÉΓòÉΓòÉΓòÉΓòÉΓòÉΓòÉΓòÉΓòÉΓòÉΓòÉΓòÉΓòÉΓòÉΓòÉΓòÉΓòÉΓòÉΓòÉΓòÉΓòÉΓòÉΓòÉΓòÉΓòÉΓòÉΓòÉΓòÉΓòÉΓòÉΓòÉΓòÉΓòÉΓòÉΓòÉΓòÉΓòÉΓòÉΓòÉΓòÉΓòÉ
ΓòÉΓòÉΓòí EXCEPTION CAUGHT BY RENDERING LIBRARY Γò₧ΓòÉΓòÉΓòÉΓòÉΓòÉΓòÉΓòÉΓòÉΓòÉΓòÉΓòÉΓòÉΓòÉΓòÉΓòÉΓòÉΓòÉΓòÉΓòÉΓòÉΓòÉΓòÉΓòÉΓòÉΓòÉΓòÉΓòÉΓòÉΓòÉΓòÉΓòÉΓòÉΓòÉΓòÉΓòÉΓòÉΓòÉΓòÉΓòÉΓòÉΓòÉΓòÉΓòÉΓòÉΓòÉΓòÉΓòÉΓòÉΓòÉΓòÉΓòÉΓòÉΓòÉΓòÉΓòÉΓòÉΓòÉ
The following assertion was thrown during paint():
RenderBox was not laid out: RenderDecoratedBox#12087
'package:flutter/src/rendering/box.dart':
Failed assertion: line 2251 pos 12: 'hasSize'

Either the assertion indicates an error in the framework itself, or we should provide substantially
more information in this error message to help you determine and fix the underlying cause.
In either case, please report this assertion by filing a bug on GitHub:
  https://github.com/flutter/flutter/issues/new?template=02_bug.yml

The relevant error-causing widget was:
  Container
  Container:file:///Y:/AndroidStudioProject/Github/expert-project/lib/presentation/pages/tv_detail_page.dart:86:22

When the exception was thrown, this was the stack:
#2      RenderBox.size (package:flutter/src/rendering/box.dart:2251:12)
#3      RenderDecoratedBox.paint (package:flutter/src/rendering/proxy_box.dart:2475:81)
#4      RenderObject._paintWithContext (package:flutter/src/rendering/object.dart:3568:7)
#5      PaintingContext.paintChild (package:flutter/src/rendering/object.dart:265:13)
#6      RenderShiftedBox.paint (package:flutter/src/rendering/shifted_box.dart:98:15)
#7      RenderObject._paintWithContext (package:flutter/src/rendering/object.dart:3568:7)
#8      PaintingContext.paintChild (package:flutter/src/rendering/object.dart:265:13)
#9      RenderProxyBoxMixin.paint (package:flutter/src/rendering/proxy_box.dart:143:13)
#10     RenderObject._paintWithContext (package:flutter/src/rendering/object.dart:3568:7)
#11     PaintingContext.paintChild (package:flutter/src/rendering/object.dart:265:13)
#12     _RenderLayoutBuilder.paint (package:flutter/src/widgets/layout_builder.dart:470:15)
#13     RenderObject._paintWithContext (package:flutter/src/rendering/object.dart:3568:7)
#14     PaintingContext.paintChild (package:flutter/src/rendering/object.dart:265:13)
#15     RenderShiftedBox.paint (package:flutter/src/rendering/shifted_box.dart:98:15)
#16     RenderObject._paintWithContext (package:flutter/src/rendering/object.dart:3568:7)
#17     PaintingContext.paintChild (package:flutter/src/rendering/object.dart:265:13)
#18     RenderBoxContainerDefaultsMixin.defaultPaint (package:flutter/src/rendering/box.dart:3368:15)
#19     RenderStack.paintStack (package:flutter/src/rendering/stack.dart:713:5)
#20     RenderStack.paint (package:flutter/src/rendering/stack.dart:729:7)
#21     RenderObject._paintWithContext (package:flutter/src/rendering/object.dart:3568:7)
#22     PaintingContext.paintChild (package:flutter/src/rendering/object.dart:265:13)
#23     RenderShiftedBox.paint (package:flutter/src/rendering/shifted_box.dart:98:15)
#24     RenderObject._paintWithContext (package:flutter/src/rendering/object.dart:3568:7)
#25     PaintingContext.paintChild (package:flutter/src/rendering/object.dart:265:13)
#26     RenderBoxContainerDefaultsMixin.defaultPaint (package:flutter/src/rendering/box.dart:3368:15)
#27     RenderCustomMultiChildLayoutBox.paint (package:flutter/src/rendering/custom_layout.dart:422:5)
#28     RenderObject._paintWithContext (package:flutter/src/rendering/object.dart:3568:7)
#29     PaintingContext.paintChild (package:flutter/src/rendering/object.dart:265:13)
#30     RenderProxyBoxMixin.paint (package:flutter/src/rendering/proxy_box.dart:143:13)
#31     _RenderInkFeatures.paint (package:flutter/src/material/material.dart:634:11)
#32     RenderObject._paintWithContext (package:flutter/src/rendering/object.dart:3568:7)
#33     PaintingContext.paintChild (package:flutter/src/rendering/object.dart:265:13)
#34     RenderProxyBoxMixin.paint (package:flutter/src/rendering/proxy_box.dart:143:13)
#35     RenderPhysicalModel.paint.<anonymous closure> (package:flutter/src/rendering/proxy_box.dart:2252:15)
#36     PaintingContext.pushClipRRect (package:flutter/src/rendering/object.dart:626:14)
#37     RenderPhysicalModel.paint (package:flutter/src/rendering/proxy_box.dart:2239:21)
#38     RenderObject._paintWithContext (package:flutter/src/rendering/object.dart:3568:7)
#39     PaintingContext.paintChild (package:flutter/src/rendering/object.dart:265:13)
#40     RenderProxyBoxMixin.paint (package:flutter/src/rendering/proxy_box.dart:143:13)
#41     RenderObject._paintWithContext (package:flutter/src/rendering/object.dart:3568:7)
#42     PaintingContext.paintChild (package:flutter/src/rendering/object.dart:265:13)
#43     RenderProxyBoxMixin.paint (package:flutter/src/rendering/proxy_box.dart:143:13)
#44     RenderObject._paintWithContext (package:flutter/src/rendering/object.dart:3568:7)
#45     PaintingContext._repaintCompositedChild (package:flutter/src/rendering/object.dart:180:11)
#46     PaintingContext.repaintCompositedChild (package:flutter/src/rendering/object.dart:125:5)
#47     PaintingContext._compositeChild (package:flutter/src/rendering/object.dart:276:7)
#48     PaintingContext.paintChild (package:flutter/src/rendering/object.dart:257:7)
#49     RenderProxyBoxMixin.paint (package:flutter/src/rendering/proxy_box.dart:143:13)
#50     RenderObject._paintWithContext (package:flutter/src/rendering/object.dart:3568:7)
#51     PaintingContext.paintChild (package:flutter/src/rendering/object.dart:265:13)
#52     RenderProxyBoxMixin.paint (package:flutter/src/rendering/proxy_box.dart:143:13)
#53     RenderFractionalTranslation.paint (package:flutter/src/rendering/proxy_box.dart:3138:13)
#54     RenderObject._paintWithContext (package:flutter/src/rendering/object.dart:3568:7)
#55     PaintingContext.paintChild (package:flutter/src/rendering/object.dart:265:13)
#56     RenderProxyBoxMixin.paint (package:flutter/src/rendering/proxy_box.dart:143:13)
#57     RenderAnimatedOpacityMixin.paint (package:flutter/src/rendering/proxy_box.dart:1079:11)
#58     RenderObject._paintWithContext (package:flutter/src/rendering/object.dart:3568:7)
#59     PaintingContext._repaintCompositedChild (package:flutter/src/rendering/object.dart:180:11)
#60     PaintingContext.repaintCompositedChild (package:flutter/src/rendering/object.dart:125:5)
#61     PaintingContext._compositeChild (package:flutter/src/rendering/object.dart:276:7)
#62     PaintingContext.paintChild (package:flutter/src/rendering/object.dart:257:7)
#63     RenderProxyBoxMixin.paint (package:flutter/src/rendering/proxy_box.dart:143:13)
#64     RenderFractionalTranslation.paint (package:flutter/src/rendering/proxy_box.dart:3138:13)
#65     RenderObject._paintWithContext (package:flutter/src/rendering/object.dart:3568:7)
#66     PaintingContext.paintChild (package:flutter/src/rendering/object.dart:265:13)
#67     RenderProxyBoxMixin.paint (package:flutter/src/rendering/proxy_box.dart:143:13)
#68     RenderAnimatedOpacityMixin.paint (package:flutter/src/rendering/proxy_box.dart:1079:11)
#69     RenderObject._paintWithContext (package:flutter/src/rendering/object.dart:3568:7)
#70     PaintingContext._repaintCompositedChild (package:flutter/src/rendering/object.dart:180:11)
#71     PaintingContext.repaintCompositedChild (package:flutter/src/rendering/object.dart:125:5)
#72     PaintingContext._compositeChild (package:flutter/src/rendering/object.dart:276:7)
#73     PaintingContext.paintChild (package:flutter/src/rendering/object.dart:257:7)
#74     _RenderColoredBox.paint (package:flutter/src/widgets/basic.dart:8570:15)
#75     RenderObject._paintWithContext (package:flutter/src/rendering/object.dart:3568:7)
#76     PaintingContext.paintChild (package:flutter/src/rendering/object.dart:265:13)
#77     RenderProxyBoxMixin.paint (package:flutter/src/rendering/proxy_box.dart:143:13)
#78     RenderFractionalTranslation.paint (package:flutter/src/rendering/proxy_box.dart:3138:13)
#79     RenderObject._paintWithContext (package:flutter/src/rendering/object.dart:3568:7)
#80     PaintingContext.paintChild (package:flutter/src/rendering/object.dart:265:13)
#81     RenderProxyBoxMixin.paint (package:flutter/src/rendering/proxy_box.dart:143:13)
#82     RenderAnimatedOpacityMixin.paint (package:flutter/src/rendering/proxy_box.dart:1079:11)
#83     RenderObject._paintWithContext (package:flutter/src/rendering/object.dart:3568:7)
#84     PaintingContext._repaintCompositedChild (package:flutter/src/rendering/object.dart:180:11)
#85     PaintingContext.repaintCompositedChild (package:flutter/src/rendering/object.dart:125:5)
#86     PaintingContext._compositeChild (package:flutter/src/rendering/object.dart:276:7)
#87     PaintingContext.paintChild (package:flutter/src/rendering/object.dart:257:7)
#88     RenderProxyBoxMixin.paint (package:flutter/src/rendering/proxy_box.dart:143:13)
#89     RenderObject._paintWithContext (package:flutter/src/rendering/object.dart:3568:7)
#90     PaintingContext.paintChild (package:flutter/src/rendering/object.dart:265:13)
#91     RenderProxyBoxMixin.paint (package:flutter/src/rendering/proxy_box.dart:143:13)
#92     RenderFractionalTranslation.paint (package:flutter/src/rendering/proxy_box.dart:3138:13)
#93     RenderObject._paintWithContext (package:flutter/src/rendering/object.dart:3568:7)
#94     PaintingContext.paintChild (package:flutter/src/rendering/object.dart:265:13)
#95     RenderProxyBoxMixin.paint (package:flutter/src/rendering/proxy_box.dart:143:13)
#96     RenderAnimatedOpacityMixin.paint (package:flutter/src/rendering/proxy_box.dart:1079:11)
#97     RenderObject._paintWithContext (package:flutter/src/rendering/object.dart:3568:7)
#98     PaintingContext._repaintCompositedChild (package:flutter/src/rendering/object.dart:180:11)
#99     PaintingContext.repaintCompositedChild (package:flutter/src/rendering/object.dart:125:5)
#100    PaintingContext._compositeChild (package:flutter/src/rendering/object.dart:276:7)
#101    PaintingContext.paintChild (package:flutter/src/rendering/object.dart:257:7)
#102    RenderProxyBoxMixin.paint (package:flutter/src/rendering/proxy_box.dart:143:13)
#103    RenderObject._paintWithContext (package:flutter/src/rendering/object.dart:3568:7)
#104    PaintingContext._repaintCompositedChild (package:flutter/src/rendering/object.dart:180:11)
#105    PaintingContext.repaintCompositedChild (package:flutter/src/rendering/object.dart:125:5)
#106    PaintingContext._compositeChild (package:flutter/src/rendering/object.dart:276:7)
#107    PaintingContext.paintChild (package:flutter/src/rendering/object.dart:257:7)
#108    RenderProxyBoxMixin.paint (package:flutter/src/rendering/proxy_box.dart:143:13)
#109    RenderObject._paintWithContext (package:flutter/src/rendering/object.dart:3568:7)
#110    PaintingContext.paintChild (package:flutter/src/rendering/object.dart:265:13)
#111    RenderProxyBoxMixin.paint (package:flutter/src/rendering/proxy_box.dart:143:13)
#112    RenderOffstage.paint (package:flutter/src/rendering/proxy_box.dart:3943:11)
#113    RenderObject._paintWithContext (package:flutter/src/rendering/object.dart:3568:7)
#114    PaintingContext.paintChild (package:flutter/src/rendering/object.dart:265:13)
#115    RenderProxyBoxMixin.paint (package:flutter/src/rendering/proxy_box.dart:143:13)
#116    RenderObject._paintWithContext (package:flutter/src/rendering/object.dart:3568:7)
#117    PaintingContext.paintChild (package:flutter/src/rendering/object.dart:265:13)
#118    _RenderTheaterMixin.paint (package:flutter/src/widgets/overlay.dart:1159:15)
#119    _RenderTheater.paint (package:flutter/src/widgets/overlay.dart:1542:13)
#120    RenderObject._paintWithContext (package:flutter/src/rendering/object.dart:3568:7)
#121    PaintingContext.paintChild (package:flutter/src/rendering/object.dart:265:13)
#122    RenderProxyBoxMixin.paint (package:flutter/src/rendering/proxy_box.dart:143:13)
#123    RenderObject._paintWithContext (package:flutter/src/rendering/object.dart:3568:7)
#124    PaintingContext.paintChild (package:flutter/src/rendering/object.dart:265:13)
#125    RenderProxyBoxMixin.paint (package:flutter/src/rendering/proxy_box.dart:143:13)
#126    RenderObject._paintWithContext (package:flutter/src/rendering/object.dart:3568:7)
#127    PaintingContext.paintChild (package:flutter/src/rendering/object.dart:265:13)
#128    RenderProxyBoxMixin.paint (package:flutter/src/rendering/proxy_box.dart:143:13)
#129    RenderObject._paintWithContext (package:flutter/src/rendering/object.dart:3568:7)
#130    PaintingContext.paintChild (package:flutter/src/rendering/object.dart:265:13)
#131    RenderProxyBoxMixin.paint (package:flutter/src/rendering/proxy_box.dart:143:13)
#132    RenderCustomPaint.paint (package:flutter/src/rendering/custom_paint.dart:644:11)
#133    RenderObject._paintWithContext (package:flutter/src/rendering/object.dart:3568:7)
#134    PaintingContext.paintChild (package:flutter/src/rendering/object.dart:265:13)
#135    RenderProxyBoxMixin.paint (package:flutter/src/rendering/proxy_box.dart:143:13)
#136    RenderObject._paintWithContext (package:flutter/src/rendering/object.dart:3568:7)
#137    PaintingContext.paintChild (package:flutter/src/rendering/object.dart:265:13)
#138    RenderProxyBoxMixin.paint (package:flutter/src/rendering/proxy_box.dart:143:13)
#139    RenderObject._paintWithContext (package:flutter/src/rendering/object.dart:3568:7)
#140    PaintingContext.paintChild (package:flutter/src/rendering/object.dart:265:13)
#141    RenderProxyBoxMixin.paint (package:flutter/src/rendering/proxy_box.dart:143:13)
#142    RenderObject._paintWithContext (package:flutter/src/rendering/object.dart:3568:7)
#143    PaintingContext.paintChild (package:flutter/src/rendering/object.dart:265:13)
#144    RenderProxyBoxMixin.paint (package:flutter/src/rendering/proxy_box.dart:143:13)
#145    RenderObject._paintWithContext (package:flutter/src/rendering/object.dart:3568:7)
#146    PaintingContext.paintChild (package:flutter/src/rendering/object.dart:265:13)
#147    RenderProxyBoxMixin.paint (package:flutter/src/rendering/proxy_box.dart:143:13)
#148    RenderObject._paintWithContext (package:flutter/src/rendering/object.dart:3568:7)
#149    PaintingContext.paintChild (package:flutter/src/rendering/object.dart:265:13)
#150    RenderProxyBoxMixin.paint (package:flutter/src/rendering/proxy_box.dart:143:13)
#151    RenderObject._paintWithContext (package:flutter/src/rendering/object.dart:3568:7)
#152    PaintingContext.paintChild (package:flutter/src/rendering/object.dart:265:13)
#153    RenderView.paint (package:flutter/src/rendering/view.dart:320:15)
#154    RenderObject._paintWithContext (package:flutter/src/rendering/object.dart:3568:7)
#155    PaintingContext._repaintCompositedChild (package:flutter/src/rendering/object.dart:180:11)
#156    PaintingContext.repaintCompositedChild (package:flutter/src/rendering/object.dart:125:5)
#157    PipelineOwner.flushPaint (package:flutter/src/rendering/object.dart:1325:31)
#158    PipelineOwner.flushPaint (package:flutter/src/rendering/object.dart:1335:15)
#159    AutomatedTestWidgetsFlutterBinding.drawFrame (package:flutter_test/src/binding.dart:2437:31)
#160    RendererBinding._handlePersistentFrameCallback (package:flutter/src/rendering/binding.dart:509:5)
#161    SchedulerBinding._invokeFrameCallback (package:flutter/src/scheduler/binding.dart:1430:15)
#162    SchedulerBinding.handleDrawFrame (package:flutter/src/scheduler/binding.dart:1345:9)
#163    AutomatedTestWidgetsFlutterBinding.pump.<anonymous closure> (package:flutter_test/src/binding.dart:2260:9)
#166    TestAsyncUtils.guard (package:flutter_test/src/test_async_utils.dart:74:41)
#167    AutomatedTestWidgetsFlutterBinding.pump (package:flutter_test/src/binding.dart:2249:27)
#168    WidgetTester.pumpWidget.<anonymous closure> (package:flutter_test/src/widget_tester.dart:598:22)
#171    TestAsyncUtils.guard (package:flutter_test/src/test_async_utils.dart:74:41)
#172    WidgetTester.pumpWidget (package:flutter_test/src/widget_tester.dart:595:27)
#173    main.<anonymous closure>.<anonymous closure> (file:///Y:/AndroidStudioProject/Github/expert-project/test/presentation/pages/tv_detail_page_test.dart:88:20)
#174    testWidgets.<anonymous closure>.<anonymous closure> (package:flutter_test/src/widget_tester.dart:192:29)
<asynchronous suspension>
#175    TestWidgetsFlutterBinding._runTestBody (package:flutter_test/src/binding.dart:1952:5)
<asynchronous suspension>
<asynchronous suspension>
(elided 7 frames from class _AssertionError, dart:async, and package:stack_trace)

The following RenderObject was being processed when the exception was fired: RenderDecoratedBox#12087:
  needs compositing
  creator: DecoratedBox ΓåÉ Container ΓåÉ FractionallySizedBox ΓåÉ SizedBox.expand ΓåÉ LayoutBuilder ΓåÉ
    ValueListenableBuilder<double> ΓåÉ DraggableScrollableSheet ΓåÉ Padding ΓåÉ Container ΓåÉ Stack ΓåÉ
    TvDetailContent ΓåÉ MediaQuery ΓåÉ Γï»
  parentData: offset=Offset(0.0, 0.0) (can use size)
  constraints: BoxConstraints(w=800.0, h=272.0)
  size: MISSING
  decoration: BoxDecoration:
    color: Color(alpha: 1.0000, red: 0.0000, green: 0.0314, blue: 0.0784, colorSpace: ColorSpace.sRGB)
    borderRadius: BorderRadius.only(topLeft: Radius.circular(16.0), topRight: Radius.circular(16.0))
  configuration: ImageConfiguration(bundle: PlatformAssetBundle#d63c3(), devicePixelRatio: 3.0,
    locale: en_US, textDirection: TextDirection.ltr, platform: android)
This RenderObject had the following descendants (showing up to depth 5):
    child: RenderPadding#7c874 NEEDS-PAINT
      child: RenderStack#2db07 NEEDS-PAINT
        child 1: RenderPadding#0d1db relayoutBoundary=up1 NEEDS-PAINT
          child: RenderClipRect#fec4c relayoutBoundary=up2 NEEDS-PAINT
            child: RenderTransform#b6c63 relayoutBoundary=up3 NEEDS-PAINT
        child 2: RenderPositionedBox#cbd88 NEEDS-LAYOUT NEEDS-PAINT
          child: RenderConstrainedBox#fbd30 NEEDS-LAYOUT NEEDS-PAINT
            child: _RenderColoredBox#967dd NEEDS-LAYOUT NEEDS-PAINT
ΓòÉΓòÉΓòÉΓòÉΓòÉΓòÉΓòÉΓòÉΓòÉΓòÉΓòÉΓòÉΓòÉΓòÉΓòÉΓòÉΓòÉΓòÉΓòÉΓòÉΓòÉΓòÉΓòÉΓòÉΓòÉΓòÉΓòÉΓòÉΓòÉΓòÉΓòÉΓòÉΓòÉΓòÉΓòÉΓòÉΓòÉΓòÉΓòÉΓòÉΓòÉΓòÉΓòÉΓòÉΓòÉΓòÉΓòÉΓòÉΓòÉΓòÉΓòÉΓòÉΓòÉΓòÉΓòÉΓòÉΓòÉΓòÉΓòÉΓòÉΓòÉΓòÉΓòÉΓòÉΓòÉΓòÉΓòÉΓòÉΓòÉΓòÉΓòÉΓòÉΓòÉΓòÉΓòÉΓòÉΓòÉΓòÉΓòÉΓòÉΓòÉΓòÉΓòÉΓòÉΓòÉΓòÉΓòÉΓòÉΓòÉΓòÉΓòÉΓòÉΓòÉΓòÉΓòÉΓòÉΓòÉΓòÉΓòÉΓòÉ
ΓòÉΓòÉΓòí EXCEPTION CAUGHT BY SCHEDULER LIBRARY Γò₧ΓòÉΓòÉΓòÉΓòÉΓòÉΓòÉΓòÉΓòÉΓòÉΓòÉΓòÉΓòÉΓòÉΓòÉΓòÉΓòÉΓòÉΓòÉΓòÉΓòÉΓòÉΓòÉΓòÉΓòÉΓòÉΓòÉΓòÉΓòÉΓòÉΓòÉΓòÉΓòÉΓòÉΓòÉΓòÉΓòÉΓòÉΓòÉΓòÉΓòÉΓòÉΓòÉΓòÉΓòÉΓòÉΓòÉΓòÉΓòÉΓòÉΓòÉΓòÉΓòÉΓòÉΓòÉΓòÉΓòÉΓòÉ
The following _TypeError was thrown during a scheduler callback:
Null check operator used on a null value

When the exception was thrown, this was the stack:
#0      RenderViewportBase.visitChildrenForSemantics.<anonymous closure> (package:flutter/src/rendering/viewport.dart:478:30)
#1      WhereIterator.moveNext (dart:_internal/iterable.dart:468:13)
#2      Iterable.forEach (dart:core/iterable.dart:366:23)
#3      RenderViewportBase.visitChildrenForSemantics (package:flutter/src/rendering/viewport.dart:482:10)
#4      _RenderObjectSemantics.isBlockingPreviousSibling (package:flutter/src/rendering/object.dart:5737:18)
#5      _RenderObjectSemantics.isBlockingPreviousSibling.<anonymous closure> (package:flutter/src/rendering/object.dart:5739:26)
#6      RenderObjectWithChildMixin.visitChildren (package:flutter/src/rendering/object.dart:4244:14)
#7      RenderObject.visitChildrenForSemantics (package:flutter/src/rendering/object.dart:3929:5)
#8      RenderIgnorePointer.visitChildrenForSemantics (package:flutter/src/rendering/proxy_box.dart:3806:11)
#9      _RenderObjectSemantics.isBlockingPreviousSibling (package:flutter/src/rendering/object.dart:5737:18)
#10     _RenderObjectSemantics.isBlockingPreviousSibling.<anonymous closure> (package:flutter/src/rendering/object.dart:5739:26)
#11     RenderObjectWithChildMixin.visitChildren (package:flutter/src/rendering/object.dart:4244:14)
#12     RenderObject.visitChildrenForSemantics (package:flutter/src/rendering/object.dart:3929:5)
#13     SemanticsAnnotationsMixin.visitChildrenForSemantics (package:flutter/src/rendering/object.dart:4923:11)
#14     _RenderObjectSemantics.isBlockingPreviousSibling (package:flutter/src/rendering/object.dart:5737:18)
#15     _RenderObjectSemantics.isBlockingPreviousSibling.<anonymous closure> (package:flutter/src/rendering/object.dart:5739:26)
#16     RenderObjectWithChildMixin.visitChildren (package:flutter/src/rendering/object.dart:4244:14)
#17     RenderObject.visitChildrenForSemantics (package:flutter/src/rendering/object.dart:3929:5)
#18     _RenderObjectSemantics.isBlockingPreviousSibling (package:flutter/src/rendering/object.dart:5737:18)
#19     _RenderObjectSemantics.isBlockingPreviousSibling.<anonymous closure> (package:flutter/src/rendering/object.dart:5739:26)
#20     RenderObjectWithChildMixin.visitChildren (package:flutter/src/rendering/object.dart:4244:14)
#21     RenderObject.visitChildrenForSemantics (package:flutter/src/rendering/object.dart:3929:5)
#22     _RenderObjectSemantics.isBlockingPreviousSibling (package:flutter/src/rendering/object.dart:5737:18)
#23     _RenderObjectSemantics.isBlockingPreviousSibling.<anonymous closure> (package:flutter/src/rendering/object.dart:5739:26)
#24     RenderObjectWithChildMixin.visitChildren (package:flutter/src/rendering/object.dart:4244:14)
#25     RenderObject.visitChildrenForSemantics (package:flutter/src/rendering/object.dart:3929:5)
#26     _RenderObjectSemantics.isBlockingPreviousSibling (package:flutter/src/rendering/object.dart:5737:18)
#27     _RenderObjectSemantics._getNonBlockedChildren.<anonymous closure> (package:flutter/src/rendering/object.dart:5926:34)
#28     RenderObjectWithChildMixin.visitChildren (package:flutter/src/rendering/object.dart:4244:14)
#29     RenderObject.visitChildrenForSemantics (package:flutter/src/rendering/object.dart:3929:5)
#30     _RenderObjectSemantics._getNonBlockedChildren (package:flutter/src/rendering/object.dart:5925:18)
#31     _RenderObjectSemantics._collectChildMergeUpAndSiblingGroup (package:flutter/src/rendering/object.dart:5993:57)
#32     _RenderObjectSemantics.updateChildren (package:flutter/src/rendering/object.dart:5825:50)
#33     _RenderObjectSemantics._didUpdateParentData (package:flutter/src/rendering/object.dart:6071:5)
#34     _RenderObjectSemantics._collectChildMergeUpAndSiblingGroup (package:flutter/src/rendering/object.dart:5995:22)
#35     _RenderObjectSemantics.updateChildren (package:flutter/src/rendering/object.dart:5825:50)
#36     _RenderObjectSemantics._didUpdateParentData (package:flutter/src/rendering/object.dart:6071:5)
#37     _RenderObjectSemantics._collectChildMergeUpAndSiblingGroup (package:flutter/src/rendering/object.dart:5995:22)
#38     _RenderObjectSemantics.updateChildren (package:flutter/src/rendering/object.dart:5825:50)
#39     _RenderObjectSemantics._didUpdateParentData (package:flutter/src/rendering/object.dart:6071:5)
#40     _RenderObjectSemantics._collectChildMergeUpAndSiblingGroup (package:flutter/src/rendering/object.dart:5995:22)
#41     _RenderObjectSemantics.updateChildren (package:flutter/src/rendering/object.dart:5825:50)
#42     _RenderObjectSemantics._didUpdateParentData (package:flutter/src/rendering/object.dart:6071:5)
#43     _RenderObjectSemantics._collectChildMergeUpAndSiblingGroup (package:flutter/src/rendering/object.dart:5995:22)
#44     _RenderObjectSemantics.updateChildren (package:flutter/src/rendering/object.dart:5825:50)
#45     _RenderObjectSemantics._didUpdateParentData (package:flutter/src/rendering/object.dart:6071:5)
#46     _RenderObjectSemantics._collectChildMergeUpAndSiblingGroup (package:flutter/src/rendering/object.dart:5995:22)
#47     _RenderObjectSemantics.updateChildren (package:flutter/src/rendering/object.dart:5825:50)
#48     _RenderObjectSemantics._didUpdateParentData (package:flutter/src/rendering/object.dart:6071:5)
#49     _RenderObjectSemantics._collectChildMergeUpAndSiblingGroup (package:flutter/src/rendering/object.dart:5995:22)
#50     _RenderObjectSemantics.updateChildren (package:flutter/src/rendering/object.dart:5825:50)
#51     _RenderObjectSemantics._didUpdateParentData (package:flutter/src/rendering/object.dart:6071:5)
#52     _RenderObjectSemantics._collectChildMergeUpAndSiblingGroup (package:flutter/src/rendering/object.dart:5995:22)
#53     _RenderObjectSemantics.updateChildren (package:flutter/src/rendering/object.dart:5825:50)
#54     _RenderObjectSemantics._didUpdateParentData (package:flutter/src/rendering/object.dart:6071:5)
#55     _RenderObjectSemantics._collectChildMergeUpAndSiblingGroup (package:flutter/src/rendering/object.dart:5995:22)
#56     _RenderObjectSemantics.updateChildren (package:flutter/src/rendering/object.dart:5825:50)
#57     _RenderObjectSemantics._didUpdateParentData (package:flutter/src/rendering/object.dart:6071:5)
#58     _RenderObjectSemantics._collectChildMergeUpAndSiblingGroup (package:flutter/src/rendering/object.dart:5995:22)
#59     _RenderObjectSemantics.updateChildren (package:flutter/src/rendering/object.dart:5825:50)
#60     _RenderObjectSemantics._didUpdateParentData (package:flutter/src/rendering/object.dart:6071:5)
#61     _RenderObjectSemantics._collectChildMergeUpAndSiblingGroup (package:flutter/src/rendering/object.dart:5995:22)
#62     _RenderObjectSemantics.updateChildren (package:flutter/src/rendering/object.dart:5825:50)
#63     _RenderObjectSemantics._didUpdateParentData (package:flutter/src/rendering/object.dart:6071:5)
#64     _RenderObjectSemantics._collectChildMergeUpAndSiblingGroup (package:flutter/src/rendering/object.dart:5995:22)
#65     _RenderObjectSemantics.updateChildren (package:flutter/src/rendering/object.dart:5825:50)
#66     _RenderObjectSemantics._didUpdateParentData (package:flutter/src/rendering/object.dart:6071:5)
#67     _RenderObjectSemantics._collectChildMergeUpAndSiblingGroup (package:flutter/src/rendering/object.dart:5995:22)
#68     _RenderObjectSemantics.updateChildren (package:flutter/src/rendering/object.dart:5825:50)
#69     _RenderObjectSemantics._didUpdateParentData (package:flutter/src/rendering/object.dart:6071:5)
#70     _RenderObjectSemantics._collectChildMergeUpAndSiblingGroup (package:flutter/src/rendering/object.dart:5995:22)
#71     _RenderObjectSemantics.updateChildren (package:flutter/src/rendering/object.dart:5825:50)
#72     _RenderObjectSemantics._didUpdateParentData (package:flutter/src/rendering/object.dart:6071:5)
#73     _RenderObjectSemantics._collectChildMergeUpAndSiblingGroup (package:flutter/src/rendering/object.dart:5995:22)
#74     _RenderObjectSemantics.updateChildren (package:flutter/src/rendering/object.dart:5825:50)
#75     _RenderObjectSemantics._didUpdateParentData (package:flutter/src/rendering/object.dart:6071:5)
#76     _RenderObjectSemantics._collectChildMergeUpAndSiblingGroup (package:flutter/src/rendering/object.dart:5995:22)
#77     _RenderObjectSemantics.updateChildren (package:flutter/src/rendering/object.dart:5825:50)
#78     _RenderObjectSemantics._didUpdateParentData (package:flutter/src/rendering/object.dart:6071:5)
#79     _RenderObjectSemantics._collectChildMergeUpAndSiblingGroup (package:flutter/src/rendering/object.dart:5995:22)
#80     _RenderObjectSemantics.updateChildren (package:flutter/src/rendering/object.dart:5825:50)
#81     _RenderObjectSemantics._didUpdateParentData (package:flutter/src/rendering/object.dart:6071:5)
#82     _RenderObjectSemantics._collectChildMergeUpAndSiblingGroup (package:flutter/src/rendering/object.dart:5995:22)
#83     _RenderObjectSemantics.updateChildren (package:flutter/src/rendering/object.dart:5825:50)
#84     _RenderObjectSemantics._didUpdateParentData (package:flutter/src/rendering/object.dart:6071:5)
#85     _RenderObjectSemantics._collectChildMergeUpAndSiblingGroup (package:flutter/src/rendering/object.dart:5995:22)
#86     _RenderObjectSemantics.updateChildren (package:flutter/src/rendering/object.dart:5825:50)
#87     _RenderObjectSemantics._didUpdateParentData (package:flutter/src/rendering/object.dart:6071:5)
#88     _RenderObjectSemantics._collectChildMergeUpAndSiblingGroup (package:flutter/src/rendering/object.dart:5995:22)
#89     _RenderObjectSemantics.updateChildren (package:flutter/src/rendering/object.dart:5825:50)
#90     _RenderObjectSemantics._didUpdateParentData (package:flutter/src/rendering/object.dart:6071:5)
#91     _RenderObjectSemantics._collectChildMergeUpAndSiblingGroup (package:flutter/src/rendering/object.dart:5995:22)
#92     _RenderObjectSemantics.updateChildren (package:flutter/src/rendering/object.dart:5825:50)
#93     _RenderObjectSemantics._didUpdateParentData (package:flutter/src/rendering/object.dart:6071:5)
#94     _RenderObjectSemantics._collectChildMergeUpAndSiblingGroup (package:flutter/src/rendering/object.dart:5995:22)
#95     _RenderObjectSemantics.updateChildren (package:flutter/src/rendering/object.dart:5825:50)
#96     _RenderObjectSemantics._didUpdateParentData (package:flutter/src/rendering/object.dart:6071:5)
#97     _RenderObjectSemantics._collectChildMergeUpAndSiblingGroup (package:flutter/src/rendering/object.dart:5995:22)
#98     _RenderObjectSemantics.updateChildren (package:flutter/src/rendering/object.dart:5825:50)
#99     _RenderObjectSemantics._didUpdateParentData (package:flutter/src/rendering/object.dart:6071:5)
#100    _RenderObjectSemantics._collectChildMergeUpAndSiblingGroup (package:flutter/src/rendering/object.dart:5995:22)
#101    _RenderObjectSemantics.updateChildren (package:flutter/src/rendering/object.dart:5825:50)
#102    _RenderObjectSemantics._didUpdateParentData (package:flutter/src/rendering/object.dart:6071:5)
#103    _RenderObjectSemantics._collectChildMergeUpAndSiblingGroup (package:flutter/src/rendering/object.dart:5995:22)
#104    _RenderObjectSemantics.updateChildren (package:flutter/src/rendering/object.dart:5825:50)
#105    _RenderObjectSemantics._didUpdateParentData (package:flutter/src/rendering/object.dart:6071:5)
#106    _RenderObjectSemantics._collectChildMergeUpAndSiblingGroup (package:flutter/src/rendering/object.dart:5995:22)
#107    _RenderObjectSemantics.updateChildren (package:flutter/src/rendering/object.dart:5825:50)
#108    _RenderObjectSemantics._didUpdateParentData (package:flutter/src/rendering/object.dart:6071:5)
#109    _RenderObjectSemantics._collectChildMergeUpAndSiblingGroup (package:flutter/src/rendering/object.dart:5995:22)
#110    _RenderObjectSemantics.updateChildren (package:flutter/src/rendering/object.dart:5825:50)
#111    _RenderObjectSemantics._didUpdateParentData (package:flutter/src/rendering/object.dart:6071:5)
#112    _RenderObjectSemantics._collectChildMergeUpAndSiblingGroup (package:flutter/src/rendering/object.dart:5995:22)
#113    _RenderObjectSemantics.updateChildren (package:flutter/src/rendering/object.dart:5825:50)
#114    _RenderObjectSemantics._didUpdateParentData (package:flutter/src/rendering/object.dart:6071:5)
#115    _RenderObjectSemantics._collectChildMergeUpAndSiblingGroup (package:flutter/src/rendering/object.dart:5995:22)
#116    _RenderObjectSemantics.updateChildren (package:flutter/src/rendering/object.dart:5825:50)
#117    _RenderObjectSemantics._didUpdateParentData (package:flutter/src/rendering/object.dart:6071:5)
#118    _RenderObjectSemantics._collectChildMergeUpAndSiblingGroup (package:flutter/src/rendering/object.dart:5995:22)
#119    _RenderObjectSemantics.updateChildren (package:flutter/src/rendering/object.dart:5825:50)
#120    _RenderObjectSemantics._didUpdateParentData (package:flutter/src/rendering/object.dart:6071:5)
#121    _RenderObjectSemantics._collectChildMergeUpAndSiblingGroup (package:flutter/src/rendering/object.dart:5995:22)
#122    _RenderObjectSemantics.updateChildren (package:flutter/src/rendering/object.dart:5825:50)
#123    _RenderObjectSemantics._didUpdateParentData (package:flutter/src/rendering/object.dart:6071:5)
#124    _RenderObjectSemantics._collectChildMergeUpAndSiblingGroup (package:flutter/src/rendering/object.dart:5995:22)
#125    _RenderObjectSemantics.updateChildren (package:flutter/src/rendering/object.dart:5825:50)
#126    _RenderObjectSemantics._didUpdateParentData (package:flutter/src/rendering/object.dart:6071:5)
#127    _RenderObjectSemantics._collectChildMergeUpAndSiblingGroup (package:flutter/src/rendering/object.dart:5995:22)
#128    _RenderObjectSemantics.updateChildren (package:flutter/src/rendering/object.dart:5825:50)
#129    _RenderObjectSemantics._didUpdateParentData (package:flutter/src/rendering/object.dart:6071:5)
#130    _RenderObjectSemantics._collectChildMergeUpAndSiblingGroup (package:flutter/src/rendering/object.dart:5995:22)
#131    _RenderObjectSemantics.updateChildren (package:flutter/src/rendering/object.dart:5825:50)
#132    _RenderObjectSemantics._didUpdateParentData (package:flutter/src/rendering/object.dart:6071:5)
#133    _RenderObjectSemantics._collectChildMergeUpAndSiblingGroup (package:flutter/src/rendering/object.dart:5995:22)
#134    _RenderObjectSemantics.updateChildren (package:flutter/src/rendering/object.dart:5825:50)
#135    _RenderObjectSemantics._didUpdateParentData (package:flutter/src/rendering/object.dart:6071:5)
#136    _RenderObjectSemantics._collectChildMergeUpAndSiblingGroup (package:flutter/src/rendering/object.dart:5995:22)
#137    _RenderObjectSemantics.updateChildren (package:flutter/src/rendering/object.dart:5825:50)
#138    _RenderObjectSemantics._didUpdateParentData (package:flutter/src/rendering/object.dart:6071:5)
#139    _RenderObjectSemantics._collectChildMergeUpAndSiblingGroup (package:flutter/src/rendering/object.dart:5995:22)
#140    _RenderObjectSemantics.updateChildren (package:flutter/src/rendering/object.dart:5825:50)
#141    _RenderObjectSemantics._didUpdateParentData (package:flutter/src/rendering/object.dart:6071:5)
#142    _RenderObjectSemantics._collectChildMergeUpAndSiblingGroup (package:flutter/src/rendering/object.dart:5995:22)
#143    _RenderObjectSemantics.updateChildren (package:flutter/src/rendering/object.dart:5825:50)
#144    _RenderObjectSemantics._didUpdateParentData (package:flutter/src/rendering/object.dart:6071:5)
#145    _RenderObjectSemantics._collectChildMergeUpAndSiblingGroup (package:flutter/src/rendering/object.dart:5995:22)
#146    _RenderObjectSemantics.updateChildren (package:flutter/src/rendering/object.dart:5825:50)
#147    _RenderObjectSemantics._didUpdateParentData (package:flutter/src/rendering/object.dart:6071:5)
#148    _RenderObjectSemantics._collectChildMergeUpAndSiblingGroup (package:flutter/src/rendering/object.dart:5995:22)
#149    _RenderObjectSemantics.updateChildren (package:flutter/src/rendering/object.dart:5825:50)
#150    _RenderObjectSemantics._didUpdateParentData (package:flutter/src/rendering/object.dart:6071:5)
#151    _RenderObjectSemantics._collectChildMergeUpAndSiblingGroup (package:flutter/src/rendering/object.dart:5995:22)
#152    _RenderObjectSemantics.updateChildren (package:flutter/src/rendering/object.dart:5825:50)
#153    _RenderObjectSemantics._didUpdateParentData (package:flutter/src/rendering/object.dart:6071:5)
#154    _RenderObjectSemantics._collectChildMergeUpAndSiblingGroup (package:flutter/src/rendering/object.dart:5995:22)
#155    _RenderObjectSemantics.updateChildren (package:flutter/src/rendering/object.dart:5825:50)
#156    _RenderObjectSemantics._didUpdateParentData (package:flutter/src/rendering/object.dart:6071:5)
#157    _RenderObjectSemantics._collectChildMergeUpAndSiblingGroup (package:flutter/src/rendering/object.dart:5995:22)
#158    _RenderObjectSemantics.updateChildren (package:flutter/src/rendering/object.dart:5825:50)
#159    _RenderObjectSemantics._didUpdateParentData (package:flutter/src/rendering/object.dart:6071:5)
#160    _RenderObjectSemantics._collectChildMergeUpAndSiblingGroup (package:flutter/src/rendering/object.dart:5995:22)
#161    _RenderObjectSemantics.updateChildren (package:flutter/src/rendering/object.dart:5825:50)
#162    _RenderObjectSemantics._didUpdateParentData (package:flutter/src/rendering/object.dart:6071:5)
#163    _RenderObjectSemantics._collectChildMergeUpAndSiblingGroup (package:flutter/src/rendering/object.dart:5995:22)
#164    _RenderObjectSemantics.updateChildren (package:flutter/src/rendering/object.dart:5825:50)
#165    _RenderObjectSemantics._didUpdateParentData (package:flutter/src/rendering/object.dart:6071:5)
#166    _RenderObjectSemantics._collectChildMergeUpAndSiblingGroup (package:flutter/src/rendering/object.dart:5995:22)
#167    _RenderObjectSemantics.updateChildren (package:flutter/src/rendering/object.dart:5825:50)
#168    _RenderObjectSemantics._didUpdateParentData (package:flutter/src/rendering/object.dart:6071:5)
#169    _RenderObjectSemantics._collectChildMergeUpAndSiblingGroup (package:flutter/src/rendering/object.dart:5995:22)
#170    _RenderObjectSemantics.updateChildren (package:flutter/src/rendering/object.dart:5825:50)
#171    _RenderObjectSemantics._didUpdateParentData (package:flutter/src/rendering/object.dart:6071:5)
#172    _RenderObjectSemantics._collectChildMergeUpAndSiblingGroup (package:flutter/src/rendering/object.dart:5995:22)
#173    _RenderObjectSemantics.updateChildren (package:flutter/src/rendering/object.dart:5825:50)
#174    _RenderObjectSemantics._didUpdateParentData (package:flutter/src/rendering/object.dart:6071:5)
#175    _RenderObjectSemantics._collectChildMergeUpAndSiblingGroup (package:flutter/src/rendering/object.dart:5995:22)
#176    _RenderObjectSemantics.updateChildren (package:flutter/src/rendering/object.dart:5825:50)
#177    _RenderObjectSemantics._didUpdateParentData (package:flutter/src/rendering/object.dart:6071:5)
#178    _RenderObjectSemantics._collectChildMergeUpAndSiblingGroup (package:flutter/src/rendering/object.dart:5995:22)
#179    _RenderObjectSemantics.updateChildren (package:flutter/src/rendering/object.dart:5825:50)
#180    _RenderObjectSemantics._didUpdateParentData (package:flutter/src/rendering/object.dart:6071:5)
#181    _RenderObjectSemantics._collectChildMergeUpAndSiblingGroup (package:flutter/src/rendering/object.dart:5995:22)
#182    _RenderObjectSemantics.updateChildren (package:flutter/src/rendering/object.dart:5825:50)
#183    _RenderObjectSemantics._didUpdateParentData (package:flutter/src/rendering/object.dart:6071:5)
#184    _RenderObjectSemantics._collectChildMergeUpAndSiblingGroup (package:flutter/src/rendering/object.dart:5995:22)
#185    _RenderObjectSemantics.updateChildren (package:flutter/src/rendering/object.dart:5825:50)
#186    _RenderObjectSemantics._didUpdateParentData (package:flutter/src/rendering/object.dart:6071:5)
#187    _RenderObjectSemantics._collectChildMergeUpAndSiblingGroup (package:flutter/src/rendering/object.dart:5995:22)
#188    _RenderObjectSemantics.updateChildren (package:flutter/src/rendering/object.dart:5825:50)
#189    _RenderObjectSemantics._didUpdateParentData (package:flutter/src/rendering/object.dart:6071:5)
#190    _RenderObjectSemantics._collectChildMergeUpAndSiblingGroup (package:flutter/src/rendering/object.dart:5995:22)
#191    _RenderObjectSemantics.updateChildren (package:flutter/src/rendering/object.dart:5825:50)
#192    _RenderObjectSemantics._didUpdateParentData (package:flutter/src/rendering/object.dart:6071:5)
#193    _RenderObjectSemantics._collectChildMergeUpAndSiblingGroup (package:flutter/src/rendering/object.dart:5995:22)
#194    _RenderObjectSemantics.updateChildren (package:flutter/src/rendering/object.dart:5825:50)
#195    PipelineOwner.flushSemantics (package:flutter/src/rendering/object.dart:1489:25)
#196    PipelineOwner.flushSemantics (package:flutter/src/rendering/object.dart:1653:15)
#197    AutomatedTestWidgetsFlutterBinding.drawFrame (package:flutter_test/src/binding.dart:2444:35)
#198    RendererBinding._handlePersistentFrameCallback (package:flutter/src/rendering/binding.dart:509:5)
#199    SchedulerBinding._invokeFrameCallback (package:flutter/src/scheduler/binding.dart:1430:15)
#200    SchedulerBinding.handleDrawFrame (package:flutter/src/scheduler/binding.dart:1345:9)
#201    AutomatedTestWidgetsFlutterBinding.pump.<anonymous closure> (package:flutter_test/src/binding.dart:2260:9)
#204    TestAsyncUtils.guard (package:flutter_test/src/test_async_utils.dart:74:41)
#205    AutomatedTestWidgetsFlutterBinding.pump (package:flutter_test/src/binding.dart:2249:27)
#206    WidgetTester.pumpWidget.<anonymous closure> (package:flutter_test/src/widget_tester.dart:598:22)
#209    TestAsyncUtils.guard (package:flutter_test/src/test_async_utils.dart:74:41)
#210    WidgetTester.pumpWidget (package:flutter_test/src/widget_tester.dart:595:27)
#211    main.<anonymous closure>.<anonymous closure> (file:///Y:/AndroidStudioProject/Github/expert-project/test/presentation/pages/tv_detail_page_test.dart:88:20)
#212    testWidgets.<anonymous closure>.<anonymous closure> (package:flutter_test/src/widget_tester.dart:192:29)
<asynchronous suspension>
#213    TestWidgetsFlutterBinding._runTestBody (package:flutter_test/src/binding.dart:1952:5)
<asynchronous suspension>
<asynchronous suspension>
(elided 5 frames from dart:async and package:stack_trace)
ΓòÉΓòÉΓòÉΓòÉΓòÉΓòÉΓòÉΓòÉΓòÉΓòÉΓòÉΓòÉΓòÉΓòÉΓòÉΓòÉΓòÉΓòÉΓòÉΓòÉΓòÉΓòÉΓòÉΓòÉΓòÉΓòÉΓòÉΓòÉΓòÉΓòÉΓòÉΓòÉΓòÉΓòÉΓòÉΓòÉΓòÉΓòÉΓòÉΓòÉΓòÉΓòÉΓòÉΓòÉΓòÉΓòÉΓòÉΓòÉΓòÉΓòÉΓòÉΓòÉΓòÉΓòÉΓòÉΓòÉΓòÉΓòÉΓòÉΓòÉΓòÉΓòÉΓòÉΓòÉΓòÉΓòÉΓòÉΓòÉΓòÉΓòÉΓòÉΓòÉΓòÉΓòÉΓòÉΓòÉΓòÉΓòÉΓòÉΓòÉΓòÉΓòÉΓòÉΓòÉΓòÉΓòÉΓòÉΓòÉΓòÉΓòÉΓòÉΓòÉΓòÉΓòÉΓòÉΓòÉΓòÉΓòÉΓòÉΓòÉ
ΓòÉΓòÉΓòí EXCEPTION CAUGHT BY FLUTTER TEST FRAMEWORK Γò₧ΓòÉΓòÉΓòÉΓòÉΓòÉΓòÉΓòÉΓòÉΓòÉΓòÉΓòÉΓòÉΓòÉΓòÉΓòÉΓòÉΓòÉΓòÉΓòÉΓòÉΓòÉΓòÉΓòÉΓòÉΓòÉΓòÉΓòÉΓòÉΓòÉΓòÉΓòÉΓòÉΓòÉΓòÉΓòÉΓòÉΓòÉΓòÉΓòÉΓòÉΓòÉΓòÉΓòÉΓòÉΓòÉΓòÉΓòÉΓòÉΓòÉΓòÉΓòÉΓòÉ
The following assertion was thrown running a test:
'package:flutter_test/src/matchers.dart': Failed assertion: line 1392 pos 12: 'max != null && count
> min!': is not true.

When the exception was thrown, this was the stack:
#2      _FindsCountMatcher.describeMismatch (package:flutter_test/src/matchers.dart:1392:12)
#3      _expect.<anonymous closure> (package:matcher/src/expect/expect.dart:105:13)
#4      _expect (package:matcher/src/expect/expect.dart:182:17)
#5      expect (package:matcher/src/expect/expect.dart:65:3)
#6      expect (package:flutter_test/src/widget_tester.dart:473:18)
#7      main.<anonymous closure>.<anonymous closure> (file:///Y:/AndroidStudioProject/Github/expert-project/test/presentation/pages/tv_detail_page_test.dart:90:7)
<asynchronous suspension>
#8      testWidgets.<anonymous closure>.<anonymous closure> (package:flutter_test/src/widget_tester.dart:192:15)
<asynchronous suspension>
#9      TestWidgetsFlutterBinding._runTestBody (package:flutter_test/src/binding.dart:1952:5)
<asynchronous suspension>
<asynchronous suspension>
(elided 3 frames from class _AssertionError and package:stack_trace)

The test description was:
  Watchlist button should display add icon when tv not added
ΓòÉΓòÉΓòÉΓòÉΓòÉΓòÉΓòÉΓòÉΓòÉΓòÉΓòÉΓòÉΓòÉΓòÉΓòÉΓòÉΓòÉΓòÉΓòÉΓòÉΓòÉΓòÉΓòÉΓòÉΓòÉΓòÉΓòÉΓòÉΓòÉΓòÉΓòÉΓòÉΓòÉΓòÉΓòÉΓòÉΓòÉΓòÉΓòÉΓòÉΓòÉΓòÉΓòÉΓòÉΓòÉΓòÉΓòÉΓòÉΓòÉΓòÉΓòÉΓòÉΓòÉΓòÉΓòÉΓòÉΓòÉΓòÉΓòÉΓòÉΓòÉΓòÉΓòÉΓòÉΓòÉΓòÉΓòÉΓòÉΓòÉΓòÉΓòÉΓòÉΓòÉΓòÉΓòÉΓòÉΓòÉΓòÉΓòÉΓòÉΓòÉΓòÉΓòÉΓòÉΓòÉΓòÉΓòÉΓòÉΓòÉΓòÉΓòÉΓòÉΓòÉΓòÉΓòÉΓòÉΓòÉΓòÉΓòÉΓòÉ
ΓòÉΓòÉΓòí EXCEPTION CAUGHT BY FLUTTER TEST FRAMEWORK Γò₧ΓòÉΓòÉΓòÉΓòÉΓòÉΓòÉΓòÉΓòÉΓòÉΓòÉΓòÉΓòÉΓòÉΓòÉΓòÉΓòÉΓòÉΓòÉΓòÉΓòÉΓòÉΓòÉΓòÉΓòÉΓòÉΓòÉΓòÉΓòÉΓòÉΓòÉΓòÉΓòÉΓòÉΓòÉΓòÉΓòÉΓòÉΓòÉΓòÉΓòÉΓòÉΓòÉΓòÉΓòÉΓòÉΓòÉΓòÉΓòÉΓòÉΓòÉΓòÉΓòÉ
The following message was thrown:
Multiple exceptions (35) were detected during the running of the current test, and at least one was
unexpected.
ΓòÉΓòÉΓòÉΓòÉΓòÉΓòÉΓòÉΓòÉΓòÉΓòÉΓòÉΓòÉΓòÉΓòÉΓòÉΓòÉΓòÉΓòÉΓòÉΓòÉΓòÉΓòÉΓòÉΓòÉΓòÉΓòÉΓòÉΓòÉΓòÉΓòÉΓòÉΓòÉΓòÉΓòÉΓòÉΓòÉΓòÉΓòÉΓòÉΓòÉΓòÉΓòÉΓòÉΓòÉΓòÉΓòÉΓòÉΓòÉΓòÉΓòÉΓòÉΓòÉΓòÉΓòÉΓòÉΓòÉΓòÉΓòÉΓòÉΓòÉΓòÉΓòÉΓòÉΓòÉΓòÉΓòÉΓòÉΓòÉΓòÉΓòÉΓòÉΓòÉΓòÉΓòÉΓòÉΓòÉΓòÉΓòÉΓòÉΓòÉΓòÉΓòÉΓòÉΓòÉΓòÉΓòÉΓòÉΓòÉΓòÉΓòÉΓòÉΓòÉΓòÉΓòÉΓòÉΓòÉΓòÉΓòÉΓòÉΓòÉ
00:49 +266 -26: Y:/AndroidStudioProject/Github/expert-project/test/presentation/pages/watchlist_page_test.dart: Page should display GridView when data is loaded
00:49 +266 -26: Y:/AndroidStudioProject/Github/expert-project/test/presentation/pages/tv_detail_page_test.dart: TvDetailPage Widget Watchlist button should display add icon when tv not added [E]
  Test failed. See exception logs above.
  The test description was: Watchlist button should display add icon when tv not added
  
00:49 +267 -26: Y:/AndroidStudioProject/Github/expert-project/test/presentation/pages/watchlist_page_test.dart: Page should display GridView when data is loaded
00:49 +268 -26: Y:/AndroidStudioProject/Github/expert-project/test/presentation/pages/tv_detail_page_test.dart: TvDetailPage Widget Watchlist button should display check icon when tv is added
00:49 +269 -26: Y:/AndroidStudioProject/Github/expert-project/test/presentation/pages/tv_detail_page_test.dart: TvDetailPage Widget Watchlist button should display check icon when tv is added
00:49 +270 -26: Y:/AndroidStudioProject/Github/expert-project/test/presentation/pages/tv_detail_page_test.dart: TvDetailPage Widget Watchlist button should display check icon when tv is added
ΓòÉΓòÉΓòí EXCEPTION CAUGHT BY WIDGETS LIBRARY Γò₧ΓòÉΓòÉΓòÉΓòÉΓòÉΓòÉΓòÉΓòÉΓòÉΓòÉΓòÉΓòÉΓòÉΓòÉΓòÉΓòÉΓòÉΓòÉΓòÉΓòÉΓòÉΓòÉΓòÉΓòÉΓòÉΓòÉΓòÉΓòÉΓòÉΓòÉΓòÉΓòÉΓòÉΓòÉΓòÉΓòÉΓòÉΓòÉΓòÉΓòÉΓòÉΓòÉΓòÉΓòÉΓòÉΓòÉΓòÉΓòÉΓòÉΓòÉΓòÉΓòÉΓòÉΓòÉΓòÉΓòÉΓòÉΓòÉΓòÉ
The following MissingStubError was thrown building Consumer<TvDetailNotifier>(dirty, dependencies:
[_InheritedProviderScope<TvDetailNotifier?>]):
'recommendationState'
No stub was found which matches the arguments of this method call:
recommendationState

Add a stub for this method using Mockito's 'when' API, or generate the MockTvDetailNotifier mock
with the @GenerateNiceMocks annotation (see
https://pub.dev/documentation/mockito/latest/annotations/MockSpec-class.html).

The relevant error-causing widget was:
  Consumer<TvDetailNotifier>
  Consumer:file:///Y:/AndroidStudioProject/Github/expert-project/lib/presentation/pages/tv_detail_page.dart:230:29

When the exception was thrown, this was the stack:
#0      Mock._noSuchMethod (package:mockito/src/mock.dart:201:7)
#1      Mock.noSuchMethod (package:mockito/src/mock.dart:195:47)
#2      MockTvDetailNotifier.recommendationState (file:///Y:/AndroidStudioProject/Github/expert-project/test/presentation/pages/tv_detail_page_test.mocks.dart:174:54)
#3      TvDetailContent.build.<anonymous closure>.<anonymous closure> (package:ditonton/presentation/pages/tv_detail_page.dart:232:42)
#4      Consumer.buildWithChild (package:provider/src/consumer.dart:179:19)
#5      SingleChildStatelessWidget.build (package:nested/nested.dart:259:41)
#6      StatelessElement.build (package:flutter/src/widgets/framework.dart:5889:49)
#7      SingleChildStatelessElement.build (package:nested/nested.dart:279:18)
#8      ComponentElement.performRebuild (package:flutter/src/widgets/framework.dart:5817:15)
#9      Element.rebuild (package:flutter/src/widgets/framework.dart:5529:7)
#10     ComponentElement._firstBuild (package:flutter/src/widgets/framework.dart:5799:5)
#11     ComponentElement.mount (package:flutter/src/widgets/framework.dart:5793:5)
#12     SingleChildWidgetElementMixin.mount (package:nested/nested.dart:222:11)
#13     Element.inflateWidget (package:flutter/src/widgets/framework.dart:4587:20)
#14     MultiChildRenderObjectElement.inflateWidget (package:flutter/src/widgets/framework.dart:7264:36)
#15     MultiChildRenderObjectElement.mount (package:flutter/src/widgets/framework.dart:7279:32)
...     Normal element mounting (99 frames)
#114    Element.inflateWidget (package:flutter/src/widgets/framework.dart:4587:20)
#115    MultiChildRenderObjectElement.inflateWidget (package:flutter/src/widgets/framework.dart:7264:36)
#116    MultiChildRenderObjectElement.mount (package:flutter/src/widgets/framework.dart:7279:32)
...     Normal element mounting (19 frames)
#135    Element.inflateWidget (package:flutter/src/widgets/framework.dart:4587:20)
#136    Element.updateChild (package:flutter/src/widgets/framework.dart:4059:18)
#137    _LayoutBuilderElement._rebuildWithConstraints.updateChildCallback (package:flutter/src/widgets/layout_builder.dart:247:18)
#138    BuildOwner.buildScope (package:flutter/src/widgets/framework.dart:3101:19)
#139    _LayoutBuilderElement._rebuildWithConstraints (package:flutter/src/widgets/layout_builder.dart:270:12)
#140    RenderAbstractLayoutBuilderMixin.layoutCallback (package:flutter/src/widgets/layout_builder.dart:333:38)
#141    RenderObjectWithLayoutCallbackMixin.runLayoutCallback.<anonymous closure> (package:flutter/src/rendering/object.dart:4302:33)
#142    RenderObject.invokeLayoutCallback.<anonymous closure> (package:flutter/src/rendering/object.dart:3026:17)
#143    PipelineOwner._enableMutationsToDirtySubtrees (package:flutter/src/rendering/object.dart:1223:15)
#144    RenderObject.invokeLayoutCallback (package:flutter/src/rendering/object.dart:3025:14)
#145    RenderObjectWithLayoutCallbackMixin.runLayoutCallback (package:flutter/src/rendering/object.dart:4302:5)
#146    _RenderLayoutBuilder.performLayout (package:flutter/src/widgets/layout_builder.dart:447:5)
#147    RenderObject.layout (package:flutter/src/rendering/object.dart:2907:7)
#148    RenderPadding.performLayout (package:flutter/src/rendering/shifted_box.dart:262:12)
#149    RenderObject.layout (package:flutter/src/rendering/object.dart:2907:7)
#150    ChildLayoutHelper.layoutChild (package:flutter/src/rendering/layout_helper.dart:62:11)
#151    RenderStack._computeSize (package:flutter/src/rendering/stack.dart:647:43)
#152    RenderStack.performLayout (package:flutter/src/rendering/stack.dart:682:12)
#153    RenderObject.layout (package:flutter/src/rendering/object.dart:2907:7)
#154    RenderPadding.performLayout (package:flutter/src/rendering/shifted_box.dart:262:12)
#155    RenderObject.layout (package:flutter/src/rendering/object.dart:2907:7)
#156    MultiChildLayoutDelegate.layoutChild (package:flutter/src/rendering/custom_layout.dart:180:12)
#157    _ScaffoldLayout.performLayout (package:flutter/src/material/scaffold.dart:1113:7)
#158    MultiChildLayoutDelegate._callPerformLayout (package:flutter/src/rendering/custom_layout.dart:246:7)
#159    RenderCustomMultiChildLayoutBox.performLayout (package:flutter/src/rendering/custom_layout.dart:417:14)
#160    RenderObject.layout (package:flutter/src/rendering/object.dart:2907:7)
#161    RenderProxyBoxMixin.performLayout (package:flutter/src/rendering/proxy_box.dart:118:18)
#162    RenderObject.layout (package:flutter/src/rendering/object.dart:2907:7)
#163    RenderProxyBoxMixin.performLayout (package:flutter/src/rendering/proxy_box.dart:118:18)
#164    _RenderCustomClip.performLayout (package:flutter/src/rendering/proxy_box.dart:1549:11)
#165    RenderObject.layout (package:flutter/src/rendering/object.dart:2907:7)
#166    RenderProxyBoxMixin.performLayout (package:flutter/src/rendering/proxy_box.dart:118:18)
#167    RenderObject.layout (package:flutter/src/rendering/object.dart:2907:7)
#168    RenderProxyBoxMixin.performLayout (package:flutter/src/rendering/proxy_box.dart:118:18)
#169    RenderObject.layout (package:flutter/src/rendering/object.dart:2907:7)
#170    RenderProxyBoxMixin.performLayout (package:flutter/src/rendering/proxy_box.dart:118:18)
#171    RenderObject.layout (package:flutter/src/rendering/object.dart:2907:7)
#172    RenderProxyBoxMixin.performLayout (package:flutter/src/rendering/proxy_box.dart:118:18)
#173    RenderObject.layout (package:flutter/src/rendering/object.dart:2907:7)
#174    RenderProxyBoxMixin.performLayout (package:flutter/src/rendering/proxy_box.dart:118:18)
#175    RenderObject.layout (package:flutter/src/rendering/object.dart:2907:7)
#176    RenderProxyBoxMixin.performLayout (package:flutter/src/rendering/proxy_box.dart:118:18)
#177    RenderObject.layout (package:flutter/src/rendering/object.dart:2907:7)
#178    RenderProxyBoxMixin.performLayout (package:flutter/src/rendering/proxy_box.dart:118:18)
#179    RenderObject.layout (package:flutter/src/rendering/object.dart:2907:7)
#180    RenderProxyBoxMixin.performLayout (package:flutter/src/rendering/proxy_box.dart:118:18)
#181    RenderObject.layout (package:flutter/src/rendering/object.dart:2907:7)
#182    RenderProxyBoxMixin.performLayout (package:flutter/src/rendering/proxy_box.dart:118:18)
#183    RenderObject.layout (package:flutter/src/rendering/object.dart:2907:7)
#184    RenderProxyBoxMixin.performLayout (package:flutter/src/rendering/proxy_box.dart:118:18)
#185    RenderObject.layout (package:flutter/src/rendering/object.dart:2907:7)
#186    RenderProxyBoxMixin.performLayout (package:flutter/src/rendering/proxy_box.dart:118:18)
#187    RenderObject.layout (package:flutter/src/rendering/object.dart:2907:7)
#188    RenderProxyBoxMixin.performLayout (package:flutter/src/rendering/proxy_box.dart:118:18)
#189    RenderObject.layout (package:flutter/src/rendering/object.dart:2907:7)
#190    RenderProxyBoxMixin.performLayout (package:flutter/src/rendering/proxy_box.dart:118:18)
#191    RenderObject.layout (package:flutter/src/rendering/object.dart:2907:7)
#192    RenderProxyBoxMixin.performLayout (package:flutter/src/rendering/proxy_box.dart:118:18)
#193    RenderObject.layout (package:flutter/src/rendering/object.dart:2907:7)
#194    RenderProxyBoxMixin.performLayout (package:flutter/src/rendering/proxy_box.dart:118:18)
#195    RenderObject.layout (package:flutter/src/rendering/object.dart:2907:7)
#196    RenderProxyBoxMixin.performLayout (package:flutter/src/rendering/proxy_box.dart:118:18)
#197    RenderOffstage.performLayout (package:flutter/src/rendering/proxy_box.dart:3923:13)
#198    RenderObject.layout (package:flutter/src/rendering/object.dart:2907:7)
#199    RenderProxyBoxMixin.performLayout (package:flutter/src/rendering/proxy_box.dart:118:18)
#200    RenderObject.layout (package:flutter/src/rendering/object.dart:2907:7)
#201    _RenderTheaterMixin.layoutChild (package:flutter/src/widgets/overlay.dart:1124:13)
#202    _RenderTheater.performLayout (package:flutter/src/widgets/overlay.dart:1481:9)
#203    RenderObject.layout (package:flutter/src/rendering/object.dart:2907:7)
#204    RenderProxyBoxMixin.performLayout (package:flutter/src/rendering/proxy_box.dart:118:18)
#205    RenderObject.layout (package:flutter/src/rendering/object.dart:2907:7)
#206    RenderProxyBoxMixin.performLayout (package:flutter/src/rendering/proxy_box.dart:118:18)
#207    RenderObject.layout (package:flutter/src/rendering/object.dart:2907:7)
#208    RenderProxyBoxMixin.performLayout (package:flutter/src/rendering/proxy_box.dart:118:18)
#209    RenderObject.layout (package:flutter/src/rendering/object.dart:2907:7)
#210    RenderProxyBoxMixin.performLayout (package:flutter/src/rendering/proxy_box.dart:118:18)
#211    RenderCustomPaint.performLayout (package:flutter/src/rendering/custom_paint.dart:574:11)
#212    RenderObject.layout (package:flutter/src/rendering/object.dart:2907:7)
#213    RenderProxyBoxMixin.performLayout (package:flutter/src/rendering/proxy_box.dart:118:18)
#214    RenderObject.layout (package:flutter/src/rendering/object.dart:2907:7)
#215    RenderProxyBoxMixin.performLayout (package:flutter/src/rendering/proxy_box.dart:118:18)
#216    RenderObject.layout (package:flutter/src/rendering/object.dart:2907:7)
#217    RenderProxyBoxMixin.performLayout (package:flutter/src/rendering/proxy_box.dart:118:18)
#218    RenderObject.layout (package:flutter/src/rendering/object.dart:2907:7)
#219    RenderProxyBoxMixin.performLayout (package:flutter/src/rendering/proxy_box.dart:118:18)
#220    RenderObject.layout (package:flutter/src/rendering/object.dart:2907:7)
#221    RenderProxyBoxMixin.performLayout (package:flutter/src/rendering/proxy_box.dart:118:18)
#222    RenderObject.layout (package:flutter/src/rendering/object.dart:2907:7)
#223    RenderProxyBoxMixin.performLayout (package:flutter/src/rendering/proxy_box.dart:118:18)
#224    RenderObject.layout (package:flutter/src/rendering/object.dart:2907:7)
#225    RenderView.performLayout (package:flutter/src/rendering/view.dart:292:12)
#226    RenderObject._layoutWithoutResize (package:flutter/src/rendering/object.dart:2755:7)
#227    PipelineOwner.flushLayout (package:flutter/src/rendering/object.dart:1174:18)
#228    PipelineOwner.flushLayout (package:flutter/src/rendering/object.dart:1187:15)
#229    AutomatedTestWidgetsFlutterBinding.drawFrame (package:flutter_test/src/binding.dart:2433:27)
#230    RendererBinding._handlePersistentFrameCallback (package:flutter/src/rendering/binding.dart:509:5)
#231    SchedulerBinding._invokeFrameCallback (package:flutter/src/scheduler/binding.dart:1430:15)
#232    SchedulerBinding.handleDrawFrame (package:flutter/src/scheduler/binding.dart:1345:9)
#233    AutomatedTestWidgetsFlutterBinding.pump.<anonymous closure> (package:flutter_test/src/binding.dart:2260:9)
#236    TestAsyncUtils.guard (package:flutter_test/src/test_async_utils.dart:74:41)
#237    AutomatedTestWidgetsFlutterBinding.pump (package:flutter_test/src/binding.dart:2249:27)
#238    WidgetTester.pumpWidget.<anonymous closure> (package:flutter_test/src/widget_tester.dart:598:22)
#241    TestAsyncUtils.guard (package:flutter_test/src/test_async_utils.dart:74:41)
#242    WidgetTester.pumpWidget (package:flutter_test/src/widget_tester.dart:595:27)
#243    main.<anonymous closure>.<anonymous closure> (file:///Y:/AndroidStudioProject/Github/expert-project/test/presentation/pages/tv_detail_page_test.dart:100:20)
#244    testWidgets.<anonymous closure>.<anonymous closure> (package:flutter_test/src/widget_tester.dart:192:29)
<asynchronous suspension>
#245    TestWidgetsFlutterBinding._runTestBody (package:flutter_test/src/binding.dart:1952:5)
<asynchronous suspension>
<asynchronous suspension>
(elided 5 frames from dart:async and package:stack_trace)

ΓòÉΓòÉΓòÉΓòÉΓòÉΓòÉΓòÉΓòÉΓòÉΓòÉΓòÉΓòÉΓòÉΓòÉΓòÉΓòÉΓòÉΓòÉΓòÉΓòÉΓòÉΓòÉΓòÉΓòÉΓòÉΓòÉΓòÉΓòÉΓòÉΓòÉΓòÉΓòÉΓòÉΓòÉΓòÉΓòÉΓòÉΓòÉΓòÉΓòÉΓòÉΓòÉΓòÉΓòÉΓòÉΓòÉΓòÉΓòÉΓòÉΓòÉΓòÉΓòÉΓòÉΓòÉΓòÉΓòÉΓòÉΓòÉΓòÉΓòÉΓòÉΓòÉΓòÉΓòÉΓòÉΓòÉΓòÉΓòÉΓòÉΓòÉΓòÉΓòÉΓòÉΓòÉΓòÉΓòÉΓòÉΓòÉΓòÉΓòÉΓòÉΓòÉΓòÉΓòÉΓòÉΓòÉΓòÉΓòÉΓòÉΓòÉΓòÉΓòÉΓòÉΓòÉΓòÉΓòÉΓòÉΓòÉΓòÉΓòÉ
ΓòÉΓòÉΓòí EXCEPTION CAUGHT BY RENDERING LIBRARY Γò₧ΓòÉΓòÉΓòÉΓòÉΓòÉΓòÉΓòÉΓòÉΓòÉΓòÉΓòÉΓòÉΓòÉΓòÉΓòÉΓòÉΓòÉΓòÉΓòÉΓòÉΓòÉΓòÉΓòÉΓòÉΓòÉΓòÉΓòÉΓòÉΓòÉΓòÉΓòÉΓòÉΓòÉΓòÉΓòÉΓòÉΓòÉΓòÉΓòÉΓòÉΓòÉΓòÉΓòÉΓòÉΓòÉΓòÉΓòÉΓòÉΓòÉΓòÉΓòÉΓòÉΓòÉΓòÉΓòÉΓòÉΓòÉ
The following assertion was thrown during performResize():
Horizontal viewport was given unbounded height.
Viewports expand in the cross axis to fill their container and constrain their children to match
their extent in the cross axis. In this case, a horizontal viewport was given an unlimited amount of
vertical space in which to expand.

The relevant error-causing widget was:
  ListView
  ListView:file:///Y:/AndroidStudioProject/Github/expert-project/lib/presentation/pages/tv_detail_page.dart:184:38

When the exception was thrown, this was the stack:
#0      debugCheckHasBoundedAxis.<anonymous closure> (package:flutter/src/rendering/debug.dart:415:13)
#1      debugCheckHasBoundedAxis (package:flutter/src/rendering/debug.dart:426:4)
#2      RenderViewport.computeDryLayout (package:flutter/src/rendering/viewport.dart:1681:12)
#3      RenderBox.performResize (package:flutter/src/rendering/box.dart:2871:12)
#4      RenderObject.layout (package:flutter/src/rendering/object.dart:2886:9)
#5      RenderProxyBoxMixin.performLayout (package:flutter/src/rendering/proxy_box.dart:118:18)
#6      RenderObject.layout (package:flutter/src/rendering/object.dart:2907:7)
#7      RenderProxyBoxMixin.performLayout (package:flutter/src/rendering/proxy_box.dart:118:18)
#8      RenderObject.layout (package:flutter/src/rendering/object.dart:2907:7)
#9      RenderProxyBoxMixin.performLayout (package:flutter/src/rendering/proxy_box.dart:118:18)
#10     RenderObject.layout (package:flutter/src/rendering/object.dart:2907:7)
#11     RenderProxyBoxMixin.performLayout (package:flutter/src/rendering/proxy_box.dart:118:18)
#12     RenderObject.layout (package:flutter/src/rendering/object.dart:2907:7)
#13     RenderProxyBoxMixin.performLayout (package:flutter/src/rendering/proxy_box.dart:118:18)
#14     RenderObject.layout (package:flutter/src/rendering/object.dart:2907:7)
#15     RenderProxyBoxMixin.performLayout (package:flutter/src/rendering/proxy_box.dart:118:18)
#16     RenderObject.layout (package:flutter/src/rendering/object.dart:2907:7)
#17     RenderProxyBoxMixin.performLayout (package:flutter/src/rendering/proxy_box.dart:118:18)
#18     RenderObject.layout (package:flutter/src/rendering/object.dart:2907:7)
#19     RenderProxyBoxMixin.performLayout (package:flutter/src/rendering/proxy_box.dart:118:18)
#20     _RenderCustomClip.performLayout (package:flutter/src/rendering/proxy_box.dart:1549:11)
#21     RenderObject.layout (package:flutter/src/rendering/object.dart:2907:7)
#22     ChildLayoutHelper.layoutChild (package:flutter/src/rendering/layout_helper.dart:62:11)
#23     RenderFlex._computeSizes (package:flutter/src/rendering/flex.dart:1237:28)
#24     RenderFlex.performLayout (package:flutter/src/rendering/flex.dart:1329:32)
#25     RenderObject.layout (package:flutter/src/rendering/object.dart:2907:7)
#26     _RenderSingleChildViewport.performLayout (package:flutter/src/widgets/single_child_scroll_view.dart:502:14)
#27     RenderObject.layout (package:flutter/src/rendering/object.dart:2907:7)
#28     RenderProxyBoxMixin.performLayout (package:flutter/src/rendering/proxy_box.dart:118:18)
#29     RenderObject.layout (package:flutter/src/rendering/object.dart:2907:7)
#30     RenderProxyBoxMixin.performLayout (package:flutter/src/rendering/proxy_box.dart:118:18)
#31     RenderObject.layout (package:flutter/src/rendering/object.dart:2907:7)
#32     RenderProxyBoxMixin.performLayout (package:flutter/src/rendering/proxy_box.dart:118:18)
#33     RenderObject.layout (package:flutter/src/rendering/object.dart:2907:7)
#34     RenderProxyBoxMixin.performLayout (package:flutter/src/rendering/proxy_box.dart:118:18)
#35     RenderObject.layout (package:flutter/src/rendering/object.dart:2907:7)
#36     RenderProxyBoxMixin.performLayout (package:flutter/src/rendering/proxy_box.dart:118:18)
#37     RenderObject.layout (package:flutter/src/rendering/object.dart:2907:7)
#38     RenderProxyBoxMixin.performLayout (package:flutter/src/rendering/proxy_box.dart:118:18)
#39     RenderObject.layout (package:flutter/src/rendering/object.dart:2907:7)
#40     RenderProxyBoxMixin.performLayout (package:flutter/src/rendering/proxy_box.dart:118:18)
#41     RenderObject.layout (package:flutter/src/rendering/object.dart:2907:7)
#42     RenderProxyBoxMixin.performLayout (package:flutter/src/rendering/proxy_box.dart:118:18)
#43     _RenderCustomClip.performLayout (package:flutter/src/rendering/proxy_box.dart:1549:11)
#44     RenderObject.layout (package:flutter/src/rendering/object.dart:2907:7)
#45     RenderPadding.performLayout (package:flutter/src/rendering/shifted_box.dart:262:12)
#46     RenderObject.layout (package:flutter/src/rendering/object.dart:2907:7)
#47     ChildLayoutHelper.layoutChild (package:flutter/src/rendering/layout_helper.dart:62:11)
#48     RenderStack._computeSize (package:flutter/src/rendering/stack.dart:647:43)
#49     RenderStack.performLayout (package:flutter/src/rendering/stack.dart:682:12)
#50     RenderObject.layout (package:flutter/src/rendering/object.dart:2907:7)
#51     RenderPadding.performLayout (package:flutter/src/rendering/shifted_box.dart:262:12)
#52     RenderObject.layout (package:flutter/src/rendering/object.dart:2907:7)
#53     RenderProxyBoxMixin.performLayout (package:flutter/src/rendering/proxy_box.dart:118:18)
#54     RenderObject.layout (package:flutter/src/rendering/object.dart:2907:7)
#55     RenderFractionallySizedOverflowBox.performLayout (package:flutter/src/rendering/shifted_box.dart:1298:14)
#56     RenderObject.layout (package:flutter/src/rendering/object.dart:2907:7)
#57     RenderConstrainedBox.performLayout (package:flutter/src/rendering/proxy_box.dart:296:14)
#58     RenderObject.layout (package:flutter/src/rendering/object.dart:2907:7)
#59     _RenderLayoutBuilder.performLayout (package:flutter/src/widgets/layout_builder.dart:449:14)
#60     RenderObject.layout (package:flutter/src/rendering/object.dart:2907:7)
#61     RenderPadding.performLayout (package:flutter/src/rendering/shifted_box.dart:262:12)
#62     RenderObject.layout (package:flutter/src/rendering/object.dart:2907:7)
#63     ChildLayoutHelper.layoutChild (package:flutter/src/rendering/layout_helper.dart:62:11)
#64     RenderStack._computeSize (package:flutter/src/rendering/stack.dart:647:43)
#65     RenderStack.performLayout (package:flutter/src/rendering/stack.dart:682:12)
#66     RenderObject.layout (package:flutter/src/rendering/object.dart:2907:7)
#67     RenderPadding.performLayout (package:flutter/src/rendering/shifted_box.dart:262:12)
#68     RenderObject.layout (package:flutter/src/rendering/object.dart:2907:7)
#69     MultiChildLayoutDelegate.layoutChild (package:flutter/src/rendering/custom_layout.dart:180:12)
#70     _ScaffoldLayout.performLayout (package:flutter/src/material/scaffold.dart:1113:7)
#71     MultiChildLayoutDelegate._callPerformLayout (package:flutter/src/rendering/custom_layout.dart:246:7)
#72     RenderCustomMultiChildLayoutBox.performLayout (package:flutter/src/rendering/custom_layout.dart:417:14)
#73     RenderObject.layout (package:flutter/src/rendering/object.dart:2907:7)
#74     RenderProxyBoxMixin.performLayout (package:flutter/src/rendering/proxy_box.dart:118:18)
#75     RenderObject.layout (package:flutter/src/rendering/object.dart:2907:7)
#76     RenderProxyBoxMixin.performLayout (package:flutter/src/rendering/proxy_box.dart:118:18)
#77     _RenderCustomClip.performLayout (package:flutter/src/rendering/proxy_box.dart:1549:11)
#78     RenderObject.layout (package:flutter/src/rendering/object.dart:2907:7)
#79     RenderProxyBoxMixin.performLayout (package:flutter/src/rendering/proxy_box.dart:118:18)
#80     RenderObject.layout (package:flutter/src/rendering/object.dart:2907:7)
#81     RenderProxyBoxMixin.performLayout (package:flutter/src/rendering/proxy_box.dart:118:18)
#82     RenderObject.layout (package:flutter/src/rendering/object.dart:2907:7)
#83     RenderProxyBoxMixin.performLayout (package:flutter/src/rendering/proxy_box.dart:118:18)
#84     RenderObject.layout (package:flutter/src/rendering/object.dart:2907:7)
#85     RenderProxyBoxMixin.performLayout (package:flutter/src/rendering/proxy_box.dart:118:18)
#86     RenderObject.layout (package:flutter/src/rendering/object.dart:2907:7)
#87     RenderProxyBoxMixin.performLayout (package:flutter/src/rendering/proxy_box.dart:118:18)
#88     RenderObject.layout (package:flutter/src/rendering/object.dart:2907:7)
#89     RenderProxyBoxMixin.performLayout (package:flutter/src/rendering/proxy_box.dart:118:18)
#90     RenderObject.layout (package:flutter/src/rendering/object.dart:2907:7)
#91     RenderProxyBoxMixin.performLayout (package:flutter/src/rendering/proxy_box.dart:118:18)
#92     RenderObject.layout (package:flutter/src/rendering/object.dart:2907:7)
#93     RenderProxyBoxMixin.performLayout (package:flutter/src/rendering/proxy_box.dart:118:18)
#94     RenderObject.layout (package:flutter/src/rendering/object.dart:2907:7)
#95     RenderProxyBoxMixin.performLayout (package:flutter/src/rendering/proxy_box.dart:118:18)
#96     RenderObject.layout (package:flutter/src/rendering/object.dart:2907:7)
#97     RenderProxyBoxMixin.performLayout (package:flutter/src/rendering/proxy_box.dart:118:18)
#98     RenderObject.layout (package:flutter/src/rendering/object.dart:2907:7)
#99     RenderProxyBoxMixin.performLayout (package:flutter/src/rendering/proxy_box.dart:118:18)
#100    RenderObject.layout (package:flutter/src/rendering/object.dart:2907:7)
#101    RenderProxyBoxMixin.performLayout (package:flutter/src/rendering/proxy_box.dart:118:18)
#102    RenderObject.layout (package:flutter/src/rendering/object.dart:2907:7)
#103    RenderProxyBoxMixin.performLayout (package:flutter/src/rendering/proxy_box.dart:118:18)
#104    RenderObject.layout (package:flutter/src/rendering/object.dart:2907:7)
#105    RenderProxyBoxMixin.performLayout (package:flutter/src/rendering/proxy_box.dart:118:18)
#106    RenderObject.layout (package:flutter/src/rendering/object.dart:2907:7)
#107    RenderProxyBoxMixin.performLayout (package:flutter/src/rendering/proxy_box.dart:118:18)
#108    RenderObject.layout (package:flutter/src/rendering/object.dart:2907:7)
#109    RenderProxyBoxMixin.performLayout (package:flutter/src/rendering/proxy_box.dart:118:18)
#110    RenderOffstage.performLayout (package:flutter/src/rendering/proxy_box.dart:3923:13)
#111    RenderObject.layout (package:flutter/src/rendering/object.dart:2907:7)
#112    RenderProxyBoxMixin.performLayout (package:flutter/src/rendering/proxy_box.dart:118:18)
#113    RenderObject.layout (package:flutter/src/rendering/object.dart:2907:7)
#114    _RenderTheaterMixin.layoutChild (package:flutter/src/widgets/overlay.dart:1124:13)
#115    _RenderTheater.performLayout (package:flutter/src/widgets/overlay.dart:1481:9)
#116    RenderObject.layout (package:flutter/src/rendering/object.dart:2907:7)
#117    RenderProxyBoxMixin.performLayout (package:flutter/src/rendering/proxy_box.dart:118:18)
#118    RenderObject.layout (package:flutter/src/rendering/object.dart:2907:7)
#119    RenderProxyBoxMixin.performLayout (package:flutter/src/rendering/proxy_box.dart:118:18)
#120    RenderObject.layout (package:flutter/src/rendering/object.dart:2907:7)
#121    RenderProxyBoxMixin.performLayout (package:flutter/src/rendering/proxy_box.dart:118:18)
#122    RenderObject.layout (package:flutter/src/rendering/object.dart:2907:7)
#123    RenderProxyBoxMixin.performLayout (package:flutter/src/rendering/proxy_box.dart:118:18)
#124    RenderCustomPaint.performLayout (package:flutter/src/rendering/custom_paint.dart:574:11)
#125    RenderObject.layout (package:flutter/src/rendering/object.dart:2907:7)
#126    RenderProxyBoxMixin.performLayout (package:flutter/src/rendering/proxy_box.dart:118:18)
#127    RenderObject.layout (package:flutter/src/rendering/object.dart:2907:7)
#128    RenderProxyBoxMixin.performLayout (package:flutter/src/rendering/proxy_box.dart:118:18)
#129    RenderObject.layout (package:flutter/src/rendering/object.dart:2907:7)
#130    RenderProxyBoxMixin.performLayout (package:flutter/src/rendering/proxy_box.dart:118:18)
#131    RenderObject.layout (package:flutter/src/rendering/object.dart:2907:7)
#132    RenderProxyBoxMixin.performLayout (package:flutter/src/rendering/proxy_box.dart:118:18)
#133    RenderObject.layout (package:flutter/src/rendering/object.dart:2907:7)
#134    RenderProxyBoxMixin.performLayout (package:flutter/src/rendering/proxy_box.dart:118:18)
#135    RenderObject.layout (package:flutter/src/rendering/object.dart:2907:7)
#136    RenderProxyBoxMixin.performLayout (package:flutter/src/rendering/proxy_box.dart:118:18)
#137    RenderObject.layout (package:flutter/src/rendering/object.dart:2907:7)
#138    RenderView.performLayout (package:flutter/src/rendering/view.dart:292:12)
#139    RenderObject._layoutWithoutResize (package:flutter/src/rendering/object.dart:2755:7)
#140    PipelineOwner.flushLayout (package:flutter/src/rendering/object.dart:1174:18)
#141    PipelineOwner.flushLayout (package:flutter/src/rendering/object.dart:1187:15)
#142    AutomatedTestWidgetsFlutterBinding.drawFrame (package:flutter_test/src/binding.dart:2433:27)
#143    RendererBinding._handlePersistentFrameCallback (package:flutter/src/rendering/binding.dart:509:5)
#144    SchedulerBinding._invokeFrameCallback (package:flutter/src/scheduler/binding.dart:1430:15)
#145    SchedulerBinding.handleDrawFrame (package:flutter/src/scheduler/binding.dart:1345:9)
#146    AutomatedTestWidgetsFlutterBinding.pump.<anonymous closure> (package:flutter_test/src/binding.dart:2260:9)
#149    TestAsyncUtils.guard (package:flutter_test/src/test_async_utils.dart:74:41)
#150    AutomatedTestWidgetsFlutterBinding.pump (package:flutter_test/src/binding.dart:2249:27)
#151    WidgetTester.pumpWidget.<anonymous closure> (package:flutter_test/src/widget_tester.dart:598:22)
#154    TestAsyncUtils.guard (package:flutter_test/src/test_async_utils.dart:74:41)
#155    WidgetTester.pumpWidget (package:flutter_test/src/widget_tester.dart:595:27)
#156    main.<anonymous closure>.<anonymous closure> (file:///Y:/AndroidStudioProject/Github/expert-project/test/presentation/pages/tv_detail_page_test.dart:100:20)
#157    testWidgets.<anonymous closure>.<anonymous closure> (package:flutter_test/src/widget_tester.dart:192:29)
<asynchronous suspension>
#158    TestWidgetsFlutterBinding._runTestBody (package:flutter_test/src/binding.dart:1952:5)
<asynchronous suspension>
<asynchronous suspension>
(elided 5 frames from dart:async and package:stack_trace)

The following RenderObject was being processed when the exception was fired: RenderViewport#bca08 NEEDS-LAYOUT NEEDS-PAINT NEEDS-COMPOSITING-BITS-UPDATE:
  needs compositing
  creator: Viewport ΓåÉ IgnorePointer-[GlobalKey#42dd0] ΓåÉ Semantics ΓåÉ Listener ΓåÉ _GestureSemantics ΓåÉ
    RawGestureDetector-[LabeledGlobalKey<RawGestureDetectorState>#a649f] ΓåÉ Listener ΓåÉ _ScrollableScope
    ΓåÉ _ScrollSemantics-[GlobalKey#00c9a] ΓåÉ NotificationListener<ScrollMetricsNotification> ΓåÉ Transform
    ΓåÉ StretchEffect ΓåÉ Γï»
  parentData: <none> (can use size)
  constraints: BoxConstraints(0.0<=w<=768.0, 0.0<=h<=Infinity)
  size: MISSING
  axisDirection: right
  crossAxisDirection: down
  offset: ScrollPositionWithSingleContext#3d5f9(offset: 0.0, range: null..null, viewport: null,
    ScrollableState, ClampingScrollPhysics -> RangeMaintainingScrollPhysics, IdleScrollActivity#559d5,
    ScrollDirection.idle)
  anchor: 0.0
This RenderObject had the following descendants (showing up to depth 5):
    center child: RenderSliverPadding#0822a NEEDS-LAYOUT NEEDS-PAINT NEEDS-COMPOSITING-BITS-UPDATE
      child: RenderSliverList#66e92 NEEDS-LAYOUT NEEDS-PAINT
ΓòÉΓòÉΓòÉΓòÉΓòÉΓòÉΓòÉΓòÉΓòÉΓòÉΓòÉΓòÉΓòÉΓòÉΓòÉΓòÉΓòÉΓòÉΓòÉΓòÉΓòÉΓòÉΓòÉΓòÉΓòÉΓòÉΓòÉΓòÉΓòÉΓòÉΓòÉΓòÉΓòÉΓòÉΓòÉΓòÉΓòÉΓòÉΓòÉΓòÉΓòÉΓòÉΓòÉΓòÉΓòÉΓòÉΓòÉΓòÉΓòÉΓòÉΓòÉΓòÉΓòÉΓòÉΓòÉΓòÉΓòÉΓòÉΓòÉΓòÉΓòÉΓòÉΓòÉΓòÉΓòÉΓòÉΓòÉΓòÉΓòÉΓòÉΓòÉΓòÉΓòÉΓòÉΓòÉΓòÉΓòÉΓòÉΓòÉΓòÉΓòÉΓòÉΓòÉΓòÉΓòÉΓòÉΓòÉΓòÉΓòÉΓòÉΓòÉΓòÉΓòÉΓòÉΓòÉΓòÉΓòÉΓòÉΓòÉΓòÉ
ΓòÉΓòÉΓòí EXCEPTION CAUGHT BY RENDERING LIBRARY Γò₧ΓòÉΓòÉΓòÉΓòÉΓòÉΓòÉΓòÉΓòÉΓòÉΓòÉΓòÉΓòÉΓòÉΓòÉΓòÉΓòÉΓòÉΓòÉΓòÉΓòÉΓòÉΓòÉΓòÉΓòÉΓòÉΓòÉΓòÉΓòÉΓòÉΓòÉΓòÉΓòÉΓòÉΓòÉΓòÉΓòÉΓòÉΓòÉΓòÉΓòÉΓòÉΓòÉΓòÉΓòÉΓòÉΓòÉΓòÉΓòÉΓòÉΓòÉΓòÉΓòÉΓòÉΓòÉΓòÉΓòÉΓòÉ
The following assertion was thrown during performLayout():
RenderBox was not laid out: RenderViewport#bca08 NEEDS-LAYOUT NEEDS-PAINT
NEEDS-COMPOSITING-BITS-UPDATE
'package:flutter/src/rendering/box.dart':
Failed assertion: line 2251 pos 12: 'hasSize'

Either the assertion indicates an error in the framework itself, or we should provide substantially
more information in this error message to help you determine and fix the underlying cause.
In either case, please report this assertion by filing a bug on GitHub:
  https://github.com/flutter/flutter/issues/new?template=02_bug.yml

The relevant error-causing widget was:
  ListView
  ListView:file:///Y:/AndroidStudioProject/Github/expert-project/lib/presentation/pages/tv_detail_page.dart:184:38

When the exception was thrown, this was the stack:
#2      RenderBox.size (package:flutter/src/rendering/box.dart:2251:12)
#3      RenderViewport.performLayout (package:flutter/src/rendering/viewport.dart:1700:39)
#4      RenderObject.layout (package:flutter/src/rendering/object.dart:2907:7)
#5      RenderProxyBoxMixin.performLayout (package:flutter/src/rendering/proxy_box.dart:118:18)
#6      RenderObject.layout (package:flutter/src/rendering/object.dart:2907:7)
#7      RenderProxyBoxMixin.performLayout (package:flutter/src/rendering/proxy_box.dart:118:18)
#8      RenderObject.layout (package:flutter/src/rendering/object.dart:2907:7)
#9      RenderProxyBoxMixin.performLayout (package:flutter/src/rendering/proxy_box.dart:118:18)
#10     RenderObject.layout (package:flutter/src/rendering/object.dart:2907:7)
#11     RenderProxyBoxMixin.performLayout (package:flutter/src/rendering/proxy_box.dart:118:18)
#12     RenderObject.layout (package:flutter/src/rendering/object.dart:2907:7)
#13     RenderProxyBoxMixin.performLayout (package:flutter/src/rendering/proxy_box.dart:118:18)
#14     RenderObject.layout (package:flutter/src/rendering/object.dart:2907:7)
#15     RenderProxyBoxMixin.performLayout (package:flutter/src/rendering/proxy_box.dart:118:18)
#16     RenderObject.layout (package:flutter/src/rendering/object.dart:2907:7)
#17     RenderProxyBoxMixin.performLayout (package:flutter/src/rendering/proxy_box.dart:118:18)
#18     RenderObject.layout (package:flutter/src/rendering/object.dart:2907:7)
#19     RenderProxyBoxMixin.performLayout (package:flutter/src/rendering/proxy_box.dart:118:18)
#20     _RenderCustomClip.performLayout (package:flutter/src/rendering/proxy_box.dart:1549:11)
#21     RenderObject.layout (package:flutter/src/rendering/object.dart:2907:7)
#22     ChildLayoutHelper.layoutChild (package:flutter/src/rendering/layout_helper.dart:62:11)
#23     RenderFlex._computeSizes (package:flutter/src/rendering/flex.dart:1237:28)
#24     RenderFlex.performLayout (package:flutter/src/rendering/flex.dart:1329:32)
#25     RenderObject.layout (package:flutter/src/rendering/object.dart:2907:7)
#26     _RenderSingleChildViewport.performLayout (package:flutter/src/widgets/single_child_scroll_view.dart:502:14)
#27     RenderObject.layout (package:flutter/src/rendering/object.dart:2907:7)
#28     RenderProxyBoxMixin.performLayout (package:flutter/src/rendering/proxy_box.dart:118:18)
#29     RenderObject.layout (package:flutter/src/rendering/object.dart:2907:7)
#30     RenderProxyBoxMixin.performLayout (package:flutter/src/rendering/proxy_box.dart:118:18)
#31     RenderObject.layout (package:flutter/src/rendering/object.dart:2907:7)
#32     RenderProxyBoxMixin.performLayout (package:flutter/src/rendering/proxy_box.dart:118:18)
#33     RenderObject.layout (package:flutter/src/rendering/object.dart:2907:7)
#34     RenderProxyBoxMixin.performLayout (package:flutter/src/rendering/proxy_box.dart:118:18)
#35     RenderObject.layout (package:flutter/src/rendering/object.dart:2907:7)
#36     RenderProxyBoxMixin.performLayout (package:flutter/src/rendering/proxy_box.dart:118:18)
#37     RenderObject.layout (package:flutter/src/rendering/object.dart:2907:7)
#38     RenderProxyBoxMixin.performLayout (package:flutter/src/rendering/proxy_box.dart:118:18)
#39     RenderObject.layout (package:flutter/src/rendering/object.dart:2907:7)
#40     RenderProxyBoxMixin.performLayout (package:flutter/src/rendering/proxy_box.dart:118:18)
#41     RenderObject.layout (package:flutter/src/rendering/object.dart:2907:7)
#42     RenderProxyBoxMixin.performLayout (package:flutter/src/rendering/proxy_box.dart:118:18)
#43     _RenderCustomClip.performLayout (package:flutter/src/rendering/proxy_box.dart:1549:11)
#44     RenderObject.layout (package:flutter/src/rendering/object.dart:2907:7)
#45     RenderPadding.performLayout (package:flutter/src/rendering/shifted_box.dart:262:12)
#46     RenderObject.layout (package:flutter/src/rendering/object.dart:2907:7)
#47     ChildLayoutHelper.layoutChild (package:flutter/src/rendering/layout_helper.dart:62:11)
#48     RenderStack._computeSize (package:flutter/src/rendering/stack.dart:647:43)
#49     RenderStack.performLayout (package:flutter/src/rendering/stack.dart:682:12)
#50     RenderObject.layout (package:flutter/src/rendering/object.dart:2907:7)
#51     RenderPadding.performLayout (package:flutter/src/rendering/shifted_box.dart:262:12)
#52     RenderObject.layout (package:flutter/src/rendering/object.dart:2907:7)
#53     RenderProxyBoxMixin.performLayout (package:flutter/src/rendering/proxy_box.dart:118:18)
#54     RenderObject.layout (package:flutter/src/rendering/object.dart:2907:7)
#55     RenderFractionallySizedOverflowBox.performLayout (package:flutter/src/rendering/shifted_box.dart:1298:14)
#56     RenderObject.layout (package:flutter/src/rendering/object.dart:2907:7)
#57     RenderConstrainedBox.performLayout (package:flutter/src/rendering/proxy_box.dart:296:14)
#58     RenderObject.layout (package:flutter/src/rendering/object.dart:2907:7)
#59     _RenderLayoutBuilder.performLayout (package:flutter/src/widgets/layout_builder.dart:449:14)
#60     RenderObject.layout (package:flutter/src/rendering/object.dart:2907:7)
#61     RenderPadding.performLayout (package:flutter/src/rendering/shifted_box.dart:262:12)
#62     RenderObject.layout (package:flutter/src/rendering/object.dart:2907:7)
#63     ChildLayoutHelper.layoutChild (package:flutter/src/rendering/layout_helper.dart:62:11)
#64     RenderStack._computeSize (package:flutter/src/rendering/stack.dart:647:43)
#65     RenderStack.performLayout (package:flutter/src/rendering/stack.dart:682:12)
#66     RenderObject.layout (package:flutter/src/rendering/object.dart:2907:7)
#67     RenderPadding.performLayout (package:flutter/src/rendering/shifted_box.dart:262:12)
#68     RenderObject.layout (package:flutter/src/rendering/object.dart:2907:7)
#69     MultiChildLayoutDelegate.layoutChild (package:flutter/src/rendering/custom_layout.dart:180:12)
#70     _ScaffoldLayout.performLayout (package:flutter/src/material/scaffold.dart:1113:7)
#71     MultiChildLayoutDelegate._callPerformLayout (package:flutter/src/rendering/custom_layout.dart:246:7)
#72     RenderCustomMultiChildLayoutBox.performLayout (package:flutter/src/rendering/custom_layout.dart:417:14)
#73     RenderObject.layout (package:flutter/src/rendering/object.dart:2907:7)
#74     RenderProxyBoxMixin.performLayout (package:flutter/src/rendering/proxy_box.dart:118:18)
#75     RenderObject.layout (package:flutter/src/rendering/object.dart:2907:7)
#76     RenderProxyBoxMixin.performLayout (package:flutter/src/rendering/proxy_box.dart:118:18)
#77     _RenderCustomClip.performLayout (package:flutter/src/rendering/proxy_box.dart:1549:11)
#78     RenderObject.layout (package:flutter/src/rendering/object.dart:2907:7)
#79     RenderProxyBoxMixin.performLayout (package:flutter/src/rendering/proxy_box.dart:118:18)
#80     RenderObject.layout (package:flutter/src/rendering/object.dart:2907:7)
#81     RenderProxyBoxMixin.performLayout (package:flutter/src/rendering/proxy_box.dart:118:18)
#82     RenderObject.layout (package:flutter/src/rendering/object.dart:2907:7)
#83     RenderProxyBoxMixin.performLayout (package:flutter/src/rendering/proxy_box.dart:118:18)
#84     RenderObject.layout (package:flutter/src/rendering/object.dart:2907:7)
#85     RenderProxyBoxMixin.performLayout (package:flutter/src/rendering/proxy_box.dart:118:18)
#86     RenderObject.layout (package:flutter/src/rendering/object.dart:2907:7)
#87     RenderProxyBoxMixin.performLayout (package:flutter/src/rendering/proxy_box.dart:118:18)
#88     RenderObject.layout (package:flutter/src/rendering/object.dart:2907:7)
#89     RenderProxyBoxMixin.performLayout (package:flutter/src/rendering/proxy_box.dart:118:18)
#90     RenderObject.layout (package:flutter/src/rendering/object.dart:2907:7)
#91     RenderProxyBoxMixin.performLayout (package:flutter/src/rendering/proxy_box.dart:118:18)
#92     RenderObject.layout (package:flutter/src/rendering/object.dart:2907:7)
#93     RenderProxyBoxMixin.performLayout (package:flutter/src/rendering/proxy_box.dart:118:18)
#94     RenderObject.layout (package:flutter/src/rendering/object.dart:2907:7)
#95     RenderProxyBoxMixin.performLayout (package:flutter/src/rendering/proxy_box.dart:118:18)
#96     RenderObject.layout (package:flutter/src/rendering/object.dart:2907:7)
#97     RenderProxyBoxMixin.performLayout (package:flutter/src/rendering/proxy_box.dart:118:18)
#98     RenderObject.layout (package:flutter/src/rendering/object.dart:2907:7)
#99     RenderProxyBoxMixin.performLayout (package:flutter/src/rendering/proxy_box.dart:118:18)
#100    RenderObject.layout (package:flutter/src/rendering/object.dart:2907:7)
#101    RenderProxyBoxMixin.performLayout (package:flutter/src/rendering/proxy_box.dart:118:18)
#102    RenderObject.layout (package:flutter/src/rendering/object.dart:2907:7)
#103    RenderProxyBoxMixin.performLayout (package:flutter/src/rendering/proxy_box.dart:118:18)
#104    RenderObject.layout (package:flutter/src/rendering/object.dart:2907:7)
#105    RenderProxyBoxMixin.performLayout (package:flutter/src/rendering/proxy_box.dart:118:18)
#106    RenderObject.layout (package:flutter/src/rendering/object.dart:2907:7)
#107    RenderProxyBoxMixin.performLayout (package:flutter/src/rendering/proxy_box.dart:118:18)
#108    RenderObject.layout (package:flutter/src/rendering/object.dart:2907:7)
#109    RenderProxyBoxMixin.performLayout (package:flutter/src/rendering/proxy_box.dart:118:18)
#110    RenderOffstage.performLayout (package:flutter/src/rendering/proxy_box.dart:3923:13)
#111    RenderObject.layout (package:flutter/src/rendering/object.dart:2907:7)
#112    RenderProxyBoxMixin.performLayout (package:flutter/src/rendering/proxy_box.dart:118:18)
#113    RenderObject.layout (package:flutter/src/rendering/object.dart:2907:7)
#114    _RenderTheaterMixin.layoutChild (package:flutter/src/widgets/overlay.dart:1124:13)
#115    _RenderTheater.performLayout (package:flutter/src/widgets/overlay.dart:1481:9)
#116    RenderObject.layout (package:flutter/src/rendering/object.dart:2907:7)
#117    RenderProxyBoxMixin.performLayout (package:flutter/src/rendering/proxy_box.dart:118:18)
#118    RenderObject.layout (package:flutter/src/rendering/object.dart:2907:7)
#119    RenderProxyBoxMixin.performLayout (package:flutter/src/rendering/proxy_box.dart:118:18)
#120    RenderObject.layout (package:flutter/src/rendering/object.dart:2907:7)
#121    RenderProxyBoxMixin.performLayout (package:flutter/src/rendering/proxy_box.dart:118:18)
#122    RenderObject.layout (package:flutter/src/rendering/object.dart:2907:7)
#123    RenderProxyBoxMixin.performLayout (package:flutter/src/rendering/proxy_box.dart:118:18)
#124    RenderCustomPaint.performLayout (package:flutter/src/rendering/custom_paint.dart:574:11)
#125    RenderObject.layout (package:flutter/src/rendering/object.dart:2907:7)
#126    RenderProxyBoxMixin.performLayout (package:flutter/src/rendering/proxy_box.dart:118:18)
#127    RenderObject.layout (package:flutter/src/rendering/object.dart:2907:7)
#128    RenderProxyBoxMixin.performLayout (package:flutter/src/rendering/proxy_box.dart:118:18)
#129    RenderObject.layout (package:flutter/src/rendering/object.dart:2907:7)
#130    RenderProxyBoxMixin.performLayout (package:flutter/src/rendering/proxy_box.dart:118:18)
#131    RenderObject.layout (package:flutter/src/rendering/object.dart:2907:7)
#132    RenderProxyBoxMixin.performLayout (package:flutter/src/rendering/proxy_box.dart:118:18)
#133    RenderObject.layout (package:flutter/src/rendering/object.dart:2907:7)
#134    RenderProxyBoxMixin.performLayout (package:flutter/src/rendering/proxy_box.dart:118:18)
#135    RenderObject.layout (package:flutter/src/rendering/object.dart:2907:7)
#136    RenderProxyBoxMixin.performLayout (package:flutter/src/rendering/proxy_box.dart:118:18)
#137    RenderObject.layout (package:flutter/src/rendering/object.dart:2907:7)
#138    RenderView.performLayout (package:flutter/src/rendering/view.dart:292:12)
#139    RenderObject._layoutWithoutResize (package:flutter/src/rendering/object.dart:2755:7)
#140    PipelineOwner.flushLayout (package:flutter/src/rendering/object.dart:1174:18)
#141    PipelineOwner.flushLayout (package:flutter/src/rendering/object.dart:1187:15)
#142    AutomatedTestWidgetsFlutterBinding.drawFrame (package:flutter_test/src/binding.dart:2433:27)
#143    RendererBinding._handlePersistentFrameCallback (package:flutter/src/rendering/binding.dart:509:5)
#144    SchedulerBinding._invokeFrameCallback (package:flutter/src/scheduler/binding.dart:1430:15)
#145    SchedulerBinding.handleDrawFrame (package:flutter/src/scheduler/binding.dart:1345:9)
#146    AutomatedTestWidgetsFlutterBinding.pump.<anonymous closure> (package:flutter_test/src/binding.dart:2260:9)
#149    TestAsyncUtils.guard (package:flutter_test/src/test_async_utils.dart:74:41)
#150    AutomatedTestWidgetsFlutterBinding.pump (package:flutter_test/src/binding.dart:2249:27)
#151    WidgetTester.pumpWidget.<anonymous closure> (package:flutter_test/src/widget_tester.dart:598:22)
#154    TestAsyncUtils.guard (package:flutter_test/src/test_async_utils.dart:74:41)
#155    WidgetTester.pumpWidget (package:flutter_test/src/widget_tester.dart:595:27)
#156    main.<anonymous closure>.<anonymous closure> (file:///Y:/AndroidStudioProject/Github/expert-project/test/presentation/pages/tv_detail_page_test.dart:100:20)
#157    testWidgets.<anonymous closure>.<anonymous closure> (package:flutter_test/src/widget_tester.dart:192:29)
<asynchronous suspension>
#158    TestWidgetsFlutterBinding._runTestBody (package:flutter_test/src/binding.dart:1952:5)
<asynchronous suspension>
<asynchronous suspension>
(elided 7 frames from class _AssertionError, dart:async, and package:stack_trace)

The following RenderObject was being processed when the exception was fired: RenderViewport#bca08 NEEDS-LAYOUT NEEDS-PAINT NEEDS-COMPOSITING-BITS-UPDATE:
  needs compositing
  creator: Viewport ΓåÉ IgnorePointer-[GlobalKey#42dd0] ΓåÉ Semantics ΓåÉ Listener ΓåÉ _GestureSemantics ΓåÉ
    RawGestureDetector-[LabeledGlobalKey<RawGestureDetectorState>#a649f] ΓåÉ Listener ΓåÉ _ScrollableScope
    ΓåÉ _ScrollSemantics-[GlobalKey#00c9a] ΓåÉ NotificationListener<ScrollMetricsNotification> ΓåÉ Transform
    ΓåÉ StretchEffect ΓåÉ Γï»
  parentData: <none> (can use size)
  constraints: BoxConstraints(0.0<=w<=768.0, 0.0<=h<=Infinity)
  size: MISSING
  axisDirection: right
  crossAxisDirection: down
  offset: ScrollPositionWithSingleContext#3d5f9(offset: 0.0, range: null..null, viewport: null,
    ScrollableState, ClampingScrollPhysics -> RangeMaintainingScrollPhysics, IdleScrollActivity#559d5,
    ScrollDirection.idle)
  anchor: 0.0
This RenderObject had the following descendants (showing up to depth 5):
    center child: RenderSliverPadding#0822a NEEDS-LAYOUT NEEDS-PAINT NEEDS-COMPOSITING-BITS-UPDATE
      child: RenderSliverList#66e92 NEEDS-LAYOUT NEEDS-PAINT
ΓòÉΓòÉΓòÉΓòÉΓòÉΓòÉΓòÉΓòÉΓòÉΓòÉΓòÉΓòÉΓòÉΓòÉΓòÉΓòÉΓòÉΓòÉΓòÉΓòÉΓòÉΓòÉΓòÉΓòÉΓòÉΓòÉΓòÉΓòÉΓòÉΓòÉΓòÉΓòÉΓòÉΓòÉΓòÉΓòÉΓòÉΓòÉΓòÉΓòÉΓòÉΓòÉΓòÉΓòÉΓòÉΓòÉΓòÉΓòÉΓòÉΓòÉΓòÉΓòÉΓòÉΓòÉΓòÉΓòÉΓòÉΓòÉΓòÉΓòÉΓòÉΓòÉΓòÉΓòÉΓòÉΓòÉΓòÉΓòÉΓòÉΓòÉΓòÉΓòÉΓòÉΓòÉΓòÉΓòÉΓòÉΓòÉΓòÉΓòÉΓòÉΓòÉΓòÉΓòÉΓòÉΓòÉΓòÉΓòÉΓòÉΓòÉΓòÉΓòÉΓòÉΓòÉΓòÉΓòÉΓòÉΓòÉΓòÉΓòÉ
ΓòÉΓòÉΓòí EXCEPTION CAUGHT BY RENDERING LIBRARY Γò₧ΓòÉΓòÉΓòÉΓòÉΓòÉΓòÉΓòÉΓòÉΓòÉΓòÉΓòÉΓòÉΓòÉΓòÉΓòÉΓòÉΓòÉΓòÉΓòÉΓòÉΓòÉΓòÉΓòÉΓòÉΓòÉΓòÉΓòÉΓòÉΓòÉΓòÉΓòÉΓòÉΓòÉΓòÉΓòÉΓòÉΓòÉΓòÉΓòÉΓòÉΓòÉΓòÉΓòÉΓòÉΓòÉΓòÉΓòÉΓòÉΓòÉΓòÉΓòÉΓòÉΓòÉΓòÉΓòÉΓòÉΓòÉ
The following assertion was thrown during performLayout():
RenderBox was not laid out: RenderViewport#bca08 NEEDS-PAINT NEEDS-COMPOSITING-BITS-UPDATE
'package:flutter/src/rendering/box.dart':
Failed assertion: line 2251 pos 12: 'hasSize'

Either the assertion indicates an error in the framework itself, or we should provide substantially
more information in this error message to help you determine and fix the underlying cause.
In either case, please report this assertion by filing a bug on GitHub:
  https://github.com/flutter/flutter/issues/new?template=02_bug.yml

The relevant error-causing widget was:
  ListView
  ListView:file:///Y:/AndroidStudioProject/Github/expert-project/lib/presentation/pages/tv_detail_page.dart:184:38

When the exception was thrown, this was the stack:
#2      RenderBox.size (package:flutter/src/rendering/box.dart:2251:12)
#3      RenderProxyBoxMixin.performLayout (package:flutter/src/rendering/proxy_box.dart:118:62)
#4      RenderObject.layout (package:flutter/src/rendering/object.dart:2907:7)
#5      RenderProxyBoxMixin.performLayout (package:flutter/src/rendering/proxy_box.dart:118:18)
#6      RenderObject.layout (package:flutter/src/rendering/object.dart:2907:7)
#7      RenderProxyBoxMixin.performLayout (package:flutter/src/rendering/proxy_box.dart:118:18)
#8      RenderObject.layout (package:flutter/src/rendering/object.dart:2907:7)
#9      RenderProxyBoxMixin.performLayout (package:flutter/src/rendering/proxy_box.dart:118:18)
#10     RenderObject.layout (package:flutter/src/rendering/object.dart:2907:7)
#11     RenderProxyBoxMixin.performLayout (package:flutter/src/rendering/proxy_box.dart:118:18)
#12     RenderObject.layout (package:flutter/src/rendering/object.dart:2907:7)
#13     RenderProxyBoxMixin.performLayout (package:flutter/src/rendering/proxy_box.dart:118:18)
#14     RenderObject.layout (package:flutter/src/rendering/object.dart:2907:7)
#15     RenderProxyBoxMixin.performLayout (package:flutter/src/rendering/proxy_box.dart:118:18)
#16     RenderObject.layout (package:flutter/src/rendering/object.dart:2907:7)
#17     RenderProxyBoxMixin.performLayout (package:flutter/src/rendering/proxy_box.dart:118:18)
#18     _RenderCustomClip.performLayout (package:flutter/src/rendering/proxy_box.dart:1549:11)
#19     RenderObject.layout (package:flutter/src/rendering/object.dart:2907:7)
#20     ChildLayoutHelper.layoutChild (package:flutter/src/rendering/layout_helper.dart:62:11)
#21     RenderFlex._computeSizes (package:flutter/src/rendering/flex.dart:1237:28)
#22     RenderFlex.performLayout (package:flutter/src/rendering/flex.dart:1329:32)
#23     RenderObject.layout (package:flutter/src/rendering/object.dart:2907:7)
#24     _RenderSingleChildViewport.performLayout (package:flutter/src/widgets/single_child_scroll_view.dart:502:14)
#25     RenderObject.layout (package:flutter/src/rendering/object.dart:2907:7)
#26     RenderProxyBoxMixin.performLayout (package:flutter/src/rendering/proxy_box.dart:118:18)
#27     RenderObject.layout (package:flutter/src/rendering/object.dart:2907:7)
#28     RenderProxyBoxMixin.performLayout (package:flutter/src/rendering/proxy_box.dart:118:18)
#29     RenderObject.layout (package:flutter/src/rendering/object.dart:2907:7)
#30     RenderProxyBoxMixin.performLayout (package:flutter/src/rendering/proxy_box.dart:118:18)
#31     RenderObject.layout (package:flutter/src/rendering/object.dart:2907:7)
#32     RenderProxyBoxMixin.performLayout (package:flutter/src/rendering/proxy_box.dart:118:18)
#33     RenderObject.layout (package:flutter/src/rendering/object.dart:2907:7)
#34     RenderProxyBoxMixin.performLayout (package:flutter/src/rendering/proxy_box.dart:118:18)
#35     RenderObject.layout (package:flutter/src/rendering/object.dart:2907:7)
#36     RenderProxyBoxMixin.performLayout (package:flutter/src/rendering/proxy_box.dart:118:18)
#37     RenderObject.layout (package:flutter/src/rendering/object.dart:2907:7)
#38     RenderProxyBoxMixin.performLayout (package:flutter/src/rendering/proxy_box.dart:118:18)
#39     RenderObject.layout (package:flutter/src/rendering/object.dart:2907:7)
#40     RenderProxyBoxMixin.performLayout (package:flutter/src/rendering/proxy_box.dart:118:18)
#41     _RenderCustomClip.performLayout (package:flutter/src/rendering/proxy_box.dart:1549:11)
#42     RenderObject.layout (package:flutter/src/rendering/object.dart:2907:7)
#43     RenderPadding.performLayout (package:flutter/src/rendering/shifted_box.dart:262:12)
#44     RenderObject.layout (package:flutter/src/rendering/object.dart:2907:7)
#45     ChildLayoutHelper.layoutChild (package:flutter/src/rendering/layout_helper.dart:62:11)
#46     RenderStack._computeSize (package:flutter/src/rendering/stack.dart:647:43)
#47     RenderStack.performLayout (package:flutter/src/rendering/stack.dart:682:12)
#48     RenderObject.layout (package:flutter/src/rendering/object.dart:2907:7)
#49     RenderPadding.performLayout (package:flutter/src/rendering/shifted_box.dart:262:12)
#50     RenderObject.layout (package:flutter/src/rendering/object.dart:2907:7)
#51     RenderProxyBoxMixin.performLayout (package:flutter/src/rendering/proxy_box.dart:118:18)
#52     RenderObject.layout (package:flutter/src/rendering/object.dart:2907:7)
#53     RenderFractionallySizedOverflowBox.performLayout (package:flutter/src/rendering/shifted_box.dart:1298:14)
#54     RenderObject.layout (package:flutter/src/rendering/object.dart:2907:7)
#55     RenderConstrainedBox.performLayout (package:flutter/src/rendering/proxy_box.dart:296:14)
#56     RenderObject.layout (package:flutter/src/rendering/object.dart:2907:7)
#57     _RenderLayoutBuilder.performLayout (package:flutter/src/widgets/layout_builder.dart:449:14)
#58     RenderObject.layout (package:flutter/src/rendering/object.dart:2907:7)
#59     RenderPadding.performLayout (package:flutter/src/rendering/shifted_box.dart:262:12)
#60     RenderObject.layout (package:flutter/src/rendering/object.dart:2907:7)
#61     ChildLayoutHelper.layoutChild (package:flutter/src/rendering/layout_helper.dart:62:11)
#62     RenderStack._computeSize (package:flutter/src/rendering/stack.dart:647:43)
#63     RenderStack.performLayout (package:flutter/src/rendering/stack.dart:682:12)
#64     RenderObject.layout (package:flutter/src/rendering/object.dart:2907:7)
#65     RenderPadding.performLayout (package:flutter/src/rendering/shifted_box.dart:262:12)
#66     RenderObject.layout (package:flutter/src/rendering/object.dart:2907:7)
#67     MultiChildLayoutDelegate.layoutChild (package:flutter/src/rendering/custom_layout.dart:180:12)
#68     _ScaffoldLayout.performLayout (package:flutter/src/material/scaffold.dart:1113:7)
#69     MultiChildLayoutDelegate._callPerformLayout (package:flutter/src/rendering/custom_layout.dart:246:7)
#70     RenderCustomMultiChildLayoutBox.performLayout (package:flutter/src/rendering/custom_layout.dart:417:14)
#71     RenderObject.layout (package:flutter/src/rendering/object.dart:2907:7)
#72     RenderProxyBoxMixin.performLayout (package:flutter/src/rendering/proxy_box.dart:118:18)
#73     RenderObject.layout (package:flutter/src/rendering/object.dart:2907:7)
#74     RenderProxyBoxMixin.performLayout (package:flutter/src/rendering/proxy_box.dart:118:18)
#75     _RenderCustomClip.performLayout (package:flutter/src/rendering/proxy_box.dart:1549:11)
#76     RenderObject.layout (package:flutter/src/rendering/object.dart:2907:7)
#77     RenderProxyBoxMixin.performLayout (package:flutter/src/rendering/proxy_box.dart:118:18)
#78     RenderObject.layout (package:flutter/src/rendering/object.dart:2907:7)
#79     RenderProxyBoxMixin.performLayout (package:flutter/src/rendering/proxy_box.dart:118:18)
#80     RenderObject.layout (package:flutter/src/rendering/object.dart:2907:7)
#81     RenderProxyBoxMixin.performLayout (package:flutter/src/rendering/proxy_box.dart:118:18)
#82     RenderObject.layout (package:flutter/src/rendering/object.dart:2907:7)
#83     RenderProxyBoxMixin.performLayout (package:flutter/src/rendering/proxy_box.dart:118:18)
#84     RenderObject.layout (package:flutter/src/rendering/object.dart:2907:7)
#85     RenderProxyBoxMixin.performLayout (package:flutter/src/rendering/proxy_box.dart:118:18)
#86     RenderObject.layout (package:flutter/src/rendering/object.dart:2907:7)
#87     RenderProxyBoxMixin.performLayout (package:flutter/src/rendering/proxy_box.dart:118:18)
#88     RenderObject.layout (package:flutter/src/rendering/object.dart:2907:7)
#89     RenderProxyBoxMixin.performLayout (package:flutter/src/rendering/proxy_box.dart:118:18)
#90     RenderObject.layout (package:flutter/src/rendering/object.dart:2907:7)
#91     RenderProxyBoxMixin.performLayout (package:flutter/src/rendering/proxy_box.dart:118:18)
#92     RenderObject.layout (package:flutter/src/rendering/object.dart:2907:7)
#93     RenderProxyBoxMixin.performLayout (package:flutter/src/rendering/proxy_box.dart:118:18)
#94     RenderObject.layout (package:flutter/src/rendering/object.dart:2907:7)
#95     RenderProxyBoxMixin.performLayout (package:flutter/src/rendering/proxy_box.dart:118:18)
#96     RenderObject.layout (package:flutter/src/rendering/object.dart:2907:7)
#97     RenderProxyBoxMixin.performLayout (package:flutter/src/rendering/proxy_box.dart:118:18)
#98     RenderObject.layout (package:flutter/src/rendering/object.dart:2907:7)
#99     RenderProxyBoxMixin.performLayout (package:flutter/src/rendering/proxy_box.dart:118:18)
#100    RenderObject.layout (package:flutter/src/rendering/object.dart:2907:7)
#101    RenderProxyBoxMixin.performLayout (package:flutter/src/rendering/proxy_box.dart:118:18)
#102    RenderObject.layout (package:flutter/src/rendering/object.dart:2907:7)
#103    RenderProxyBoxMixin.performLayout (package:flutter/src/rendering/proxy_box.dart:118:18)
#104    RenderObject.layout (package:flutter/src/rendering/object.dart:2907:7)
#105    RenderProxyBoxMixin.performLayout (package:flutter/src/rendering/proxy_box.dart:118:18)
#106    RenderObject.layout (package:flutter/src/rendering/object.dart:2907:7)
#107    RenderProxyBoxMixin.performLayout (package:flutter/src/rendering/proxy_box.dart:118:18)
#108    RenderOffstage.performLayout (package:flutter/src/rendering/proxy_box.dart:3923:13)
#109    RenderObject.layout (package:flutter/src/rendering/object.dart:2907:7)
#110    RenderProxyBoxMixin.performLayout (package:flutter/src/rendering/proxy_box.dart:118:18)
#111    RenderObject.layout (package:flutter/src/rendering/object.dart:2907:7)
#112    _RenderTheaterMixin.layoutChild (package:flutter/src/widgets/overlay.dart:1124:13)
#113    _RenderTheater.performLayout (package:flutter/src/widgets/overlay.dart:1481:9)
#114    RenderObject.layout (package:flutter/src/rendering/object.dart:2907:7)
#115    RenderProxyBoxMixin.performLayout (package:flutter/src/rendering/proxy_box.dart:118:18)
#116    RenderObject.layout (package:flutter/src/rendering/object.dart:2907:7)
#117    RenderProxyBoxMixin.performLayout (package:flutter/src/rendering/proxy_box.dart:118:18)
#118    RenderObject.layout (package:flutter/src/rendering/object.dart:2907:7)
#119    RenderProxyBoxMixin.performLayout (package:flutter/src/rendering/proxy_box.dart:118:18)
#120    RenderObject.layout (package:flutter/src/rendering/object.dart:2907:7)
#121    RenderProxyBoxMixin.performLayout (package:flutter/src/rendering/proxy_box.dart:118:18)
#122    RenderCustomPaint.performLayout (package:flutter/src/rendering/custom_paint.dart:574:11)
#123    RenderObject.layout (package:flutter/src/rendering/object.dart:2907:7)
#124    RenderProxyBoxMixin.performLayout (package:flutter/src/rendering/proxy_box.dart:118:18)
#125    RenderObject.layout (package:flutter/src/rendering/object.dart:2907:7)
#126    RenderProxyBoxMixin.performLayout (package:flutter/src/rendering/proxy_box.dart:118:18)
#127    RenderObject.layout (package:flutter/src/rendering/object.dart:2907:7)
#128    RenderProxyBoxMixin.performLayout (package:flutter/src/rendering/proxy_box.dart:118:18)
#129    RenderObject.layout (package:flutter/src/rendering/object.dart:2907:7)
#130    RenderProxyBoxMixin.performLayout (package:flutter/src/rendering/proxy_box.dart:118:18)
#131    RenderObject.layout (package:flutter/src/rendering/object.dart:2907:7)
#132    RenderProxyBoxMixin.performLayout (package:flutter/src/rendering/proxy_box.dart:118:18)
#133    RenderObject.layout (package:flutter/src/rendering/object.dart:2907:7)
#134    RenderProxyBoxMixin.performLayout (package:flutter/src/rendering/proxy_box.dart:118:18)
#135    RenderObject.layout (package:flutter/src/rendering/object.dart:2907:7)
#136    RenderView.performLayout (package:flutter/src/rendering/view.dart:292:12)
#137    RenderObject._layoutWithoutResize (package:flutter/src/rendering/object.dart:2755:7)
#138    PipelineOwner.flushLayout (package:flutter/src/rendering/object.dart:1174:18)
#139    PipelineOwner.flushLayout (package:flutter/src/rendering/object.dart:1187:15)
#140    AutomatedTestWidgetsFlutterBinding.drawFrame (package:flutter_test/src/binding.dart:2433:27)
#141    RendererBinding._handlePersistentFrameCallback (package:flutter/src/rendering/binding.dart:509:5)
#142    SchedulerBinding._invokeFrameCallback (package:flutter/src/scheduler/binding.dart:1430:15)
#143    SchedulerBinding.handleDrawFrame (package:flutter/src/scheduler/binding.dart:1345:9)
#144    AutomatedTestWidgetsFlutterBinding.pump.<anonymous closure> (package:flutter_test/src/binding.dart:2260:9)
#147    TestAsyncUtils.guard (package:flutter_test/src/test_async_utils.dart:74:41)
#148    AutomatedTestWidgetsFlutterBinding.pump (package:flutter_test/src/binding.dart:2249:27)
#149    WidgetTester.pumpWidget.<anonymous closure> (package:flutter_test/src/widget_tester.dart:598:22)
#152    TestAsyncUtils.guard (package:flutter_test/src/test_async_utils.dart:74:41)
#153    WidgetTester.pumpWidget (package:flutter_test/src/widget_tester.dart:595:27)
#154    main.<anonymous closure>.<anonymous closure> (file:///Y:/AndroidStudioProject/Github/expert-project/test/presentation/pages/tv_detail_page_test.dart:100:20)
#155    testWidgets.<anonymous closure>.<anonymous closure> (package:flutter_test/src/widget_tester.dart:192:29)
<asynchronous suspension>
#156    TestWidgetsFlutterBinding._runTestBody (package:flutter_test/src/binding.dart:1952:5)
<asynchronous suspension>
<asynchronous suspension>
(elided 7 frames from class _AssertionError, dart:async, and package:stack_trace)

The following RenderObject was being processed when the exception was fired: RenderIgnorePointer#62bfd relayoutBoundary=up19 NEEDS-LAYOUT NEEDS-PAINT NEEDS-COMPOSITING-BITS-UPDATE:
  creator: IgnorePointer-[GlobalKey#42dd0] ΓåÉ Semantics ΓåÉ Listener ΓåÉ _GestureSemantics ΓåÉ
    RawGestureDetector-[LabeledGlobalKey<RawGestureDetectorState>#a649f] ΓåÉ Listener ΓåÉ _ScrollableScope
    ΓåÉ _ScrollSemantics-[GlobalKey#00c9a] ΓåÉ NotificationListener<ScrollMetricsNotification> ΓåÉ Transform
    ΓåÉ StretchEffect ΓåÉ ClipRect ΓåÉ Γï»
  parentData: <none> (can use size)
  constraints: BoxConstraints(0.0<=w<=768.0, 0.0<=h<=Infinity)
  size: MISSING
  ignoring: false
  ignoringSemantics: null
This RenderObject had the following descendants (showing up to depth 5):
    child: RenderViewport#bca08 NEEDS-PAINT NEEDS-COMPOSITING-BITS-UPDATE
      center child: RenderSliverPadding#0822a NEEDS-LAYOUT NEEDS-PAINT NEEDS-COMPOSITING-BITS-UPDATE
        child: RenderSliverList#66e92 NEEDS-LAYOUT NEEDS-PAINT
ΓòÉΓòÉΓòÉΓòÉΓòÉΓòÉΓòÉΓòÉΓòÉΓòÉΓòÉΓòÉΓòÉΓòÉΓòÉΓòÉΓòÉΓòÉΓòÉΓòÉΓòÉΓòÉΓòÉΓòÉΓòÉΓòÉΓòÉΓòÉΓòÉΓòÉΓòÉΓòÉΓòÉΓòÉΓòÉΓòÉΓòÉΓòÉΓòÉΓòÉΓòÉΓòÉΓòÉΓòÉΓòÉΓòÉΓòÉΓòÉΓòÉΓòÉΓòÉΓòÉΓòÉΓòÉΓòÉΓòÉΓòÉΓòÉΓòÉΓòÉΓòÉΓòÉΓòÉΓòÉΓòÉΓòÉΓòÉΓòÉΓòÉΓòÉΓòÉΓòÉΓòÉΓòÉΓòÉΓòÉΓòÉΓòÉΓòÉΓòÉΓòÉΓòÉΓòÉΓòÉΓòÉΓòÉΓòÉΓòÉΓòÉΓòÉΓòÉΓòÉΓòÉΓòÉΓòÉΓòÉΓòÉΓòÉΓòÉΓòÉ
ΓòÉΓòÉΓòí EXCEPTION CAUGHT BY RENDERING LIBRARY Γò₧ΓòÉΓòÉΓòÉΓòÉΓòÉΓòÉΓòÉΓòÉΓòÉΓòÉΓòÉΓòÉΓòÉΓòÉΓòÉΓòÉΓòÉΓòÉΓòÉΓòÉΓòÉΓòÉΓòÉΓòÉΓòÉΓòÉΓòÉΓòÉΓòÉΓòÉΓòÉΓòÉΓòÉΓòÉΓòÉΓòÉΓòÉΓòÉΓòÉΓòÉΓòÉΓòÉΓòÉΓòÉΓòÉΓòÉΓòÉΓòÉΓòÉΓòÉΓòÉΓòÉΓòÉΓòÉΓòÉΓòÉΓòÉ
The following assertion was thrown during performLayout():
RenderBox was not laid out: RenderIgnorePointer#62bfd relayoutBoundary=up19 NEEDS-PAINT
NEEDS-COMPOSITING-BITS-UPDATE
'package:flutter/src/rendering/box.dart':
Failed assertion: line 2251 pos 12: 'hasSize'

Either the assertion indicates an error in the framework itself, or we should provide substantially
more information in this error message to help you determine and fix the underlying cause.
In either case, please report this assertion by filing a bug on GitHub:
  https://github.com/flutter/flutter/issues/new?template=02_bug.yml

The relevant error-causing widget was:
  ListView
  ListView:file:///Y:/AndroidStudioProject/Github/expert-project/lib/presentation/pages/tv_detail_page.dart:184:38

When the exception was thrown, this was the stack:
#2      RenderBox.size (package:flutter/src/rendering/box.dart:2251:12)
#3      RenderProxyBoxMixin.performLayout (package:flutter/src/rendering/proxy_box.dart:118:62)
#4      RenderObject.layout (package:flutter/src/rendering/object.dart:2907:7)
#5      RenderProxyBoxMixin.performLayout (package:flutter/src/rendering/proxy_box.dart:118:18)
#6      RenderObject.layout (package:flutter/src/rendering/object.dart:2907:7)
#7      RenderProxyBoxMixin.performLayout (package:flutter/src/rendering/proxy_box.dart:118:18)
#8      RenderObject.layout (package:flutter/src/rendering/object.dart:2907:7)
#9      RenderProxyBoxMixin.performLayout (package:flutter/src/rendering/proxy_box.dart:118:18)
#10     RenderObject.layout (package:flutter/src/rendering/object.dart:2907:7)
#11     RenderProxyBoxMixin.performLayout (package:flutter/src/rendering/proxy_box.dart:118:18)
#12     RenderObject.layout (package:flutter/src/rendering/object.dart:2907:7)
#13     RenderProxyBoxMixin.performLayout (package:flutter/src/rendering/proxy_box.dart:118:18)
#14     RenderObject.layout (package:flutter/src/rendering/object.dart:2907:7)
#15     RenderProxyBoxMixin.performLayout (package:flutter/src/rendering/proxy_box.dart:118:18)
#16     _RenderCustomClip.performLayout (package:flutter/src/rendering/proxy_box.dart:1549:11)
#17     RenderObject.layout (package:flutter/src/rendering/object.dart:2907:7)
#18     ChildLayoutHelper.layoutChild (package:flutter/src/rendering/layout_helper.dart:62:11)
#19     RenderFlex._computeSizes (package:flutter/src/rendering/flex.dart:1237:28)
#20     RenderFlex.performLayout (package:flutter/src/rendering/flex.dart:1329:32)
#21     RenderObject.layout (package:flutter/src/rendering/object.dart:2907:7)
#22     _RenderSingleChildViewport.performLayout (package:flutter/src/widgets/single_child_scroll_view.dart:502:14)
#23     RenderObject.layout (package:flutter/src/rendering/object.dart:2907:7)
#24     RenderProxyBoxMixin.performLayout (package:flutter/src/rendering/proxy_box.dart:118:18)
#25     RenderObject.layout (package:flutter/src/rendering/object.dart:2907:7)
#26     RenderProxyBoxMixin.performLayout (package:flutter/src/rendering/proxy_box.dart:118:18)
#27     RenderObject.layout (package:flutter/src/rendering/object.dart:2907:7)
#28     RenderProxyBoxMixin.performLayout (package:flutter/src/rendering/proxy_box.dart:118:18)
#29     RenderObject.layout (package:flutter/src/rendering/object.dart:2907:7)
#30     RenderProxyBoxMixin.performLayout (package:flutter/src/rendering/proxy_box.dart:118:18)
#31     RenderObject.layout (package:flutter/src/rendering/object.dart:2907:7)
#32     RenderProxyBoxMixin.performLayout (package:flutter/src/rendering/proxy_box.dart:118:18)
#33     RenderObject.layout (package:flutter/src/rendering/object.dart:2907:7)
#34     RenderProxyBoxMixin.performLayout (package:flutter/src/rendering/proxy_box.dart:118:18)
#35     RenderObject.layout (package:flutter/src/rendering/object.dart:2907:7)
#36     RenderProxyBoxMixin.performLayout (package:flutter/src/rendering/proxy_box.dart:118:18)
#37     RenderObject.layout (package:flutter/src/rendering/object.dart:2907:7)
#38     RenderProxyBoxMixin.performLayout (package:flutter/src/rendering/proxy_box.dart:118:18)
#39     _RenderCustomClip.performLayout (package:flutter/src/rendering/proxy_box.dart:1549:11)
#40     RenderObject.layout (package:flutter/src/rendering/object.dart:2907:7)
#41     RenderPadding.performLayout (package:flutter/src/rendering/shifted_box.dart:262:12)
#42     RenderObject.layout (package:flutter/src/rendering/object.dart:2907:7)
#43     ChildLayoutHelper.layoutChild (package:flutter/src/rendering/layout_helper.dart:62:11)
#44     RenderStack._computeSize (package:flutter/src/rendering/stack.dart:647:43)
#45     RenderStack.performLayout (package:flutter/src/rendering/stack.dart:682:12)
#46     RenderObject.layout (package:flutter/src/rendering/object.dart:2907:7)
#47     RenderPadding.performLayout (package:flutter/src/rendering/shifted_box.dart:262:12)
#48     RenderObject.layout (package:flutter/src/rendering/object.dart:2907:7)
#49     RenderProxyBoxMixin.performLayout (package:flutter/src/rendering/proxy_box.dart:118:18)
#50     RenderObject.layout (package:flutter/src/rendering/object.dart:2907:7)
#51     RenderFractionallySizedOverflowBox.performLayout (package:flutter/src/rendering/shifted_box.dart:1298:14)
#52     RenderObject.layout (package:flutter/src/rendering/object.dart:2907:7)
#53     RenderConstrainedBox.performLayout (package:flutter/src/rendering/proxy_box.dart:296:14)
#54     RenderObject.layout (package:flutter/src/rendering/object.dart:2907:7)
#55     _RenderLayoutBuilder.performLayout (package:flutter/src/widgets/layout_builder.dart:449:14)
#56     RenderObject.layout (package:flutter/src/rendering/object.dart:2907:7)
#57     RenderPadding.performLayout (package:flutter/src/rendering/shifted_box.dart:262:12)
#58     RenderObject.layout (package:flutter/src/rendering/object.dart:2907:7)
#59     ChildLayoutHelper.layoutChild (package:flutter/src/rendering/layout_helper.dart:62:11)
#60     RenderStack._computeSize (package:flutter/src/rendering/stack.dart:647:43)
#61     RenderStack.performLayout (package:flutter/src/rendering/stack.dart:682:12)
#62     RenderObject.layout (package:flutter/src/rendering/object.dart:2907:7)
#63     RenderPadding.performLayout (package:flutter/src/rendering/shifted_box.dart:262:12)
#64     RenderObject.layout (package:flutter/src/rendering/object.dart:2907:7)
#65     MultiChildLayoutDelegate.layoutChild (package:flutter/src/rendering/custom_layout.dart:180:12)
#66     _ScaffoldLayout.performLayout (package:flutter/src/material/scaffold.dart:1113:7)
#67     MultiChildLayoutDelegate._callPerformLayout (package:flutter/src/rendering/custom_layout.dart:246:7)
#68     RenderCustomMultiChildLayoutBox.performLayout (package:flutter/src/rendering/custom_layout.dart:417:14)
#69     RenderObject.layout (package:flutter/src/rendering/object.dart:2907:7)
#70     RenderProxyBoxMixin.performLayout (package:flutter/src/rendering/proxy_box.dart:118:18)
#71     RenderObject.layout (package:flutter/src/rendering/object.dart:2907:7)
#72     RenderProxyBoxMixin.performLayout (package:flutter/src/rendering/proxy_box.dart:118:18)
#73     _RenderCustomClip.performLayout (package:flutter/src/rendering/proxy_box.dart:1549:11)
#74     RenderObject.layout (package:flutter/src/rendering/object.dart:2907:7)
#75     RenderProxyBoxMixin.performLayout (package:flutter/src/rendering/proxy_box.dart:118:18)
#76     RenderObject.layout (package:flutter/src/rendering/object.dart:2907:7)
#77     RenderProxyBoxMixin.performLayout (package:flutter/src/rendering/proxy_box.dart:118:18)
#78     RenderObject.layout (package:flutter/src/rendering/object.dart:2907:7)
#79     RenderProxyBoxMixin.performLayout (package:flutter/src/rendering/proxy_box.dart:118:18)
#80     RenderObject.layout (package:flutter/src/rendering/object.dart:2907:7)
#81     RenderProxyBoxMixin.performLayout (package:flutter/src/rendering/proxy_box.dart:118:18)
#82     RenderObject.layout (package:flutter/src/rendering/object.dart:2907:7)
#83     RenderProxyBoxMixin.performLayout (package:flutter/src/rendering/proxy_box.dart:118:18)
#84     RenderObject.layout (package:flutter/src/rendering/object.dart:2907:7)
#85     RenderProxyBoxMixin.performLayout (package:flutter/src/rendering/proxy_box.dart:118:18)
#86     RenderObject.layout (package:flutter/src/rendering/object.dart:2907:7)
#87     RenderProxyBoxMixin.performLayout (package:flutter/src/rendering/proxy_box.dart:118:18)
#88     RenderObject.layout (package:flutter/src/rendering/object.dart:2907:7)
#89     RenderProxyBoxMixin.performLayout (package:flutter/src/rendering/proxy_box.dart:118:18)
#90     RenderObject.layout (package:flutter/src/rendering/object.dart:2907:7)
#91     RenderProxyBoxMixin.performLayout (package:flutter/src/rendering/proxy_box.dart:118:18)
#92     RenderObject.layout (package:flutter/src/rendering/object.dart:2907:7)
#93     RenderProxyBoxMixin.performLayout (package:flutter/src/rendering/proxy_box.dart:118:18)
#94     RenderObject.layout (package:flutter/src/rendering/object.dart:2907:7)
#95     RenderProxyBoxMixin.performLayout (package:flutter/src/rendering/proxy_box.dart:118:18)
#96     RenderObject.layout (package:flutter/src/rendering/object.dart:2907:7)
#97     RenderProxyBoxMixin.performLayout (package:flutter/src/rendering/proxy_box.dart:118:18)
#98     RenderObject.layout (package:flutter/src/rendering/object.dart:2907:7)
#99     RenderProxyBoxMixin.performLayout (package:flutter/src/rendering/proxy_box.dart:118:18)
#100    RenderObject.layout (package:flutter/src/rendering/object.dart:2907:7)
#101    RenderProxyBoxMixin.performLayout (package:flutter/src/rendering/proxy_box.dart:118:18)
#102    RenderObject.layout (package:flutter/src/rendering/object.dart:2907:7)
#103    RenderProxyBoxMixin.performLayout (package:flutter/src/rendering/proxy_box.dart:118:18)
#104    RenderObject.layout (package:flutter/src/rendering/object.dart:2907:7)
#105    RenderProxyBoxMixin.performLayout (package:flutter/src/rendering/proxy_box.dart:118:18)
#106    RenderOffstage.performLayout (package:flutter/src/rendering/proxy_box.dart:3923:13)
#107    RenderObject.layout (package:flutter/src/rendering/object.dart:2907:7)
#108    RenderProxyBoxMixin.performLayout (package:flutter/src/rendering/proxy_box.dart:118:18)
#109    RenderObject.layout (package:flutter/src/rendering/object.dart:2907:7)
#110    _RenderTheaterMixin.layoutChild (package:flutter/src/widgets/overlay.dart:1124:13)
#111    _RenderTheater.performLayout (package:flutter/src/widgets/overlay.dart:1481:9)
#112    RenderObject.layout (package:flutter/src/rendering/object.dart:2907:7)
#113    RenderProxyBoxMixin.performLayout (package:flutter/src/rendering/proxy_box.dart:118:18)
#114    RenderObject.layout (package:flutter/src/rendering/object.dart:2907:7)
#115    RenderProxyBoxMixin.performLayout (package:flutter/src/rendering/proxy_box.dart:118:18)
#116    RenderObject.layout (package:flutter/src/rendering/object.dart:2907:7)
#117    RenderProxyBoxMixin.performLayout (package:flutter/src/rendering/proxy_box.dart:118:18)
#118    RenderObject.layout (package:flutter/src/rendering/object.dart:2907:7)
#119    RenderProxyBoxMixin.performLayout (package:flutter/src/rendering/proxy_box.dart:118:18)
#120    RenderCustomPaint.performLayout (package:flutter/src/rendering/custom_paint.dart:574:11)
#121    RenderObject.layout (package:flutter/src/rendering/object.dart:2907:7)
#122    RenderProxyBoxMixin.performLayout (package:flutter/src/rendering/proxy_box.dart:118:18)
#123    RenderObject.layout (package:flutter/src/rendering/object.dart:2907:7)
#124    RenderProxyBoxMixin.performLayout (package:flutter/src/rendering/proxy_box.dart:118:18)
#125    RenderObject.layout (package:flutter/src/rendering/object.dart:2907:7)
#126    RenderProxyBoxMixin.performLayout (package:flutter/src/rendering/proxy_box.dart:118:18)
#127    RenderObject.layout (package:flutter/src/rendering/object.dart:2907:7)
#128    RenderProxyBoxMixin.performLayout (package:flutter/src/rendering/proxy_box.dart:118:18)
#129    RenderObject.layout (package:flutter/src/rendering/object.dart:2907:7)
#130    RenderProxyBoxMixin.performLayout (package:flutter/src/rendering/proxy_box.dart:118:18)
#131    RenderObject.layout (package:flutter/src/rendering/object.dart:2907:7)
#132    RenderProxyBoxMixin.performLayout (package:flutter/src/rendering/proxy_box.dart:118:18)
#133    RenderObject.layout (package:flutter/src/rendering/object.dart:2907:7)
#134    RenderView.performLayout (package:flutter/src/rendering/view.dart:292:12)
#135    RenderObject._layoutWithoutResize (package:flutter/src/rendering/object.dart:2755:7)
#136    PipelineOwner.flushLayout (package:flutter/src/rendering/object.dart:1174:18)
#137    PipelineOwner.flushLayout (package:flutter/src/rendering/object.dart:1187:15)
#138    AutomatedTestWidgetsFlutterBinding.drawFrame (package:flutter_test/src/binding.dart:2433:27)
#139    RendererBinding._handlePersistentFrameCallback (package:flutter/src/rendering/binding.dart:509:5)
#140    SchedulerBinding._invokeFrameCallback (package:flutter/src/scheduler/binding.dart:1430:15)
#141    SchedulerBinding.handleDrawFrame (package:flutter/src/scheduler/binding.dart:1345:9)
#142    AutomatedTestWidgetsFlutterBinding.pump.<anonymous closure> (package:flutter_test/src/binding.dart:2260:9)
#145    TestAsyncUtils.guard (package:flutter_test/src/test_async_utils.dart:74:41)
#146    AutomatedTestWidgetsFlutterBinding.pump (package:flutter_test/src/binding.dart:2249:27)
#147    WidgetTester.pumpWidget.<anonymous closure> (package:flutter_test/src/widget_tester.dart:598:22)
#150    TestAsyncUtils.guard (package:flutter_test/src/test_async_utils.dart:74:41)
#151    WidgetTester.pumpWidget (package:flutter_test/src/widget_tester.dart:595:27)
#152    main.<anonymous closure>.<anonymous closure> (file:///Y:/AndroidStudioProject/Github/expert-project/test/presentation/pages/tv_detail_page_test.dart:100:20)
#153    testWidgets.<anonymous closure>.<anonymous closure> (package:flutter_test/src/widget_tester.dart:192:29)
<asynchronous suspension>
#154    TestWidgetsFlutterBinding._runTestBody (package:flutter_test/src/binding.dart:1952:5)
<asynchronous suspension>
<asynchronous suspension>
(elided 7 frames from class _AssertionError, dart:async, and package:stack_trace)

The following RenderObject was being processed when the exception was fired: RenderSemanticsAnnotations#cc673 relayoutBoundary=up18 NEEDS-LAYOUT NEEDS-PAINT NEEDS-COMPOSITING-BITS-UPDATE:
  creator: Semantics ΓåÉ Listener ΓåÉ _GestureSemantics ΓåÉ
    RawGestureDetector-[LabeledGlobalKey<RawGestureDetectorState>#a649f] ΓåÉ Listener ΓåÉ _ScrollableScope
    ΓåÉ _ScrollSemantics-[GlobalKey#00c9a] ΓåÉ NotificationListener<ScrollMetricsNotification> ΓåÉ Transform
    ΓåÉ StretchEffect ΓåÉ ClipRect ΓåÉ AnimatedBuilder ΓåÉ Γï»
  parentData: <none> (can use size)
  constraints: BoxConstraints(0.0<=w<=768.0, 0.0<=h<=Infinity)
  size: MISSING
This RenderObject had the following descendants (showing up to depth 5):
    child: RenderIgnorePointer#62bfd relayoutBoundary=up19 NEEDS-PAINT NEEDS-COMPOSITING-BITS-UPDATE
      child: RenderViewport#bca08 NEEDS-PAINT NEEDS-COMPOSITING-BITS-UPDATE
        center child: RenderSliverPadding#0822a NEEDS-LAYOUT NEEDS-PAINT NEEDS-COMPOSITING-BITS-UPDATE
          child: RenderSliverList#66e92 NEEDS-LAYOUT NEEDS-PAINT
ΓòÉΓòÉΓòÉΓòÉΓòÉΓòÉΓòÉΓòÉΓòÉΓòÉΓòÉΓòÉΓòÉΓòÉΓòÉΓòÉΓòÉΓòÉΓòÉΓòÉΓòÉΓòÉΓòÉΓòÉΓòÉΓòÉΓòÉΓòÉΓòÉΓòÉΓòÉΓòÉΓòÉΓòÉΓòÉΓòÉΓòÉΓòÉΓòÉΓòÉΓòÉΓòÉΓòÉΓòÉΓòÉΓòÉΓòÉΓòÉΓòÉΓòÉΓòÉΓòÉΓòÉΓòÉΓòÉΓòÉΓòÉΓòÉΓòÉΓòÉΓòÉΓòÉΓòÉΓòÉΓòÉΓòÉΓòÉΓòÉΓòÉΓòÉΓòÉΓòÉΓòÉΓòÉΓòÉΓòÉΓòÉΓòÉΓòÉΓòÉΓòÉΓòÉΓòÉΓòÉΓòÉΓòÉΓòÉΓòÉΓòÉΓòÉΓòÉΓòÉΓòÉΓòÉΓòÉΓòÉΓòÉΓòÉΓòÉΓòÉ
ΓòÉΓòÉΓòí EXCEPTION CAUGHT BY RENDERING LIBRARY Γò₧ΓòÉΓòÉΓòÉΓòÉΓòÉΓòÉΓòÉΓòÉΓòÉΓòÉΓòÉΓòÉΓòÉΓòÉΓòÉΓòÉΓòÉΓòÉΓòÉΓòÉΓòÉΓòÉΓòÉΓòÉΓòÉΓòÉΓòÉΓòÉΓòÉΓòÉΓòÉΓòÉΓòÉΓòÉΓòÉΓòÉΓòÉΓòÉΓòÉΓòÉΓòÉΓòÉΓòÉΓòÉΓòÉΓòÉΓòÉΓòÉΓòÉΓòÉΓòÉΓòÉΓòÉΓòÉΓòÉΓòÉΓòÉ
The following assertion was thrown during performLayout():
RenderBox was not laid out: RenderSemanticsAnnotations#cc673 relayoutBoundary=up18 NEEDS-PAINT
NEEDS-COMPOSITING-BITS-UPDATE
'package:flutter/src/rendering/box.dart':
Failed assertion: line 2251 pos 12: 'hasSize'

Either the assertion indicates an error in the framework itself, or we should provide substantially
more information in this error message to help you determine and fix the underlying cause.
In either case, please report this assertion by filing a bug on GitHub:
  https://github.com/flutter/flutter/issues/new?template=02_bug.yml

The relevant error-causing widget was:
  ListView
  ListView:file:///Y:/AndroidStudioProject/Github/expert-project/lib/presentation/pages/tv_detail_page.dart:184:38

When the exception was thrown, this was the stack:
#2      RenderBox.size (package:flutter/src/rendering/box.dart:2251:12)
#3      RenderProxyBoxMixin.performLayout (package:flutter/src/rendering/proxy_box.dart:118:62)
#4      RenderObject.layout (package:flutter/src/rendering/object.dart:2907:7)
#5      RenderProxyBoxMixin.performLayout (package:flutter/src/rendering/proxy_box.dart:118:18)
#6      RenderObject.layout (package:flutter/src/rendering/object.dart:2907:7)
#7      RenderProxyBoxMixin.performLayout (package:flutter/src/rendering/proxy_box.dart:118:18)
#8      RenderObject.layout (package:flutter/src/rendering/object.dart:2907:7)
#9      RenderProxyBoxMixin.performLayout (package:flutter/src/rendering/proxy_box.dart:118:18)
#10     RenderObject.layout (package:flutter/src/rendering/object.dart:2907:7)
#11     RenderProxyBoxMixin.performLayout (package:flutter/src/rendering/proxy_box.dart:118:18)
#12     RenderObject.layout (package:flutter/src/rendering/object.dart:2907:7)
#13     RenderProxyBoxMixin.performLayout (package:flutter/src/rendering/proxy_box.dart:118:18)
#14     _RenderCustomClip.performLayout (package:flutter/src/rendering/proxy_box.dart:1549:11)
#15     RenderObject.layout (package:flutter/src/rendering/object.dart:2907:7)
#16     ChildLayoutHelper.layoutChild (package:flutter/src/rendering/layout_helper.dart:62:11)
#17     RenderFlex._computeSizes (package:flutter/src/rendering/flex.dart:1237:28)
#18     RenderFlex.performLayout (package:flutter/src/rendering/flex.dart:1329:32)
#19     RenderObject.layout (package:flutter/src/rendering/object.dart:2907:7)
#20     _RenderSingleChildViewport.performLayout (package:flutter/src/widgets/single_child_scroll_view.dart:502:14)
#21     RenderObject.layout (package:flutter/src/rendering/object.dart:2907:7)
#22     RenderProxyBoxMixin.performLayout (package:flutter/src/rendering/proxy_box.dart:118:18)
#23     RenderObject.layout (package:flutter/src/rendering/object.dart:2907:7)
#24     RenderProxyBoxMixin.performLayout (package:flutter/src/rendering/proxy_box.dart:118:18)
#25     RenderObject.layout (package:flutter/src/rendering/object.dart:2907:7)
#26     RenderProxyBoxMixin.performLayout (package:flutter/src/rendering/proxy_box.dart:118:18)
#27     RenderObject.layout (package:flutter/src/rendering/object.dart:2907:7)
#28     RenderProxyBoxMixin.performLayout (package:flutter/src/rendering/proxy_box.dart:118:18)
#29     RenderObject.layout (package:flutter/src/rendering/object.dart:2907:7)
#30     RenderProxyBoxMixin.performLayout (package:flutter/src/rendering/proxy_box.dart:118:18)
#31     RenderObject.layout (package:flutter/src/rendering/object.dart:2907:7)
#32     RenderProxyBoxMixin.performLayout (package:flutter/src/rendering/proxy_box.dart:118:18)
#33     RenderObject.layout (package:flutter/src/rendering/object.dart:2907:7)
#34     RenderProxyBoxMixin.performLayout (package:flutter/src/rendering/proxy_box.dart:118:18)
#35     RenderObject.layout (package:flutter/src/rendering/object.dart:2907:7)
#36     RenderProxyBoxMixin.performLayout (package:flutter/src/rendering/proxy_box.dart:118:18)
#37     _RenderCustomClip.performLayout (package:flutter/src/rendering/proxy_box.dart:1549:11)
#38     RenderObject.layout (package:flutter/src/rendering/object.dart:2907:7)
#39     RenderPadding.performLayout (package:flutter/src/rendering/shifted_box.dart:262:12)
#40     RenderObject.layout (package:flutter/src/rendering/object.dart:2907:7)
#41     ChildLayoutHelper.layoutChild (package:flutter/src/rendering/layout_helper.dart:62:11)
#42     RenderStack._computeSize (package:flutter/src/rendering/stack.dart:647:43)
#43     RenderStack.performLayout (package:flutter/src/rendering/stack.dart:682:12)
#44     RenderObject.layout (package:flutter/src/rendering/object.dart:2907:7)
#45     RenderPadding.performLayout (package:flutter/src/rendering/shifted_box.dart:262:12)
#46     RenderObject.layout (package:flutter/src/rendering/object.dart:2907:7)
#47     RenderProxyBoxMixin.performLayout (package:flutter/src/rendering/proxy_box.dart:118:18)
#48     RenderObject.layout (package:flutter/src/rendering/object.dart:2907:7)
#49     RenderFractionallySizedOverflowBox.performLayout (package:flutter/src/rendering/shifted_box.dart:1298:14)
#50     RenderObject.layout (package:flutter/src/rendering/object.dart:2907:7)
#51     RenderConstrainedBox.performLayout (package:flutter/src/rendering/proxy_box.dart:296:14)
#52     RenderObject.layout (package:flutter/src/rendering/object.dart:2907:7)
#53     _RenderLayoutBuilder.performLayout (package:flutter/src/widgets/layout_builder.dart:449:14)
#54     RenderObject.layout (package:flutter/src/rendering/object.dart:2907:7)
#55     RenderPadding.performLayout (package:flutter/src/rendering/shifted_box.dart:262:12)
#56     RenderObject.layout (package:flutter/src/rendering/object.dart:2907:7)
#57     ChildLayoutHelper.layoutChild (package:flutter/src/rendering/layout_helper.dart:62:11)
#58     RenderStack._computeSize (package:flutter/src/rendering/stack.dart:647:43)
#59     RenderStack.performLayout (package:flutter/src/rendering/stack.dart:682:12)
#60     RenderObject.layout (package:flutter/src/rendering/object.dart:2907:7)
#61     RenderPadding.performLayout (package:flutter/src/rendering/shifted_box.dart:262:12)
#62     RenderObject.layout (package:flutter/src/rendering/object.dart:2907:7)
#63     MultiChildLayoutDelegate.layoutChild (package:flutter/src/rendering/custom_layout.dart:180:12)
#64     _ScaffoldLayout.performLayout (package:flutter/src/material/scaffold.dart:1113:7)
#65     MultiChildLayoutDelegate._callPerformLayout (package:flutter/src/rendering/custom_layout.dart:246:7)
#66     RenderCustomMultiChildLayoutBox.performLayout (package:flutter/src/rendering/custom_layout.dart:417:14)
#67     RenderObject.layout (package:flutter/src/rendering/object.dart:2907:7)
#68     RenderProxyBoxMixin.performLayout (package:flutter/src/rendering/proxy_box.dart:118:18)
#69     RenderObject.layout (package:flutter/src/rendering/object.dart:2907:7)
#70     RenderProxyBoxMixin.performLayout (package:flutter/src/rendering/proxy_box.dart:118:18)
#71     _RenderCustomClip.performLayout (package:flutter/src/rendering/proxy_box.dart:1549:11)
#72     RenderObject.layout (package:flutter/src/rendering/object.dart:2907:7)
#73     RenderProxyBoxMixin.performLayout (package:flutter/src/rendering/proxy_box.dart:118:18)
#74     RenderObject.layout (package:flutter/src/rendering/object.dart:2907:7)
#75     RenderProxyBoxMixin.performLayout (package:flutter/src/rendering/proxy_box.dart:118:18)
#76     RenderObject.layout (package:flutter/src/rendering/object.dart:2907:7)
#77     RenderProxyBoxMixin.performLayout (package:flutter/src/rendering/proxy_box.dart:118:18)
#78     RenderObject.layout (package:flutter/src/rendering/object.dart:2907:7)
#79     RenderProxyBoxMixin.performLayout (package:flutter/src/rendering/proxy_box.dart:118:18)
#80     RenderObject.layout (package:flutter/src/rendering/object.dart:2907:7)
#81     RenderProxyBoxMixin.performLayout (package:flutter/src/rendering/proxy_box.dart:118:18)
#82     RenderObject.layout (package:flutter/src/rendering/object.dart:2907:7)
#83     RenderProxyBoxMixin.performLayout (package:flutter/src/rendering/proxy_box.dart:118:18)
#84     RenderObject.layout (package:flutter/src/rendering/object.dart:2907:7)
#85     RenderProxyBoxMixin.performLayout (package:flutter/src/rendering/proxy_box.dart:118:18)
#86     RenderObject.layout (package:flutter/src/rendering/object.dart:2907:7)
#87     RenderProxyBoxMixin.performLayout (package:flutter/src/rendering/proxy_box.dart:118:18)
#88     RenderObject.layout (package:flutter/src/rendering/object.dart:2907:7)
#89     RenderProxyBoxMixin.performLayout (package:flutter/src/rendering/proxy_box.dart:118:18)
#90     RenderObject.layout (package:flutter/src/rendering/object.dart:2907:7)
#91     RenderProxyBoxMixin.performLayout (package:flutter/src/rendering/proxy_box.dart:118:18)
#92     RenderObject.layout (package:flutter/src/rendering/object.dart:2907:7)
#93     RenderProxyBoxMixin.performLayout (package:flutter/src/rendering/proxy_box.dart:118:18)
#94     RenderObject.layout (package:flutter/src/rendering/object.dart:2907:7)
#95     RenderProxyBoxMixin.performLayout (package:flutter/src/rendering/proxy_box.dart:118:18)
#96     RenderObject.layout (package:flutter/src/rendering/object.dart:2907:7)
#97     RenderProxyBoxMixin.performLayout (package:flutter/src/rendering/proxy_box.dart:118:18)
#98     RenderObject.layout (package:flutter/src/rendering/object.dart:2907:7)
#99     RenderProxyBoxMixin.performLayout (package:flutter/src/rendering/proxy_box.dart:118:18)
#100    RenderObject.layout (package:flutter/src/rendering/object.dart:2907:7)
#101    RenderProxyBoxMixin.performLayout (package:flutter/src/rendering/proxy_box.dart:118:18)
#102    RenderObject.layout (package:flutter/src/rendering/object.dart:2907:7)
#103    RenderProxyBoxMixin.performLayout (package:flutter/src/rendering/proxy_box.dart:118:18)
#104    RenderOffstage.performLayout (package:flutter/src/rendering/proxy_box.dart:3923:13)
#105    RenderObject.layout (package:flutter/src/rendering/object.dart:2907:7)
#106    RenderProxyBoxMixin.performLayout (package:flutter/src/rendering/proxy_box.dart:118:18)
#107    RenderObject.layout (package:flutter/src/rendering/object.dart:2907:7)
#108    _RenderTheaterMixin.layoutChild (package:flutter/src/widgets/overlay.dart:1124:13)
#109    _RenderTheater.performLayout (package:flutter/src/widgets/overlay.dart:1481:9)
#110    RenderObject.layout (package:flutter/src/rendering/object.dart:2907:7)
#111    RenderProxyBoxMixin.performLayout (package:flutter/src/rendering/proxy_box.dart:118:18)
#112    RenderObject.layout (package:flutter/src/rendering/object.dart:2907:7)
#113    RenderProxyBoxMixin.performLayout (package:flutter/src/rendering/proxy_box.dart:118:18)
#114    RenderObject.layout (package:flutter/src/rendering/object.dart:2907:7)
#115    RenderProxyBoxMixin.performLayout (package:flutter/src/rendering/proxy_box.dart:118:18)
#116    RenderObject.layout (package:flutter/src/rendering/object.dart:2907:7)
#117    RenderProxyBoxMixin.performLayout (package:flutter/src/rendering/proxy_box.dart:118:18)
#118    RenderCustomPaint.performLayout (package:flutter/src/rendering/custom_paint.dart:574:11)
#119    RenderObject.layout (package:flutter/src/rendering/object.dart:2907:7)
#120    RenderProxyBoxMixin.performLayout (package:flutter/src/rendering/proxy_box.dart:118:18)
#121    RenderObject.layout (package:flutter/src/rendering/object.dart:2907:7)
#122    RenderProxyBoxMixin.performLayout (package:flutter/src/rendering/proxy_box.dart:118:18)
#123    RenderObject.layout (package:flutter/src/rendering/object.dart:2907:7)
#124    RenderProxyBoxMixin.performLayout (package:flutter/src/rendering/proxy_box.dart:118:18)
#125    RenderObject.layout (package:flutter/src/rendering/object.dart:2907:7)
#126    RenderProxyBoxMixin.performLayout (package:flutter/src/rendering/proxy_box.dart:118:18)
#127    RenderObject.layout (package:flutter/src/rendering/object.dart:2907:7)
#128    RenderProxyBoxMixin.performLayout (package:flutter/src/rendering/proxy_box.dart:118:18)
#129    RenderObject.layout (package:flutter/src/rendering/object.dart:2907:7)
#130    RenderProxyBoxMixin.performLayout (package:flutter/src/rendering/proxy_box.dart:118:18)
#131    RenderObject.layout (package:flutter/src/rendering/object.dart:2907:7)
#132    RenderView.performLayout (package:flutter/src/rendering/view.dart:292:12)
#133    RenderObject._layoutWithoutResize (package:flutter/src/rendering/object.dart:2755:7)
#134    PipelineOwner.flushLayout (package:flutter/src/rendering/object.dart:1174:18)
#135    PipelineOwner.flushLayout (package:flutter/src/rendering/object.dart:1187:15)
#136    AutomatedTestWidgetsFlutterBinding.drawFrame (package:flutter_test/src/binding.dart:2433:27)
#137    RendererBinding._handlePersistentFrameCallback (package:flutter/src/rendering/binding.dart:509:5)
#138    SchedulerBinding._invokeFrameCallback (package:flutter/src/scheduler/binding.dart:1430:15)
#139    SchedulerBinding.handleDrawFrame (package:flutter/src/scheduler/binding.dart:1345:9)
#140    AutomatedTestWidgetsFlutterBinding.pump.<anonymous closure> (package:flutter_test/src/binding.dart:2260:9)
#143    TestAsyncUtils.guard (package:flutter_test/src/test_async_utils.dart:74:41)
#144    AutomatedTestWidgetsFlutterBinding.pump (package:flutter_test/src/binding.dart:2249:27)
#145    WidgetTester.pumpWidget.<anonymous closure> (package:flutter_test/src/widget_tester.dart:598:22)
#148    TestAsyncUtils.guard (package:flutter_test/src/test_async_utils.dart:74:41)
#149    WidgetTester.pumpWidget (package:flutter_test/src/widget_tester.dart:595:27)
#150    main.<anonymous closure>.<anonymous closure> (file:///Y:/AndroidStudioProject/Github/expert-project/test/presentation/pages/tv_detail_page_test.dart:100:20)
#151    testWidgets.<anonymous closure>.<anonymous closure> (package:flutter_test/src/widget_tester.dart:192:29)
<asynchronous suspension>
#152    TestWidgetsFlutterBinding._runTestBody (package:flutter_test/src/binding.dart:1952:5)
<asynchronous suspension>
<asynchronous suspension>
(elided 7 frames from class _AssertionError, dart:async, and package:stack_trace)

The following RenderObject was being processed when the exception was fired: RenderPointerListener#46436 relayoutBoundary=up17 NEEDS-LAYOUT NEEDS-PAINT NEEDS-COMPOSITING-BITS-UPDATE:
  creator: Listener ΓåÉ _GestureSemantics ΓåÉ
    RawGestureDetector-[LabeledGlobalKey<RawGestureDetectorState>#a649f] ΓåÉ Listener ΓåÉ _ScrollableScope
    ΓåÉ _ScrollSemantics-[GlobalKey#00c9a] ΓåÉ NotificationListener<ScrollMetricsNotification> ΓåÉ Transform
    ΓåÉ StretchEffect ΓåÉ ClipRect ΓåÉ AnimatedBuilder ΓåÉ NotificationListener<ScrollNotification> ΓåÉ Γï»
  parentData: <none> (can use size)
  constraints: BoxConstraints(0.0<=w<=768.0, 0.0<=h<=Infinity)
  size: MISSING
  behavior: opaque
  listeners: down, panZoomStart
This RenderObject had the following descendants (showing up to depth 5):
    child: RenderSemanticsAnnotations#cc673 relayoutBoundary=up18 NEEDS-PAINT NEEDS-COMPOSITING-BITS-UPDATE
      child: RenderIgnorePointer#62bfd relayoutBoundary=up19 NEEDS-PAINT NEEDS-COMPOSITING-BITS-UPDATE
        child: RenderViewport#bca08 NEEDS-PAINT NEEDS-COMPOSITING-BITS-UPDATE
          center child: RenderSliverPadding#0822a NEEDS-LAYOUT NEEDS-PAINT NEEDS-COMPOSITING-BITS-UPDATE
            child: RenderSliverList#66e92 NEEDS-LAYOUT NEEDS-PAINT
ΓòÉΓòÉΓòÉΓòÉΓòÉΓòÉΓòÉΓòÉΓòÉΓòÉΓòÉΓòÉΓòÉΓòÉΓòÉΓòÉΓòÉΓòÉΓòÉΓòÉΓòÉΓòÉΓòÉΓòÉΓòÉΓòÉΓòÉΓòÉΓòÉΓòÉΓòÉΓòÉΓòÉΓòÉΓòÉΓòÉΓòÉΓòÉΓòÉΓòÉΓòÉΓòÉΓòÉΓòÉΓòÉΓòÉΓòÉΓòÉΓòÉΓòÉΓòÉΓòÉΓòÉΓòÉΓòÉΓòÉΓòÉΓòÉΓòÉΓòÉΓòÉΓòÉΓòÉΓòÉΓòÉΓòÉΓòÉΓòÉΓòÉΓòÉΓòÉΓòÉΓòÉΓòÉΓòÉΓòÉΓòÉΓòÉΓòÉΓòÉΓòÉΓòÉΓòÉΓòÉΓòÉΓòÉΓòÉΓòÉΓòÉΓòÉΓòÉΓòÉΓòÉΓòÉΓòÉΓòÉΓòÉΓòÉΓòÉΓòÉ
ΓòÉΓòÉΓòí EXCEPTION CAUGHT BY RENDERING LIBRARY Γò₧ΓòÉΓòÉΓòÉΓòÉΓòÉΓòÉΓòÉΓòÉΓòÉΓòÉΓòÉΓòÉΓòÉΓòÉΓòÉΓòÉΓòÉΓòÉΓòÉΓòÉΓòÉΓòÉΓòÉΓòÉΓòÉΓòÉΓòÉΓòÉΓòÉΓòÉΓòÉΓòÉΓòÉΓòÉΓòÉΓòÉΓòÉΓòÉΓòÉΓòÉΓòÉΓòÉΓòÉΓòÉΓòÉΓòÉΓòÉΓòÉΓòÉΓòÉΓòÉΓòÉΓòÉΓòÉΓòÉΓòÉΓòÉ
The following assertion was thrown during performLayout():
RenderBox was not laid out: RenderPointerListener#46436 relayoutBoundary=up17 NEEDS-PAINT
NEEDS-COMPOSITING-BITS-UPDATE
'package:flutter/src/rendering/box.dart':
Failed assertion: line 2251 pos 12: 'hasSize'

Either the assertion indicates an error in the framework itself, or we should provide substantially
more information in this error message to help you determine and fix the underlying cause.
In either case, please report this assertion by filing a bug on GitHub:
  https://github.com/flutter/flutter/issues/new?template=02_bug.yml

The relevant error-causing widget was:
  ListView
  ListView:file:///Y:/AndroidStudioProject/Github/expert-project/lib/presentation/pages/tv_detail_page.dart:184:38

When the exception was thrown, this was the stack:
#2      RenderBox.size (package:flutter/src/rendering/box.dart:2251:12)
#3      RenderProxyBoxMixin.performLayout (package:flutter/src/rendering/proxy_box.dart:118:62)
#4      RenderObject.layout (package:flutter/src/rendering/object.dart:2907:7)
#5      RenderProxyBoxMixin.performLayout (package:flutter/src/rendering/proxy_box.dart:118:18)
#6      RenderObject.layout (package:flutter/src/rendering/object.dart:2907:7)
#7      RenderProxyBoxMixin.performLayout (package:flutter/src/rendering/proxy_box.dart:118:18)
#8      RenderObject.layout (package:flutter/src/rendering/object.dart:2907:7)
#9      RenderProxyBoxMixin.performLayout (package:flutter/src/rendering/proxy_box.dart:118:18)
#10     RenderObject.layout (package:flutter/src/rendering/object.dart:2907:7)
#11     RenderProxyBoxMixin.performLayout (package:flutter/src/rendering/proxy_box.dart:118:18)
#12     _RenderCustomClip.performLayout (package:flutter/src/rendering/proxy_box.dart:1549:11)
#13     RenderObject.layout (package:flutter/src/rendering/object.dart:2907:7)
#14     ChildLayoutHelper.layoutChild (package:flutter/src/rendering/layout_helper.dart:62:11)
#15     RenderFlex._computeSizes (package:flutter/src/rendering/flex.dart:1237:28)
#16     RenderFlex.performLayout (package:flutter/src/rendering/flex.dart:1329:32)
#17     RenderObject.layout (package:flutter/src/rendering/object.dart:2907:7)
#18     _RenderSingleChildViewport.performLayout (package:flutter/src/widgets/single_child_scroll_view.dart:502:14)
#19     RenderObject.layout (package:flutter/src/rendering/object.dart:2907:7)
#20     RenderProxyBoxMixin.performLayout (package:flutter/src/rendering/proxy_box.dart:118:18)
#21     RenderObject.layout (package:flutter/src/rendering/object.dart:2907:7)
#22     RenderProxyBoxMixin.performLayout (package:flutter/src/rendering/proxy_box.dart:118:18)
#23     RenderObject.layout (package:flutter/src/rendering/object.dart:2907:7)
#24     RenderProxyBoxMixin.performLayout (package:flutter/src/rendering/proxy_box.dart:118:18)
#25     RenderObject.layout (package:flutter/src/rendering/object.dart:2907:7)
#26     RenderProxyBoxMixin.performLayout (package:flutter/src/rendering/proxy_box.dart:118:18)
#27     RenderObject.layout (package:flutter/src/rendering/object.dart:2907:7)
#28     RenderProxyBoxMixin.performLayout (package:flutter/src/rendering/proxy_box.dart:118:18)
#29     RenderObject.layout (package:flutter/src/rendering/object.dart:2907:7)
#30     RenderProxyBoxMixin.performLayout (package:flutter/src/rendering/proxy_box.dart:118:18)
#31     RenderObject.layout (package:flutter/src/rendering/object.dart:2907:7)
#32     RenderProxyBoxMixin.performLayout (package:flutter/src/rendering/proxy_box.dart:118:18)
#33     RenderObject.layout (package:flutter/src/rendering/object.dart:2907:7)
#34     RenderProxyBoxMixin.performLayout (package:flutter/src/rendering/proxy_box.dart:118:18)
#35     _RenderCustomClip.performLayout (package:flutter/src/rendering/proxy_box.dart:1549:11)
#36     RenderObject.layout (package:flutter/src/rendering/object.dart:2907:7)
#37     RenderPadding.performLayout (package:flutter/src/rendering/shifted_box.dart:262:12)
#38     RenderObject.layout (package:flutter/src/rendering/object.dart:2907:7)
#39     ChildLayoutHelper.layoutChild (package:flutter/src/rendering/layout_helper.dart:62:11)
#40     RenderStack._computeSize (package:flutter/src/rendering/stack.dart:647:43)
#41     RenderStack.performLayout (package:flutter/src/rendering/stack.dart:682:12)
#42     RenderObject.layout (package:flutter/src/rendering/object.dart:2907:7)
#43     RenderPadding.performLayout (package:flutter/src/rendering/shifted_box.dart:262:12)
#44     RenderObject.layout (package:flutter/src/rendering/object.dart:2907:7)
#45     RenderProxyBoxMixin.performLayout (package:flutter/src/rendering/proxy_box.dart:118:18)
#46     RenderObject.layout (package:flutter/src/rendering/object.dart:2907:7)
#47     RenderFractionallySizedOverflowBox.performLayout (package:flutter/src/rendering/shifted_box.dart:1298:14)
#48     RenderObject.layout (package:flutter/src/rendering/object.dart:2907:7)
#49     RenderConstrainedBox.performLayout (package:flutter/src/rendering/proxy_box.dart:296:14)
#50     RenderObject.layout (package:flutter/src/rendering/object.dart:2907:7)
#51     _RenderLayoutBuilder.performLayout (package:flutter/src/widgets/layout_builder.dart:449:14)
#52     RenderObject.layout (package:flutter/src/rendering/object.dart:2907:7)
#53     RenderPadding.performLayout (package:flutter/src/rendering/shifted_box.dart:262:12)
#54     RenderObject.layout (package:flutter/src/rendering/object.dart:2907:7)
#55     ChildLayoutHelper.layoutChild (package:flutter/src/rendering/layout_helper.dart:62:11)
#56     RenderStack._computeSize (package:flutter/src/rendering/stack.dart:647:43)
#57     RenderStack.performLayout (package:flutter/src/rendering/stack.dart:682:12)
#58     RenderObject.layout (package:flutter/src/rendering/object.dart:2907:7)
#59     RenderPadding.performLayout (package:flutter/src/rendering/shifted_box.dart:262:12)
#60     RenderObject.layout (package:flutter/src/rendering/object.dart:2907:7)
#61     MultiChildLayoutDelegate.layoutChild (package:flutter/src/rendering/custom_layout.dart:180:12)
#62     _ScaffoldLayout.performLayout (package:flutter/src/material/scaffold.dart:1113:7)
#63     MultiChildLayoutDelegate._callPerformLayout (package:flutter/src/rendering/custom_layout.dart:246:7)
#64     RenderCustomMultiChildLayoutBox.performLayout (package:flutter/src/rendering/custom_layout.dart:417:14)
#65     RenderObject.layout (package:flutter/src/rendering/object.dart:2907:7)
#66     RenderProxyBoxMixin.performLayout (package:flutter/src/rendering/proxy_box.dart:118:18)
#67     RenderObject.layout (package:flutter/src/rendering/object.dart:2907:7)
#68     RenderProxyBoxMixin.performLayout (package:flutter/src/rendering/proxy_box.dart:118:18)
#69     _RenderCustomClip.performLayout (package:flutter/src/rendering/proxy_box.dart:1549:11)
#70     RenderObject.layout (package:flutter/src/rendering/object.dart:2907:7)
#71     RenderProxyBoxMixin.performLayout (package:flutter/src/rendering/proxy_box.dart:118:18)
#72     RenderObject.layout (package:flutter/src/rendering/object.dart:2907:7)
#73     RenderProxyBoxMixin.performLayout (package:flutter/src/rendering/proxy_box.dart:118:18)
#74     RenderObject.layout (package:flutter/src/rendering/object.dart:2907:7)
#75     RenderProxyBoxMixin.performLayout (package:flutter/src/rendering/proxy_box.dart:118:18)
#76     RenderObject.layout (package:flutter/src/rendering/object.dart:2907:7)
#77     RenderProxyBoxMixin.performLayout (package:flutter/src/rendering/proxy_box.dart:118:18)
#78     RenderObject.layout (package:flutter/src/rendering/object.dart:2907:7)
#79     RenderProxyBoxMixin.performLayout (package:flutter/src/rendering/proxy_box.dart:118:18)
#80     RenderObject.layout (package:flutter/src/rendering/object.dart:2907:7)
#81     RenderProxyBoxMixin.performLayout (package:flutter/src/rendering/proxy_box.dart:118:18)
#82     RenderObject.layout (package:flutter/src/rendering/object.dart:2907:7)
#83     RenderProxyBoxMixin.performLayout (package:flutter/src/rendering/proxy_box.dart:118:18)
#84     RenderObject.layout (package:flutter/src/rendering/object.dart:2907:7)
#85     RenderProxyBoxMixin.performLayout (package:flutter/src/rendering/proxy_box.dart:118:18)
#86     RenderObject.layout (package:flutter/src/rendering/object.dart:2907:7)
#87     RenderProxyBoxMixin.performLayout (package:flutter/src/rendering/proxy_box.dart:118:18)
#88     RenderObject.layout (package:flutter/src/rendering/object.dart:2907:7)
#89     RenderProxyBoxMixin.performLayout (package:flutter/src/rendering/proxy_box.dart:118:18)
#90     RenderObject.layout (package:flutter/src/rendering/object.dart:2907:7)
#91     RenderProxyBoxMixin.performLayout (package:flutter/src/rendering/proxy_box.dart:118:18)
#92     RenderObject.layout (package:flutter/src/rendering/object.dart:2907:7)
#93     RenderProxyBoxMixin.performLayout (package:flutter/src/rendering/proxy_box.dart:118:18)
#94     RenderObject.layout (package:flutter/src/rendering/object.dart:2907:7)
#95     RenderProxyBoxMixin.performLayout (package:flutter/src/rendering/proxy_box.dart:118:18)
#96     RenderObject.layout (package:flutter/src/rendering/object.dart:2907:7)
#97     RenderProxyBoxMixin.performLayout (package:flutter/src/rendering/proxy_box.dart:118:18)
#98     RenderObject.layout (package:flutter/src/rendering/object.dart:2907:7)
#99     RenderProxyBoxMixin.performLayout (package:flutter/src/rendering/proxy_box.dart:118:18)
#100    RenderObject.layout (package:flutter/src/rendering/object.dart:2907:7)
#101    RenderProxyBoxMixin.performLayout (package:flutter/src/rendering/proxy_box.dart:118:18)
#102    RenderOffstage.performLayout (package:flutter/src/rendering/proxy_box.dart:3923:13)
#103    RenderObject.layout (package:flutter/src/rendering/object.dart:2907:7)
#104    RenderProxyBoxMixin.performLayout (package:flutter/src/rendering/proxy_box.dart:118:18)
#105    RenderObject.layout (package:flutter/src/rendering/object.dart:2907:7)
#106    _RenderTheaterMixin.layoutChild (package:flutter/src/widgets/overlay.dart:1124:13)
#107    _RenderTheater.performLayout (package:flutter/src/widgets/overlay.dart:1481:9)
#108    RenderObject.layout (package:flutter/src/rendering/object.dart:2907:7)
#109    RenderProxyBoxMixin.performLayout (package:flutter/src/rendering/proxy_box.dart:118:18)
#110    RenderObject.layout (package:flutter/src/rendering/object.dart:2907:7)
#111    RenderProxyBoxMixin.performLayout (package:flutter/src/rendering/proxy_box.dart:118:18)
#112    RenderObject.layout (package:flutter/src/rendering/object.dart:2907:7)
#113    RenderProxyBoxMixin.performLayout (package:flutter/src/rendering/proxy_box.dart:118:18)
#114    RenderObject.layout (package:flutter/src/rendering/object.dart:2907:7)
#115    RenderProxyBoxMixin.performLayout (package:flutter/src/rendering/proxy_box.dart:118:18)
#116    RenderCustomPaint.performLayout (package:flutter/src/rendering/custom_paint.dart:574:11)
#117    RenderObject.layout (package:flutter/src/rendering/object.dart:2907:7)
#118    RenderProxyBoxMixin.performLayout (package:flutter/src/rendering/proxy_box.dart:118:18)
#119    RenderObject.layout (package:flutter/src/rendering/object.dart:2907:7)
#120    RenderProxyBoxMixin.performLayout (package:flutter/src/rendering/proxy_box.dart:118:18)
#121    RenderObject.layout (package:flutter/src/rendering/object.dart:2907:7)
#122    RenderProxyBoxMixin.performLayout (package:flutter/src/rendering/proxy_box.dart:118:18)
#123    RenderObject.layout (package:flutter/src/rendering/object.dart:2907:7)
#124    RenderProxyBoxMixin.performLayout (package:flutter/src/rendering/proxy_box.dart:118:18)
#125    RenderObject.layout (package:flutter/src/rendering/object.dart:2907:7)
#126    RenderProxyBoxMixin.performLayout (package:flutter/src/rendering/proxy_box.dart:118:18)
#127    RenderObject.layout (package:flutter/src/rendering/object.dart:2907:7)
#128    RenderProxyBoxMixin.performLayout (package:flutter/src/rendering/proxy_box.dart:118:18)
#129    RenderObject.layout (package:flutter/src/rendering/object.dart:2907:7)
#130    RenderView.performLayout (package:flutter/src/rendering/view.dart:292:12)
#131    RenderObject._layoutWithoutResize (package:flutter/src/rendering/object.dart:2755:7)
#132    PipelineOwner.flushLayout (package:flutter/src/rendering/object.dart:1174:18)
#133    PipelineOwner.flushLayout (package:flutter/src/rendering/object.dart:1187:15)
#134    AutomatedTestWidgetsFlutterBinding.drawFrame (package:flutter_test/src/binding.dart:2433:27)
#135    RendererBinding._handlePersistentFrameCallback (package:flutter/src/rendering/binding.dart:509:5)
#136    SchedulerBinding._invokeFrameCallback (package:flutter/src/scheduler/binding.dart:1430:15)
#137    SchedulerBinding.handleDrawFrame (package:flutter/src/scheduler/binding.dart:1345:9)
#138    AutomatedTestWidgetsFlutterBinding.pump.<anonymous closure> (package:flutter_test/src/binding.dart:2260:9)
#141    TestAsyncUtils.guard (package:flutter_test/src/test_async_utils.dart:74:41)
#142    AutomatedTestWidgetsFlutterBinding.pump (package:flutter_test/src/binding.dart:2249:27)
#143    WidgetTester.pumpWidget.<anonymous closure> (package:flutter_test/src/widget_tester.dart:598:22)
#146    TestAsyncUtils.guard (package:flutter_test/src/test_async_utils.dart:74:41)
#147    WidgetTester.pumpWidget (package:flutter_test/src/widget_tester.dart:595:27)
#148    main.<anonymous closure>.<anonymous closure> (file:///Y:/AndroidStudioProject/Github/expert-project/test/presentation/pages/tv_detail_page_test.dart:100:20)
#149    testWidgets.<anonymous closure>.<anonymous closure> (package:flutter_test/src/widget_tester.dart:192:29)
<asynchronous suspension>
#150    TestWidgetsFlutterBinding._runTestBody (package:flutter_test/src/binding.dart:1952:5)
<asynchronous suspension>
<asynchronous suspension>
(elided 7 frames from class _AssertionError, dart:async, and package:stack_trace)

The following RenderObject was being processed when the exception was fired: RenderSemanticsGestureHandler#a500e relayoutBoundary=up16 NEEDS-LAYOUT NEEDS-PAINT NEEDS-COMPOSITING-BITS-UPDATE:
  creator: _GestureSemantics ΓåÉ RawGestureDetector-[LabeledGlobalKey<RawGestureDetectorState>#a649f] ΓåÉ
    Listener ΓåÉ _ScrollableScope ΓåÉ _ScrollSemantics-[GlobalKey#00c9a] ΓåÉ
    NotificationListener<ScrollMetricsNotification> ΓåÉ Transform ΓåÉ StretchEffect ΓåÉ ClipRect ΓåÉ
    AnimatedBuilder ΓåÉ NotificationListener<ScrollNotification> ΓåÉ StretchingOverscrollIndicator ΓåÉ Γï»
  parentData: <none> (can use size)
  constraints: BoxConstraints(0.0<=w<=768.0, 0.0<=h<=Infinity)
  size: MISSING
  behavior: opaque
  gestures: <none>
This RenderObject had the following descendants (showing up to depth 5):
    child: RenderPointerListener#46436 relayoutBoundary=up17 NEEDS-PAINT NEEDS-COMPOSITING-BITS-UPDATE
      child: RenderSemanticsAnnotations#cc673 relayoutBoundary=up18 NEEDS-PAINT NEEDS-COMPOSITING-BITS-UPDATE
        child: RenderIgnorePointer#62bfd relayoutBoundary=up19 NEEDS-PAINT NEEDS-COMPOSITING-BITS-UPDATE
          child: RenderViewport#bca08 NEEDS-PAINT NEEDS-COMPOSITING-BITS-UPDATE
            center child: RenderSliverPadding#0822a NEEDS-LAYOUT NEEDS-PAINT NEEDS-COMPOSITING-BITS-UPDATE
ΓòÉΓòÉΓòÉΓòÉΓòÉΓòÉΓòÉΓòÉΓòÉΓòÉΓòÉΓòÉΓòÉΓòÉΓòÉΓòÉΓòÉΓòÉΓòÉΓòÉΓòÉΓòÉΓòÉΓòÉΓòÉΓòÉΓòÉΓòÉΓòÉΓòÉΓòÉΓòÉΓòÉΓòÉΓòÉΓòÉΓòÉΓòÉΓòÉΓòÉΓòÉΓòÉΓòÉΓòÉΓòÉΓòÉΓòÉΓòÉΓòÉΓòÉΓòÉΓòÉΓòÉΓòÉΓòÉΓòÉΓòÉΓòÉΓòÉΓòÉΓòÉΓòÉΓòÉΓòÉΓòÉΓòÉΓòÉΓòÉΓòÉΓòÉΓòÉΓòÉΓòÉΓòÉΓòÉΓòÉΓòÉΓòÉΓòÉΓòÉΓòÉΓòÉΓòÉΓòÉΓòÉΓòÉΓòÉΓòÉΓòÉΓòÉΓòÉΓòÉΓòÉΓòÉΓòÉΓòÉΓòÉΓòÉΓòÉΓòÉ
ΓòÉΓòÉΓòí EXCEPTION CAUGHT BY RENDERING LIBRARY Γò₧ΓòÉΓòÉΓòÉΓòÉΓòÉΓòÉΓòÉΓòÉΓòÉΓòÉΓòÉΓòÉΓòÉΓòÉΓòÉΓòÉΓòÉΓòÉΓòÉΓòÉΓòÉΓòÉΓòÉΓòÉΓòÉΓòÉΓòÉΓòÉΓòÉΓòÉΓòÉΓòÉΓòÉΓòÉΓòÉΓòÉΓòÉΓòÉΓòÉΓòÉΓòÉΓòÉΓòÉΓòÉΓòÉΓòÉΓòÉΓòÉΓòÉΓòÉΓòÉΓòÉΓòÉΓòÉΓòÉΓòÉΓòÉ
The following assertion was thrown during performLayout():
RenderBox was not laid out: RenderSemanticsGestureHandler#a500e relayoutBoundary=up16 NEEDS-PAINT
NEEDS-COMPOSITING-BITS-UPDATE
'package:flutter/src/rendering/box.dart':
Failed assertion: line 2251 pos 12: 'hasSize'

Either the assertion indicates an error in the framework itself, or we should provide substantially
more information in this error message to help you determine and fix the underlying cause.
In either case, please report this assertion by filing a bug on GitHub:
  https://github.com/flutter/flutter/issues/new?template=02_bug.yml

The relevant error-causing widget was:
  ListView
  ListView:file:///Y:/AndroidStudioProject/Github/expert-project/lib/presentation/pages/tv_detail_page.dart:184:38

When the exception was thrown, this was the stack:
#2      RenderBox.size (package:flutter/src/rendering/box.dart:2251:12)
#3      RenderProxyBoxMixin.performLayout (package:flutter/src/rendering/proxy_box.dart:118:62)
#4      RenderObject.layout (package:flutter/src/rendering/object.dart:2907:7)
#5      RenderProxyBoxMixin.performLayout (package:flutter/src/rendering/proxy_box.dart:118:18)
#6      RenderObject.layout (package:flutter/src/rendering/object.dart:2907:7)
#7      RenderProxyBoxMixin.performLayout (package:flutter/src/rendering/proxy_box.dart:118:18)
#8      RenderObject.layout (package:flutter/src/rendering/object.dart:2907:7)
#9      RenderProxyBoxMixin.performLayout (package:flutter/src/rendering/proxy_box.dart:118:18)
#10     _RenderCustomClip.performLayout (package:flutter/src/rendering/proxy_box.dart:1549:11)
#11     RenderObject.layout (package:flutter/src/rendering/object.dart:2907:7)
#12     ChildLayoutHelper.layoutChild (package:flutter/src/rendering/layout_helper.dart:62:11)
#13     RenderFlex._computeSizes (package:flutter/src/rendering/flex.dart:1237:28)
#14     RenderFlex.performLayout (package:flutter/src/rendering/flex.dart:1329:32)
#15     RenderObject.layout (package:flutter/src/rendering/object.dart:2907:7)
#16     _RenderSingleChildViewport.performLayout (package:flutter/src/widgets/single_child_scroll_view.dart:502:14)
#17     RenderObject.layout (package:flutter/src/rendering/object.dart:2907:7)
#18     RenderProxyBoxMixin.performLayout (package:flutter/src/rendering/proxy_box.dart:118:18)
#19     RenderObject.layout (package:flutter/src/rendering/object.dart:2907:7)
#20     RenderProxyBoxMixin.performLayout (package:flutter/src/rendering/proxy_box.dart:118:18)
#21     RenderObject.layout (package:flutter/src/rendering/object.dart:2907:7)
#22     RenderProxyBoxMixin.performLayout (package:flutter/src/rendering/proxy_box.dart:118:18)
#23     RenderObject.layout (package:flutter/src/rendering/object.dart:2907:7)
#24     RenderProxyBoxMixin.performLayout (package:flutter/src/rendering/proxy_box.dart:118:18)
#25     RenderObject.layout (package:flutter/src/rendering/object.dart:2907:7)
#26     RenderProxyBoxMixin.performLayout (package:flutter/src/rendering/proxy_box.dart:118:18)
#27     RenderObject.layout (package:flutter/src/rendering/object.dart:2907:7)
#28     RenderProxyBoxMixin.performLayout (package:flutter/src/rendering/proxy_box.dart:118:18)
#29     RenderObject.layout (package:flutter/src/rendering/object.dart:2907:7)
#30     RenderProxyBoxMixin.performLayout (package:flutter/src/rendering/proxy_box.dart:118:18)
#31     RenderObject.layout (package:flutter/src/rendering/object.dart:2907:7)
#32     RenderProxyBoxMixin.performLayout (package:flutter/src/rendering/proxy_box.dart:118:18)
#33     _RenderCustomClip.performLayout (package:flutter/src/rendering/proxy_box.dart:1549:11)
#34     RenderObject.layout (package:flutter/src/rendering/object.dart:2907:7)
#35     RenderPadding.performLayout (package:flutter/src/rendering/shifted_box.dart:262:12)
#36     RenderObject.layout (package:flutter/src/rendering/object.dart:2907:7)
#37     ChildLayoutHelper.layoutChild (package:flutter/src/rendering/layout_helper.dart:62:11)
#38     RenderStack._computeSize (package:flutter/src/rendering/stack.dart:647:43)
#39     RenderStack.performLayout (package:flutter/src/rendering/stack.dart:682:12)
#40     RenderObject.layout (package:flutter/src/rendering/object.dart:2907:7)
#41     RenderPadding.performLayout (package:flutter/src/rendering/shifted_box.dart:262:12)
#42     RenderObject.layout (package:flutter/src/rendering/object.dart:2907:7)
#43     RenderProxyBoxMixin.performLayout (package:flutter/src/rendering/proxy_box.dart:118:18)
#44     RenderObject.layout (package:flutter/src/rendering/object.dart:2907:7)
#45     RenderFractionallySizedOverflowBox.performLayout (package:flutter/src/rendering/shifted_box.dart:1298:14)
#46     RenderObject.layout (package:flutter/src/rendering/object.dart:2907:7)
#47     RenderConstrainedBox.performLayout (package:flutter/src/rendering/proxy_box.dart:296:14)
#48     RenderObject.layout (package:flutter/src/rendering/object.dart:2907:7)
#49     _RenderLayoutBuilder.performLayout (package:flutter/src/widgets/layout_builder.dart:449:14)
#50     RenderObject.layout (package:flutter/src/rendering/object.dart:2907:7)
#51     RenderPadding.performLayout (package:flutter/src/rendering/shifted_box.dart:262:12)
#52     RenderObject.layout (package:flutter/src/rendering/object.dart:2907:7)
#53     ChildLayoutHelper.layoutChild (package:flutter/src/rendering/layout_helper.dart:62:11)
#54     RenderStack._computeSize (package:flutter/src/rendering/stack.dart:647:43)
#55     RenderStack.performLayout (package:flutter/src/rendering/stack.dart:682:12)
#56     RenderObject.layout (package:flutter/src/rendering/object.dart:2907:7)
#57     RenderPadding.performLayout (package:flutter/src/rendering/shifted_box.dart:262:12)
#58     RenderObject.layout (package:flutter/src/rendering/object.dart:2907:7)
#59     MultiChildLayoutDelegate.layoutChild (package:flutter/src/rendering/custom_layout.dart:180:12)
#60     _ScaffoldLayout.performLayout (package:flutter/src/material/scaffold.dart:1113:7)
#61     MultiChildLayoutDelegate._callPerformLayout (package:flutter/src/rendering/custom_layout.dart:246:7)
#62     RenderCustomMultiChildLayoutBox.performLayout (package:flutter/src/rendering/custom_layout.dart:417:14)
#63     RenderObject.layout (package:flutter/src/rendering/object.dart:2907:7)
#64     RenderProxyBoxMixin.performLayout (package:flutter/src/rendering/proxy_box.dart:118:18)
#65     RenderObject.layout (package:flutter/src/rendering/object.dart:2907:7)
#66     RenderProxyBoxMixin.performLayout (package:flutter/src/rendering/proxy_box.dart:118:18)
#67     _RenderCustomClip.performLayout (package:flutter/src/rendering/proxy_box.dart:1549:11)
#68     RenderObject.layout (package:flutter/src/rendering/object.dart:2907:7)
#69     RenderProxyBoxMixin.performLayout (package:flutter/src/rendering/proxy_box.dart:118:18)
#70     RenderObject.layout (package:flutter/src/rendering/object.dart:2907:7)
#71     RenderProxyBoxMixin.performLayout (package:flutter/src/rendering/proxy_box.dart:118:18)
#72     RenderObject.layout (package:flutter/src/rendering/object.dart:2907:7)
#73     RenderProxyBoxMixin.performLayout (package:flutter/src/rendering/proxy_box.dart:118:18)
#74     RenderObject.layout (package:flutter/src/rendering/object.dart:2907:7)
#75     RenderProxyBoxMixin.performLayout (package:flutter/src/rendering/proxy_box.dart:118:18)
#76     RenderObject.layout (package:flutter/src/rendering/object.dart:2907:7)
#77     RenderProxyBoxMixin.performLayout (package:flutter/src/rendering/proxy_box.dart:118:18)
#78     RenderObject.layout (package:flutter/src/rendering/object.dart:2907:7)
#79     RenderProxyBoxMixin.performLayout (package:flutter/src/rendering/proxy_box.dart:118:18)
#80     RenderObject.layout (package:flutter/src/rendering/object.dart:2907:7)
#81     RenderProxyBoxMixin.performLayout (package:flutter/src/rendering/proxy_box.dart:118:18)
#82     RenderObject.layout (package:flutter/src/rendering/object.dart:2907:7)
#83     RenderProxyBoxMixin.performLayout (package:flutter/src/rendering/proxy_box.dart:118:18)
#84     RenderObject.layout (package:flutter/src/rendering/object.dart:2907:7)
#85     RenderProxyBoxMixin.performLayout (package:flutter/src/rendering/proxy_box.dart:118:18)
#86     RenderObject.layout (package:flutter/src/rendering/object.dart:2907:7)
#87     RenderProxyBoxMixin.performLayout (package:flutter/src/rendering/proxy_box.dart:118:18)
#88     RenderObject.layout (package:flutter/src/rendering/object.dart:2907:7)
#89     RenderProxyBoxMixin.performLayout (package:flutter/src/rendering/proxy_box.dart:118:18)
#90     RenderObject.layout (package:flutter/src/rendering/object.dart:2907:7)
#91     RenderProxyBoxMixin.performLayout (package:flutter/src/rendering/proxy_box.dart:118:18)
#92     RenderObject.layout (package:flutter/src/rendering/object.dart:2907:7)
#93     RenderProxyBoxMixin.performLayout (package:flutter/src/rendering/proxy_box.dart:118:18)
#94     RenderObject.layout (package:flutter/src/rendering/object.dart:2907:7)
#95     RenderProxyBoxMixin.performLayout (package:flutter/src/rendering/proxy_box.dart:118:18)
#96     RenderObject.layout (package:flutter/src/rendering/object.dart:2907:7)
#97     RenderProxyBoxMixin.performLayout (package:flutter/src/rendering/proxy_box.dart:118:18)
#98     RenderObject.layout (package:flutter/src/rendering/object.dart:2907:7)
#99     RenderProxyBoxMixin.performLayout (package:flutter/src/rendering/proxy_box.dart:118:18)
#100    RenderOffstage.performLayout (package:flutter/src/rendering/proxy_box.dart:3923:13)
#101    RenderObject.layout (package:flutter/src/rendering/object.dart:2907:7)
#102    RenderProxyBoxMixin.performLayout (package:flutter/src/rendering/proxy_box.dart:118:18)
#103    RenderObject.layout (package:flutter/src/rendering/object.dart:2907:7)
#104    _RenderTheaterMixin.layoutChild (package:flutter/src/widgets/overlay.dart:1124:13)
#105    _RenderTheater.performLayout (package:flutter/src/widgets/overlay.dart:1481:9)
#106    RenderObject.layout (package:flutter/src/rendering/object.dart:2907:7)
#107    RenderProxyBoxMixin.performLayout (package:flutter/src/rendering/proxy_box.dart:118:18)
#108    RenderObject.layout (package:flutter/src/rendering/object.dart:2907:7)
#109    RenderProxyBoxMixin.performLayout (package:flutter/src/rendering/proxy_box.dart:118:18)
#110    RenderObject.layout (package:flutter/src/rendering/object.dart:2907:7)
#111    RenderProxyBoxMixin.performLayout (package:flutter/src/rendering/proxy_box.dart:118:18)
#112    RenderObject.layout (package:flutter/src/rendering/object.dart:2907:7)
#113    RenderProxyBoxMixin.performLayout (package:flutter/src/rendering/proxy_box.dart:118:18)
#114    RenderCustomPaint.performLayout (package:flutter/src/rendering/custom_paint.dart:574:11)
#115    RenderObject.layout (package:flutter/src/rendering/object.dart:2907:7)
#116    RenderProxyBoxMixin.performLayout (package:flutter/src/rendering/proxy_box.dart:118:18)
#117    RenderObject.layout (package:flutter/src/rendering/object.dart:2907:7)
#118    RenderProxyBoxMixin.performLayout (package:flutter/src/rendering/proxy_box.dart:118:18)
#119    RenderObject.layout (package:flutter/src/rendering/object.dart:2907:7)
#120    RenderProxyBoxMixin.performLayout (package:flutter/src/rendering/proxy_box.dart:118:18)
#121    RenderObject.layout (package:flutter/src/rendering/object.dart:2907:7)
#122    RenderProxyBoxMixin.performLayout (package:flutter/src/rendering/proxy_box.dart:118:18)
#123    RenderObject.layout (package:flutter/src/rendering/object.dart:2907:7)
#124    RenderProxyBoxMixin.performLayout (package:flutter/src/rendering/proxy_box.dart:118:18)
#125    RenderObject.layout (package:flutter/src/rendering/object.dart:2907:7)
#126    RenderProxyBoxMixin.performLayout (package:flutter/src/rendering/proxy_box.dart:118:18)
#127    RenderObject.layout (package:flutter/src/rendering/object.dart:2907:7)
#128    RenderView.performLayout (package:flutter/src/rendering/view.dart:292:12)
#129    RenderObject._layoutWithoutResize (package:flutter/src/rendering/object.dart:2755:7)
#130    PipelineOwner.flushLayout (package:flutter/src/rendering/object.dart:1174:18)
#131    PipelineOwner.flushLayout (package:flutter/src/rendering/object.dart:1187:15)
#132    AutomatedTestWidgetsFlutterBinding.drawFrame (package:flutter_test/src/binding.dart:2433:27)
#133    RendererBinding._handlePersistentFrameCallback (package:flutter/src/rendering/binding.dart:509:5)
#134    SchedulerBinding._invokeFrameCallback (package:flutter/src/scheduler/binding.dart:1430:15)
#135    SchedulerBinding.handleDrawFrame (package:flutter/src/scheduler/binding.dart:1345:9)
#136    AutomatedTestWidgetsFlutterBinding.pump.<anonymous closure> (package:flutter_test/src/binding.dart:2260:9)
#139    TestAsyncUtils.guard (package:flutter_test/src/test_async_utils.dart:74:41)
#140    AutomatedTestWidgetsFlutterBinding.pump (package:flutter_test/src/binding.dart:2249:27)
#141    WidgetTester.pumpWidget.<anonymous closure> (package:flutter_test/src/widget_tester.dart:598:22)
#144    TestAsyncUtils.guard (package:flutter_test/src/test_async_utils.dart:74:41)
#145    WidgetTester.pumpWidget (package:flutter_test/src/widget_tester.dart:595:27)
#146    main.<anonymous closure>.<anonymous closure> (file:///Y:/AndroidStudioProject/Github/expert-project/test/presentation/pages/tv_detail_page_test.dart:100:20)
#147    testWidgets.<anonymous closure>.<anonymous closure> (package:flutter_test/src/widget_tester.dart:192:29)
<asynchronous suspension>
#148    TestWidgetsFlutterBinding._runTestBody (package:flutter_test/src/binding.dart:1952:5)
<asynchronous suspension>
<asynchronous suspension>
(elided 7 frames from class _AssertionError, dart:async, and package:stack_trace)

The following RenderObject was being processed when the exception was fired: RenderPointerListener#e2e4e relayoutBoundary=up15 NEEDS-LAYOUT NEEDS-PAINT NEEDS-COMPOSITING-BITS-UPDATE:
  creator: Listener ΓåÉ _ScrollableScope ΓåÉ _ScrollSemantics-[GlobalKey#00c9a] ΓåÉ
    NotificationListener<ScrollMetricsNotification> ΓåÉ Transform ΓåÉ StretchEffect ΓåÉ ClipRect ΓåÉ
    AnimatedBuilder ΓåÉ NotificationListener<ScrollNotification> ΓåÉ StretchingOverscrollIndicator ΓåÉ
    Scrollable ΓåÉ ListView ΓåÉ Γï»
  parentData: <none> (can use size)
  constraints: BoxConstraints(0.0<=w<=768.0, 0.0<=h<=Infinity)
  size: MISSING
  behavior: deferToChild
  listeners: signal
This RenderObject had the following descendants (showing up to depth 5):
    child: RenderSemanticsGestureHandler#a500e relayoutBoundary=up16 NEEDS-PAINT NEEDS-COMPOSITING-BITS-UPDATE
      child: RenderPointerListener#46436 relayoutBoundary=up17 NEEDS-PAINT NEEDS-COMPOSITING-BITS-UPDATE
        child: RenderSemanticsAnnotations#cc673 relayoutBoundary=up18 NEEDS-PAINT NEEDS-COMPOSITING-BITS-UPDATE
          child: RenderIgnorePointer#62bfd relayoutBoundary=up19 NEEDS-PAINT NEEDS-COMPOSITING-BITS-UPDATE
            child: RenderViewport#bca08 NEEDS-PAINT NEEDS-COMPOSITING-BITS-UPDATE
ΓòÉΓòÉΓòÉΓòÉΓòÉΓòÉΓòÉΓòÉΓòÉΓòÉΓòÉΓòÉΓòÉΓòÉΓòÉΓòÉΓòÉΓòÉΓòÉΓòÉΓòÉΓòÉΓòÉΓòÉΓòÉΓòÉΓòÉΓòÉΓòÉΓòÉΓòÉΓòÉΓòÉΓòÉΓòÉΓòÉΓòÉΓòÉΓòÉΓòÉΓòÉΓòÉΓòÉΓòÉΓòÉΓòÉΓòÉΓòÉΓòÉΓòÉΓòÉΓòÉΓòÉΓòÉΓòÉΓòÉΓòÉΓòÉΓòÉΓòÉΓòÉΓòÉΓòÉΓòÉΓòÉΓòÉΓòÉΓòÉΓòÉΓòÉΓòÉΓòÉΓòÉΓòÉΓòÉΓòÉΓòÉΓòÉΓòÉΓòÉΓòÉΓòÉΓòÉΓòÉΓòÉΓòÉΓòÉΓòÉΓòÉΓòÉΓòÉΓòÉΓòÉΓòÉΓòÉΓòÉΓòÉΓòÉΓòÉΓòÉ
ΓòÉΓòÉΓòí EXCEPTION CAUGHT BY RENDERING LIBRARY Γò₧ΓòÉΓòÉΓòÉΓòÉΓòÉΓòÉΓòÉΓòÉΓòÉΓòÉΓòÉΓòÉΓòÉΓòÉΓòÉΓòÉΓòÉΓòÉΓòÉΓòÉΓòÉΓòÉΓòÉΓòÉΓòÉΓòÉΓòÉΓòÉΓòÉΓòÉΓòÉΓòÉΓòÉΓòÉΓòÉΓòÉΓòÉΓòÉΓòÉΓòÉΓòÉΓòÉΓòÉΓòÉΓòÉΓòÉΓòÉΓòÉΓòÉΓòÉΓòÉΓòÉΓòÉΓòÉΓòÉΓòÉΓòÉ
The following assertion was thrown during performLayout():
RenderBox was not laid out: RenderPointerListener#e2e4e relayoutBoundary=up15 NEEDS-PAINT
NEEDS-COMPOSITING-BITS-UPDATE
'package:flutter/src/rendering/box.dart':
Failed assertion: line 2251 pos 12: 'hasSize'

Either the assertion indicates an error in the framework itself, or we should provide substantially
more information in this error message to help you determine and fix the underlying cause.
In either case, please report this assertion by filing a bug on GitHub:
  https://github.com/flutter/flutter/issues/new?template=02_bug.yml

The relevant error-causing widget was:
  ListView
  ListView:file:///Y:/AndroidStudioProject/Github/expert-project/lib/presentation/pages/tv_detail_page.dart:184:38

When the exception was thrown, this was the stack:
#2      RenderBox.size (package:flutter/src/rendering/box.dart:2251:12)
#3      RenderProxyBoxMixin.performLayout (package:flutter/src/rendering/proxy_box.dart:118:62)
#4      RenderObject.layout (package:flutter/src/rendering/object.dart:2907:7)
#5      RenderProxyBoxMixin.performLayout (package:flutter/src/rendering/proxy_box.dart:118:18)
#6      RenderObject.layout (package:flutter/src/rendering/object.dart:2907:7)
#7      RenderProxyBoxMixin.performLayout (package:flutter/src/rendering/proxy_box.dart:118:18)
#8      _RenderCustomClip.performLayout (package:flutter/src/rendering/proxy_box.dart:1549:11)
#9      RenderObject.layout (package:flutter/src/rendering/object.dart:2907:7)
#10     ChildLayoutHelper.layoutChild (package:flutter/src/rendering/layout_helper.dart:62:11)
#11     RenderFlex._computeSizes (package:flutter/src/rendering/flex.dart:1237:28)
#12     RenderFlex.performLayout (package:flutter/src/rendering/flex.dart:1329:32)
#13     RenderObject.layout (package:flutter/src/rendering/object.dart:2907:7)
#14     _RenderSingleChildViewport.performLayout (package:flutter/src/widgets/single_child_scroll_view.dart:502:14)
#15     RenderObject.layout (package:flutter/src/rendering/object.dart:2907:7)
#16     RenderProxyBoxMixin.performLayout (package:flutter/src/rendering/proxy_box.dart:118:18)
#17     RenderObject.layout (package:flutter/src/rendering/object.dart:2907:7)
#18     RenderProxyBoxMixin.performLayout (package:flutter/src/rendering/proxy_box.dart:118:18)
#19     RenderObject.layout (package:flutter/src/rendering/object.dart:2907:7)
#20     RenderProxyBoxMixin.performLayout (package:flutter/src/rendering/proxy_box.dart:118:18)
#21     RenderObject.layout (package:flutter/src/rendering/object.dart:2907:7)
#22     RenderProxyBoxMixin.performLayout (package:flutter/src/rendering/proxy_box.dart:118:18)
#23     RenderObject.layout (package:flutter/src/rendering/object.dart:2907:7)
#24     RenderProxyBoxMixin.performLayout (package:flutter/src/rendering/proxy_box.dart:118:18)
#25     RenderObject.layout (package:flutter/src/rendering/object.dart:2907:7)
#26     RenderProxyBoxMixin.performLayout (package:flutter/src/rendering/proxy_box.dart:118:18)
#27     RenderObject.layout (package:flutter/src/rendering/object.dart:2907:7)
#28     RenderProxyBoxMixin.performLayout (package:flutter/src/rendering/proxy_box.dart:118:18)
#29     RenderObject.layout (package:flutter/src/rendering/object.dart:2907:7)
#30     RenderProxyBoxMixin.performLayout (package:flutter/src/rendering/proxy_box.dart:118:18)
#31     _RenderCustomClip.performLayout (package:flutter/src/rendering/proxy_box.dart:1549:11)
#32     RenderObject.layout (package:flutter/src/rendering/object.dart:2907:7)
#33     RenderPadding.performLayout (package:flutter/src/rendering/shifted_box.dart:262:12)
#34     RenderObject.layout (package:flutter/src/rendering/object.dart:2907:7)
#35     ChildLayoutHelper.layoutChild (package:flutter/src/rendering/layout_helper.dart:62:11)
#36     RenderStack._computeSize (package:flutter/src/rendering/stack.dart:647:43)
#37     RenderStack.performLayout (package:flutter/src/rendering/stack.dart:682:12)
#38     RenderObject.layout (package:flutter/src/rendering/object.dart:2907:7)
#39     RenderPadding.performLayout (package:flutter/src/rendering/shifted_box.dart:262:12)
#40     RenderObject.layout (package:flutter/src/rendering/object.dart:2907:7)
#41     RenderProxyBoxMixin.performLayout (package:flutter/src/rendering/proxy_box.dart:118:18)
#42     RenderObject.layout (package:flutter/src/rendering/object.dart:2907:7)
#43     RenderFractionallySizedOverflowBox.performLayout (package:flutter/src/rendering/shifted_box.dart:1298:14)
#44     RenderObject.layout (package:flutter/src/rendering/object.dart:2907:7)
#45     RenderConstrainedBox.performLayout (package:flutter/src/rendering/proxy_box.dart:296:14)
#46     RenderObject.layout (package:flutter/src/rendering/object.dart:2907:7)
#47     _RenderLayoutBuilder.performLayout (package:flutter/src/widgets/layout_builder.dart:449:14)
#48     RenderObject.layout (package:flutter/src/rendering/object.dart:2907:7)
#49     RenderPadding.performLayout (package:flutter/src/rendering/shifted_box.dart:262:12)
#50     RenderObject.layout (package:flutter/src/rendering/object.dart:2907:7)
#51     ChildLayoutHelper.layoutChild (package:flutter/src/rendering/layout_helper.dart:62:11)
#52     RenderStack._computeSize (package:flutter/src/rendering/stack.dart:647:43)
#53     RenderStack.performLayout (package:flutter/src/rendering/stack.dart:682:12)
#54     RenderObject.layout (package:flutter/src/rendering/object.dart:2907:7)
#55     RenderPadding.performLayout (package:flutter/src/rendering/shifted_box.dart:262:12)
#56     RenderObject.layout (package:flutter/src/rendering/object.dart:2907:7)
#57     MultiChildLayoutDelegate.layoutChild (package:flutter/src/rendering/custom_layout.dart:180:12)
#58     _ScaffoldLayout.performLayout (package:flutter/src/material/scaffold.dart:1113:7)
#59     MultiChildLayoutDelegate._callPerformLayout (package:flutter/src/rendering/custom_layout.dart:246:7)
#60     RenderCustomMultiChildLayoutBox.performLayout (package:flutter/src/rendering/custom_layout.dart:417:14)
#61     RenderObject.layout (package:flutter/src/rendering/object.dart:2907:7)
#62     RenderProxyBoxMixin.performLayout (package:flutter/src/rendering/proxy_box.dart:118:18)
#63     RenderObject.layout (package:flutter/src/rendering/object.dart:2907:7)
#64     RenderProxyBoxMixin.performLayout (package:flutter/src/rendering/proxy_box.dart:118:18)
#65     _RenderCustomClip.performLayout (package:flutter/src/rendering/proxy_box.dart:1549:11)
#66     RenderObject.layout (package:flutter/src/rendering/object.dart:2907:7)
#67     RenderProxyBoxMixin.performLayout (package:flutter/src/rendering/proxy_box.dart:118:18)
#68     RenderObject.layout (package:flutter/src/rendering/object.dart:2907:7)
#69     RenderProxyBoxMixin.performLayout (package:flutter/src/rendering/proxy_box.dart:118:18)
#70     RenderObject.layout (package:flutter/src/rendering/object.dart:2907:7)
#71     RenderProxyBoxMixin.performLayout (package:flutter/src/rendering/proxy_box.dart:118:18)
#72     RenderObject.layout (package:flutter/src/rendering/object.dart:2907:7)
#73     RenderProxyBoxMixin.performLayout (package:flutter/src/rendering/proxy_box.dart:118:18)
#74     RenderObject.layout (package:flutter/src/rendering/object.dart:2907:7)
#75     RenderProxyBoxMixin.performLayout (package:flutter/src/rendering/proxy_box.dart:118:18)
#76     RenderObject.layout (package:flutter/src/rendering/object.dart:2907:7)
#77     RenderProxyBoxMixin.performLayout (package:flutter/src/rendering/proxy_box.dart:118:18)
#78     RenderObject.layout (package:flutter/src/rendering/object.dart:2907:7)
#79     RenderProxyBoxMixin.performLayout (package:flutter/src/rendering/proxy_box.dart:118:18)
#80     RenderObject.layout (package:flutter/src/rendering/object.dart:2907:7)
#81     RenderProxyBoxMixin.performLayout (package:flutter/src/rendering/proxy_box.dart:118:18)
#82     RenderObject.layout (package:flutter/src/rendering/object.dart:2907:7)
#83     RenderProxyBoxMixin.performLayout (package:flutter/src/rendering/proxy_box.dart:118:18)
#84     RenderObject.layout (package:flutter/src/rendering/object.dart:2907:7)
#85     RenderProxyBoxMixin.performLayout (package:flutter/src/rendering/proxy_box.dart:118:18)
#86     RenderObject.layout (package:flutter/src/rendering/object.dart:2907:7)
#87     RenderProxyBoxMixin.performLayout (package:flutter/src/rendering/proxy_box.dart:118:18)
#88     RenderObject.layout (package:flutter/src/rendering/object.dart:2907:7)
#89     RenderProxyBoxMixin.performLayout (package:flutter/src/rendering/proxy_box.dart:118:18)
#90     RenderObject.layout (package:flutter/src/rendering/object.dart:2907:7)
#91     RenderProxyBoxMixin.performLayout (package:flutter/src/rendering/proxy_box.dart:118:18)
#92     RenderObject.layout (package:flutter/src/rendering/object.dart:2907:7)
#93     RenderProxyBoxMixin.performLayout (package:flutter/src/rendering/proxy_box.dart:118:18)
#94     RenderObject.layout (package:flutter/src/rendering/object.dart:2907:7)
#95     RenderProxyBoxMixin.performLayout (package:flutter/src/rendering/proxy_box.dart:118:18)
#96     RenderObject.layout (package:flutter/src/rendering/object.dart:2907:7)
#97     RenderProxyBoxMixin.performLayout (package:flutter/src/rendering/proxy_box.dart:118:18)
#98     RenderOffstage.performLayout (package:flutter/src/rendering/proxy_box.dart:3923:13)
#99     RenderObject.layout (package:flutter/src/rendering/object.dart:2907:7)
#100    RenderProxyBoxMixin.performLayout (package:flutter/src/rendering/proxy_box.dart:118:18)
#101    RenderObject.layout (package:flutter/src/rendering/object.dart:2907:7)
#102    _RenderTheaterMixin.layoutChild (package:flutter/src/widgets/overlay.dart:1124:13)
#103    _RenderTheater.performLayout (package:flutter/src/widgets/overlay.dart:1481:9)
#104    RenderObject.layout (package:flutter/src/rendering/object.dart:2907:7)
#105    RenderProxyBoxMixin.performLayout (package:flutter/src/rendering/proxy_box.dart:118:18)
#106    RenderObject.layout (package:flutter/src/rendering/object.dart:2907:7)
#107    RenderProxyBoxMixin.performLayout (package:flutter/src/rendering/proxy_box.dart:118:18)
#108    RenderObject.layout (package:flutter/src/rendering/object.dart:2907:7)
#109    RenderProxyBoxMixin.performLayout (package:flutter/src/rendering/proxy_box.dart:118:18)
#110    RenderObject.layout (package:flutter/src/rendering/object.dart:2907:7)
#111    RenderProxyBoxMixin.performLayout (package:flutter/src/rendering/proxy_box.dart:118:18)
#112    RenderCustomPaint.performLayout (package:flutter/src/rendering/custom_paint.dart:574:11)
#113    RenderObject.layout (package:flutter/src/rendering/object.dart:2907:7)
#114    RenderProxyBoxMixin.performLayout (package:flutter/src/rendering/proxy_box.dart:118:18)
#115    RenderObject.layout (package:flutter/src/rendering/object.dart:2907:7)
#116    RenderProxyBoxMixin.performLayout (package:flutter/src/rendering/proxy_box.dart:118:18)
#117    RenderObject.layout (package:flutter/src/rendering/object.dart:2907:7)
#118    RenderProxyBoxMixin.performLayout (package:flutter/src/rendering/proxy_box.dart:118:18)
#119    RenderObject.layout (package:flutter/src/rendering/object.dart:2907:7)
#120    RenderProxyBoxMixin.performLayout (package:flutter/src/rendering/proxy_box.dart:118:18)
#121    RenderObject.layout (package:flutter/src/rendering/object.dart:2907:7)
#122    RenderProxyBoxMixin.performLayout (package:flutter/src/rendering/proxy_box.dart:118:18)
#123    RenderObject.layout (package:flutter/src/rendering/object.dart:2907:7)
#124    RenderProxyBoxMixin.performLayout (package:flutter/src/rendering/proxy_box.dart:118:18)
#125    RenderObject.layout (package:flutter/src/rendering/object.dart:2907:7)
#126    RenderView.performLayout (package:flutter/src/rendering/view.dart:292:12)
#127    RenderObject._layoutWithoutResize (package:flutter/src/rendering/object.dart:2755:7)
#128    PipelineOwner.flushLayout (package:flutter/src/rendering/object.dart:1174:18)
#129    PipelineOwner.flushLayout (package:flutter/src/rendering/object.dart:1187:15)
#130    AutomatedTestWidgetsFlutterBinding.drawFrame (package:flutter_test/src/binding.dart:2433:27)
#131    RendererBinding._handlePersistentFrameCallback (package:flutter/src/rendering/binding.dart:509:5)
#132    SchedulerBinding._invokeFrameCallback (package:flutter/src/scheduler/binding.dart:1430:15)
#133    SchedulerBinding.handleDrawFrame (package:flutter/src/scheduler/binding.dart:1345:9)
#134    AutomatedTestWidgetsFlutterBinding.pump.<anonymous closure> (package:flutter_test/src/binding.dart:2260:9)
#137    TestAsyncUtils.guard (package:flutter_test/src/test_async_utils.dart:74:41)
#138    AutomatedTestWidgetsFlutterBinding.pump (package:flutter_test/src/binding.dart:2249:27)
#139    WidgetTester.pumpWidget.<anonymous closure> (package:flutter_test/src/widget_tester.dart:598:22)
#142    TestAsyncUtils.guard (package:flutter_test/src/test_async_utils.dart:74:41)
#143    WidgetTester.pumpWidget (package:flutter_test/src/widget_tester.dart:595:27)
#144    main.<anonymous closure>.<anonymous closure> (file:///Y:/AndroidStudioProject/Github/expert-project/test/presentation/pages/tv_detail_page_test.dart:100:20)
#145    testWidgets.<anonymous closure>.<anonymous closure> (package:flutter_test/src/widget_tester.dart:192:29)
<asynchronous suspension>
#146    TestWidgetsFlutterBinding._runTestBody (package:flutter_test/src/binding.dart:1952:5)
<asynchronous suspension>
<asynchronous suspension>
(elided 7 frames from class _AssertionError, dart:async, and package:stack_trace)

The following RenderObject was being processed when the exception was fired: _RenderScrollSemantics#db04e relayoutBoundary=up14 NEEDS-LAYOUT NEEDS-PAINT NEEDS-COMPOSITING-BITS-UPDATE:
  creator: _ScrollSemantics-[GlobalKey#00c9a] ΓåÉ NotificationListener<ScrollMetricsNotification> ΓåÉ
    Transform ΓåÉ StretchEffect ΓåÉ ClipRect ΓåÉ AnimatedBuilder ΓåÉ NotificationListener<ScrollNotification>
    ΓåÉ StretchingOverscrollIndicator ΓåÉ Scrollable ΓåÉ ListView ΓåÉ Column ΓåÉ _SingleChildViewport ΓåÉ Γï»
  parentData: <none> (can use size)
  constraints: BoxConstraints(0.0<=w<=768.0, 0.0<=h<=Infinity)
  semantic boundary
  size: MISSING
This RenderObject had the following descendants (showing up to depth 5):
    child: RenderPointerListener#e2e4e relayoutBoundary=up15 NEEDS-PAINT NEEDS-COMPOSITING-BITS-UPDATE
      child: RenderSemanticsGestureHandler#a500e relayoutBoundary=up16 NEEDS-PAINT NEEDS-COMPOSITING-BITS-UPDATE
        child: RenderPointerListener#46436 relayoutBoundary=up17 NEEDS-PAINT NEEDS-COMPOSITING-BITS-UPDATE
          child: RenderSemanticsAnnotations#cc673 relayoutBoundary=up18 NEEDS-PAINT NEEDS-COMPOSITING-BITS-UPDATE
            child: RenderIgnorePointer#62bfd relayoutBoundary=up19 NEEDS-PAINT NEEDS-COMPOSITING-BITS-UPDATE
ΓòÉΓòÉΓòÉΓòÉΓòÉΓòÉΓòÉΓòÉΓòÉΓòÉΓòÉΓòÉΓòÉΓòÉΓòÉΓòÉΓòÉΓòÉΓòÉΓòÉΓòÉΓòÉΓòÉΓòÉΓòÉΓòÉΓòÉΓòÉΓòÉΓòÉΓòÉΓòÉΓòÉΓòÉΓòÉΓòÉΓòÉΓòÉΓòÉΓòÉΓòÉΓòÉΓòÉΓòÉΓòÉΓòÉΓòÉΓòÉΓòÉΓòÉΓòÉΓòÉΓòÉΓòÉΓòÉΓòÉΓòÉΓòÉΓòÉΓòÉΓòÉΓòÉΓòÉΓòÉΓòÉΓòÉΓòÉΓòÉΓòÉΓòÉΓòÉΓòÉΓòÉΓòÉΓòÉΓòÉΓòÉΓòÉΓòÉΓòÉΓòÉΓòÉΓòÉΓòÉΓòÉΓòÉΓòÉΓòÉΓòÉΓòÉΓòÉΓòÉΓòÉΓòÉΓòÉΓòÉΓòÉΓòÉΓòÉΓòÉ
ΓòÉΓòÉΓòí EXCEPTION CAUGHT BY RENDERING LIBRARY Γò₧ΓòÉΓòÉΓòÉΓòÉΓòÉΓòÉΓòÉΓòÉΓòÉΓòÉΓòÉΓòÉΓòÉΓòÉΓòÉΓòÉΓòÉΓòÉΓòÉΓòÉΓòÉΓòÉΓòÉΓòÉΓòÉΓòÉΓòÉΓòÉΓòÉΓòÉΓòÉΓòÉΓòÉΓòÉΓòÉΓòÉΓòÉΓòÉΓòÉΓòÉΓòÉΓòÉΓòÉΓòÉΓòÉΓòÉΓòÉΓòÉΓòÉΓòÉΓòÉΓòÉΓòÉΓòÉΓòÉΓòÉΓòÉ
The following assertion was thrown during performLayout():
RenderBox was not laid out: _RenderScrollSemantics#db04e relayoutBoundary=up14 NEEDS-PAINT
NEEDS-COMPOSITING-BITS-UPDATE
'package:flutter/src/rendering/box.dart':
Failed assertion: line 2251 pos 12: 'hasSize'

Either the assertion indicates an error in the framework itself, or we should provide substantially
more information in this error message to help you determine and fix the underlying cause.
In either case, please report this assertion by filing a bug on GitHub:
  https://github.com/flutter/flutter/issues/new?template=02_bug.yml

The relevant error-causing widget was:
  ListView
  ListView:file:///Y:/AndroidStudioProject/Github/expert-project/lib/presentation/pages/tv_detail_page.dart:184:38

When the exception was thrown, this was the stack:
#2      RenderBox.size (package:flutter/src/rendering/box.dart:2251:12)
#3      RenderProxyBoxMixin.performLayout (package:flutter/src/rendering/proxy_box.dart:118:62)
#4      RenderObject.layout (package:flutter/src/rendering/object.dart:2907:7)
#5      RenderProxyBoxMixin.performLayout (package:flutter/src/rendering/proxy_box.dart:118:18)
#6      _RenderCustomClip.performLayout (package:flutter/src/rendering/proxy_box.dart:1549:11)
#7      RenderObject.layout (package:flutter/src/rendering/object.dart:2907:7)
#8      ChildLayoutHelper.layoutChild (package:flutter/src/rendering/layout_helper.dart:62:11)
#9      RenderFlex._computeSizes (package:flutter/src/rendering/flex.dart:1237:28)
#10     RenderFlex.performLayout (package:flutter/src/rendering/flex.dart:1329:32)
#11     RenderObject.layout (package:flutter/src/rendering/object.dart:2907:7)
#12     _RenderSingleChildViewport.performLayout (package:flutter/src/widgets/single_child_scroll_view.dart:502:14)
#13     RenderObject.layout (package:flutter/src/rendering/object.dart:2907:7)
#14     RenderProxyBoxMixin.performLayout (package:flutter/src/rendering/proxy_box.dart:118:18)
#15     RenderObject.layout (package:flutter/src/rendering/object.dart:2907:7)
#16     RenderProxyBoxMixin.performLayout (package:flutter/src/rendering/proxy_box.dart:118:18)
#17     RenderObject.layout (package:flutter/src/rendering/object.dart:2907:7)
#18     RenderProxyBoxMixin.performLayout (package:flutter/src/rendering/proxy_box.dart:118:18)
#19     RenderObject.layout (package:flutter/src/rendering/object.dart:2907:7)
#20     RenderProxyBoxMixin.performLayout (package:flutter/src/rendering/proxy_box.dart:118:18)
#21     RenderObject.layout (package:flutter/src/rendering/object.dart:2907:7)
#22     RenderProxyBoxMixin.performLayout (package:flutter/src/rendering/proxy_box.dart:118:18)
#23     RenderObject.layout (package:flutter/src/rendering/object.dart:2907:7)
#24     RenderProxyBoxMixin.performLayout (package:flutter/src/rendering/proxy_box.dart:118:18)
#25     RenderObject.layout (package:flutter/src/rendering/object.dart:2907:7)
#26     RenderProxyBoxMixin.performLayout (package:flutter/src/rendering/proxy_box.dart:118:18)
#27     RenderObject.layout (package:flutter/src/rendering/object.dart:2907:7)
#28     RenderProxyBoxMixin.performLayout (package:flutter/src/rendering/proxy_box.dart:118:18)
#29     _RenderCustomClip.performLayout (package:flutter/src/rendering/proxy_box.dart:1549:11)
#30     RenderObject.layout (package:flutter/src/rendering/object.dart:2907:7)
#31     RenderPadding.performLayout (package:flutter/src/rendering/shifted_box.dart:262:12)
#32     RenderObject.layout (package:flutter/src/rendering/object.dart:2907:7)
#33     ChildLayoutHelper.layoutChild (package:flutter/src/rendering/layout_helper.dart:62:11)
#34     RenderStack._computeSize (package:flutter/src/rendering/stack.dart:647:43)
#35     RenderStack.performLayout (package:flutter/src/rendering/stack.dart:682:12)
#36     RenderObject.layout (package:flutter/src/rendering/object.dart:2907:7)
#37     RenderPadding.performLayout (package:flutter/src/rendering/shifted_box.dart:262:12)
#38     RenderObject.layout (package:flutter/src/rendering/object.dart:2907:7)
#39     RenderProxyBoxMixin.performLayout (package:flutter/src/rendering/proxy_box.dart:118:18)
#40     RenderObject.layout (package:flutter/src/rendering/object.dart:2907:7)
#41     RenderFractionallySizedOverflowBox.performLayout (package:flutter/src/rendering/shifted_box.dart:1298:14)
#42     RenderObject.layout (package:flutter/src/rendering/object.dart:2907:7)
#43     RenderConstrainedBox.performLayout (package:flutter/src/rendering/proxy_box.dart:296:14)
#44     RenderObject.layout (package:flutter/src/rendering/object.dart:2907:7)
#45     _RenderLayoutBuilder.performLayout (package:flutter/src/widgets/layout_builder.dart:449:14)
#46     RenderObject.layout (package:flutter/src/rendering/object.dart:2907:7)
#47     RenderPadding.performLayout (package:flutter/src/rendering/shifted_box.dart:262:12)
#48     RenderObject.layout (package:flutter/src/rendering/object.dart:2907:7)
#49     ChildLayoutHelper.layoutChild (package:flutter/src/rendering/layout_helper.dart:62:11)
#50     RenderStack._computeSize (package:flutter/src/rendering/stack.dart:647:43)
#51     RenderStack.performLayout (package:flutter/src/rendering/stack.dart:682:12)
#52     RenderObject.layout (package:flutter/src/rendering/object.dart:2907:7)
#53     RenderPadding.performLayout (package:flutter/src/rendering/shifted_box.dart:262:12)
#54     RenderObject.layout (package:flutter/src/rendering/object.dart:2907:7)
#55     MultiChildLayoutDelegate.layoutChild (package:flutter/src/rendering/custom_layout.dart:180:12)
#56     _ScaffoldLayout.performLayout (package:flutter/src/material/scaffold.dart:1113:7)
#57     MultiChildLayoutDelegate._callPerformLayout (package:flutter/src/rendering/custom_layout.dart:246:7)
#58     RenderCustomMultiChildLayoutBox.performLayout (package:flutter/src/rendering/custom_layout.dart:417:14)
#59     RenderObject.layout (package:flutter/src/rendering/object.dart:2907:7)
#60     RenderProxyBoxMixin.performLayout (package:flutter/src/rendering/proxy_box.dart:118:18)
#61     RenderObject.layout (package:flutter/src/rendering/object.dart:2907:7)
#62     RenderProxyBoxMixin.performLayout (package:flutter/src/rendering/proxy_box.dart:118:18)
#63     _RenderCustomClip.performLayout (package:flutter/src/rendering/proxy_box.dart:1549:11)
#64     RenderObject.layout (package:flutter/src/rendering/object.dart:2907:7)
#65     RenderProxyBoxMixin.performLayout (package:flutter/src/rendering/proxy_box.dart:118:18)
#66     RenderObject.layout (package:flutter/src/rendering/object.dart:2907:7)
#67     RenderProxyBoxMixin.performLayout (package:flutter/src/rendering/proxy_box.dart:118:18)
#68     RenderObject.layout (package:flutter/src/rendering/object.dart:2907:7)
#69     RenderProxyBoxMixin.performLayout (package:flutter/src/rendering/proxy_box.dart:118:18)
#70     RenderObject.layout (package:flutter/src/rendering/object.dart:2907:7)
#71     RenderProxyBoxMixin.performLayout (package:flutter/src/rendering/proxy_box.dart:118:18)
#72     RenderObject.layout (package:flutter/src/rendering/object.dart:2907:7)
#73     RenderProxyBoxMixin.performLayout (package:flutter/src/rendering/proxy_box.dart:118:18)
#74     RenderObject.layout (package:flutter/src/rendering/object.dart:2907:7)
#75     RenderProxyBoxMixin.performLayout (package:flutter/src/rendering/proxy_box.dart:118:18)
#76     RenderObject.layout (package:flutter/src/rendering/object.dart:2907:7)
#77     RenderProxyBoxMixin.performLayout (package:flutter/src/rendering/proxy_box.dart:118:18)
#78     RenderObject.layout (package:flutter/src/rendering/object.dart:2907:7)
#79     RenderProxyBoxMixin.performLayout (package:flutter/src/rendering/proxy_box.dart:118:18)
#80     RenderObject.layout (package:flutter/src/rendering/object.dart:2907:7)
#81     RenderProxyBoxMixin.performLayout (package:flutter/src/rendering/proxy_box.dart:118:18)
#82     RenderObject.layout (package:flutter/src/rendering/object.dart:2907:7)
#83     RenderProxyBoxMixin.performLayout (package:flutter/src/rendering/proxy_box.dart:118:18)
#84     RenderObject.layout (package:flutter/src/rendering/object.dart:2907:7)
#85     RenderProxyBoxMixin.performLayout (package:flutter/src/rendering/proxy_box.dart:118:18)
#86     RenderObject.layout (package:flutter/src/rendering/object.dart:2907:7)
#87     RenderProxyBoxMixin.performLayout (package:flutter/src/rendering/proxy_box.dart:118:18)
#88     RenderObject.layout (package:flutter/src/rendering/object.dart:2907:7)
#89     RenderProxyBoxMixin.performLayout (package:flutter/src/rendering/proxy_box.dart:118:18)
#90     RenderObject.layout (package:flutter/src/rendering/object.dart:2907:7)
#91     RenderProxyBoxMixin.performLayout (package:flutter/src/rendering/proxy_box.dart:118:18)
#92     RenderObject.layout (package:flutter/src/rendering/object.dart:2907:7)
#93     RenderProxyBoxMixin.performLayout (package:flutter/src/rendering/proxy_box.dart:118:18)
#94     RenderObject.layout (package:flutter/src/rendering/object.dart:2907:7)
#95     RenderProxyBoxMixin.performLayout (package:flutter/src/rendering/proxy_box.dart:118:18)
#96     RenderOffstage.performLayout (package:flutter/src/rendering/proxy_box.dart:3923:13)
#97     RenderObject.layout (package:flutter/src/rendering/object.dart:2907:7)
#98     RenderProxyBoxMixin.performLayout (package:flutter/src/rendering/proxy_box.dart:118:18)
#99     RenderObject.layout (package:flutter/src/rendering/object.dart:2907:7)
#100    _RenderTheaterMixin.layoutChild (package:flutter/src/widgets/overlay.dart:1124:13)
#101    _RenderTheater.performLayout (package:flutter/src/widgets/overlay.dart:1481:9)
#102    RenderObject.layout (package:flutter/src/rendering/object.dart:2907:7)
#103    RenderProxyBoxMixin.performLayout (package:flutter/src/rendering/proxy_box.dart:118:18)
#104    RenderObject.layout (package:flutter/src/rendering/object.dart:2907:7)
#105    RenderProxyBoxMixin.performLayout (package:flutter/src/rendering/proxy_box.dart:118:18)
#106    RenderObject.layout (package:flutter/src/rendering/object.dart:2907:7)
#107    RenderProxyBoxMixin.performLayout (package:flutter/src/rendering/proxy_box.dart:118:18)
#108    RenderObject.layout (package:flutter/src/rendering/object.dart:2907:7)
#109    RenderProxyBoxMixin.performLayout (package:flutter/src/rendering/proxy_box.dart:118:18)
#110    RenderCustomPaint.performLayout (package:flutter/src/rendering/custom_paint.dart:574:11)
#111    RenderObject.layout (package:flutter/src/rendering/object.dart:2907:7)
#112    RenderProxyBoxMixin.performLayout (package:flutter/src/rendering/proxy_box.dart:118:18)
#113    RenderObject.layout (package:flutter/src/rendering/object.dart:2907:7)
#114    RenderProxyBoxMixin.performLayout (package:flutter/src/rendering/proxy_box.dart:118:18)
#115    RenderObject.layout (package:flutter/src/rendering/object.dart:2907:7)
#116    RenderProxyBoxMixin.performLayout (package:flutter/src/rendering/proxy_box.dart:118:18)
#117    RenderObject.layout (package:flutter/src/rendering/object.dart:2907:7)
#118    RenderProxyBoxMixin.performLayout (package:flutter/src/rendering/proxy_box.dart:118:18)
#119    RenderObject.layout (package:flutter/src/rendering/object.dart:2907:7)
#120    RenderProxyBoxMixin.performLayout (package:flutter/src/rendering/proxy_box.dart:118:18)
#121    RenderObject.layout (package:flutter/src/rendering/object.dart:2907:7)
#122    RenderProxyBoxMixin.performLayout (package:flutter/src/rendering/proxy_box.dart:118:18)
#123    RenderObject.layout (package:flutter/src/rendering/object.dart:2907:7)
#124    RenderView.performLayout (package:flutter/src/rendering/view.dart:292:12)
#125    RenderObject._layoutWithoutResize (package:flutter/src/rendering/object.dart:2755:7)
#126    PipelineOwner.flushLayout (package:flutter/src/rendering/object.dart:1174:18)
#127    PipelineOwner.flushLayout (package:flutter/src/rendering/object.dart:1187:15)
#128    AutomatedTestWidgetsFlutterBinding.drawFrame (package:flutter_test/src/binding.dart:2433:27)
#129    RendererBinding._handlePersistentFrameCallback (package:flutter/src/rendering/binding.dart:509:5)
#130    SchedulerBinding._invokeFrameCallback (package:flutter/src/scheduler/binding.dart:1430:15)
#131    SchedulerBinding.handleDrawFrame (package:flutter/src/scheduler/binding.dart:1345:9)
#132    AutomatedTestWidgetsFlutterBinding.pump.<anonymous closure> (package:flutter_test/src/binding.dart:2260:9)
#135    TestAsyncUtils.guard (package:flutter_test/src/test_async_utils.dart:74:41)
#136    AutomatedTestWidgetsFlutterBinding.pump (package:flutter_test/src/binding.dart:2249:27)
#137    WidgetTester.pumpWidget.<anonymous closure> (package:flutter_test/src/widget_tester.dart:598:22)
#140    TestAsyncUtils.guard (package:flutter_test/src/test_async_utils.dart:74:41)
#141    WidgetTester.pumpWidget (package:flutter_test/src/widget_tester.dart:595:27)
#142    main.<anonymous closure>.<anonymous closure> (file:///Y:/AndroidStudioProject/Github/expert-project/test/presentation/pages/tv_detail_page_test.dart:100:20)
#143    testWidgets.<anonymous closure>.<anonymous closure> (package:flutter_test/src/widget_tester.dart:192:29)
<asynchronous suspension>
#144    TestWidgetsFlutterBinding._runTestBody (package:flutter_test/src/binding.dart:1952:5)
<asynchronous suspension>
<asynchronous suspension>
(elided 7 frames from class _AssertionError, dart:async, and package:stack_trace)

The following RenderObject was being processed when the exception was fired: RenderTransform#63c9d relayoutBoundary=up13 NEEDS-LAYOUT NEEDS-PAINT NEEDS-COMPOSITING-BITS-UPDATE:
  creator: Transform ΓåÉ StretchEffect ΓåÉ ClipRect ΓåÉ AnimatedBuilder ΓåÉ
    NotificationListener<ScrollNotification> ΓåÉ StretchingOverscrollIndicator ΓåÉ Scrollable ΓåÉ ListView ΓåÉ
    Column ΓåÉ _SingleChildViewport ΓåÉ IgnorePointer-[GlobalKey#f0698] ΓåÉ Semantics ΓåÉ Γï»
  parentData: <none> (can use size)
  constraints: BoxConstraints(0.0<=w<=768.0, 0.0<=h<=Infinity)
  size: MISSING
  transform matrix:
    [0] 1.0,0.0,0.0,0.0
    [1] 0.0,1.0,0.0,0.0
    [2] 0.0,0.0,1.0,0.0
    [3] 0.0,0.0,0.0,1.0
  origin: null
  alignment: AlignmentDirectional.centerEnd
  textDirection: ltr
  transformHitTests: true
This RenderObject had the following descendants (showing up to depth 5):
    child: _RenderScrollSemantics#db04e relayoutBoundary=up14 NEEDS-PAINT NEEDS-COMPOSITING-BITS-UPDATE
      child: RenderPointerListener#e2e4e relayoutBoundary=up15 NEEDS-PAINT NEEDS-COMPOSITING-BITS-UPDATE
        child: RenderSemanticsGestureHandler#a500e relayoutBoundary=up16 NEEDS-PAINT NEEDS-COMPOSITING-BITS-UPDATE
          child: RenderPointerListener#46436 relayoutBoundary=up17 NEEDS-PAINT NEEDS-COMPOSITING-BITS-UPDATE
            child: RenderSemanticsAnnotations#cc673 relayoutBoundary=up18 NEEDS-PAINT NEEDS-COMPOSITING-BITS-UPDATE
ΓòÉΓòÉΓòÉΓòÉΓòÉΓòÉΓòÉΓòÉΓòÉΓòÉΓòÉΓòÉΓòÉΓòÉΓòÉΓòÉΓòÉΓòÉΓòÉΓòÉΓòÉΓòÉΓòÉΓòÉΓòÉΓòÉΓòÉΓòÉΓòÉΓòÉΓòÉΓòÉΓòÉΓòÉΓòÉΓòÉΓòÉΓòÉΓòÉΓòÉΓòÉΓòÉΓòÉΓòÉΓòÉΓòÉΓòÉΓòÉΓòÉΓòÉΓòÉΓòÉΓòÉΓòÉΓòÉΓòÉΓòÉΓòÉΓòÉΓòÉΓòÉΓòÉΓòÉΓòÉΓòÉΓòÉΓòÉΓòÉΓòÉΓòÉΓòÉΓòÉΓòÉΓòÉΓòÉΓòÉΓòÉΓòÉΓòÉΓòÉΓòÉΓòÉΓòÉΓòÉΓòÉΓòÉΓòÉΓòÉΓòÉΓòÉΓòÉΓòÉΓòÉΓòÉΓòÉΓòÉΓòÉΓòÉΓòÉΓòÉ
ΓòÉΓòÉΓòí EXCEPTION CAUGHT BY RENDERING LIBRARY Γò₧ΓòÉΓòÉΓòÉΓòÉΓòÉΓòÉΓòÉΓòÉΓòÉΓòÉΓòÉΓòÉΓòÉΓòÉΓòÉΓòÉΓòÉΓòÉΓòÉΓòÉΓòÉΓòÉΓòÉΓòÉΓòÉΓòÉΓòÉΓòÉΓòÉΓòÉΓòÉΓòÉΓòÉΓòÉΓòÉΓòÉΓòÉΓòÉΓòÉΓòÉΓòÉΓòÉΓòÉΓòÉΓòÉΓòÉΓòÉΓòÉΓòÉΓòÉΓòÉΓòÉΓòÉΓòÉΓòÉΓòÉΓòÉ
The following assertion was thrown during performLayout():
RenderBox was not laid out: RenderTransform#63c9d relayoutBoundary=up13 NEEDS-PAINT
NEEDS-COMPOSITING-BITS-UPDATE
'package:flutter/src/rendering/box.dart':
Failed assertion: line 2251 pos 12: 'hasSize'

Either the assertion indicates an error in the framework itself, or we should provide substantially
more information in this error message to help you determine and fix the underlying cause.
In either case, please report this assertion by filing a bug on GitHub:
  https://github.com/flutter/flutter/issues/new?template=02_bug.yml

The relevant error-causing widget was:
  ListView
  ListView:file:///Y:/AndroidStudioProject/Github/expert-project/lib/presentation/pages/tv_detail_page.dart:184:38

When the exception was thrown, this was the stack:
#2      RenderBox.size (package:flutter/src/rendering/box.dart:2251:12)
#3      RenderProxyBoxMixin.performLayout (package:flutter/src/rendering/proxy_box.dart:118:62)
#4      _RenderCustomClip.performLayout (package:flutter/src/rendering/proxy_box.dart:1549:11)
#5      RenderObject.layout (package:flutter/src/rendering/object.dart:2907:7)
#6      ChildLayoutHelper.layoutChild (package:flutter/src/rendering/layout_helper.dart:62:11)
#7      RenderFlex._computeSizes (package:flutter/src/rendering/flex.dart:1237:28)
#8      RenderFlex.performLayout (package:flutter/src/rendering/flex.dart:1329:32)
#9      RenderObject.layout (package:flutter/src/rendering/object.dart:2907:7)
#10     _RenderSingleChildViewport.performLayout (package:flutter/src/widgets/single_child_scroll_view.dart:502:14)
#11     RenderObject.layout (package:flutter/src/rendering/object.dart:2907:7)
#12     RenderProxyBoxMixin.performLayout (package:flutter/src/rendering/proxy_box.dart:118:18)
#13     RenderObject.layout (package:flutter/src/rendering/object.dart:2907:7)
#14     RenderProxyBoxMixin.performLayout (package:flutter/src/rendering/proxy_box.dart:118:18)
#15     RenderObject.layout (package:flutter/src/rendering/object.dart:2907:7)
#16     RenderProxyBoxMixin.performLayout (package:flutter/src/rendering/proxy_box.dart:118:18)
#17     RenderObject.layout (package:flutter/src/rendering/object.dart:2907:7)
#18     RenderProxyBoxMixin.performLayout (package:flutter/src/rendering/proxy_box.dart:118:18)
#19     RenderObject.layout (package:flutter/src/rendering/object.dart:2907:7)
#20     RenderProxyBoxMixin.performLayout (package:flutter/src/rendering/proxy_box.dart:118:18)
#21     RenderObject.layout (package:flutter/src/rendering/object.dart:2907:7)
#22     RenderProxyBoxMixin.performLayout (package:flutter/src/rendering/proxy_box.dart:118:18)
#23     RenderObject.layout (package:flutter/src/rendering/object.dart:2907:7)
#24     RenderProxyBoxMixin.performLayout (package:flutter/src/rendering/proxy_box.dart:118:18)
#25     RenderObject.layout (package:flutter/src/rendering/object.dart:2907:7)
#26     RenderProxyBoxMixin.performLayout (package:flutter/src/rendering/proxy_box.dart:118:18)
#27     _RenderCustomClip.performLayout (package:flutter/src/rendering/proxy_box.dart:1549:11)
#28     RenderObject.layout (package:flutter/src/rendering/object.dart:2907:7)
#29     RenderPadding.performLayout (package:flutter/src/rendering/shifted_box.dart:262:12)
#30     RenderObject.layout (package:flutter/src/rendering/object.dart:2907:7)
#31     ChildLayoutHelper.layoutChild (package:flutter/src/rendering/layout_helper.dart:62:11)
#32     RenderStack._computeSize (package:flutter/src/rendering/stack.dart:647:43)
#33     RenderStack.performLayout (package:flutter/src/rendering/stack.dart:682:12)
#34     RenderObject.layout (package:flutter/src/rendering/object.dart:2907:7)
#35     RenderPadding.performLayout (package:flutter/src/rendering/shifted_box.dart:262:12)
#36     RenderObject.layout (package:flutter/src/rendering/object.dart:2907:7)
#37     RenderProxyBoxMixin.performLayout (package:flutter/src/rendering/proxy_box.dart:118:18)
#38     RenderObject.layout (package:flutter/src/rendering/object.dart:2907:7)
#39     RenderFractionallySizedOverflowBox.performLayout (package:flutter/src/rendering/shifted_box.dart:1298:14)
#40     RenderObject.layout (package:flutter/src/rendering/object.dart:2907:7)
#41     RenderConstrainedBox.performLayout (package:flutter/src/rendering/proxy_box.dart:296:14)
#42     RenderObject.layout (package:flutter/src/rendering/object.dart:2907:7)
#43     _RenderLayoutBuilder.performLayout (package:flutter/src/widgets/layout_builder.dart:449:14)
#44     RenderObject.layout (package:flutter/src/rendering/object.dart:2907:7)
#45     RenderPadding.performLayout (package:flutter/src/rendering/shifted_box.dart:262:12)
#46     RenderObject.layout (package:flutter/src/rendering/object.dart:2907:7)
#47     ChildLayoutHelper.layoutChild (package:flutter/src/rendering/layout_helper.dart:62:11)
#48     RenderStack._computeSize (package:flutter/src/rendering/stack.dart:647:43)
#49     RenderStack.performLayout (package:flutter/src/rendering/stack.dart:682:12)
#50     RenderObject.layout (package:flutter/src/rendering/object.dart:2907:7)
#51     RenderPadding.performLayout (package:flutter/src/rendering/shifted_box.dart:262:12)
#52     RenderObject.layout (package:flutter/src/rendering/object.dart:2907:7)
#53     MultiChildLayoutDelegate.layoutChild (package:flutter/src/rendering/custom_layout.dart:180:12)
#54     _ScaffoldLayout.performLayout (package:flutter/src/material/scaffold.dart:1113:7)
#55     MultiChildLayoutDelegate._callPerformLayout (package:flutter/src/rendering/custom_layout.dart:246:7)
#56     RenderCustomMultiChildLayoutBox.performLayout (package:flutter/src/rendering/custom_layout.dart:417:14)
#57     RenderObject.layout (package:flutter/src/rendering/object.dart:2907:7)
#58     RenderProxyBoxMixin.performLayout (package:flutter/src/rendering/proxy_box.dart:118:18)
#59     RenderObject.layout (package:flutter/src/rendering/object.dart:2907:7)
#60     RenderProxyBoxMixin.performLayout (package:flutter/src/rendering/proxy_box.dart:118:18)
#61     _RenderCustomClip.performLayout (package:flutter/src/rendering/proxy_box.dart:1549:11)
#62     RenderObject.layout (package:flutter/src/rendering/object.dart:2907:7)
#63     RenderProxyBoxMixin.performLayout (package:flutter/src/rendering/proxy_box.dart:118:18)
#64     RenderObject.layout (package:flutter/src/rendering/object.dart:2907:7)
#65     RenderProxyBoxMixin.performLayout (package:flutter/src/rendering/proxy_box.dart:118:18)
#66     RenderObject.layout (package:flutter/src/rendering/object.dart:2907:7)
#67     RenderProxyBoxMixin.performLayout (package:flutter/src/rendering/proxy_box.dart:118:18)
#68     RenderObject.layout (package:flutter/src/rendering/object.dart:2907:7)
#69     RenderProxyBoxMixin.performLayout (package:flutter/src/rendering/proxy_box.dart:118:18)
#70     RenderObject.layout (package:flutter/src/rendering/object.dart:2907:7)
#71     RenderProxyBoxMixin.performLayout (package:flutter/src/rendering/proxy_box.dart:118:18)
#72     RenderObject.layout (package:flutter/src/rendering/object.dart:2907:7)
#73     RenderProxyBoxMixin.performLayout (package:flutter/src/rendering/proxy_box.dart:118:18)
#74     RenderObject.layout (package:flutter/src/rendering/object.dart:2907:7)
#75     RenderProxyBoxMixin.performLayout (package:flutter/src/rendering/proxy_box.dart:118:18)
#76     RenderObject.layout (package:flutter/src/rendering/object.dart:2907:7)
#77     RenderProxyBoxMixin.performLayout (package:flutter/src/rendering/proxy_box.dart:118:18)
#78     RenderObject.layout (package:flutter/src/rendering/object.dart:2907:7)
#79     RenderProxyBoxMixin.performLayout (package:flutter/src/rendering/proxy_box.dart:118:18)
#80     RenderObject.layout (package:flutter/src/rendering/object.dart:2907:7)
#81     RenderProxyBoxMixin.performLayout (package:flutter/src/rendering/proxy_box.dart:118:18)
#82     RenderObject.layout (package:flutter/src/rendering/object.dart:2907:7)
#83     RenderProxyBoxMixin.performLayout (package:flutter/src/rendering/proxy_box.dart:118:18)
#84     RenderObject.layout (package:flutter/src/rendering/object.dart:2907:7)
#85     RenderProxyBoxMixin.performLayout (package:flutter/src/rendering/proxy_box.dart:118:18)
#86     RenderObject.layout (package:flutter/src/rendering/object.dart:2907:7)
#87     RenderProxyBoxMixin.performLayout (package:flutter/src/rendering/proxy_box.dart:118:18)
#88     RenderObject.layout (package:flutter/src/rendering/object.dart:2907:7)
#89     RenderProxyBoxMixin.performLayout (package:flutter/src/rendering/proxy_box.dart:118:18)
#90     RenderObject.layout (package:flutter/src/rendering/object.dart:2907:7)
#91     RenderProxyBoxMixin.performLayout (package:flutter/src/rendering/proxy_box.dart:118:18)
#92     RenderObject.layout (package:flutter/src/rendering/object.dart:2907:7)
#93     RenderProxyBoxMixin.performLayout (package:flutter/src/rendering/proxy_box.dart:118:18)
#94     RenderOffstage.performLayout (package:flutter/src/rendering/proxy_box.dart:3923:13)
#95     RenderObject.layout (package:flutter/src/rendering/object.dart:2907:7)
#96     RenderProxyBoxMixin.performLayout (package:flutter/src/rendering/proxy_box.dart:118:18)
#97     RenderObject.layout (package:flutter/src/rendering/object.dart:2907:7)
#98     _RenderTheaterMixin.layoutChild (package:flutter/src/widgets/overlay.dart:1124:13)
#99     _RenderTheater.performLayout (package:flutter/src/widgets/overlay.dart:1481:9)
#100    RenderObject.layout (package:flutter/src/rendering/object.dart:2907:7)
#101    RenderProxyBoxMixin.performLayout (package:flutter/src/rendering/proxy_box.dart:118:18)
#102    RenderObject.layout (package:flutter/src/rendering/object.dart:2907:7)
#103    RenderProxyBoxMixin.performLayout (package:flutter/src/rendering/proxy_box.dart:118:18)
#104    RenderObject.layout (package:flutter/src/rendering/object.dart:2907:7)
#105    RenderProxyBoxMixin.performLayout (package:flutter/src/rendering/proxy_box.dart:118:18)
#106    RenderObject.layout (package:flutter/src/rendering/object.dart:2907:7)
#107    RenderProxyBoxMixin.performLayout (package:flutter/src/rendering/proxy_box.dart:118:18)
#108    RenderCustomPaint.performLayout (package:flutter/src/rendering/custom_paint.dart:574:11)
#109    RenderObject.layout (package:flutter/src/rendering/object.dart:2907:7)
#110    RenderProxyBoxMixin.performLayout (package:flutter/src/rendering/proxy_box.dart:118:18)
#111    RenderObject.layout (package:flutter/src/rendering/object.dart:2907:7)
#112    RenderProxyBoxMixin.performLayout (package:flutter/src/rendering/proxy_box.dart:118:18)
#113    RenderObject.layout (package:flutter/src/rendering/object.dart:2907:7)
#114    RenderProxyBoxMixin.performLayout (package:flutter/src/rendering/proxy_box.dart:118:18)
#115    RenderObject.layout (package:flutter/src/rendering/object.dart:2907:7)
#116    RenderProxyBoxMixin.performLayout (package:flutter/src/rendering/proxy_box.dart:118:18)
#117    RenderObject.layout (package:flutter/src/rendering/object.dart:2907:7)
#118    RenderProxyBoxMixin.performLayout (package:flutter/src/rendering/proxy_box.dart:118:18)
#119    RenderObject.layout (package:flutter/src/rendering/object.dart:2907:7)
#120    RenderProxyBoxMixin.performLayout (package:flutter/src/rendering/proxy_box.dart:118:18)
#121    RenderObject.layout (package:flutter/src/rendering/object.dart:2907:7)
#122    RenderView.performLayout (package:flutter/src/rendering/view.dart:292:12)
#123    RenderObject._layoutWithoutResize (package:flutter/src/rendering/object.dart:2755:7)
#124    PipelineOwner.flushLayout (package:flutter/src/rendering/object.dart:1174:18)
#125    PipelineOwner.flushLayout (package:flutter/src/rendering/object.dart:1187:15)
#126    AutomatedTestWidgetsFlutterBinding.drawFrame (package:flutter_test/src/binding.dart:2433:27)
#127    RendererBinding._handlePersistentFrameCallback (package:flutter/src/rendering/binding.dart:509:5)
#128    SchedulerBinding._invokeFrameCallback (package:flutter/src/scheduler/binding.dart:1430:15)
#129    SchedulerBinding.handleDrawFrame (package:flutter/src/scheduler/binding.dart:1345:9)
#130    AutomatedTestWidgetsFlutterBinding.pump.<anonymous closure> (package:flutter_test/src/binding.dart:2260:9)
#133    TestAsyncUtils.guard (package:flutter_test/src/test_async_utils.dart:74:41)
#134    AutomatedTestWidgetsFlutterBinding.pump (package:flutter_test/src/binding.dart:2249:27)
#135    WidgetTester.pumpWidget.<anonymous closure> (package:flutter_test/src/widget_tester.dart:598:22)
#138    TestAsyncUtils.guard (package:flutter_test/src/test_async_utils.dart:74:41)
#139    WidgetTester.pumpWidget (package:flutter_test/src/widget_tester.dart:595:27)
#140    main.<anonymous closure>.<anonymous closure> (file:///Y:/AndroidStudioProject/Github/expert-project/test/presentation/pages/tv_detail_page_test.dart:100:20)
#141    testWidgets.<anonymous closure>.<anonymous closure> (package:flutter_test/src/widget_tester.dart:192:29)
<asynchronous suspension>
#142    TestWidgetsFlutterBinding._runTestBody (package:flutter_test/src/binding.dart:1952:5)
<asynchronous suspension>
<asynchronous suspension>
(elided 7 frames from class _AssertionError, dart:async, and package:stack_trace)

The following RenderObject was being processed when the exception was fired: RenderClipRect#07084 relayoutBoundary=up12 NEEDS-LAYOUT NEEDS-PAINT NEEDS-COMPOSITING-BITS-UPDATE:
  creator: ClipRect ΓåÉ AnimatedBuilder ΓåÉ NotificationListener<ScrollNotification> ΓåÉ
    StretchingOverscrollIndicator ΓåÉ Scrollable ΓåÉ ListView ΓåÉ Column ΓåÉ _SingleChildViewport ΓåÉ
    IgnorePointer-[GlobalKey#f0698] ΓåÉ Semantics ΓåÉ Listener ΓåÉ _GestureSemantics ΓåÉ Γï»
  parentData: offset=Offset(0.0, 0.0); flex=null; fit=null (can use size)
  constraints: BoxConstraints(0.0<=w<=768.0, 0.0<=h<=Infinity)
  size: MISSING
This RenderObject had the following descendants (showing up to depth 5):
    child: RenderTransform#63c9d relayoutBoundary=up13 NEEDS-PAINT NEEDS-COMPOSITING-BITS-UPDATE
      child: _RenderScrollSemantics#db04e relayoutBoundary=up14 NEEDS-PAINT NEEDS-COMPOSITING-BITS-UPDATE
        child: RenderPointerListener#e2e4e relayoutBoundary=up15 NEEDS-PAINT NEEDS-COMPOSITING-BITS-UPDATE
          child: RenderSemanticsGestureHandler#a500e relayoutBoundary=up16 NEEDS-PAINT NEEDS-COMPOSITING-BITS-UPDATE
            child: RenderPointerListener#46436 relayoutBoundary=up17 NEEDS-PAINT NEEDS-COMPOSITING-BITS-UPDATE
ΓòÉΓòÉΓòÉΓòÉΓòÉΓòÉΓòÉΓòÉΓòÉΓòÉΓòÉΓòÉΓòÉΓòÉΓòÉΓòÉΓòÉΓòÉΓòÉΓòÉΓòÉΓòÉΓòÉΓòÉΓòÉΓòÉΓòÉΓòÉΓòÉΓòÉΓòÉΓòÉΓòÉΓòÉΓòÉΓòÉΓòÉΓòÉΓòÉΓòÉΓòÉΓòÉΓòÉΓòÉΓòÉΓòÉΓòÉΓòÉΓòÉΓòÉΓòÉΓòÉΓòÉΓòÉΓòÉΓòÉΓòÉΓòÉΓòÉΓòÉΓòÉΓòÉΓòÉΓòÉΓòÉΓòÉΓòÉΓòÉΓòÉΓòÉΓòÉΓòÉΓòÉΓòÉΓòÉΓòÉΓòÉΓòÉΓòÉΓòÉΓòÉΓòÉΓòÉΓòÉΓòÉΓòÉΓòÉΓòÉΓòÉΓòÉΓòÉΓòÉΓòÉΓòÉΓòÉΓòÉΓòÉΓòÉΓòÉΓòÉ
ΓòÉΓòÉΓòí EXCEPTION CAUGHT BY RENDERING LIBRARY Γò₧ΓòÉΓòÉΓòÉΓòÉΓòÉΓòÉΓòÉΓòÉΓòÉΓòÉΓòÉΓòÉΓòÉΓòÉΓòÉΓòÉΓòÉΓòÉΓòÉΓòÉΓòÉΓòÉΓòÉΓòÉΓòÉΓòÉΓòÉΓòÉΓòÉΓòÉΓòÉΓòÉΓòÉΓòÉΓòÉΓòÉΓòÉΓòÉΓòÉΓòÉΓòÉΓòÉΓòÉΓòÉΓòÉΓòÉΓòÉΓòÉΓòÉΓòÉΓòÉΓòÉΓòÉΓòÉΓòÉΓòÉΓòÉ
The following assertion was thrown during performLayout():
RenderBox was not laid out: RenderClipRect#07084 relayoutBoundary=up12 NEEDS-PAINT
NEEDS-COMPOSITING-BITS-UPDATE
'package:flutter/src/rendering/box.dart':
Failed assertion: line 2251 pos 12: 'hasSize'

Either the assertion indicates an error in the framework itself, or we should provide substantially
more information in this error message to help you determine and fix the underlying cause.
In either case, please report this assertion by filing a bug on GitHub:
  https://github.com/flutter/flutter/issues/new?template=02_bug.yml

The relevant error-causing widget was:
  Column
  Column:file:///Y:/AndroidStudioProject/Github/expert-project/lib/presentation/pages/tv_detail_page.dart:102:32

When the exception was thrown, this was the stack:
#2      RenderBox.size (package:flutter/src/rendering/box.dart:2251:12)
#3      ChildLayoutHelper.layoutChild (package:flutter/src/rendering/layout_helper.dart:63:18)
#4      RenderFlex._computeSizes (package:flutter/src/rendering/flex.dart:1237:28)
#5      RenderFlex.performLayout (package:flutter/src/rendering/flex.dart:1329:32)
#6      RenderObject.layout (package:flutter/src/rendering/object.dart:2907:7)
#7      _RenderSingleChildViewport.performLayout (package:flutter/src/widgets/single_child_scroll_view.dart:502:14)
#8      RenderObject.layout (package:flutter/src/rendering/object.dart:2907:7)
#9      RenderProxyBoxMixin.performLayout (package:flutter/src/rendering/proxy_box.dart:118:18)
#10     RenderObject.layout (package:flutter/src/rendering/object.dart:2907:7)
#11     RenderProxyBoxMixin.performLayout (package:flutter/src/rendering/proxy_box.dart:118:18)
#12     RenderObject.layout (package:flutter/src/rendering/object.dart:2907:7)
#13     RenderProxyBoxMixin.performLayout (package:flutter/src/rendering/proxy_box.dart:118:18)
#14     RenderObject.layout (package:flutter/src/rendering/object.dart:2907:7)
#15     RenderProxyBoxMixin.performLayout (package:flutter/src/rendering/proxy_box.dart:118:18)
#16     RenderObject.layout (package:flutter/src/rendering/object.dart:2907:7)
#17     RenderProxyBoxMixin.performLayout (package:flutter/src/rendering/proxy_box.dart:118:18)
#18     RenderObject.layout (package:flutter/src/rendering/object.dart:2907:7)
#19     RenderProxyBoxMixin.performLayout (package:flutter/src/rendering/proxy_box.dart:118:18)
#20     RenderObject.layout (package:flutter/src/rendering/object.dart:2907:7)
#21     RenderProxyBoxMixin.performLayout (package:flutter/src/rendering/proxy_box.dart:118:18)
#22     RenderObject.layout (package:flutter/src/rendering/object.dart:2907:7)
#23     RenderProxyBoxMixin.performLayout (package:flutter/src/rendering/proxy_box.dart:118:18)
#24     _RenderCustomClip.performLayout (package:flutter/src/rendering/proxy_box.dart:1549:11)
#25     RenderObject.layout (package:flutter/src/rendering/object.dart:2907:7)
#26     RenderPadding.performLayout (package:flutter/src/rendering/shifted_box.dart:262:12)
#27     RenderObject.layout (package:flutter/src/rendering/object.dart:2907:7)
#28     ChildLayoutHelper.layoutChild (package:flutter/src/rendering/layout_helper.dart:62:11)
#29     RenderStack._computeSize (package:flutter/src/rendering/stack.dart:647:43)
#30     RenderStack.performLayout (package:flutter/src/rendering/stack.dart:682:12)
#31     RenderObject.layout (package:flutter/src/rendering/object.dart:2907:7)
#32     RenderPadding.performLayout (package:flutter/src/rendering/shifted_box.dart:262:12)
#33     RenderObject.layout (package:flutter/src/rendering/object.dart:2907:7)
#34     RenderProxyBoxMixin.performLayout (package:flutter/src/rendering/proxy_box.dart:118:18)
#35     RenderObject.layout (package:flutter/src/rendering/object.dart:2907:7)
#36     RenderFractionallySizedOverflowBox.performLayout (package:flutter/src/rendering/shifted_box.dart:1298:14)
#37     RenderObject.layout (package:flutter/src/rendering/object.dart:2907:7)
#38     RenderConstrainedBox.performLayout (package:flutter/src/rendering/proxy_box.dart:296:14)
#39     RenderObject.layout (package:flutter/src/rendering/object.dart:2907:7)
#40     _RenderLayoutBuilder.performLayout (package:flutter/src/widgets/layout_builder.dart:449:14)
#41     RenderObject.layout (package:flutter/src/rendering/object.dart:2907:7)
#42     RenderPadding.performLayout (package:flutter/src/rendering/shifted_box.dart:262:12)
#43     RenderObject.layout (package:flutter/src/rendering/object.dart:2907:7)
#44     ChildLayoutHelper.layoutChild (package:flutter/src/rendering/layout_helper.dart:62:11)
#45     RenderStack._computeSize (package:flutter/src/rendering/stack.dart:647:43)
#46     RenderStack.performLayout (package:flutter/src/rendering/stack.dart:682:12)
#47     RenderObject.layout (package:flutter/src/rendering/object.dart:2907:7)
#48     RenderPadding.performLayout (package:flutter/src/rendering/shifted_box.dart:262:12)
#49     RenderObject.layout (package:flutter/src/rendering/object.dart:2907:7)
#50     MultiChildLayoutDelegate.layoutChild (package:flutter/src/rendering/custom_layout.dart:180:12)
#51     _ScaffoldLayout.performLayout (package:flutter/src/material/scaffold.dart:1113:7)
#52     MultiChildLayoutDelegate._callPerformLayout (package:flutter/src/rendering/custom_layout.dart:246:7)
#53     RenderCustomMultiChildLayoutBox.performLayout (package:flutter/src/rendering/custom_layout.dart:417:14)
#54     RenderObject.layout (package:flutter/src/rendering/object.dart:2907:7)
#55     RenderProxyBoxMixin.performLayout (package:flutter/src/rendering/proxy_box.dart:118:18)
#56     RenderObject.layout (package:flutter/src/rendering/object.dart:2907:7)
#57     RenderProxyBoxMixin.performLayout (package:flutter/src/rendering/proxy_box.dart:118:18)
#58     _RenderCustomClip.performLayout (package:flutter/src/rendering/proxy_box.dart:1549:11)
#59     RenderObject.layout (package:flutter/src/rendering/object.dart:2907:7)
#60     RenderProxyBoxMixin.performLayout (package:flutter/src/rendering/proxy_box.dart:118:18)
#61     RenderObject.layout (package:flutter/src/rendering/object.dart:2907:7)
#62     RenderProxyBoxMixin.performLayout (package:flutter/src/rendering/proxy_box.dart:118:18)
#63     RenderObject.layout (package:flutter/src/rendering/object.dart:2907:7)
#64     RenderProxyBoxMixin.performLayout (package:flutter/src/rendering/proxy_box.dart:118:18)
#65     RenderObject.layout (package:flutter/src/rendering/object.dart:2907:7)
#66     RenderProxyBoxMixin.performLayout (package:flutter/src/rendering/proxy_box.dart:118:18)
#67     RenderObject.layout (package:flutter/src/rendering/object.dart:2907:7)
#68     RenderProxyBoxMixin.performLayout (package:flutter/src/rendering/proxy_box.dart:118:18)
#69     RenderObject.layout (package:flutter/src/rendering/object.dart:2907:7)
#70     RenderProxyBoxMixin.performLayout (package:flutter/src/rendering/proxy_box.dart:118:18)
#71     RenderObject.layout (package:flutter/src/rendering/object.dart:2907:7)
#72     RenderProxyBoxMixin.performLayout (package:flutter/src/rendering/proxy_box.dart:118:18)
#73     RenderObject.layout (package:flutter/src/rendering/object.dart:2907:7)
#74     RenderProxyBoxMixin.performLayout (package:flutter/src/rendering/proxy_box.dart:118:18)
#75     RenderObject.layout (package:flutter/src/rendering/object.dart:2907:7)
#76     RenderProxyBoxMixin.performLayout (package:flutter/src/rendering/proxy_box.dart:118:18)
#77     RenderObject.layout (package:flutter/src/rendering/object.dart:2907:7)
#78     RenderProxyBoxMixin.performLayout (package:flutter/src/rendering/proxy_box.dart:118:18)
#79     RenderObject.layout (package:flutter/src/rendering/object.dart:2907:7)
#80     RenderProxyBoxMixin.performLayout (package:flutter/src/rendering/proxy_box.dart:118:18)
#81     RenderObject.layout (package:flutter/src/rendering/object.dart:2907:7)
#82     RenderProxyBoxMixin.performLayout (package:flutter/src/rendering/proxy_box.dart:118:18)
#83     RenderObject.layout (package:flutter/src/rendering/object.dart:2907:7)
#84     RenderProxyBoxMixin.performLayout (package:flutter/src/rendering/proxy_box.dart:118:18)
#85     RenderObject.layout (package:flutter/src/rendering/object.dart:2907:7)
#86     RenderProxyBoxMixin.performLayout (package:flutter/src/rendering/proxy_box.dart:118:18)
#87     RenderObject.layout (package:flutter/src/rendering/object.dart:2907:7)
#88     RenderProxyBoxMixin.performLayout (package:flutter/src/rendering/proxy_box.dart:118:18)
#89     RenderObject.layout (package:flutter/src/rendering/object.dart:2907:7)
#90     RenderProxyBoxMixin.performLayout (package:flutter/src/rendering/proxy_box.dart:118:18)
#91     RenderOffstage.performLayout (package:flutter/src/rendering/proxy_box.dart:3923:13)
#92     RenderObject.layout (package:flutter/src/rendering/object.dart:2907:7)
#93     RenderProxyBoxMixin.performLayout (package:flutter/src/rendering/proxy_box.dart:118:18)
#94     RenderObject.layout (package:flutter/src/rendering/object.dart:2907:7)
#95     _RenderTheaterMixin.layoutChild (package:flutter/src/widgets/overlay.dart:1124:13)
#96     _RenderTheater.performLayout (package:flutter/src/widgets/overlay.dart:1481:9)
#97     RenderObject.layout (package:flutter/src/rendering/object.dart:2907:7)
#98     RenderProxyBoxMixin.performLayout (package:flutter/src/rendering/proxy_box.dart:118:18)
#99     RenderObject.layout (package:flutter/src/rendering/object.dart:2907:7)
#100    RenderProxyBoxMixin.performLayout (package:flutter/src/rendering/proxy_box.dart:118:18)
#101    RenderObject.layout (package:flutter/src/rendering/object.dart:2907:7)
#102    RenderProxyBoxMixin.performLayout (package:flutter/src/rendering/proxy_box.dart:118:18)
#103    RenderObject.layout (package:flutter/src/rendering/object.dart:2907:7)
#104    RenderProxyBoxMixin.performLayout (package:flutter/src/rendering/proxy_box.dart:118:18)
#105    RenderCustomPaint.performLayout (package:flutter/src/rendering/custom_paint.dart:574:11)
#106    RenderObject.layout (package:flutter/src/rendering/object.dart:2907:7)
#107    RenderProxyBoxMixin.performLayout (package:flutter/src/rendering/proxy_box.dart:118:18)
#108    RenderObject.layout (package:flutter/src/rendering/object.dart:2907:7)
#109    RenderProxyBoxMixin.performLayout (package:flutter/src/rendering/proxy_box.dart:118:18)
#110    RenderObject.layout (package:flutter/src/rendering/object.dart:2907:7)
#111    RenderProxyBoxMixin.performLayout (package:flutter/src/rendering/proxy_box.dart:118:18)
#112    RenderObject.layout (package:flutter/src/rendering/object.dart:2907:7)
#113    RenderProxyBoxMixin.performLayout (package:flutter/src/rendering/proxy_box.dart:118:18)
#114    RenderObject.layout (package:flutter/src/rendering/object.dart:2907:7)
#115    RenderProxyBoxMixin.performLayout (package:flutter/src/rendering/proxy_box.dart:118:18)
#116    RenderObject.layout (package:flutter/src/rendering/object.dart:2907:7)
#117    RenderProxyBoxMixin.performLayout (package:flutter/src/rendering/proxy_box.dart:118:18)
#118    RenderObject.layout (package:flutter/src/rendering/object.dart:2907:7)
#119    RenderView.performLayout (package:flutter/src/rendering/view.dart:292:12)
#120    RenderObject._layoutWithoutResize (package:flutter/src/rendering/object.dart:2755:7)
#121    PipelineOwner.flushLayout (package:flutter/src/rendering/object.dart:1174:18)
#122    PipelineOwner.flushLayout (package:flutter/src/rendering/object.dart:1187:15)
#123    AutomatedTestWidgetsFlutterBinding.drawFrame (package:flutter_test/src/binding.dart:2433:27)
#124    RendererBinding._handlePersistentFrameCallback (package:flutter/src/rendering/binding.dart:509:5)
#125    SchedulerBinding._invokeFrameCallback (package:flutter/src/scheduler/binding.dart:1430:15)
#126    SchedulerBinding.handleDrawFrame (package:flutter/src/scheduler/binding.dart:1345:9)
#127    AutomatedTestWidgetsFlutterBinding.pump.<anonymous closure> (package:flutter_test/src/binding.dart:2260:9)
#130    TestAsyncUtils.guard (package:flutter_test/src/test_async_utils.dart:74:41)
#131    AutomatedTestWidgetsFlutterBinding.pump (package:flutter_test/src/binding.dart:2249:27)
#132    WidgetTester.pumpWidget.<anonymous closure> (package:flutter_test/src/widget_tester.dart:598:22)
#135    TestAsyncUtils.guard (package:flutter_test/src/test_async_utils.dart:74:41)
#136    WidgetTester.pumpWidget (package:flutter_test/src/widget_tester.dart:595:27)
#137    main.<anonymous closure>.<anonymous closure> (file:///Y:/AndroidStudioProject/Github/expert-project/test/presentation/pages/tv_detail_page_test.dart:100:20)
#138    testWidgets.<anonymous closure>.<anonymous closure> (package:flutter_test/src/widget_tester.dart:192:29)
<asynchronous suspension>
#139    TestWidgetsFlutterBinding._runTestBody (package:flutter_test/src/binding.dart:1952:5)
<asynchronous suspension>
<asynchronous suspension>
(elided 7 frames from class _AssertionError, dart:async, and package:stack_trace)

The following RenderObject was being processed when the exception was fired: RenderFlex#ec446 relayoutBoundary=up11 NEEDS-LAYOUT NEEDS-PAINT NEEDS-COMPOSITING-BITS-UPDATE:
  creator: Column ΓåÉ _SingleChildViewport ΓåÉ IgnorePointer-[GlobalKey#f0698] ΓåÉ Semantics ΓåÉ Listener ΓåÉ
    _GestureSemantics ΓåÉ RawGestureDetector-[LabeledGlobalKey<RawGestureDetectorState>#2ea2f] ΓåÉ
    Listener ΓåÉ _ScrollableScope ΓåÉ _ScrollSemantics-[GlobalKey#b1548] ΓåÉ
    NotificationListener<ScrollMetricsNotification> ΓåÉ Transform ΓåÉ Γï»
  parentData: <none> (can use size)
  constraints: BoxConstraints(0.0<=w<=768.0, 0.0<=h<=Infinity)
  size: MISSING
  direction: vertical
  mainAxisAlignment: start
  mainAxisSize: max
  crossAxisAlignment: start
  textDirection: ltr
  verticalDirection: down
  spacing: 0.0
This RenderObject had the following descendants (showing up to depth 5):
    child 1: RenderParagraph#21d7a relayoutBoundary=up12 NEEDS-PAINT
      text: TextSpan
    child 2: RenderSemanticsAnnotations#353e9 relayoutBoundary=up12 NEEDS-PAINT NEEDS-COMPOSITING-BITS-UPDATE
      child: _RenderInputPadding#f8054 relayoutBoundary=up13 NEEDS-PAINT NEEDS-COMPOSITING-BITS-UPDATE
        child: RenderConstrainedBox#7eb3f relayoutBoundary=up14 NEEDS-PAINT NEEDS-COMPOSITING-BITS-UPDATE
          child: RenderPhysicalShape#b8d12 relayoutBoundary=up15 NEEDS-PAINT NEEDS-COMPOSITING-BITS-UPDATE
            child: RenderCustomPaint#a8037 relayoutBoundary=up16 NEEDS-PAINT NEEDS-COMPOSITING-BITS-UPDATE
    child 3: RenderParagraph#93fe2 relayoutBoundary=up12 NEEDS-PAINT
      text: TextSpan
    child 4: RenderFlex#d708b relayoutBoundary=up12 NEEDS-PAINT NEEDS-COMPOSITING-BITS-UPDATE
      child 1: RenderClipRect#123a3 relayoutBoundary=up13 NEEDS-PAINT NEEDS-COMPOSITING-BITS-UPDATE
        child: RenderTransform#517e7 relayoutBoundary=up14 NEEDS-PAINT NEEDS-COMPOSITING-BITS-UPDATE
          child: _RenderScrollSemantics#37467 relayoutBoundary=up15 NEEDS-PAINT NEEDS-COMPOSITING-BITS-UPDATE
            child: RenderPointerListener#a6f44 relayoutBoundary=up16 NEEDS-PAINT NEEDS-COMPOSITING-BITS-UPDATE
      child 2: RenderParagraph#b9280 relayoutBoundary=up13 NEEDS-PAINT
        text: TextSpan
    child 5: RenderConstrainedBox#2fc3d relayoutBoundary=up12 NEEDS-PAINT
    child 6: RenderParagraph#8ccd7 relayoutBoundary=up12 NEEDS-PAINT
      text: TextSpan
    child 7: RenderParagraph#d14f5 relayoutBoundary=up12 NEEDS-PAINT
      text: TextSpan
    child 8: RenderConstrainedBox#27859 relayoutBoundary=up12 NEEDS-PAINT
    child 9: RenderParagraph#96226 relayoutBoundary=up12 NEEDS-PAINT
      text: TextSpan
    child 10: RenderClipRect#07084 relayoutBoundary=up12 NEEDS-PAINT NEEDS-COMPOSITING-BITS-UPDATE
      child: RenderTransform#63c9d relayoutBoundary=up13 NEEDS-PAINT NEEDS-COMPOSITING-BITS-UPDATE
        child: _RenderScrollSemantics#db04e relayoutBoundary=up14 NEEDS-PAINT NEEDS-COMPOSITING-BITS-UPDATE
          child: RenderPointerListener#e2e4e relayoutBoundary=up15 NEEDS-PAINT NEEDS-COMPOSITING-BITS-UPDATE
            child: RenderSemanticsGestureHandler#a500e relayoutBoundary=up16 NEEDS-PAINT NEEDS-COMPOSITING-BITS-UPDATE
ΓòÉΓòÉΓòÉΓòÉΓòÉΓòÉΓòÉΓòÉΓòÉΓòÉΓòÉΓòÉΓòÉΓòÉΓòÉΓòÉΓòÉΓòÉΓòÉΓòÉΓòÉΓòÉΓòÉΓòÉΓòÉΓòÉΓòÉΓòÉΓòÉΓòÉΓòÉΓòÉΓòÉΓòÉΓòÉΓòÉΓòÉΓòÉΓòÉΓòÉΓòÉΓòÉΓòÉΓòÉΓòÉΓòÉΓòÉΓòÉΓòÉΓòÉΓòÉΓòÉΓòÉΓòÉΓòÉΓòÉΓòÉΓòÉΓòÉΓòÉΓòÉΓòÉΓòÉΓòÉΓòÉΓòÉΓòÉΓòÉΓòÉΓòÉΓòÉΓòÉΓòÉΓòÉΓòÉΓòÉΓòÉΓòÉΓòÉΓòÉΓòÉΓòÉΓòÉΓòÉΓòÉΓòÉΓòÉΓòÉΓòÉΓòÉΓòÉΓòÉΓòÉΓòÉΓòÉΓòÉΓòÉΓòÉΓòÉΓòÉ
ΓòÉΓòÉΓòí EXCEPTION CAUGHT BY RENDERING LIBRARY Γò₧ΓòÉΓòÉΓòÉΓòÉΓòÉΓòÉΓòÉΓòÉΓòÉΓòÉΓòÉΓòÉΓòÉΓòÉΓòÉΓòÉΓòÉΓòÉΓòÉΓòÉΓòÉΓòÉΓòÉΓòÉΓòÉΓòÉΓòÉΓòÉΓòÉΓòÉΓòÉΓòÉΓòÉΓòÉΓòÉΓòÉΓòÉΓòÉΓòÉΓòÉΓòÉΓòÉΓòÉΓòÉΓòÉΓòÉΓòÉΓòÉΓòÉΓòÉΓòÉΓòÉΓòÉΓòÉΓòÉΓòÉΓòÉ
The following assertion was thrown during performLayout():
RenderBox was not laid out: RenderFlex#ec446 relayoutBoundary=up11 NEEDS-PAINT
NEEDS-COMPOSITING-BITS-UPDATE
'package:flutter/src/rendering/box.dart':
Failed assertion: line 2251 pos 12: 'hasSize'

Either the assertion indicates an error in the framework itself, or we should provide substantially
more information in this error message to help you determine and fix the underlying cause.
In either case, please report this assertion by filing a bug on GitHub:
  https://github.com/flutter/flutter/issues/new?template=02_bug.yml

The relevant error-causing widget was:
  SingleChildScrollView
  SingleChildScrollView:file:///Y:/AndroidStudioProject/Github/expert-project/lib/presentation/pages/tv_detail_page.dart:100:30

When the exception was thrown, this was the stack:
#2      RenderBox.size (package:flutter/src/rendering/box.dart:2251:12)
#3      _RenderSingleChildViewport.performLayout (package:flutter/src/widgets/single_child_scroll_view.dart:503:43)
#4      RenderObject.layout (package:flutter/src/rendering/object.dart:2907:7)
#5      RenderProxyBoxMixin.performLayout (package:flutter/src/rendering/proxy_box.dart:118:18)
#6      RenderObject.layout (package:flutter/src/rendering/object.dart:2907:7)
#7      RenderProxyBoxMixin.performLayout (package:flutter/src/rendering/proxy_box.dart:118:18)
#8      RenderObject.layout (package:flutter/src/rendering/object.dart:2907:7)
#9      RenderProxyBoxMixin.performLayout (package:flutter/src/rendering/proxy_box.dart:118:18)
#10     RenderObject.layout (package:flutter/src/rendering/object.dart:2907:7)
#11     RenderProxyBoxMixin.performLayout (package:flutter/src/rendering/proxy_box.dart:118:18)
#12     RenderObject.layout (package:flutter/src/rendering/object.dart:2907:7)
#13     RenderProxyBoxMixin.performLayout (package:flutter/src/rendering/proxy_box.dart:118:18)
#14     RenderObject.layout (package:flutter/src/rendering/object.dart:2907:7)
#15     RenderProxyBoxMixin.performLayout (package:flutter/src/rendering/proxy_box.dart:118:18)
#16     RenderObject.layout (package:flutter/src/rendering/object.dart:2907:7)
#17     RenderProxyBoxMixin.performLayout (package:flutter/src/rendering/proxy_box.dart:118:18)
#18     RenderObject.layout (package:flutter/src/rendering/object.dart:2907:7)
#19     RenderProxyBoxMixin.performLayout (package:flutter/src/rendering/proxy_box.dart:118:18)
#20     _RenderCustomClip.performLayout (package:flutter/src/rendering/proxy_box.dart:1549:11)
#21     RenderObject.layout (package:flutter/src/rendering/object.dart:2907:7)
#22     RenderPadding.performLayout (package:flutter/src/rendering/shifted_box.dart:262:12)
#23     RenderObject.layout (package:flutter/src/rendering/object.dart:2907:7)
#24     ChildLayoutHelper.layoutChild (package:flutter/src/rendering/layout_helper.dart:62:11)
#25     RenderStack._computeSize (package:flutter/src/rendering/stack.dart:647:43)
#26     RenderStack.performLayout (package:flutter/src/rendering/stack.dart:682:12)
#27     RenderObject.layout (package:flutter/src/rendering/object.dart:2907:7)
#28     RenderPadding.performLayout (package:flutter/src/rendering/shifted_box.dart:262:12)
#29     RenderObject.layout (package:flutter/src/rendering/object.dart:2907:7)
#30     RenderProxyBoxMixin.performLayout (package:flutter/src/rendering/proxy_box.dart:118:18)
#31     RenderObject.layout (package:flutter/src/rendering/object.dart:2907:7)
#32     RenderFractionallySizedOverflowBox.performLayout (package:flutter/src/rendering/shifted_box.dart:1298:14)
#33     RenderObject.layout (package:flutter/src/rendering/object.dart:2907:7)
#34     RenderConstrainedBox.performLayout (package:flutter/src/rendering/proxy_box.dart:296:14)
#35     RenderObject.layout (package:flutter/src/rendering/object.dart:2907:7)
#36     _RenderLayoutBuilder.performLayout (package:flutter/src/widgets/layout_builder.dart:449:14)
#37     RenderObject.layout (package:flutter/src/rendering/object.dart:2907:7)
#38     RenderPadding.performLayout (package:flutter/src/rendering/shifted_box.dart:262:12)
#39     RenderObject.layout (package:flutter/src/rendering/object.dart:2907:7)
#40     ChildLayoutHelper.layoutChild (package:flutter/src/rendering/layout_helper.dart:62:11)
#41     RenderStack._computeSize (package:flutter/src/rendering/stack.dart:647:43)
#42     RenderStack.performLayout (package:flutter/src/rendering/stack.dart:682:12)
#43     RenderObject.layout (package:flutter/src/rendering/object.dart:2907:7)
#44     RenderPadding.performLayout (package:flutter/src/rendering/shifted_box.dart:262:12)
#45     RenderObject.layout (package:flutter/src/rendering/object.dart:2907:7)
#46     MultiChildLayoutDelegate.layoutChild (package:flutter/src/rendering/custom_layout.dart:180:12)
#47     _ScaffoldLayout.performLayout (package:flutter/src/material/scaffold.dart:1113:7)
#48     MultiChildLayoutDelegate._callPerformLayout (package:flutter/src/rendering/custom_layout.dart:246:7)
#49     RenderCustomMultiChildLayoutBox.performLayout (package:flutter/src/rendering/custom_layout.dart:417:14)
#50     RenderObject.layout (package:flutter/src/rendering/object.dart:2907:7)
#51     RenderProxyBoxMixin.performLayout (package:flutter/src/rendering/proxy_box.dart:118:18)
#52     RenderObject.layout (package:flutter/src/rendering/object.dart:2907:7)
#53     RenderProxyBoxMixin.performLayout (package:flutter/src/rendering/proxy_box.dart:118:18)
#54     _RenderCustomClip.performLayout (package:flutter/src/rendering/proxy_box.dart:1549:11)
#55     RenderObject.layout (package:flutter/src/rendering/object.dart:2907:7)
#56     RenderProxyBoxMixin.performLayout (package:flutter/src/rendering/proxy_box.dart:118:18)
#57     RenderObject.layout (package:flutter/src/rendering/object.dart:2907:7)
#58     RenderProxyBoxMixin.performLayout (package:flutter/src/rendering/proxy_box.dart:118:18)
#59     RenderObject.layout (package:flutter/src/rendering/object.dart:2907:7)
#60     RenderProxyBoxMixin.performLayout (package:flutter/src/rendering/proxy_box.dart:118:18)
#61     RenderObject.layout (package:flutter/src/rendering/object.dart:2907:7)
#62     RenderProxyBoxMixin.performLayout (package:flutter/src/rendering/proxy_box.dart:118:18)
#63     RenderObject.layout (package:flutter/src/rendering/object.dart:2907:7)
#64     RenderProxyBoxMixin.performLayout (package:flutter/src/rendering/proxy_box.dart:118:18)
#65     RenderObject.layout (package:flutter/src/rendering/object.dart:2907:7)
#66     RenderProxyBoxMixin.performLayout (package:flutter/src/rendering/proxy_box.dart:118:18)
#67     RenderObject.layout (package:flutter/src/rendering/object.dart:2907:7)
#68     RenderProxyBoxMixin.performLayout (package:flutter/src/rendering/proxy_box.dart:118:18)
#69     RenderObject.layout (package:flutter/src/rendering/object.dart:2907:7)
#70     RenderProxyBoxMixin.performLayout (package:flutter/src/rendering/proxy_box.dart:118:18)
#71     RenderObject.layout (package:flutter/src/rendering/object.dart:2907:7)
#72     RenderProxyBoxMixin.performLayout (package:flutter/src/rendering/proxy_box.dart:118:18)
#73     RenderObject.layout (package:flutter/src/rendering/object.dart:2907:7)
#74     RenderProxyBoxMixin.performLayout (package:flutter/src/rendering/proxy_box.dart:118:18)
#75     RenderObject.layout (package:flutter/src/rendering/object.dart:2907:7)
#76     RenderProxyBoxMixin.performLayout (package:flutter/src/rendering/proxy_box.dart:118:18)
#77     RenderObject.layout (package:flutter/src/rendering/object.dart:2907:7)
#78     RenderProxyBoxMixin.performLayout (package:flutter/src/rendering/proxy_box.dart:118:18)
#79     RenderObject.layout (package:flutter/src/rendering/object.dart:2907:7)
#80     RenderProxyBoxMixin.performLayout (package:flutter/src/rendering/proxy_box.dart:118:18)
#81     RenderObject.layout (package:flutter/src/rendering/object.dart:2907:7)
#82     RenderProxyBoxMixin.performLayout (package:flutter/src/rendering/proxy_box.dart:118:18)
#83     RenderObject.layout (package:flutter/src/rendering/object.dart:2907:7)
#84     RenderProxyBoxMixin.performLayout (package:flutter/src/rendering/proxy_box.dart:118:18)
#85     RenderObject.layout (package:flutter/src/rendering/object.dart:2907:7)
#86     RenderProxyBoxMixin.performLayout (package:flutter/src/rendering/proxy_box.dart:118:18)
#87     RenderOffstage.performLayout (package:flutter/src/rendering/proxy_box.dart:3923:13)
#88     RenderObject.layout (package:flutter/src/rendering/object.dart:2907:7)
#89     RenderProxyBoxMixin.performLayout (package:flutter/src/rendering/proxy_box.dart:118:18)
#90     RenderObject.layout (package:flutter/src/rendering/object.dart:2907:7)
#91     _RenderTheaterMixin.layoutChild (package:flutter/src/widgets/overlay.dart:1124:13)
#92     _RenderTheater.performLayout (package:flutter/src/widgets/overlay.dart:1481:9)
#93     RenderObject.layout (package:flutter/src/rendering/object.dart:2907:7)
#94     RenderProxyBoxMixin.performLayout (package:flutter/src/rendering/proxy_box.dart:118:18)
#95     RenderObject.layout (package:flutter/src/rendering/object.dart:2907:7)
#96     RenderProxyBoxMixin.performLayout (package:flutter/src/rendering/proxy_box.dart:118:18)
#97     RenderObject.layout (package:flutter/src/rendering/object.dart:2907:7)
#98     RenderProxyBoxMixin.performLayout (package:flutter/src/rendering/proxy_box.dart:118:18)
#99     RenderObject.layout (package:flutter/src/rendering/object.dart:2907:7)
#100    RenderProxyBoxMixin.performLayout (package:flutter/src/rendering/proxy_box.dart:118:18)
#101    RenderCustomPaint.performLayout (package:flutter/src/rendering/custom_paint.dart:574:11)
#102    RenderObject.layout (package:flutter/src/rendering/object.dart:2907:7)
#103    RenderProxyBoxMixin.performLayout (package:flutter/src/rendering/proxy_box.dart:118:18)
#104    RenderObject.layout (package:flutter/src/rendering/object.dart:2907:7)
#105    RenderProxyBoxMixin.performLayout (package:flutter/src/rendering/proxy_box.dart:118:18)
#106    RenderObject.layout (package:flutter/src/rendering/object.dart:2907:7)
#107    RenderProxyBoxMixin.performLayout (package:flutter/src/rendering/proxy_box.dart:118:18)
#108    RenderObject.layout (package:flutter/src/rendering/object.dart:2907:7)
#109    RenderProxyBoxMixin.performLayout (package:flutter/src/rendering/proxy_box.dart:118:18)
#110    RenderObject.layout (package:flutter/src/rendering/object.dart:2907:7)
#111    RenderProxyBoxMixin.performLayout (package:flutter/src/rendering/proxy_box.dart:118:18)
#112    RenderObject.layout (package:flutter/src/rendering/object.dart:2907:7)
#113    RenderProxyBoxMixin.performLayout (package:flutter/src/rendering/proxy_box.dart:118:18)
#114    RenderObject.layout (package:flutter/src/rendering/object.dart:2907:7)
#115    RenderView.performLayout (package:flutter/src/rendering/view.dart:292:12)
#116    RenderObject._layoutWithoutResize (package:flutter/src/rendering/object.dart:2755:7)
#117    PipelineOwner.flushLayout (package:flutter/src/rendering/object.dart:1174:18)
#118    PipelineOwner.flushLayout (package:flutter/src/rendering/object.dart:1187:15)
#119    AutomatedTestWidgetsFlutterBinding.drawFrame (package:flutter_test/src/binding.dart:2433:27)
#120    RendererBinding._handlePersistentFrameCallback (package:flutter/src/rendering/binding.dart:509:5)
#121    SchedulerBinding._invokeFrameCallback (package:flutter/src/scheduler/binding.dart:1430:15)
#122    SchedulerBinding.handleDrawFrame (package:flutter/src/scheduler/binding.dart:1345:9)
#123    AutomatedTestWidgetsFlutterBinding.pump.<anonymous closure> (package:flutter_test/src/binding.dart:2260:9)
#126    TestAsyncUtils.guard (package:flutter_test/src/test_async_utils.dart:74:41)
#127    AutomatedTestWidgetsFlutterBinding.pump (package:flutter_test/src/binding.dart:2249:27)
#128    WidgetTester.pumpWidget.<anonymous closure> (package:flutter_test/src/widget_tester.dart:598:22)
#131    TestAsyncUtils.guard (package:flutter_test/src/test_async_utils.dart:74:41)
#132    WidgetTester.pumpWidget (package:flutter_test/src/widget_tester.dart:595:27)
#133    main.<anonymous closure>.<anonymous closure> (file:///Y:/AndroidStudioProject/Github/expert-project/test/presentation/pages/tv_detail_page_test.dart:100:20)
#134    testWidgets.<anonymous closure>.<anonymous closure> (package:flutter_test/src/widget_tester.dart:192:29)
<asynchronous suspension>
#135    TestWidgetsFlutterBinding._runTestBody (package:flutter_test/src/binding.dart:1952:5)
<asynchronous suspension>
<asynchronous suspension>
(elided 7 frames from class _AssertionError, dart:async, and package:stack_trace)

The following RenderObject was being processed when the exception was fired: _RenderSingleChildViewport#299a5 relayoutBoundary=up10 NEEDS-LAYOUT NEEDS-PAINT NEEDS-COMPOSITING-BITS-UPDATE:
  needs compositing
  creator: _SingleChildViewport ΓåÉ IgnorePointer-[GlobalKey#f0698] ΓåÉ Semantics ΓåÉ Listener ΓåÉ
    _GestureSemantics ΓåÉ RawGestureDetector-[LabeledGlobalKey<RawGestureDetectorState>#2ea2f] ΓåÉ
    Listener ΓåÉ _ScrollableScope ΓåÉ _ScrollSemantics-[GlobalKey#b1548] ΓåÉ
    NotificationListener<ScrollMetricsNotification> ΓåÉ Transform ΓåÉ StretchEffect ΓåÉ Γï»
  parentData: <none> (can use size)
  constraints: BoxConstraints(0.0<=w<=768.0, 0.0<=h<=240.0)
  size: MISSING
  offset: Offset(0.0, -0.0)
This RenderObject had the following descendants (showing up to depth 5):
    child: RenderFlex#ec446 relayoutBoundary=up11 NEEDS-PAINT NEEDS-COMPOSITING-BITS-UPDATE
      child 1: RenderParagraph#21d7a relayoutBoundary=up12 NEEDS-PAINT
        text: TextSpan
      child 2: RenderSemanticsAnnotations#353e9 relayoutBoundary=up12 NEEDS-PAINT NEEDS-COMPOSITING-BITS-UPDATE
        child: _RenderInputPadding#f8054 relayoutBoundary=up13 NEEDS-PAINT NEEDS-COMPOSITING-BITS-UPDATE
          child: RenderConstrainedBox#7eb3f relayoutBoundary=up14 NEEDS-PAINT NEEDS-COMPOSITING-BITS-UPDATE
            child: RenderPhysicalShape#b8d12 relayoutBoundary=up15 NEEDS-PAINT NEEDS-COMPOSITING-BITS-UPDATE
      child 3: RenderParagraph#93fe2 relayoutBoundary=up12 NEEDS-PAINT
        text: TextSpan
      child 4: RenderFlex#d708b relayoutBoundary=up12 NEEDS-PAINT NEEDS-COMPOSITING-BITS-UPDATE
        child 1: RenderClipRect#123a3 relayoutBoundary=up13 NEEDS-PAINT NEEDS-COMPOSITING-BITS-UPDATE
          child: RenderTransform#517e7 relayoutBoundary=up14 NEEDS-PAINT NEEDS-COMPOSITING-BITS-UPDATE
            child: _RenderScrollSemantics#37467 relayoutBoundary=up15 NEEDS-PAINT NEEDS-COMPOSITING-BITS-UPDATE
        child 2: RenderParagraph#b9280 relayoutBoundary=up13 NEEDS-PAINT
          text: TextSpan
      child 5: RenderConstrainedBox#2fc3d relayoutBoundary=up12 NEEDS-PAINT
      child 6: RenderParagraph#8ccd7 relayoutBoundary=up12 NEEDS-PAINT
        text: TextSpan
      child 7: RenderParagraph#d14f5 relayoutBoundary=up12 NEEDS-PAINT
        text: TextSpan
      child 8: RenderConstrainedBox#27859 relayoutBoundary=up12 NEEDS-PAINT
      child 9: RenderParagraph#96226 relayoutBoundary=up12 NEEDS-PAINT
        text: TextSpan
      child 10: RenderClipRect#07084 relayoutBoundary=up12 NEEDS-PAINT NEEDS-COMPOSITING-BITS-UPDATE
        child: RenderTransform#63c9d relayoutBoundary=up13 NEEDS-PAINT NEEDS-COMPOSITING-BITS-UPDATE
          child: _RenderScrollSemantics#db04e relayoutBoundary=up14 NEEDS-PAINT NEEDS-COMPOSITING-BITS-UPDATE
            child: RenderPointerListener#e2e4e relayoutBoundary=up15 NEEDS-PAINT NEEDS-COMPOSITING-BITS-UPDATE
ΓòÉΓòÉΓòÉΓòÉΓòÉΓòÉΓòÉΓòÉΓòÉΓòÉΓòÉΓòÉΓòÉΓòÉΓòÉΓòÉΓòÉΓòÉΓòÉΓòÉΓòÉΓòÉΓòÉΓòÉΓòÉΓòÉΓòÉΓòÉΓòÉΓòÉΓòÉΓòÉΓòÉΓòÉΓòÉΓòÉΓòÉΓòÉΓòÉΓòÉΓòÉΓòÉΓòÉΓòÉΓòÉΓòÉΓòÉΓòÉΓòÉΓòÉΓòÉΓòÉΓòÉΓòÉΓòÉΓòÉΓòÉΓòÉΓòÉΓòÉΓòÉΓòÉΓòÉΓòÉΓòÉΓòÉΓòÉΓòÉΓòÉΓòÉΓòÉΓòÉΓòÉΓòÉΓòÉΓòÉΓòÉΓòÉΓòÉΓòÉΓòÉΓòÉΓòÉΓòÉΓòÉΓòÉΓòÉΓòÉΓòÉΓòÉΓòÉΓòÉΓòÉΓòÉΓòÉΓòÉΓòÉΓòÉΓòÉΓòÉ
ΓòÉΓòÉΓòí EXCEPTION CAUGHT BY RENDERING LIBRARY Γò₧ΓòÉΓòÉΓòÉΓòÉΓòÉΓòÉΓòÉΓòÉΓòÉΓòÉΓòÉΓòÉΓòÉΓòÉΓòÉΓòÉΓòÉΓòÉΓòÉΓòÉΓòÉΓòÉΓòÉΓòÉΓòÉΓòÉΓòÉΓòÉΓòÉΓòÉΓòÉΓòÉΓòÉΓòÉΓòÉΓòÉΓòÉΓòÉΓòÉΓòÉΓòÉΓòÉΓòÉΓòÉΓòÉΓòÉΓòÉΓòÉΓòÉΓòÉΓòÉΓòÉΓòÉΓòÉΓòÉΓòÉΓòÉ
The following assertion was thrown during performLayout():
RenderBox was not laid out: _RenderSingleChildViewport#299a5 relayoutBoundary=up10 NEEDS-PAINT
NEEDS-COMPOSITING-BITS-UPDATE
'package:flutter/src/rendering/box.dart':
Failed assertion: line 2251 pos 12: 'hasSize'

Either the assertion indicates an error in the framework itself, or we should provide substantially
more information in this error message to help you determine and fix the underlying cause.
In either case, please report this assertion by filing a bug on GitHub:
  https://github.com/flutter/flutter/issues/new?template=02_bug.yml

The relevant error-causing widget was:
  SingleChildScrollView
  SingleChildScrollView:file:///Y:/AndroidStudioProject/Github/expert-project/lib/presentation/pages/tv_detail_page.dart:100:30

When the exception was thrown, this was the stack:
#2      RenderBox.size (package:flutter/src/rendering/box.dart:2251:12)
#3      RenderProxyBoxMixin.performLayout (package:flutter/src/rendering/proxy_box.dart:118:62)
#4      RenderObject.layout (package:flutter/src/rendering/object.dart:2907:7)
#5      RenderProxyBoxMixin.performLayout (package:flutter/src/rendering/proxy_box.dart:118:18)
#6      RenderObject.layout (package:flutter/src/rendering/object.dart:2907:7)
#7      RenderProxyBoxMixin.performLayout (package:flutter/src/rendering/proxy_box.dart:118:18)
#8      RenderObject.layout (package:flutter/src/rendering/object.dart:2907:7)
#9      RenderProxyBoxMixin.performLayout (package:flutter/src/rendering/proxy_box.dart:118:18)
#10     RenderObject.layout (package:flutter/src/rendering/object.dart:2907:7)
#11     RenderProxyBoxMixin.performLayout (package:flutter/src/rendering/proxy_box.dart:118:18)
#12     RenderObject.layout (package:flutter/src/rendering/object.dart:2907:7)
#13     RenderProxyBoxMixin.performLayout (package:flutter/src/rendering/proxy_box.dart:118:18)
#14     RenderObject.layout (package:flutter/src/rendering/object.dart:2907:7)
#15     RenderProxyBoxMixin.performLayout (package:flutter/src/rendering/proxy_box.dart:118:18)
#16     RenderObject.layout (package:flutter/src/rendering/object.dart:2907:7)
#17     RenderProxyBoxMixin.performLayout (package:flutter/src/rendering/proxy_box.dart:118:18)
#18     _RenderCustomClip.performLayout (package:flutter/src/rendering/proxy_box.dart:1549:11)
#19     RenderObject.layout (package:flutter/src/rendering/object.dart:2907:7)
#20     RenderPadding.performLayout (package:flutter/src/rendering/shifted_box.dart:262:12)
#21     RenderObject.layout (package:flutter/src/rendering/object.dart:2907:7)
#22     ChildLayoutHelper.layoutChild (package:flutter/src/rendering/layout_helper.dart:62:11)
#23     RenderStack._computeSize (package:flutter/src/rendering/stack.dart:647:43)
#24     RenderStack.performLayout (package:flutter/src/rendering/stack.dart:682:12)
#25     RenderObject.layout (package:flutter/src/rendering/object.dart:2907:7)
#26     RenderPadding.performLayout (package:flutter/src/rendering/shifted_box.dart:262:12)
#27     RenderObject.layout (package:flutter/src/rendering/object.dart:2907:7)
#28     RenderProxyBoxMixin.performLayout (package:flutter/src/rendering/proxy_box.dart:118:18)
#29     RenderObject.layout (package:flutter/src/rendering/object.dart:2907:7)
#30     RenderFractionallySizedOverflowBox.performLayout (package:flutter/src/rendering/shifted_box.dart:1298:14)
#31     RenderObject.layout (package:flutter/src/rendering/object.dart:2907:7)
#32     RenderConstrainedBox.performLayout (package:flutter/src/rendering/proxy_box.dart:296:14)
#33     RenderObject.layout (package:flutter/src/rendering/object.dart:2907:7)
#34     _RenderLayoutBuilder.performLayout (package:flutter/src/widgets/layout_builder.dart:449:14)
#35     RenderObject.layout (package:flutter/src/rendering/object.dart:2907:7)
#36     RenderPadding.performLayout (package:flutter/src/rendering/shifted_box.dart:262:12)
#37     RenderObject.layout (package:flutter/src/rendering/object.dart:2907:7)
#38     ChildLayoutHelper.layoutChild (package:flutter/src/rendering/layout_helper.dart:62:11)
#39     RenderStack._computeSize (package:flutter/src/rendering/stack.dart:647:43)
#40     RenderStack.performLayout (package:flutter/src/rendering/stack.dart:682:12)
#41     RenderObject.layout (package:flutter/src/rendering/object.dart:2907:7)
#42     RenderPadding.performLayout (package:flutter/src/rendering/shifted_box.dart:262:12)
#43     RenderObject.layout (package:flutter/src/rendering/object.dart:2907:7)
#44     MultiChildLayoutDelegate.layoutChild (package:flutter/src/rendering/custom_layout.dart:180:12)
#45     _ScaffoldLayout.performLayout (package:flutter/src/material/scaffold.dart:1113:7)
#46     MultiChildLayoutDelegate._callPerformLayout (package:flutter/src/rendering/custom_layout.dart:246:7)
#47     RenderCustomMultiChildLayoutBox.performLayout (package:flutter/src/rendering/custom_layout.dart:417:14)
#48     RenderObject.layout (package:flutter/src/rendering/object.dart:2907:7)
#49     RenderProxyBoxMixin.performLayout (package:flutter/src/rendering/proxy_box.dart:118:18)
#50     RenderObject.layout (package:flutter/src/rendering/object.dart:2907:7)
#51     RenderProxyBoxMixin.performLayout (package:flutter/src/rendering/proxy_box.dart:118:18)
#52     _RenderCustomClip.performLayout (package:flutter/src/rendering/proxy_box.dart:1549:11)
#53     RenderObject.layout (package:flutter/src/rendering/object.dart:2907:7)
#54     RenderProxyBoxMixin.performLayout (package:flutter/src/rendering/proxy_box.dart:118:18)
#55     RenderObject.layout (package:flutter/src/rendering/object.dart:2907:7)
#56     RenderProxyBoxMixin.performLayout (package:flutter/src/rendering/proxy_box.dart:118:18)
#57     RenderObject.layout (package:flutter/src/rendering/object.dart:2907:7)
#58     RenderProxyBoxMixin.performLayout (package:flutter/src/rendering/proxy_box.dart:118:18)
#59     RenderObject.layout (package:flutter/src/rendering/object.dart:2907:7)
#60     RenderProxyBoxMixin.performLayout (package:flutter/src/rendering/proxy_box.dart:118:18)
#61     RenderObject.layout (package:flutter/src/rendering/object.dart:2907:7)
#62     RenderProxyBoxMixin.performLayout (package:flutter/src/rendering/proxy_box.dart:118:18)
#63     RenderObject.layout (package:flutter/src/rendering/object.dart:2907:7)
#64     RenderProxyBoxMixin.performLayout (package:flutter/src/rendering/proxy_box.dart:118:18)
#65     RenderObject.layout (package:flutter/src/rendering/object.dart:2907:7)
#66     RenderProxyBoxMixin.performLayout (package:flutter/src/rendering/proxy_box.dart:118:18)
#67     RenderObject.layout (package:flutter/src/rendering/object.dart:2907:7)
#68     RenderProxyBoxMixin.performLayout (package:flutter/src/rendering/proxy_box.dart:118:18)
#69     RenderObject.layout (package:flutter/src/rendering/object.dart:2907:7)
#70     RenderProxyBoxMixin.performLayout (package:flutter/src/rendering/proxy_box.dart:118:18)
#71     RenderObject.layout (package:flutter/src/rendering/object.dart:2907:7)
#72     RenderProxyBoxMixin.performLayout (package:flutter/src/rendering/proxy_box.dart:118:18)
#73     RenderObject.layout (package:flutter/src/rendering/object.dart:2907:7)
#74     RenderProxyBoxMixin.performLayout (package:flutter/src/rendering/proxy_box.dart:118:18)
#75     RenderObject.layout (package:flutter/src/rendering/object.dart:2907:7)
#76     RenderProxyBoxMixin.performLayout (package:flutter/src/rendering/proxy_box.dart:118:18)
#77     RenderObject.layout (package:flutter/src/rendering/object.dart:2907:7)
#78     RenderProxyBoxMixin.performLayout (package:flutter/src/rendering/proxy_box.dart:118:18)
#79     RenderObject.layout (package:flutter/src/rendering/object.dart:2907:7)
#80     RenderProxyBoxMixin.performLayout (package:flutter/src/rendering/proxy_box.dart:118:18)
#81     RenderObject.layout (package:flutter/src/rendering/object.dart:2907:7)
#82     RenderProxyBoxMixin.performLayout (package:flutter/src/rendering/proxy_box.dart:118:18)
#83     RenderObject.layout (package:flutter/src/rendering/object.dart:2907:7)
#84     RenderProxyBoxMixin.performLayout (package:flutter/src/rendering/proxy_box.dart:118:18)
#85     RenderOffstage.performLayout (package:flutter/src/rendering/proxy_box.dart:3923:13)
#86     RenderObject.layout (package:flutter/src/rendering/object.dart:2907:7)
#87     RenderProxyBoxMixin.performLayout (package:flutter/src/rendering/proxy_box.dart:118:18)
#88     RenderObject.layout (package:flutter/src/rendering/object.dart:2907:7)
#89     _RenderTheaterMixin.layoutChild (package:flutter/src/widgets/overlay.dart:1124:13)
#90     _RenderTheater.performLayout (package:flutter/src/widgets/overlay.dart:1481:9)
#91     RenderObject.layout (package:flutter/src/rendering/object.dart:2907:7)
#92     RenderProxyBoxMixin.performLayout (package:flutter/src/rendering/proxy_box.dart:118:18)
#93     RenderObject.layout (package:flutter/src/rendering/object.dart:2907:7)
#94     RenderProxyBoxMixin.performLayout (package:flutter/src/rendering/proxy_box.dart:118:18)
#95     RenderObject.layout (package:flutter/src/rendering/object.dart:2907:7)
#96     RenderProxyBoxMixin.performLayout (package:flutter/src/rendering/proxy_box.dart:118:18)
#97     RenderObject.layout (package:flutter/src/rendering/object.dart:2907:7)
#98     RenderProxyBoxMixin.performLayout (package:flutter/src/rendering/proxy_box.dart:118:18)
#99     RenderCustomPaint.performLayout (package:flutter/src/rendering/custom_paint.dart:574:11)
#100    RenderObject.layout (package:flutter/src/rendering/object.dart:2907:7)
#101    RenderProxyBoxMixin.performLayout (package:flutter/src/rendering/proxy_box.dart:118:18)
#102    RenderObject.layout (package:flutter/src/rendering/object.dart:2907:7)
#103    RenderProxyBoxMixin.performLayout (package:flutter/src/rendering/proxy_box.dart:118:18)
#104    RenderObject.layout (package:flutter/src/rendering/object.dart:2907:7)
#105    RenderProxyBoxMixin.performLayout (package:flutter/src/rendering/proxy_box.dart:118:18)
#106    RenderObject.layout (package:flutter/src/rendering/object.dart:2907:7)
#107    RenderProxyBoxMixin.performLayout (package:flutter/src/rendering/proxy_box.dart:118:18)
#108    RenderObject.layout (package:flutter/src/rendering/object.dart:2907:7)
#109    RenderProxyBoxMixin.performLayout (package:flutter/src/rendering/proxy_box.dart:118:18)
#110    RenderObject.layout (package:flutter/src/rendering/object.dart:2907:7)
#111    RenderProxyBoxMixin.performLayout (package:flutter/src/rendering/proxy_box.dart:118:18)
#112    RenderObject.layout (package:flutter/src/rendering/object.dart:2907:7)
#113    RenderView.performLayout (package:flutter/src/rendering/view.dart:292:12)
#114    RenderObject._layoutWithoutResize (package:flutter/src/rendering/object.dart:2755:7)
#115    PipelineOwner.flushLayout (package:flutter/src/rendering/object.dart:1174:18)
#116    PipelineOwner.flushLayout (package:flutter/src/rendering/object.dart:1187:15)
#117    AutomatedTestWidgetsFlutterBinding.drawFrame (package:flutter_test/src/binding.dart:2433:27)
#118    RendererBinding._handlePersistentFrameCallback (package:flutter/src/rendering/binding.dart:509:5)
#119    SchedulerBinding._invokeFrameCallback (package:flutter/src/scheduler/binding.dart:1430:15)
#120    SchedulerBinding.handleDrawFrame (package:flutter/src/scheduler/binding.dart:1345:9)
#121    AutomatedTestWidgetsFlutterBinding.pump.<anonymous closure> (package:flutter_test/src/binding.dart:2260:9)
#124    TestAsyncUtils.guard (package:flutter_test/src/test_async_utils.dart:74:41)
#125    AutomatedTestWidgetsFlutterBinding.pump (package:flutter_test/src/binding.dart:2249:27)
#126    WidgetTester.pumpWidget.<anonymous closure> (package:flutter_test/src/widget_tester.dart:598:22)
#129    TestAsyncUtils.guard (package:flutter_test/src/test_async_utils.dart:74:41)
#130    WidgetTester.pumpWidget (package:flutter_test/src/widget_tester.dart:595:27)
#131    main.<anonymous closure>.<anonymous closure> (file:///Y:/AndroidStudioProject/Github/expert-project/test/presentation/pages/tv_detail_page_test.dart:100:20)
#132    testWidgets.<anonymous closure>.<anonymous closure> (package:flutter_test/src/widget_tester.dart:192:29)
<asynchronous suspension>
#133    TestWidgetsFlutterBinding._runTestBody (package:flutter_test/src/binding.dart:1952:5)
<asynchronous suspension>
<asynchronous suspension>
(elided 7 frames from class _AssertionError, dart:async, and package:stack_trace)

The following RenderObject was being processed when the exception was fired: RenderIgnorePointer#81d64 relayoutBoundary=up9 NEEDS-LAYOUT NEEDS-PAINT NEEDS-COMPOSITING-BITS-UPDATE:
  creator: IgnorePointer-[GlobalKey#f0698] ΓåÉ Semantics ΓåÉ Listener ΓåÉ _GestureSemantics ΓåÉ
    RawGestureDetector-[LabeledGlobalKey<RawGestureDetectorState>#2ea2f] ΓåÉ Listener ΓåÉ _ScrollableScope
    ΓåÉ _ScrollSemantics-[GlobalKey#b1548] ΓåÉ NotificationListener<ScrollMetricsNotification> ΓåÉ Transform
    ΓåÉ StretchEffect ΓåÉ ClipRect ΓåÉ Γï»
  parentData: <none> (can use size)
  constraints: BoxConstraints(0.0<=w<=768.0, 0.0<=h<=240.0)
  size: MISSING
  ignoring: false
  ignoringSemantics: null
This RenderObject had the following descendants (showing up to depth 5):
    child: _RenderSingleChildViewport#299a5 relayoutBoundary=up10 NEEDS-PAINT NEEDS-COMPOSITING-BITS-UPDATE
      child: RenderFlex#ec446 relayoutBoundary=up11 NEEDS-PAINT NEEDS-COMPOSITING-BITS-UPDATE
        child 1: RenderParagraph#21d7a relayoutBoundary=up12 NEEDS-PAINT
          text: TextSpan
        child 2: RenderSemanticsAnnotations#353e9 relayoutBoundary=up12 NEEDS-PAINT NEEDS-COMPOSITING-BITS-UPDATE
          child: _RenderInputPadding#f8054 relayoutBoundary=up13 NEEDS-PAINT NEEDS-COMPOSITING-BITS-UPDATE
            child: RenderConstrainedBox#7eb3f relayoutBoundary=up14 NEEDS-PAINT NEEDS-COMPOSITING-BITS-UPDATE
        child 3: RenderParagraph#93fe2 relayoutBoundary=up12 NEEDS-PAINT
          text: TextSpan
        child 4: RenderFlex#d708b relayoutBoundary=up12 NEEDS-PAINT NEEDS-COMPOSITING-BITS-UPDATE
          child 1: RenderClipRect#123a3 relayoutBoundary=up13 NEEDS-PAINT NEEDS-COMPOSITING-BITS-UPDATE
            child: RenderTransform#517e7 relayoutBoundary=up14 NEEDS-PAINT NEEDS-COMPOSITING-BITS-UPDATE
          child 2: RenderParagraph#b9280 relayoutBoundary=up13 NEEDS-PAINT
            text: TextSpan
        child 5: RenderConstrainedBox#2fc3d relayoutBoundary=up12 NEEDS-PAINT
        child 6: RenderParagraph#8ccd7 relayoutBoundary=up12 NEEDS-PAINT
          text: TextSpan
        child 7: RenderParagraph#d14f5 relayoutBoundary=up12 NEEDS-PAINT
          text: TextSpan
        child 8: RenderConstrainedBox#27859 relayoutBoundary=up12 NEEDS-PAINT
        child 9: RenderParagraph#96226 relayoutBoundary=up12 NEEDS-PAINT
          text: TextSpan
        child 10: RenderClipRect#07084 relayoutBoundary=up12 NEEDS-PAINT NEEDS-COMPOSITING-BITS-UPDATE
          child: RenderTransform#63c9d relayoutBoundary=up13 NEEDS-PAINT NEEDS-COMPOSITING-BITS-UPDATE
            child: _RenderScrollSemantics#db04e relayoutBoundary=up14 NEEDS-PAINT NEEDS-COMPOSITING-BITS-UPDATE
        child 11: RenderConstrainedBox#af1c1 NEEDS-LAYOUT NEEDS-PAINT
        child 12: RenderParagraph#d1576 NEEDS-LAYOUT NEEDS-PAINT
          text: TextSpan
ΓòÉΓòÉΓòÉΓòÉΓòÉΓòÉΓòÉΓòÉΓòÉΓòÉΓòÉΓòÉΓòÉΓòÉΓòÉΓòÉΓòÉΓòÉΓòÉΓòÉΓòÉΓòÉΓòÉΓòÉΓòÉΓòÉΓòÉΓòÉΓòÉΓòÉΓòÉΓòÉΓòÉΓòÉΓòÉΓòÉΓòÉΓòÉΓòÉΓòÉΓòÉΓòÉΓòÉΓòÉΓòÉΓòÉΓòÉΓòÉΓòÉΓòÉΓòÉΓòÉΓòÉΓòÉΓòÉΓòÉΓòÉΓòÉΓòÉΓòÉΓòÉΓòÉΓòÉΓòÉΓòÉΓòÉΓòÉΓòÉΓòÉΓòÉΓòÉΓòÉΓòÉΓòÉΓòÉΓòÉΓòÉΓòÉΓòÉΓòÉΓòÉΓòÉΓòÉΓòÉΓòÉΓòÉΓòÉΓòÉΓòÉΓòÉΓòÉΓòÉΓòÉΓòÉΓòÉΓòÉΓòÉΓòÉΓòÉΓòÉ
ΓòÉΓòÉΓòí EXCEPTION CAUGHT BY RENDERING LIBRARY Γò₧ΓòÉΓòÉΓòÉΓòÉΓòÉΓòÉΓòÉΓòÉΓòÉΓòÉΓòÉΓòÉΓòÉΓòÉΓòÉΓòÉΓòÉΓòÉΓòÉΓòÉΓòÉΓòÉΓòÉΓòÉΓòÉΓòÉΓòÉΓòÉΓòÉΓòÉΓòÉΓòÉΓòÉΓòÉΓòÉΓòÉΓòÉΓòÉΓòÉΓòÉΓòÉΓòÉΓòÉΓòÉΓòÉΓòÉΓòÉΓòÉΓòÉΓòÉΓòÉΓòÉΓòÉΓòÉΓòÉΓòÉΓòÉ
The following assertion was thrown during performLayout():
RenderBox was not laid out: RenderIgnorePointer#81d64 relayoutBoundary=up9 NEEDS-PAINT
NEEDS-COMPOSITING-BITS-UPDATE
'package:flutter/src/rendering/box.dart':
Failed assertion: line 2251 pos 12: 'hasSize'

Either the assertion indicates an error in the framework itself, or we should provide substantially
more information in this error message to help you determine and fix the underlying cause.
In either case, please report this assertion by filing a bug on GitHub:
  https://github.com/flutter/flutter/issues/new?template=02_bug.yml

The relevant error-causing widget was:
  SingleChildScrollView
  SingleChildScrollView:file:///Y:/AndroidStudioProject/Github/expert-project/lib/presentation/pages/tv_detail_page.dart:100:30

When the exception was thrown, this was the stack:
#2      RenderBox.size (package:flutter/src/rendering/box.dart:2251:12)
#3      RenderProxyBoxMixin.performLayout (package:flutter/src/rendering/proxy_box.dart:118:62)
#4      RenderObject.layout (package:flutter/src/rendering/object.dart:2907:7)
#5      RenderProxyBoxMixin.performLayout (package:flutter/src/rendering/proxy_box.dart:118:18)
#6      RenderObject.layout (package:flutter/src/rendering/object.dart:2907:7)
#7      RenderProxyBoxMixin.performLayout (package:flutter/src/rendering/proxy_box.dart:118:18)
#8      RenderObject.layout (package:flutter/src/rendering/object.dart:2907:7)
#9      RenderProxyBoxMixin.performLayout (package:flutter/src/rendering/proxy_box.dart:118:18)
#10     RenderObject.layout (package:flutter/src/rendering/object.dart:2907:7)
#11     RenderProxyBoxMixin.performLayout (package:flutter/src/rendering/proxy_box.dart:118:18)
#12     RenderObject.layout (package:flutter/src/rendering/object.dart:2907:7)
#13     RenderProxyBoxMixin.performLayout (package:flutter/src/rendering/proxy_box.dart:118:18)
#14     RenderObject.layout (package:flutter/src/rendering/object.dart:2907:7)
#15     RenderProxyBoxMixin.performLayout (package:flutter/src/rendering/proxy_box.dart:118:18)
#16     _RenderCustomClip.performLayout (package:flutter/src/rendering/proxy_box.dart:1549:11)
#17     RenderObject.layout (package:flutter/src/rendering/object.dart:2907:7)
#18     RenderPadding.performLayout (package:flutter/src/rendering/shifted_box.dart:262:12)
#19     RenderObject.layout (package:flutter/src/rendering/object.dart:2907:7)
#20     ChildLayoutHelper.layoutChild (package:flutter/src/rendering/layout_helper.dart:62:11)
#21     RenderStack._computeSize (package:flutter/src/rendering/stack.dart:647:43)
#22     RenderStack.performLayout (package:flutter/src/rendering/stack.dart:682:12)
#23     RenderObject.layout (package:flutter/src/rendering/object.dart:2907:7)
#24     RenderPadding.performLayout (package:flutter/src/rendering/shifted_box.dart:262:12)
#25     RenderObject.layout (package:flutter/src/rendering/object.dart:2907:7)
#26     RenderProxyBoxMixin.performLayout (package:flutter/src/rendering/proxy_box.dart:118:18)
#27     RenderObject.layout (package:flutter/src/rendering/object.dart:2907:7)
#28     RenderFractionallySizedOverflowBox.performLayout (package:flutter/src/rendering/shifted_box.dart:1298:14)
#29     RenderObject.layout (package:flutter/src/rendering/object.dart:2907:7)
#30     RenderConstrainedBox.performLayout (package:flutter/src/rendering/proxy_box.dart:296:14)
#31     RenderObject.layout (package:flutter/src/rendering/object.dart:2907:7)
#32     _RenderLayoutBuilder.performLayout (package:flutter/src/widgets/layout_builder.dart:449:14)
#33     RenderObject.layout (package:flutter/src/rendering/object.dart:2907:7)
#34     RenderPadding.performLayout (package:flutter/src/rendering/shifted_box.dart:262:12)
#35     RenderObject.layout (package:flutter/src/rendering/object.dart:2907:7)
#36     ChildLayoutHelper.layoutChild (package:flutter/src/rendering/layout_helper.dart:62:11)
#37     RenderStack._computeSize (package:flutter/src/rendering/stack.dart:647:43)
#38     RenderStack.performLayout (package:flutter/src/rendering/stack.dart:682:12)
#39     RenderObject.layout (package:flutter/src/rendering/object.dart:2907:7)
#40     RenderPadding.performLayout (package:flutter/src/rendering/shifted_box.dart:262:12)
#41     RenderObject.layout (package:flutter/src/rendering/object.dart:2907:7)
#42     MultiChildLayoutDelegate.layoutChild (package:flutter/src/rendering/custom_layout.dart:180:12)
#43     _ScaffoldLayout.performLayout (package:flutter/src/material/scaffold.dart:1113:7)
#44     MultiChildLayoutDelegate._callPerformLayout (package:flutter/src/rendering/custom_layout.dart:246:7)
#45     RenderCustomMultiChildLayoutBox.performLayout (package:flutter/src/rendering/custom_layout.dart:417:14)
#46     RenderObject.layout (package:flutter/src/rendering/object.dart:2907:7)
#47     RenderProxyBoxMixin.performLayout (package:flutter/src/rendering/proxy_box.dart:118:18)
#48     RenderObject.layout (package:flutter/src/rendering/object.dart:2907:7)
#49     RenderProxyBoxMixin.performLayout (package:flutter/src/rendering/proxy_box.dart:118:18)
#50     _RenderCustomClip.performLayout (package:flutter/src/rendering/proxy_box.dart:1549:11)
#51     RenderObject.layout (package:flutter/src/rendering/object.dart:2907:7)
#52     RenderProxyBoxMixin.performLayout (package:flutter/src/rendering/proxy_box.dart:118:18)
#53     RenderObject.layout (package:flutter/src/rendering/object.dart:2907:7)
#54     RenderProxyBoxMixin.performLayout (package:flutter/src/rendering/proxy_box.dart:118:18)
#55     RenderObject.layout (package:flutter/src/rendering/object.dart:2907:7)
#56     RenderProxyBoxMixin.performLayout (package:flutter/src/rendering/proxy_box.dart:118:18)
#57     RenderObject.layout (package:flutter/src/rendering/object.dart:2907:7)
#58     RenderProxyBoxMixin.performLayout (package:flutter/src/rendering/proxy_box.dart:118:18)
#59     RenderObject.layout (package:flutter/src/rendering/object.dart:2907:7)
#60     RenderProxyBoxMixin.performLayout (package:flutter/src/rendering/proxy_box.dart:118:18)
#61     RenderObject.layout (package:flutter/src/rendering/object.dart:2907:7)
#62     RenderProxyBoxMixin.performLayout (package:flutter/src/rendering/proxy_box.dart:118:18)
#63     RenderObject.layout (package:flutter/src/rendering/object.dart:2907:7)
#64     RenderProxyBoxMixin.performLayout (package:flutter/src/rendering/proxy_box.dart:118:18)
#65     RenderObject.layout (package:flutter/src/rendering/object.dart:2907:7)
#66     RenderProxyBoxMixin.performLayout (package:flutter/src/rendering/proxy_box.dart:118:18)
#67     RenderObject.layout (package:flutter/src/rendering/object.dart:2907:7)
#68     RenderProxyBoxMixin.performLayout (package:flutter/src/rendering/proxy_box.dart:118:18)
#69     RenderObject.layout (package:flutter/src/rendering/object.dart:2907:7)
#70     RenderProxyBoxMixin.performLayout (package:flutter/src/rendering/proxy_box.dart:118:18)
#71     RenderObject.layout (package:flutter/src/rendering/object.dart:2907:7)
#72     RenderProxyBoxMixin.performLayout (package:flutter/src/rendering/proxy_box.dart:118:18)
#73     RenderObject.layout (package:flutter/src/rendering/object.dart:2907:7)
#74     RenderProxyBoxMixin.performLayout (package:flutter/src/rendering/proxy_box.dart:118:18)
#75     RenderObject.layout (package:flutter/src/rendering/object.dart:2907:7)
#76     RenderProxyBoxMixin.performLayout (package:flutter/src/rendering/proxy_box.dart:118:18)
#77     RenderObject.layout (package:flutter/src/rendering/object.dart:2907:7)
#78     RenderProxyBoxMixin.performLayout (package:flutter/src/rendering/proxy_box.dart:118:18)
#79     RenderObject.layout (package:flutter/src/rendering/object.dart:2907:7)
#80     RenderProxyBoxMixin.performLayout (package:flutter/src/rendering/proxy_box.dart:118:18)
#81     RenderObject.layout (package:flutter/src/rendering/object.dart:2907:7)
#82     RenderProxyBoxMixin.performLayout (package:flutter/src/rendering/proxy_box.dart:118:18)
#83     RenderOffstage.performLayout (package:flutter/src/rendering/proxy_box.dart:3923:13)
#84     RenderObject.layout (package:flutter/src/rendering/object.dart:2907:7)
#85     RenderProxyBoxMixin.performLayout (package:flutter/src/rendering/proxy_box.dart:118:18)
#86     RenderObject.layout (package:flutter/src/rendering/object.dart:2907:7)
#87     _RenderTheaterMixin.layoutChild (package:flutter/src/widgets/overlay.dart:1124:13)
#88     _RenderTheater.performLayout (package:flutter/src/widgets/overlay.dart:1481:9)
#89     RenderObject.layout (package:flutter/src/rendering/object.dart:2907:7)
#90     RenderProxyBoxMixin.performLayout (package:flutter/src/rendering/proxy_box.dart:118:18)
#91     RenderObject.layout (package:flutter/src/rendering/object.dart:2907:7)
#92     RenderProxyBoxMixin.performLayout (package:flutter/src/rendering/proxy_box.dart:118:18)
#93     RenderObject.layout (package:flutter/src/rendering/object.dart:2907:7)
#94     RenderProxyBoxMixin.performLayout (package:flutter/src/rendering/proxy_box.dart:118:18)
#95     RenderObject.layout (package:flutter/src/rendering/object.dart:2907:7)
#96     RenderProxyBoxMixin.performLayout (package:flutter/src/rendering/proxy_box.dart:118:18)
#97     RenderCustomPaint.performLayout (package:flutter/src/rendering/custom_paint.dart:574:11)
#98     RenderObject.layout (package:flutter/src/rendering/object.dart:2907:7)
#99     RenderProxyBoxMixin.performLayout (package:flutter/src/rendering/proxy_box.dart:118:18)
#100    RenderObject.layout (package:flutter/src/rendering/object.dart:2907:7)
#101    RenderProxyBoxMixin.performLayout (package:flutter/src/rendering/proxy_box.dart:118:18)
#102    RenderObject.layout (package:flutter/src/rendering/object.dart:2907:7)
#103    RenderProxyBoxMixin.performLayout (package:flutter/src/rendering/proxy_box.dart:118:18)
#104    RenderObject.layout (package:flutter/src/rendering/object.dart:2907:7)
#105    RenderProxyBoxMixin.performLayout (package:flutter/src/rendering/proxy_box.dart:118:18)
#106    RenderObject.layout (package:flutter/src/rendering/object.dart:2907:7)
#107    RenderProxyBoxMixin.performLayout (package:flutter/src/rendering/proxy_box.dart:118:18)
#108    RenderObject.layout (package:flutter/src/rendering/object.dart:2907:7)
#109    RenderProxyBoxMixin.performLayout (package:flutter/src/rendering/proxy_box.dart:118:18)
#110    RenderObject.layout (package:flutter/src/rendering/object.dart:2907:7)
#111    RenderView.performLayout (package:flutter/src/rendering/view.dart:292:12)
#112    RenderObject._layoutWithoutResize (package:flutter/src/rendering/object.dart:2755:7)
#113    PipelineOwner.flushLayout (package:flutter/src/rendering/object.dart:1174:18)
#114    PipelineOwner.flushLayout (package:flutter/src/rendering/object.dart:1187:15)
#115    AutomatedTestWidgetsFlutterBinding.drawFrame (package:flutter_test/src/binding.dart:2433:27)
#116    RendererBinding._handlePersistentFrameCallback (package:flutter/src/rendering/binding.dart:509:5)
#117    SchedulerBinding._invokeFrameCallback (package:flutter/src/scheduler/binding.dart:1430:15)
#118    SchedulerBinding.handleDrawFrame (package:flutter/src/scheduler/binding.dart:1345:9)
#119    AutomatedTestWidgetsFlutterBinding.pump.<anonymous closure> (package:flutter_test/src/binding.dart:2260:9)
#122    TestAsyncUtils.guard (package:flutter_test/src/test_async_utils.dart:74:41)
#123    AutomatedTestWidgetsFlutterBinding.pump (package:flutter_test/src/binding.dart:2249:27)
#124    WidgetTester.pumpWidget.<anonymous closure> (package:flutter_test/src/widget_tester.dart:598:22)
#127    TestAsyncUtils.guard (package:flutter_test/src/test_async_utils.dart:74:41)
#128    WidgetTester.pumpWidget (package:flutter_test/src/widget_tester.dart:595:27)
#129    main.<anonymous closure>.<anonymous closure> (file:///Y:/AndroidStudioProject/Github/expert-project/test/presentation/pages/tv_detail_page_test.dart:100:20)
#130    testWidgets.<anonymous closure>.<anonymous closure> (package:flutter_test/src/widget_tester.dart:192:29)
<asynchronous suspension>
#131    TestWidgetsFlutterBinding._runTestBody (package:flutter_test/src/binding.dart:1952:5)
<asynchronous suspension>
<asynchronous suspension>
(elided 7 frames from class _AssertionError, dart:async, and package:stack_trace)

The following RenderObject was being processed when the exception was fired: RenderSemanticsAnnotations#c5da4 relayoutBoundary=up8 NEEDS-LAYOUT NEEDS-PAINT NEEDS-COMPOSITING-BITS-UPDATE:
  creator: Semantics ΓåÉ Listener ΓåÉ _GestureSemantics ΓåÉ
    RawGestureDetector-[LabeledGlobalKey<RawGestureDetectorState>#2ea2f] ΓåÉ Listener ΓåÉ _ScrollableScope
    ΓåÉ _ScrollSemantics-[GlobalKey#b1548] ΓåÉ NotificationListener<ScrollMetricsNotification> ΓåÉ Transform
    ΓåÉ StretchEffect ΓåÉ ClipRect ΓåÉ AnimatedBuilder ΓåÉ Γï»
  parentData: <none> (can use size)
  constraints: BoxConstraints(0.0<=w<=768.0, 0.0<=h<=240.0)
  size: MISSING
This RenderObject had the following descendants (showing up to depth 5):
    child: RenderIgnorePointer#81d64 relayoutBoundary=up9 NEEDS-PAINT NEEDS-COMPOSITING-BITS-UPDATE
      child: _RenderSingleChildViewport#299a5 relayoutBoundary=up10 NEEDS-PAINT NEEDS-COMPOSITING-BITS-UPDATE
        child: RenderFlex#ec446 relayoutBoundary=up11 NEEDS-PAINT NEEDS-COMPOSITING-BITS-UPDATE
          child 1: RenderParagraph#21d7a relayoutBoundary=up12 NEEDS-PAINT
            text: TextSpan
          child 2: RenderSemanticsAnnotations#353e9 relayoutBoundary=up12 NEEDS-PAINT NEEDS-COMPOSITING-BITS-UPDATE
            child: _RenderInputPadding#f8054 relayoutBoundary=up13 NEEDS-PAINT NEEDS-COMPOSITING-BITS-UPDATE
          child 3: RenderParagraph#93fe2 relayoutBoundary=up12 NEEDS-PAINT
            text: TextSpan
          child 4: RenderFlex#d708b relayoutBoundary=up12 NEEDS-PAINT NEEDS-COMPOSITING-BITS-UPDATE
            child 1: RenderClipRect#123a3 relayoutBoundary=up13 NEEDS-PAINT NEEDS-COMPOSITING-BITS-UPDATE
            child 2: RenderParagraph#b9280 relayoutBoundary=up13 NEEDS-PAINT
          child 5: RenderConstrainedBox#2fc3d relayoutBoundary=up12 NEEDS-PAINT
          child 6: RenderParagraph#8ccd7 relayoutBoundary=up12 NEEDS-PAINT
            text: TextSpan
          child 7: RenderParagraph#d14f5 relayoutBoundary=up12 NEEDS-PAINT
            text: TextSpan
          child 8: RenderConstrainedBox#27859 relayoutBoundary=up12 NEEDS-PAINT
          child 9: RenderParagraph#96226 relayoutBoundary=up12 NEEDS-PAINT
            text: TextSpan
          child 10: RenderClipRect#07084 relayoutBoundary=up12 NEEDS-PAINT NEEDS-COMPOSITING-BITS-UPDATE
            child: RenderTransform#63c9d relayoutBoundary=up13 NEEDS-PAINT NEEDS-COMPOSITING-BITS-UPDATE
          child 11: RenderConstrainedBox#af1c1 NEEDS-LAYOUT NEEDS-PAINT
          child 12: RenderParagraph#d1576 NEEDS-LAYOUT NEEDS-PAINT
            text: TextSpan
          child 13: RenderErrorBox#cdb3b NEEDS-LAYOUT NEEDS-PAINT
ΓòÉΓòÉΓòÉΓòÉΓòÉΓòÉΓòÉΓòÉΓòÉΓòÉΓòÉΓòÉΓòÉΓòÉΓòÉΓòÉΓòÉΓòÉΓòÉΓòÉΓòÉΓòÉΓòÉΓòÉΓòÉΓòÉΓòÉΓòÉΓòÉΓòÉΓòÉΓòÉΓòÉΓòÉΓòÉΓòÉΓòÉΓòÉΓòÉΓòÉΓòÉΓòÉΓòÉΓòÉΓòÉΓòÉΓòÉΓòÉΓòÉΓòÉΓòÉΓòÉΓòÉΓòÉΓòÉΓòÉΓòÉΓòÉΓòÉΓòÉΓòÉΓòÉΓòÉΓòÉΓòÉΓòÉΓòÉΓòÉΓòÉΓòÉΓòÉΓòÉΓòÉΓòÉΓòÉΓòÉΓòÉΓòÉΓòÉΓòÉΓòÉΓòÉΓòÉΓòÉΓòÉΓòÉΓòÉΓòÉΓòÉΓòÉΓòÉΓòÉΓòÉΓòÉΓòÉΓòÉΓòÉΓòÉΓòÉΓòÉ
ΓòÉΓòÉΓòí EXCEPTION CAUGHT BY RENDERING LIBRARY Γò₧ΓòÉΓòÉΓòÉΓòÉΓòÉΓòÉΓòÉΓòÉΓòÉΓòÉΓòÉΓòÉΓòÉΓòÉΓòÉΓòÉΓòÉΓòÉΓòÉΓòÉΓòÉΓòÉΓòÉΓòÉΓòÉΓòÉΓòÉΓòÉΓòÉΓòÉΓòÉΓòÉΓòÉΓòÉΓòÉΓòÉΓòÉΓòÉΓòÉΓòÉΓòÉΓòÉΓòÉΓòÉΓòÉΓòÉΓòÉΓòÉΓòÉΓòÉΓòÉΓòÉΓòÉΓòÉΓòÉΓòÉΓòÉ
The following assertion was thrown during performLayout():
RenderBox was not laid out: RenderSemanticsAnnotations#c5da4 relayoutBoundary=up8 NEEDS-PAINT
NEEDS-COMPOSITING-BITS-UPDATE
'package:flutter/src/rendering/box.dart':
Failed assertion: line 2251 pos 12: 'hasSize'

Either the assertion indicates an error in the framework itself, or we should provide substantially
more information in this error message to help you determine and fix the underlying cause.
In either case, please report this assertion by filing a bug on GitHub:
  https://github.com/flutter/flutter/issues/new?template=02_bug.yml

The relevant error-causing widget was:
  SingleChildScrollView
  SingleChildScrollView:file:///Y:/AndroidStudioProject/Github/expert-project/lib/presentation/pages/tv_detail_page.dart:100:30

When the exception was thrown, this was the stack:
#2      RenderBox.size (package:flutter/src/rendering/box.dart:2251:12)
#3      RenderProxyBoxMixin.performLayout (package:flutter/src/rendering/proxy_box.dart:118:62)
#4      RenderObject.layout (package:flutter/src/rendering/object.dart:2907:7)
#5      RenderProxyBoxMixin.performLayout (package:flutter/src/rendering/proxy_box.dart:118:18)
#6      RenderObject.layout (package:flutter/src/rendering/object.dart:2907:7)
#7      RenderProxyBoxMixin.performLayout (package:flutter/src/rendering/proxy_box.dart:118:18)
#8      RenderObject.layout (package:flutter/src/rendering/object.dart:2907:7)
#9      RenderProxyBoxMixin.performLayout (package:flutter/src/rendering/proxy_box.dart:118:18)
#10     RenderObject.layout (package:flutter/src/rendering/object.dart:2907:7)
#11     RenderProxyBoxMixin.performLayout (package:flutter/src/rendering/proxy_box.dart:118:18)
#12     RenderObject.layout (package:flutter/src/rendering/object.dart:2907:7)
#13     RenderProxyBoxMixin.performLayout (package:flutter/src/rendering/proxy_box.dart:118:18)
#14     _RenderCustomClip.performLayout (package:flutter/src/rendering/proxy_box.dart:1549:11)
#15     RenderObject.layout (package:flutter/src/rendering/object.dart:2907:7)
#16     RenderPadding.performLayout (package:flutter/src/rendering/shifted_box.dart:262:12)
#17     RenderObject.layout (package:flutter/src/rendering/object.dart:2907:7)
#18     ChildLayoutHelper.layoutChild (package:flutter/src/rendering/layout_helper.dart:62:11)
#19     RenderStack._computeSize (package:flutter/src/rendering/stack.dart:647:43)
#20     RenderStack.performLayout (package:flutter/src/rendering/stack.dart:682:12)
#21     RenderObject.layout (package:flutter/src/rendering/object.dart:2907:7)
#22     RenderPadding.performLayout (package:flutter/src/rendering/shifted_box.dart:262:12)
#23     RenderObject.layout (package:flutter/src/rendering/object.dart:2907:7)
#24     RenderProxyBoxMixin.performLayout (package:flutter/src/rendering/proxy_box.dart:118:18)
#25     RenderObject.layout (package:flutter/src/rendering/object.dart:2907:7)
#26     RenderFractionallySizedOverflowBox.performLayout (package:flutter/src/rendering/shifted_box.dart:1298:14)
#27     RenderObject.layout (package:flutter/src/rendering/object.dart:2907:7)
#28     RenderConstrainedBox.performLayout (package:flutter/src/rendering/proxy_box.dart:296:14)
#29     RenderObject.layout (package:flutter/src/rendering/object.dart:2907:7)
#30     _RenderLayoutBuilder.performLayout (package:flutter/src/widgets/layout_builder.dart:449:14)
#31     RenderObject.layout (package:flutter/src/rendering/object.dart:2907:7)
#32     RenderPadding.performLayout (package:flutter/src/rendering/shifted_box.dart:262:12)
#33     RenderObject.layout (package:flutter/src/rendering/object.dart:2907:7)
#34     ChildLayoutHelper.layoutChild (package:flutter/src/rendering/layout_helper.dart:62:11)
#35     RenderStack._computeSize (package:flutter/src/rendering/stack.dart:647:43)
#36     RenderStack.performLayout (package:flutter/src/rendering/stack.dart:682:12)
#37     RenderObject.layout (package:flutter/src/rendering/object.dart:2907:7)
#38     RenderPadding.performLayout (package:flutter/src/rendering/shifted_box.dart:262:12)
#39     RenderObject.layout (package:flutter/src/rendering/object.dart:2907:7)
#40     MultiChildLayoutDelegate.layoutChild (package:flutter/src/rendering/custom_layout.dart:180:12)
#41     _ScaffoldLayout.performLayout (package:flutter/src/material/scaffold.dart:1113:7)
#42     MultiChildLayoutDelegate._callPerformLayout (package:flutter/src/rendering/custom_layout.dart:246:7)
#43     RenderCustomMultiChildLayoutBox.performLayout (package:flutter/src/rendering/custom_layout.dart:417:14)
#44     RenderObject.layout (package:flutter/src/rendering/object.dart:2907:7)
#45     RenderProxyBoxMixin.performLayout (package:flutter/src/rendering/proxy_box.dart:118:18)
#46     RenderObject.layout (package:flutter/src/rendering/object.dart:2907:7)
#47     RenderProxyBoxMixin.performLayout (package:flutter/src/rendering/proxy_box.dart:118:18)
#48     _RenderCustomClip.performLayout (package:flutter/src/rendering/proxy_box.dart:1549:11)
#49     RenderObject.layout (package:flutter/src/rendering/object.dart:2907:7)
#50     RenderProxyBoxMixin.performLayout (package:flutter/src/rendering/proxy_box.dart:118:18)
#51     RenderObject.layout (package:flutter/src/rendering/object.dart:2907:7)
#52     RenderProxyBoxMixin.performLayout (package:flutter/src/rendering/proxy_box.dart:118:18)
#53     RenderObject.layout (package:flutter/src/rendering/object.dart:2907:7)
#54     RenderProxyBoxMixin.performLayout (package:flutter/src/rendering/proxy_box.dart:118:18)
#55     RenderObject.layout (package:flutter/src/rendering/object.dart:2907:7)
#56     RenderProxyBoxMixin.performLayout (package:flutter/src/rendering/proxy_box.dart:118:18)
#57     RenderObject.layout (package:flutter/src/rendering/object.dart:2907:7)
#58     RenderProxyBoxMixin.performLayout (package:flutter/src/rendering/proxy_box.dart:118:18)
#59     RenderObject.layout (package:flutter/src/rendering/object.dart:2907:7)
#60     RenderProxyBoxMixin.performLayout (package:flutter/src/rendering/proxy_box.dart:118:18)
#61     RenderObject.layout (package:flutter/src/rendering/object.dart:2907:7)
#62     RenderProxyBoxMixin.performLayout (package:flutter/src/rendering/proxy_box.dart:118:18)
#63     RenderObject.layout (package:flutter/src/rendering/object.dart:2907:7)
#64     RenderProxyBoxMixin.performLayout (package:flutter/src/rendering/proxy_box.dart:118:18)
#65     RenderObject.layout (package:flutter/src/rendering/object.dart:2907:7)
#66     RenderProxyBoxMixin.performLayout (package:flutter/src/rendering/proxy_box.dart:118:18)
#67     RenderObject.layout (package:flutter/src/rendering/object.dart:2907:7)
#68     RenderProxyBoxMixin.performLayout (package:flutter/src/rendering/proxy_box.dart:118:18)
#69     RenderObject.layout (package:flutter/src/rendering/object.dart:2907:7)
#70     RenderProxyBoxMixin.performLayout (package:flutter/src/rendering/proxy_box.dart:118:18)
#71     RenderObject.layout (package:flutter/src/rendering/object.dart:2907:7)
#72     RenderProxyBoxMixin.performLayout (package:flutter/src/rendering/proxy_box.dart:118:18)
#73     RenderObject.layout (package:flutter/src/rendering/object.dart:2907:7)
#74     RenderProxyBoxMixin.performLayout (package:flutter/src/rendering/proxy_box.dart:118:18)
#75     RenderObject.layout (package:flutter/src/rendering/object.dart:2907:7)
#76     RenderProxyBoxMixin.performLayout (package:flutter/src/rendering/proxy_box.dart:118:18)
#77     RenderObject.layout (package:flutter/src/rendering/object.dart:2907:7)
#78     RenderProxyBoxMixin.performLayout (package:flutter/src/rendering/proxy_box.dart:118:18)
#79     RenderObject.layout (package:flutter/src/rendering/object.dart:2907:7)
#80     RenderProxyBoxMixin.performLayout (package:flutter/src/rendering/proxy_box.dart:118:18)
#81     RenderOffstage.performLayout (package:flutter/src/rendering/proxy_box.dart:3923:13)
#82     RenderObject.layout (package:flutter/src/rendering/object.dart:2907:7)
#83     RenderProxyBoxMixin.performLayout (package:flutter/src/rendering/proxy_box.dart:118:18)
#84     RenderObject.layout (package:flutter/src/rendering/object.dart:2907:7)
#85     _RenderTheaterMixin.layoutChild (package:flutter/src/widgets/overlay.dart:1124:13)
#86     _RenderTheater.performLayout (package:flutter/src/widgets/overlay.dart:1481:9)
#87     RenderObject.layout (package:flutter/src/rendering/object.dart:2907:7)
#88     RenderProxyBoxMixin.performLayout (package:flutter/src/rendering/proxy_box.dart:118:18)
#89     RenderObject.layout (package:flutter/src/rendering/object.dart:2907:7)
#90     RenderProxyBoxMixin.performLayout (package:flutter/src/rendering/proxy_box.dart:118:18)
#91     RenderObject.layout (package:flutter/src/rendering/object.dart:2907:7)
#92     RenderProxyBoxMixin.performLayout (package:flutter/src/rendering/proxy_box.dart:118:18)
#93     RenderObject.layout (package:flutter/src/rendering/object.dart:2907:7)
#94     RenderProxyBoxMixin.performLayout (package:flutter/src/rendering/proxy_box.dart:118:18)
#95     RenderCustomPaint.performLayout (package:flutter/src/rendering/custom_paint.dart:574:11)
#96     RenderObject.layout (package:flutter/src/rendering/object.dart:2907:7)
#97     RenderProxyBoxMixin.performLayout (package:flutter/src/rendering/proxy_box.dart:118:18)
#98     RenderObject.layout (package:flutter/src/rendering/object.dart:2907:7)
#99     RenderProxyBoxMixin.performLayout (package:flutter/src/rendering/proxy_box.dart:118:18)
#100    RenderObject.layout (package:flutter/src/rendering/object.dart:2907:7)
#101    RenderProxyBoxMixin.performLayout (package:flutter/src/rendering/proxy_box.dart:118:18)
#102    RenderObject.layout (package:flutter/src/rendering/object.dart:2907:7)
#103    RenderProxyBoxMixin.performLayout (package:flutter/src/rendering/proxy_box.dart:118:18)
#104    RenderObject.layout (package:flutter/src/rendering/object.dart:2907:7)
#105    RenderProxyBoxMixin.performLayout (package:flutter/src/rendering/proxy_box.dart:118:18)
#106    RenderObject.layout (package:flutter/src/rendering/object.dart:2907:7)
#107    RenderProxyBoxMixin.performLayout (package:flutter/src/rendering/proxy_box.dart:118:18)
#108    RenderObject.layout (package:flutter/src/rendering/object.dart:2907:7)
#109    RenderView.performLayout (package:flutter/src/rendering/view.dart:292:12)
#110    RenderObject._layoutWithoutResize (package:flutter/src/rendering/object.dart:2755:7)
#111    PipelineOwner.flushLayout (package:flutter/src/rendering/object.dart:1174:18)
#112    PipelineOwner.flushLayout (package:flutter/src/rendering/object.dart:1187:15)
#113    AutomatedTestWidgetsFlutterBinding.drawFrame (package:flutter_test/src/binding.dart:2433:27)
#114    RendererBinding._handlePersistentFrameCallback (package:flutter/src/rendering/binding.dart:509:5)
#115    SchedulerBinding._invokeFrameCallback (package:flutter/src/scheduler/binding.dart:1430:15)
#116    SchedulerBinding.handleDrawFrame (package:flutter/src/scheduler/binding.dart:1345:9)
#117    AutomatedTestWidgetsFlutterBinding.pump.<anonymous closure> (package:flutter_test/src/binding.dart:2260:9)
#120    TestAsyncUtils.guard (package:flutter_test/src/test_async_utils.dart:74:41)
#121    AutomatedTestWidgetsFlutterBinding.pump (package:flutter_test/src/binding.dart:2249:27)
#122    WidgetTester.pumpWidget.<anonymous closure> (package:flutter_test/src/widget_tester.dart:598:22)
#125    TestAsyncUtils.guard (package:flutter_test/src/test_async_utils.dart:74:41)
#126    WidgetTester.pumpWidget (package:flutter_test/src/widget_tester.dart:595:27)
#127    main.<anonymous closure>.<anonymous closure> (file:///Y:/AndroidStudioProject/Github/expert-project/test/presentation/pages/tv_detail_page_test.dart:100:20)
#128    testWidgets.<anonymous closure>.<anonymous closure> (package:flutter_test/src/widget_tester.dart:192:29)
<asynchronous suspension>
#129    TestWidgetsFlutterBinding._runTestBody (package:flutter_test/src/binding.dart:1952:5)
<asynchronous suspension>
<asynchronous suspension>
(elided 7 frames from class _AssertionError, dart:async, and package:stack_trace)

The following RenderObject was being processed when the exception was fired: RenderPointerListener#57e03 relayoutBoundary=up7 NEEDS-LAYOUT NEEDS-PAINT NEEDS-COMPOSITING-BITS-UPDATE:
  creator: Listener ΓåÉ _GestureSemantics ΓåÉ
    RawGestureDetector-[LabeledGlobalKey<RawGestureDetectorState>#2ea2f] ΓåÉ Listener ΓåÉ _ScrollableScope
    ΓåÉ _ScrollSemantics-[GlobalKey#b1548] ΓåÉ NotificationListener<ScrollMetricsNotification> ΓåÉ Transform
    ΓåÉ StretchEffect ΓåÉ ClipRect ΓåÉ AnimatedBuilder ΓåÉ NotificationListener<ScrollNotification> ΓåÉ Γï»
  parentData: <none> (can use size)
  constraints: BoxConstraints(0.0<=w<=768.0, 0.0<=h<=240.0)
  size: MISSING
  behavior: opaque
  listeners: down, panZoomStart
This RenderObject had the following descendants (showing up to depth 5):
    child: RenderSemanticsAnnotations#c5da4 relayoutBoundary=up8 NEEDS-PAINT NEEDS-COMPOSITING-BITS-UPDATE
      child: RenderIgnorePointer#81d64 relayoutBoundary=up9 NEEDS-PAINT NEEDS-COMPOSITING-BITS-UPDATE
        child: _RenderSingleChildViewport#299a5 relayoutBoundary=up10 NEEDS-PAINT NEEDS-COMPOSITING-BITS-UPDATE
          child: RenderFlex#ec446 relayoutBoundary=up11 NEEDS-PAINT NEEDS-COMPOSITING-BITS-UPDATE
            child 1: RenderParagraph#21d7a relayoutBoundary=up12 NEEDS-PAINT
            child 2: RenderSemanticsAnnotations#353e9 relayoutBoundary=up12 NEEDS-PAINT NEEDS-COMPOSITING-BITS-UPDATE
            child 3: RenderParagraph#93fe2 relayoutBoundary=up12 NEEDS-PAINT
            child 4: RenderFlex#d708b relayoutBoundary=up12 NEEDS-PAINT NEEDS-COMPOSITING-BITS-UPDATE
            child 5: RenderConstrainedBox#2fc3d relayoutBoundary=up12 NEEDS-PAINT
            child 6: RenderParagraph#8ccd7 relayoutBoundary=up12 NEEDS-PAINT
            child 7: RenderParagraph#d14f5 relayoutBoundary=up12 NEEDS-PAINT
            child 8: RenderConstrainedBox#27859 relayoutBoundary=up12 NEEDS-PAINT
            child 9: RenderParagraph#96226 relayoutBoundary=up12 NEEDS-PAINT
            child 10: RenderClipRect#07084 relayoutBoundary=up12 NEEDS-PAINT NEEDS-COMPOSITING-BITS-UPDATE
            child 11: RenderConstrainedBox#af1c1 NEEDS-LAYOUT NEEDS-PAINT
            child 12: RenderParagraph#d1576 NEEDS-LAYOUT NEEDS-PAINT
            child 13: RenderErrorBox#cdb3b NEEDS-LAYOUT NEEDS-PAINT
ΓòÉΓòÉΓòÉΓòÉΓòÉΓòÉΓòÉΓòÉΓòÉΓòÉΓòÉΓòÉΓòÉΓòÉΓòÉΓòÉΓòÉΓòÉΓòÉΓòÉΓòÉΓòÉΓòÉΓòÉΓòÉΓòÉΓòÉΓòÉΓòÉΓòÉΓòÉΓòÉΓòÉΓòÉΓòÉΓòÉΓòÉΓòÉΓòÉΓòÉΓòÉΓòÉΓòÉΓòÉΓòÉΓòÉΓòÉΓòÉΓòÉΓòÉΓòÉΓòÉΓòÉΓòÉΓòÉΓòÉΓòÉΓòÉΓòÉΓòÉΓòÉΓòÉΓòÉΓòÉΓòÉΓòÉΓòÉΓòÉΓòÉΓòÉΓòÉΓòÉΓòÉΓòÉΓòÉΓòÉΓòÉΓòÉΓòÉΓòÉΓòÉΓòÉΓòÉΓòÉΓòÉΓòÉΓòÉΓòÉΓòÉΓòÉΓòÉΓòÉΓòÉΓòÉΓòÉΓòÉΓòÉΓòÉΓòÉΓòÉ
ΓòÉΓòÉΓòí EXCEPTION CAUGHT BY RENDERING LIBRARY Γò₧ΓòÉΓòÉΓòÉΓòÉΓòÉΓòÉΓòÉΓòÉΓòÉΓòÉΓòÉΓòÉΓòÉΓòÉΓòÉΓòÉΓòÉΓòÉΓòÉΓòÉΓòÉΓòÉΓòÉΓòÉΓòÉΓòÉΓòÉΓòÉΓòÉΓòÉΓòÉΓòÉΓòÉΓòÉΓòÉΓòÉΓòÉΓòÉΓòÉΓòÉΓòÉΓòÉΓòÉΓòÉΓòÉΓòÉΓòÉΓòÉΓòÉΓòÉΓòÉΓòÉΓòÉΓòÉΓòÉΓòÉΓòÉ
The following assertion was thrown during performLayout():
RenderBox was not laid out: RenderPointerListener#57e03 relayoutBoundary=up7 NEEDS-PAINT
NEEDS-COMPOSITING-BITS-UPDATE
'package:flutter/src/rendering/box.dart':
Failed assertion: line 2251 pos 12: 'hasSize'

Either the assertion indicates an error in the framework itself, or we should provide substantially
more information in this error message to help you determine and fix the underlying cause.
In either case, please report this assertion by filing a bug on GitHub:
  https://github.com/flutter/flutter/issues/new?template=02_bug.yml

The relevant error-causing widget was:
  SingleChildScrollView
  SingleChildScrollView:file:///Y:/AndroidStudioProject/Github/expert-project/lib/presentation/pages/tv_detail_page.dart:100:30

When the exception was thrown, this was the stack:
#2      RenderBox.size (package:flutter/src/rendering/box.dart:2251:12)
#3      RenderProxyBoxMixin.performLayout (package:flutter/src/rendering/proxy_box.dart:118:62)
#4      RenderObject.layout (package:flutter/src/rendering/object.dart:2907:7)
#5      RenderProxyBoxMixin.performLayout (package:flutter/src/rendering/proxy_box.dart:118:18)
#6      RenderObject.layout (package:flutter/src/rendering/object.dart:2907:7)
#7      RenderProxyBoxMixin.performLayout (package:flutter/src/rendering/proxy_box.dart:118:18)
#8      RenderObject.layout (package:flutter/src/rendering/object.dart:2907:7)
#9      RenderProxyBoxMixin.performLayout (package:flutter/src/rendering/proxy_box.dart:118:18)
#10     RenderObject.layout (package:flutter/src/rendering/object.dart:2907:7)
#11     RenderProxyBoxMixin.performLayout (package:flutter/src/rendering/proxy_box.dart:118:18)
#12     _RenderCustomClip.performLayout (package:flutter/src/rendering/proxy_box.dart:1549:11)
#13     RenderObject.layout (package:flutter/src/rendering/object.dart:2907:7)
#14     RenderPadding.performLayout (package:flutter/src/rendering/shifted_box.dart:262:12)
#15     RenderObject.layout (package:flutter/src/rendering/object.dart:2907:7)
#16     ChildLayoutHelper.layoutChild (package:flutter/src/rendering/layout_helper.dart:62:11)
#17     RenderStack._computeSize (package:flutter/src/rendering/stack.dart:647:43)
#18     RenderStack.performLayout (package:flutter/src/rendering/stack.dart:682:12)
#19     RenderObject.layout (package:flutter/src/rendering/object.dart:2907:7)
#20     RenderPadding.performLayout (package:flutter/src/rendering/shifted_box.dart:262:12)
#21     RenderObject.layout (package:flutter/src/rendering/object.dart:2907:7)
#22     RenderProxyBoxMixin.performLayout (package:flutter/src/rendering/proxy_box.dart:118:18)
#23     RenderObject.layout (package:flutter/src/rendering/object.dart:2907:7)
#24     RenderFractionallySizedOverflowBox.performLayout (package:flutter/src/rendering/shifted_box.dart:1298:14)
#25     RenderObject.layout (package:flutter/src/rendering/object.dart:2907:7)
#26     RenderConstrainedBox.performLayout (package:flutter/src/rendering/proxy_box.dart:296:14)
#27     RenderObject.layout (package:flutter/src/rendering/object.dart:2907:7)
#28     _RenderLayoutBuilder.performLayout (package:flutter/src/widgets/layout_builder.dart:449:14)
#29     RenderObject.layout (package:flutter/src/rendering/object.dart:2907:7)
#30     RenderPadding.performLayout (package:flutter/src/rendering/shifted_box.dart:262:12)
#31     RenderObject.layout (package:flutter/src/rendering/object.dart:2907:7)
#32     ChildLayoutHelper.layoutChild (package:flutter/src/rendering/layout_helper.dart:62:11)
#33     RenderStack._computeSize (package:flutter/src/rendering/stack.dart:647:43)
#34     RenderStack.performLayout (package:flutter/src/rendering/stack.dart:682:12)
#35     RenderObject.layout (package:flutter/src/rendering/object.dart:2907:7)
#36     RenderPadding.performLayout (package:flutter/src/rendering/shifted_box.dart:262:12)
#37     RenderObject.layout (package:flutter/src/rendering/object.dart:2907:7)
#38     MultiChildLayoutDelegate.layoutChild (package:flutter/src/rendering/custom_layout.dart:180:12)
#39     _ScaffoldLayout.performLayout (package:flutter/src/material/scaffold.dart:1113:7)
#40     MultiChildLayoutDelegate._callPerformLayout (package:flutter/src/rendering/custom_layout.dart:246:7)
#41     RenderCustomMultiChildLayoutBox.performLayout (package:flutter/src/rendering/custom_layout.dart:417:14)
#42     RenderObject.layout (package:flutter/src/rendering/object.dart:2907:7)
#43     RenderProxyBoxMixin.performLayout (package:flutter/src/rendering/proxy_box.dart:118:18)
#44     RenderObject.layout (package:flutter/src/rendering/object.dart:2907:7)
#45     RenderProxyBoxMixin.performLayout (package:flutter/src/rendering/proxy_box.dart:118:18)
#46     _RenderCustomClip.performLayout (package:flutter/src/rendering/proxy_box.dart:1549:11)
#47     RenderObject.layout (package:flutter/src/rendering/object.dart:2907:7)
#48     RenderProxyBoxMixin.performLayout (package:flutter/src/rendering/proxy_box.dart:118:18)
#49     RenderObject.layout (package:flutter/src/rendering/object.dart:2907:7)
#50     RenderProxyBoxMixin.performLayout (package:flutter/src/rendering/proxy_box.dart:118:18)
#51     RenderObject.layout (package:flutter/src/rendering/object.dart:2907:7)
#52     RenderProxyBoxMixin.performLayout (package:flutter/src/rendering/proxy_box.dart:118:18)
#53     RenderObject.layout (package:flutter/src/rendering/object.dart:2907:7)
#54     RenderProxyBoxMixin.performLayout (package:flutter/src/rendering/proxy_box.dart:118:18)
#55     RenderObject.layout (package:flutter/src/rendering/object.dart:2907:7)
#56     RenderProxyBoxMixin.performLayout (package:flutter/src/rendering/proxy_box.dart:118:18)
#57     RenderObject.layout (package:flutter/src/rendering/object.dart:2907:7)
#58     RenderProxyBoxMixin.performLayout (package:flutter/src/rendering/proxy_box.dart:118:18)
#59     RenderObject.layout (package:flutter/src/rendering/object.dart:2907:7)
#60     RenderProxyBoxMixin.performLayout (package:flutter/src/rendering/proxy_box.dart:118:18)
#61     RenderObject.layout (package:flutter/src/rendering/object.dart:2907:7)
#62     RenderProxyBoxMixin.performLayout (package:flutter/src/rendering/proxy_box.dart:118:18)
#63     RenderObject.layout (package:flutter/src/rendering/object.dart:2907:7)
#64     RenderProxyBoxMixin.performLayout (package:flutter/src/rendering/proxy_box.dart:118:18)
#65     RenderObject.layout (package:flutter/src/rendering/object.dart:2907:7)
#66     RenderProxyBoxMixin.performLayout (package:flutter/src/rendering/proxy_box.dart:118:18)
#67     RenderObject.layout (package:flutter/src/rendering/object.dart:2907:7)
#68     RenderProxyBoxMixin.performLayout (package:flutter/src/rendering/proxy_box.dart:118:18)
#69     RenderObject.layout (package:flutter/src/rendering/object.dart:2907:7)
#70     RenderProxyBoxMixin.performLayout (package:flutter/src/rendering/proxy_box.dart:118:18)
#71     RenderObject.layout (package:flutter/src/rendering/object.dart:2907:7)
#72     RenderProxyBoxMixin.performLayout (package:flutter/src/rendering/proxy_box.dart:118:18)
#73     RenderObject.layout (package:flutter/src/rendering/object.dart:2907:7)
#74     RenderProxyBoxMixin.performLayout (package:flutter/src/rendering/proxy_box.dart:118:18)
#75     RenderObject.layout (package:flutter/src/rendering/object.dart:2907:7)
#76     RenderProxyBoxMixin.performLayout (package:flutter/src/rendering/proxy_box.dart:118:18)
#77     RenderObject.layout (package:flutter/src/rendering/object.dart:2907:7)
#78     RenderProxyBoxMixin.performLayout (package:flutter/src/rendering/proxy_box.dart:118:18)
#79     RenderOffstage.performLayout (package:flutter/src/rendering/proxy_box.dart:3923:13)
#80     RenderObject.layout (package:flutter/src/rendering/object.dart:2907:7)
#81     RenderProxyBoxMixin.performLayout (package:flutter/src/rendering/proxy_box.dart:118:18)
#82     RenderObject.layout (package:flutter/src/rendering/object.dart:2907:7)
#83     _RenderTheaterMixin.layoutChild (package:flutter/src/widgets/overlay.dart:1124:13)
#84     _RenderTheater.performLayout (package:flutter/src/widgets/overlay.dart:1481:9)
#85     RenderObject.layout (package:flutter/src/rendering/object.dart:2907:7)
#86     RenderProxyBoxMixin.performLayout (package:flutter/src/rendering/proxy_box.dart:118:18)
#87     RenderObject.layout (package:flutter/src/rendering/object.dart:2907:7)
#88     RenderProxyBoxMixin.performLayout (package:flutter/src/rendering/proxy_box.dart:118:18)
#89     RenderObject.layout (package:flutter/src/rendering/object.dart:2907:7)
#90     RenderProxyBoxMixin.performLayout (package:flutter/src/rendering/proxy_box.dart:118:18)
#91     RenderObject.layout (package:flutter/src/rendering/object.dart:2907:7)
#92     RenderProxyBoxMixin.performLayout (package:flutter/src/rendering/proxy_box.dart:118:18)
#93     RenderCustomPaint.performLayout (package:flutter/src/rendering/custom_paint.dart:574:11)
#94     RenderObject.layout (package:flutter/src/rendering/object.dart:2907:7)
#95     RenderProxyBoxMixin.performLayout (package:flutter/src/rendering/proxy_box.dart:118:18)
#96     RenderObject.layout (package:flutter/src/rendering/object.dart:2907:7)
#97     RenderProxyBoxMixin.performLayout (package:flutter/src/rendering/proxy_box.dart:118:18)
#98     RenderObject.layout (package:flutter/src/rendering/object.dart:2907:7)
#99     RenderProxyBoxMixin.performLayout (package:flutter/src/rendering/proxy_box.dart:118:18)
#100    RenderObject.layout (package:flutter/src/rendering/object.dart:2907:7)
#101    RenderProxyBoxMixin.performLayout (package:flutter/src/rendering/proxy_box.dart:118:18)
#102    RenderObject.layout (package:flutter/src/rendering/object.dart:2907:7)
#103    RenderProxyBoxMixin.performLayout (package:flutter/src/rendering/proxy_box.dart:118:18)
#104    RenderObject.layout (package:flutter/src/rendering/object.dart:2907:7)
#105    RenderProxyBoxMixin.performLayout (package:flutter/src/rendering/proxy_box.dart:118:18)
#106    RenderObject.layout (package:flutter/src/rendering/object.dart:2907:7)
#107    RenderView.performLayout (package:flutter/src/rendering/view.dart:292:12)
#108    RenderObject._layoutWithoutResize (package:flutter/src/rendering/object.dart:2755:7)
#109    PipelineOwner.flushLayout (package:flutter/src/rendering/object.dart:1174:18)
#110    PipelineOwner.flushLayout (package:flutter/src/rendering/object.dart:1187:15)
#111    AutomatedTestWidgetsFlutterBinding.drawFrame (package:flutter_test/src/binding.dart:2433:27)
#112    RendererBinding._handlePersistentFrameCallback (package:flutter/src/rendering/binding.dart:509:5)
#113    SchedulerBinding._invokeFrameCallback (package:flutter/src/scheduler/binding.dart:1430:15)
#114    SchedulerBinding.handleDrawFrame (package:flutter/src/scheduler/binding.dart:1345:9)
#115    AutomatedTestWidgetsFlutterBinding.pump.<anonymous closure> (package:flutter_test/src/binding.dart:2260:9)
#118    TestAsyncUtils.guard (package:flutter_test/src/test_async_utils.dart:74:41)
#119    AutomatedTestWidgetsFlutterBinding.pump (package:flutter_test/src/binding.dart:2249:27)
#120    WidgetTester.pumpWidget.<anonymous closure> (package:flutter_test/src/widget_tester.dart:598:22)
#123    TestAsyncUtils.guard (package:flutter_test/src/test_async_utils.dart:74:41)
#124    WidgetTester.pumpWidget (package:flutter_test/src/widget_tester.dart:595:27)
#125    main.<anonymous closure>.<anonymous closure> (file:///Y:/AndroidStudioProject/Github/expert-project/test/presentation/pages/tv_detail_page_test.dart:100:20)
#126    testWidgets.<anonymous closure>.<anonymous closure> (package:flutter_test/src/widget_tester.dart:192:29)
<asynchronous suspension>
#127    TestWidgetsFlutterBinding._runTestBody (package:flutter_test/src/binding.dart:1952:5)
<asynchronous suspension>
<asynchronous suspension>
(elided 7 frames from class _AssertionError, dart:async, and package:stack_trace)

The following RenderObject was being processed when the exception was fired: RenderSemanticsGestureHandler#ed4ca relayoutBoundary=up6 NEEDS-LAYOUT NEEDS-PAINT NEEDS-COMPOSITING-BITS-UPDATE:
  creator: _GestureSemantics ΓåÉ RawGestureDetector-[LabeledGlobalKey<RawGestureDetectorState>#2ea2f] ΓåÉ
    Listener ΓåÉ _ScrollableScope ΓåÉ _ScrollSemantics-[GlobalKey#b1548] ΓåÉ
    NotificationListener<ScrollMetricsNotification> ΓåÉ Transform ΓåÉ StretchEffect ΓåÉ ClipRect ΓåÉ
    AnimatedBuilder ΓåÉ NotificationListener<ScrollNotification> ΓåÉ StretchingOverscrollIndicator ΓåÉ Γï»
  parentData: <none> (can use size)
  constraints: BoxConstraints(0.0<=w<=768.0, 0.0<=h<=240.0)
  size: MISSING
  behavior: opaque
  gestures: <none>
This RenderObject had the following descendants (showing up to depth 5):
    child: RenderPointerListener#57e03 relayoutBoundary=up7 NEEDS-PAINT NEEDS-COMPOSITING-BITS-UPDATE
      child: RenderSemanticsAnnotations#c5da4 relayoutBoundary=up8 NEEDS-PAINT NEEDS-COMPOSITING-BITS-UPDATE
        child: RenderIgnorePointer#81d64 relayoutBoundary=up9 NEEDS-PAINT NEEDS-COMPOSITING-BITS-UPDATE
          child: _RenderSingleChildViewport#299a5 relayoutBoundary=up10 NEEDS-PAINT NEEDS-COMPOSITING-BITS-UPDATE
            child: RenderFlex#ec446 relayoutBoundary=up11 NEEDS-PAINT NEEDS-COMPOSITING-BITS-UPDATE
ΓòÉΓòÉΓòÉΓòÉΓòÉΓòÉΓòÉΓòÉΓòÉΓòÉΓòÉΓòÉΓòÉΓòÉΓòÉΓòÉΓòÉΓòÉΓòÉΓòÉΓòÉΓòÉΓòÉΓòÉΓòÉΓòÉΓòÉΓòÉΓòÉΓòÉΓòÉΓòÉΓòÉΓòÉΓòÉΓòÉΓòÉΓòÉΓòÉΓòÉΓòÉΓòÉΓòÉΓòÉΓòÉΓòÉΓòÉΓòÉΓòÉΓòÉΓòÉΓòÉΓòÉΓòÉΓòÉΓòÉΓòÉΓòÉΓòÉΓòÉΓòÉΓòÉΓòÉΓòÉΓòÉΓòÉΓòÉΓòÉΓòÉΓòÉΓòÉΓòÉΓòÉΓòÉΓòÉΓòÉΓòÉΓòÉΓòÉΓòÉΓòÉΓòÉΓòÉΓòÉΓòÉΓòÉΓòÉΓòÉΓòÉΓòÉΓòÉΓòÉΓòÉΓòÉΓòÉΓòÉΓòÉΓòÉΓòÉΓòÉ
ΓòÉΓòÉΓòí EXCEPTION CAUGHT BY RENDERING LIBRARY Γò₧ΓòÉΓòÉΓòÉΓòÉΓòÉΓòÉΓòÉΓòÉΓòÉΓòÉΓòÉΓòÉΓòÉΓòÉΓòÉΓòÉΓòÉΓòÉΓòÉΓòÉΓòÉΓòÉΓòÉΓòÉΓòÉΓòÉΓòÉΓòÉΓòÉΓòÉΓòÉΓòÉΓòÉΓòÉΓòÉΓòÉΓòÉΓòÉΓòÉΓòÉΓòÉΓòÉΓòÉΓòÉΓòÉΓòÉΓòÉΓòÉΓòÉΓòÉΓòÉΓòÉΓòÉΓòÉΓòÉΓòÉΓòÉ
The following assertion was thrown during performLayout():
RenderBox was not laid out: RenderSemanticsGestureHandler#ed4ca relayoutBoundary=up6 NEEDS-PAINT
NEEDS-COMPOSITING-BITS-UPDATE
'package:flutter/src/rendering/box.dart':
Failed assertion: line 2251 pos 12: 'hasSize'

Either the assertion indicates an error in the framework itself, or we should provide substantially
more information in this error message to help you determine and fix the underlying cause.
In either case, please report this assertion by filing a bug on GitHub:
  https://github.com/flutter/flutter/issues/new?template=02_bug.yml

The relevant error-causing widget was:
  SingleChildScrollView
  SingleChildScrollView:file:///Y:/AndroidStudioProject/Github/expert-project/lib/presentation/pages/tv_detail_page.dart:100:30

When the exception was thrown, this was the stack:
#2      RenderBox.size (package:flutter/src/rendering/box.dart:2251:12)
#3      RenderProxyBoxMixin.performLayout (package:flutter/src/rendering/proxy_box.dart:118:62)
#4      RenderObject.layout (package:flutter/src/rendering/object.dart:2907:7)
#5      RenderProxyBoxMixin.performLayout (package:flutter/src/rendering/proxy_box.dart:118:18)
#6      RenderObject.layout (package:flutter/src/rendering/object.dart:2907:7)
#7      RenderProxyBoxMixin.performLayout (package:flutter/src/rendering/proxy_box.dart:118:18)
#8      RenderObject.layout (package:flutter/src/rendering/object.dart:2907:7)
#9      RenderProxyBoxMixin.performLayout (package:flutter/src/rendering/proxy_box.dart:118:18)
#10     _RenderCustomClip.performLayout (package:flutter/src/rendering/proxy_box.dart:1549:11)
#11     RenderObject.layout (package:flutter/src/rendering/object.dart:2907:7)
#12     RenderPadding.performLayout (package:flutter/src/rendering/shifted_box.dart:262:12)
#13     RenderObject.layout (package:flutter/src/rendering/object.dart:2907:7)
#14     ChildLayoutHelper.layoutChild (package:flutter/src/rendering/layout_helper.dart:62:11)
#15     RenderStack._computeSize (package:flutter/src/rendering/stack.dart:647:43)
#16     RenderStack.performLayout (package:flutter/src/rendering/stack.dart:682:12)
#17     RenderObject.layout (package:flutter/src/rendering/object.dart:2907:7)
#18     RenderPadding.performLayout (package:flutter/src/rendering/shifted_box.dart:262:12)
#19     RenderObject.layout (package:flutter/src/rendering/object.dart:2907:7)
#20     RenderProxyBoxMixin.performLayout (package:flutter/src/rendering/proxy_box.dart:118:18)
#21     RenderObject.layout (package:flutter/src/rendering/object.dart:2907:7)
#22     RenderFractionallySizedOverflowBox.performLayout (package:flutter/src/rendering/shifted_box.dart:1298:14)
#23     RenderObject.layout (package:flutter/src/rendering/object.dart:2907:7)
#24     RenderConstrainedBox.performLayout (package:flutter/src/rendering/proxy_box.dart:296:14)
#25     RenderObject.layout (package:flutter/src/rendering/object.dart:2907:7)
#26     _RenderLayoutBuilder.performLayout (package:flutter/src/widgets/layout_builder.dart:449:14)
#27     RenderObject.layout (package:flutter/src/rendering/object.dart:2907:7)
#28     RenderPadding.performLayout (package:flutter/src/rendering/shifted_box.dart:262:12)
#29     RenderObject.layout (package:flutter/src/rendering/object.dart:2907:7)
#30     ChildLayoutHelper.layoutChild (package:flutter/src/rendering/layout_helper.dart:62:11)
#31     RenderStack._computeSize (package:flutter/src/rendering/stack.dart:647:43)
#32     RenderStack.performLayout (package:flutter/src/rendering/stack.dart:682:12)
#33     RenderObject.layout (package:flutter/src/rendering/object.dart:2907:7)
#34     RenderPadding.performLayout (package:flutter/src/rendering/shifted_box.dart:262:12)
#35     RenderObject.layout (package:flutter/src/rendering/object.dart:2907:7)
#36     MultiChildLayoutDelegate.layoutChild (package:flutter/src/rendering/custom_layout.dart:180:12)
#37     _ScaffoldLayout.performLayout (package:flutter/src/material/scaffold.dart:1113:7)
#38     MultiChildLayoutDelegate._callPerformLayout (package:flutter/src/rendering/custom_layout.dart:246:7)
#39     RenderCustomMultiChildLayoutBox.performLayout (package:flutter/src/rendering/custom_layout.dart:417:14)
#40     RenderObject.layout (package:flutter/src/rendering/object.dart:2907:7)
#41     RenderProxyBoxMixin.performLayout (package:flutter/src/rendering/proxy_box.dart:118:18)
#42     RenderObject.layout (package:flutter/src/rendering/object.dart:2907:7)
#43     RenderProxyBoxMixin.performLayout (package:flutter/src/rendering/proxy_box.dart:118:18)
#44     _RenderCustomClip.performLayout (package:flutter/src/rendering/proxy_box.dart:1549:11)
#45     RenderObject.layout (package:flutter/src/rendering/object.dart:2907:7)
#46     RenderProxyBoxMixin.performLayout (package:flutter/src/rendering/proxy_box.dart:118:18)
#47     RenderObject.layout (package:flutter/src/rendering/object.dart:2907:7)
#48     RenderProxyBoxMixin.performLayout (package:flutter/src/rendering/proxy_box.dart:118:18)
#49     RenderObject.layout (package:flutter/src/rendering/object.dart:2907:7)
#50     RenderProxyBoxMixin.performLayout (package:flutter/src/rendering/proxy_box.dart:118:18)
#51     RenderObject.layout (package:flutter/src/rendering/object.dart:2907:7)
#52     RenderProxyBoxMixin.performLayout (package:flutter/src/rendering/proxy_box.dart:118:18)
#53     RenderObject.layout (package:flutter/src/rendering/object.dart:2907:7)
#54     RenderProxyBoxMixin.performLayout (package:flutter/src/rendering/proxy_box.dart:118:18)
#55     RenderObject.layout (package:flutter/src/rendering/object.dart:2907:7)
#56     RenderProxyBoxMixin.performLayout (package:flutter/src/rendering/proxy_box.dart:118:18)
#57     RenderObject.layout (package:flutter/src/rendering/object.dart:2907:7)
#58     RenderProxyBoxMixin.performLayout (package:flutter/src/rendering/proxy_box.dart:118:18)
#59     RenderObject.layout (package:flutter/src/rendering/object.dart:2907:7)
#60     RenderProxyBoxMixin.performLayout (package:flutter/src/rendering/proxy_box.dart:118:18)
#61     RenderObject.layout (package:flutter/src/rendering/object.dart:2907:7)
#62     RenderProxyBoxMixin.performLayout (package:flutter/src/rendering/proxy_box.dart:118:18)
#63     RenderObject.layout (package:flutter/src/rendering/object.dart:2907:7)
#64     RenderProxyBoxMixin.performLayout (package:flutter/src/rendering/proxy_box.dart:118:18)
#65     RenderObject.layout (package:flutter/src/rendering/object.dart:2907:7)
#66     RenderProxyBoxMixin.performLayout (package:flutter/src/rendering/proxy_box.dart:118:18)
#67     RenderObject.layout (package:flutter/src/rendering/object.dart:2907:7)
#68     RenderProxyBoxMixin.performLayout (package:flutter/src/rendering/proxy_box.dart:118:18)
#69     RenderObject.layout (package:flutter/src/rendering/object.dart:2907:7)
#70     RenderProxyBoxMixin.performLayout (package:flutter/src/rendering/proxy_box.dart:118:18)
#71     RenderObject.layout (package:flutter/src/rendering/object.dart:2907:7)
#72     RenderProxyBoxMixin.performLayout (package:flutter/src/rendering/proxy_box.dart:118:18)
#73     RenderObject.layout (package:flutter/src/rendering/object.dart:2907:7)
#74     RenderProxyBoxMixin.performLayout (package:flutter/src/rendering/proxy_box.dart:118:18)
#75     RenderObject.layout (package:flutter/src/rendering/object.dart:2907:7)
#76     RenderProxyBoxMixin.performLayout (package:flutter/src/rendering/proxy_box.dart:118:18)
#77     RenderOffstage.performLayout (package:flutter/src/rendering/proxy_box.dart:3923:13)
#78     RenderObject.layout (package:flutter/src/rendering/object.dart:2907:7)
#79     RenderProxyBoxMixin.performLayout (package:flutter/src/rendering/proxy_box.dart:118:18)
#80     RenderObject.layout (package:flutter/src/rendering/object.dart:2907:7)
#81     _RenderTheaterMixin.layoutChild (package:flutter/src/widgets/overlay.dart:1124:13)
#82     _RenderTheater.performLayout (package:flutter/src/widgets/overlay.dart:1481:9)
#83     RenderObject.layout (package:flutter/src/rendering/object.dart:2907:7)
#84     RenderProxyBoxMixin.performLayout (package:flutter/src/rendering/proxy_box.dart:118:18)
#85     RenderObject.layout (package:flutter/src/rendering/object.dart:2907:7)
#86     RenderProxyBoxMixin.performLayout (package:flutter/src/rendering/proxy_box.dart:118:18)
#87     RenderObject.layout (package:flutter/src/rendering/object.dart:2907:7)
#88     RenderProxyBoxMixin.performLayout (package:flutter/src/rendering/proxy_box.dart:118:18)
#89     RenderObject.layout (package:flutter/src/rendering/object.dart:2907:7)
#90     RenderProxyBoxMixin.performLayout (package:flutter/src/rendering/proxy_box.dart:118:18)
#91     RenderCustomPaint.performLayout (package:flutter/src/rendering/custom_paint.dart:574:11)
#92     RenderObject.layout (package:flutter/src/rendering/object.dart:2907:7)
#93     RenderProxyBoxMixin.performLayout (package:flutter/src/rendering/proxy_box.dart:118:18)
#94     RenderObject.layout (package:flutter/src/rendering/object.dart:2907:7)
#95     RenderProxyBoxMixin.performLayout (package:flutter/src/rendering/proxy_box.dart:118:18)
#96     RenderObject.layout (package:flutter/src/rendering/object.dart:2907:7)
#97     RenderProxyBoxMixin.performLayout (package:flutter/src/rendering/proxy_box.dart:118:18)
#98     RenderObject.layout (package:flutter/src/rendering/object.dart:2907:7)
#99     RenderProxyBoxMixin.performLayout (package:flutter/src/rendering/proxy_box.dart:118:18)
#100    RenderObject.layout (package:flutter/src/rendering/object.dart:2907:7)
#101    RenderProxyBoxMixin.performLayout (package:flutter/src/rendering/proxy_box.dart:118:18)
#102    RenderObject.layout (package:flutter/src/rendering/object.dart:2907:7)
#103    RenderProxyBoxMixin.performLayout (package:flutter/src/rendering/proxy_box.dart:118:18)
#104    RenderObject.layout (package:flutter/src/rendering/object.dart:2907:7)
#105    RenderView.performLayout (package:flutter/src/rendering/view.dart:292:12)
#106    RenderObject._layoutWithoutResize (package:flutter/src/rendering/object.dart:2755:7)
#107    PipelineOwner.flushLayout (package:flutter/src/rendering/object.dart:1174:18)
#108    PipelineOwner.flushLayout (package:flutter/src/rendering/object.dart:1187:15)
#109    AutomatedTestWidgetsFlutterBinding.drawFrame (package:flutter_test/src/binding.dart:2433:27)
#110    RendererBinding._handlePersistentFrameCallback (package:flutter/src/rendering/binding.dart:509:5)
#111    SchedulerBinding._invokeFrameCallback (package:flutter/src/scheduler/binding.dart:1430:15)
#112    SchedulerBinding.handleDrawFrame (package:flutter/src/scheduler/binding.dart:1345:9)
#113    AutomatedTestWidgetsFlutterBinding.pump.<anonymous closure> (package:flutter_test/src/binding.dart:2260:9)
#116    TestAsyncUtils.guard (package:flutter_test/src/test_async_utils.dart:74:41)
#117    AutomatedTestWidgetsFlutterBinding.pump (package:flutter_test/src/binding.dart:2249:27)
#118    WidgetTester.pumpWidget.<anonymous closure> (package:flutter_test/src/widget_tester.dart:598:22)
#121    TestAsyncUtils.guard (package:flutter_test/src/test_async_utils.dart:74:41)
#122    WidgetTester.pumpWidget (package:flutter_test/src/widget_tester.dart:595:27)
#123    main.<anonymous closure>.<anonymous closure> (file:///Y:/AndroidStudioProject/Github/expert-project/test/presentation/pages/tv_detail_page_test.dart:100:20)
#124    testWidgets.<anonymous closure>.<anonymous closure> (package:flutter_test/src/widget_tester.dart:192:29)
<asynchronous suspension>
#125    TestWidgetsFlutterBinding._runTestBody (package:flutter_test/src/binding.dart:1952:5)
<asynchronous suspension>
<asynchronous suspension>
(elided 7 frames from class _AssertionError, dart:async, and package:stack_trace)

The following RenderObject was being processed when the exception was fired: RenderPointerListener#cf6ac relayoutBoundary=up5 NEEDS-LAYOUT NEEDS-PAINT NEEDS-COMPOSITING-BITS-UPDATE:
  creator: Listener ΓåÉ _ScrollableScope ΓåÉ _ScrollSemantics-[GlobalKey#b1548] ΓåÉ
    NotificationListener<ScrollMetricsNotification> ΓåÉ Transform ΓåÉ StretchEffect ΓåÉ ClipRect ΓåÉ
    AnimatedBuilder ΓåÉ NotificationListener<ScrollNotification> ΓåÉ StretchingOverscrollIndicator ΓåÉ
    Scrollable ΓåÉ SingleChildScrollView ΓåÉ Γï»
  parentData: <none> (can use size)
  constraints: BoxConstraints(0.0<=w<=768.0, 0.0<=h<=240.0)
  size: MISSING
  behavior: deferToChild
  listeners: signal
This RenderObject had the following descendants (showing up to depth 5):
    child: RenderSemanticsGestureHandler#ed4ca relayoutBoundary=up6 NEEDS-PAINT NEEDS-COMPOSITING-BITS-UPDATE
      child: RenderPointerListener#57e03 relayoutBoundary=up7 NEEDS-PAINT NEEDS-COMPOSITING-BITS-UPDATE
        child: RenderSemanticsAnnotations#c5da4 relayoutBoundary=up8 NEEDS-PAINT NEEDS-COMPOSITING-BITS-UPDATE
          child: RenderIgnorePointer#81d64 relayoutBoundary=up9 NEEDS-PAINT NEEDS-COMPOSITING-BITS-UPDATE
            child: _RenderSingleChildViewport#299a5 relayoutBoundary=up10 NEEDS-PAINT NEEDS-COMPOSITING-BITS-UPDATE
ΓòÉΓòÉΓòÉΓòÉΓòÉΓòÉΓòÉΓòÉΓòÉΓòÉΓòÉΓòÉΓòÉΓòÉΓòÉΓòÉΓòÉΓòÉΓòÉΓòÉΓòÉΓòÉΓòÉΓòÉΓòÉΓòÉΓòÉΓòÉΓòÉΓòÉΓòÉΓòÉΓòÉΓòÉΓòÉΓòÉΓòÉΓòÉΓòÉΓòÉΓòÉΓòÉΓòÉΓòÉΓòÉΓòÉΓòÉΓòÉΓòÉΓòÉΓòÉΓòÉΓòÉΓòÉΓòÉΓòÉΓòÉΓòÉΓòÉΓòÉΓòÉΓòÉΓòÉΓòÉΓòÉΓòÉΓòÉΓòÉΓòÉΓòÉΓòÉΓòÉΓòÉΓòÉΓòÉΓòÉΓòÉΓòÉΓòÉΓòÉΓòÉΓòÉΓòÉΓòÉΓòÉΓòÉΓòÉΓòÉΓòÉΓòÉΓòÉΓòÉΓòÉΓòÉΓòÉΓòÉΓòÉΓòÉΓòÉΓòÉ
ΓòÉΓòÉΓòí EXCEPTION CAUGHT BY RENDERING LIBRARY Γò₧ΓòÉΓòÉΓòÉΓòÉΓòÉΓòÉΓòÉΓòÉΓòÉΓòÉΓòÉΓòÉΓòÉΓòÉΓòÉΓòÉΓòÉΓòÉΓòÉΓòÉΓòÉΓòÉΓòÉΓòÉΓòÉΓòÉΓòÉΓòÉΓòÉΓòÉΓòÉΓòÉΓòÉΓòÉΓòÉΓòÉΓòÉΓòÉΓòÉΓòÉΓòÉΓòÉΓòÉΓòÉΓòÉΓòÉΓòÉΓòÉΓòÉΓòÉΓòÉΓòÉΓòÉΓòÉΓòÉΓòÉΓòÉ
The following assertion was thrown during performLayout():
RenderBox was not laid out: RenderPointerListener#cf6ac relayoutBoundary=up5 NEEDS-PAINT
NEEDS-COMPOSITING-BITS-UPDATE
'package:flutter/src/rendering/box.dart':
Failed assertion: line 2251 pos 12: 'hasSize'

Either the assertion indicates an error in the framework itself, or we should provide substantially
more information in this error message to help you determine and fix the underlying cause.
In either case, please report this assertion by filing a bug on GitHub:
  https://github.com/flutter/flutter/issues/new?template=02_bug.yml

The relevant error-causing widget was:
  SingleChildScrollView
  SingleChildScrollView:file:///Y:/AndroidStudioProject/Github/expert-project/lib/presentation/pages/tv_detail_page.dart:100:30

When the exception was thrown, this was the stack:
#2      RenderBox.size (package:flutter/src/rendering/box.dart:2251:12)
#3      RenderProxyBoxMixin.performLayout (package:flutter/src/rendering/proxy_box.dart:118:62)
#4      RenderObject.layout (package:flutter/src/rendering/object.dart:2907:7)
#5      RenderProxyBoxMixin.performLayout (package:flutter/src/rendering/proxy_box.dart:118:18)
#6      RenderObject.layout (package:flutter/src/rendering/object.dart:2907:7)
#7      RenderProxyBoxMixin.performLayout (package:flutter/src/rendering/proxy_box.dart:118:18)
#8      _RenderCustomClip.performLayout (package:flutter/src/rendering/proxy_box.dart:1549:11)
#9      RenderObject.layout (package:flutter/src/rendering/object.dart:2907:7)
#10     RenderPadding.performLayout (package:flutter/src/rendering/shifted_box.dart:262:12)
#11     RenderObject.layout (package:flutter/src/rendering/object.dart:2907:7)
#12     ChildLayoutHelper.layoutChild (package:flutter/src/rendering/layout_helper.dart:62:11)
#13     RenderStack._computeSize (package:flutter/src/rendering/stack.dart:647:43)
#14     RenderStack.performLayout (package:flutter/src/rendering/stack.dart:682:12)
#15     RenderObject.layout (package:flutter/src/rendering/object.dart:2907:7)
#16     RenderPadding.performLayout (package:flutter/src/rendering/shifted_box.dart:262:12)
#17     RenderObject.layout (package:flutter/src/rendering/object.dart:2907:7)
#18     RenderProxyBoxMixin.performLayout (package:flutter/src/rendering/proxy_box.dart:118:18)
#19     RenderObject.layout (package:flutter/src/rendering/object.dart:2907:7)
#20     RenderFractionallySizedOverflowBox.performLayout (package:flutter/src/rendering/shifted_box.dart:1298:14)
#21     RenderObject.layout (package:flutter/src/rendering/object.dart:2907:7)
#22     RenderConstrainedBox.performLayout (package:flutter/src/rendering/proxy_box.dart:296:14)
#23     RenderObject.layout (package:flutter/src/rendering/object.dart:2907:7)
#24     _RenderLayoutBuilder.performLayout (package:flutter/src/widgets/layout_builder.dart:449:14)
#25     RenderObject.layout (package:flutter/src/rendering/object.dart:2907:7)
#26     RenderPadding.performLayout (package:flutter/src/rendering/shifted_box.dart:262:12)
#27     RenderObject.layout (package:flutter/src/rendering/object.dart:2907:7)
#28     ChildLayoutHelper.layoutChild (package:flutter/src/rendering/layout_helper.dart:62:11)
#29     RenderStack._computeSize (package:flutter/src/rendering/stack.dart:647:43)
#30     RenderStack.performLayout (package:flutter/src/rendering/stack.dart:682:12)
#31     RenderObject.layout (package:flutter/src/rendering/object.dart:2907:7)
#32     RenderPadding.performLayout (package:flutter/src/rendering/shifted_box.dart:262:12)
#33     RenderObject.layout (package:flutter/src/rendering/object.dart:2907:7)
#34     MultiChildLayoutDelegate.layoutChild (package:flutter/src/rendering/custom_layout.dart:180:12)
#35     _ScaffoldLayout.performLayout (package:flutter/src/material/scaffold.dart:1113:7)
#36     MultiChildLayoutDelegate._callPerformLayout (package:flutter/src/rendering/custom_layout.dart:246:7)
#37     RenderCustomMultiChildLayoutBox.performLayout (package:flutter/src/rendering/custom_layout.dart:417:14)
#38     RenderObject.layout (package:flutter/src/rendering/object.dart:2907:7)
#39     RenderProxyBoxMixin.performLayout (package:flutter/src/rendering/proxy_box.dart:118:18)
#40     RenderObject.layout (package:flutter/src/rendering/object.dart:2907:7)
#41     RenderProxyBoxMixin.performLayout (package:flutter/src/rendering/proxy_box.dart:118:18)
#42     _RenderCustomClip.performLayout (package:flutter/src/rendering/proxy_box.dart:1549:11)
#43     RenderObject.layout (package:flutter/src/rendering/object.dart:2907:7)
#44     RenderProxyBoxMixin.performLayout (package:flutter/src/rendering/proxy_box.dart:118:18)
#45     RenderObject.layout (package:flutter/src/rendering/object.dart:2907:7)
#46     RenderProxyBoxMixin.performLayout (package:flutter/src/rendering/proxy_box.dart:118:18)
#47     RenderObject.layout (package:flutter/src/rendering/object.dart:2907:7)
#48     RenderProxyBoxMixin.performLayout (package:flutter/src/rendering/proxy_box.dart:118:18)
#49     RenderObject.layout (package:flutter/src/rendering/object.dart:2907:7)
#50     RenderProxyBoxMixin.performLayout (package:flutter/src/rendering/proxy_box.dart:118:18)
#51     RenderObject.layout (package:flutter/src/rendering/object.dart:2907:7)
#52     RenderProxyBoxMixin.performLayout (package:flutter/src/rendering/proxy_box.dart:118:18)
#53     RenderObject.layout (package:flutter/src/rendering/object.dart:2907:7)
#54     RenderProxyBoxMixin.performLayout (package:flutter/src/rendering/proxy_box.dart:118:18)
#55     RenderObject.layout (package:flutter/src/rendering/object.dart:2907:7)
#56     RenderProxyBoxMixin.performLayout (package:flutter/src/rendering/proxy_box.dart:118:18)
#57     RenderObject.layout (package:flutter/src/rendering/object.dart:2907:7)
#58     RenderProxyBoxMixin.performLayout (package:flutter/src/rendering/proxy_box.dart:118:18)
#59     RenderObject.layout (package:flutter/src/rendering/object.dart:2907:7)
#60     RenderProxyBoxMixin.performLayout (package:flutter/src/rendering/proxy_box.dart:118:18)
#61     RenderObject.layout (package:flutter/src/rendering/object.dart:2907:7)
#62     RenderProxyBoxMixin.performLayout (package:flutter/src/rendering/proxy_box.dart:118:18)
#63     RenderObject.layout (package:flutter/src/rendering/object.dart:2907:7)
#64     RenderProxyBoxMixin.performLayout (package:flutter/src/rendering/proxy_box.dart:118:18)
#65     RenderObject.layout (package:flutter/src/rendering/object.dart:2907:7)
#66     RenderProxyBoxMixin.performLayout (package:flutter/src/rendering/proxy_box.dart:118:18)
#67     RenderObject.layout (package:flutter/src/rendering/object.dart:2907:7)
#68     RenderProxyBoxMixin.performLayout (package:flutter/src/rendering/proxy_box.dart:118:18)
#69     RenderObject.layout (package:flutter/src/rendering/object.dart:2907:7)
#70     RenderProxyBoxMixin.performLayout (package:flutter/src/rendering/proxy_box.dart:118:18)
#71     RenderObject.layout (package:flutter/src/rendering/object.dart:2907:7)
#72     RenderProxyBoxMixin.performLayout (package:flutter/src/rendering/proxy_box.dart:118:18)
#73     RenderObject.layout (package:flutter/src/rendering/object.dart:2907:7)
#74     RenderProxyBoxMixin.performLayout (package:flutter/src/rendering/proxy_box.dart:118:18)
#75     RenderOffstage.performLayout (package:flutter/src/rendering/proxy_box.dart:3923:13)
#76     RenderObject.layout (package:flutter/src/rendering/object.dart:2907:7)
#77     RenderProxyBoxMixin.performLayout (package:flutter/src/rendering/proxy_box.dart:118:18)
#78     RenderObject.layout (package:flutter/src/rendering/object.dart:2907:7)
#79     _RenderTheaterMixin.layoutChild (package:flutter/src/widgets/overlay.dart:1124:13)
#80     _RenderTheater.performLayout (package:flutter/src/widgets/overlay.dart:1481:9)
#81     RenderObject.layout (package:flutter/src/rendering/object.dart:2907:7)
#82     RenderProxyBoxMixin.performLayout (package:flutter/src/rendering/proxy_box.dart:118:18)
#83     RenderObject.layout (package:flutter/src/rendering/object.dart:2907:7)
#84     RenderProxyBoxMixin.performLayout (package:flutter/src/rendering/proxy_box.dart:118:18)
#85     RenderObject.layout (package:flutter/src/rendering/object.dart:2907:7)
#86     RenderProxyBoxMixin.performLayout (package:flutter/src/rendering/proxy_box.dart:118:18)
#87     RenderObject.layout (package:flutter/src/rendering/object.dart:2907:7)
#88     RenderProxyBoxMixin.performLayout (package:flutter/src/rendering/proxy_box.dart:118:18)
#89     RenderCustomPaint.performLayout (package:flutter/src/rendering/custom_paint.dart:574:11)
#90     RenderObject.layout (package:flutter/src/rendering/object.dart:2907:7)
#91     RenderProxyBoxMixin.performLayout (package:flutter/src/rendering/proxy_box.dart:118:18)
#92     RenderObject.layout (package:flutter/src/rendering/object.dart:2907:7)
#93     RenderProxyBoxMixin.performLayout (package:flutter/src/rendering/proxy_box.dart:118:18)
#94     RenderObject.layout (package:flutter/src/rendering/object.dart:2907:7)
#95     RenderProxyBoxMixin.performLayout (package:flutter/src/rendering/proxy_box.dart:118:18)
#96     RenderObject.layout (package:flutter/src/rendering/object.dart:2907:7)
#97     RenderProxyBoxMixin.performLayout (package:flutter/src/rendering/proxy_box.dart:118:18)
#98     RenderObject.layout (package:flutter/src/rendering/object.dart:2907:7)
#99     RenderProxyBoxMixin.performLayout (package:flutter/src/rendering/proxy_box.dart:118:18)
#100    RenderObject.layout (package:flutter/src/rendering/object.dart:2907:7)
#101    RenderProxyBoxMixin.performLayout (package:flutter/src/rendering/proxy_box.dart:118:18)
#102    RenderObject.layout (package:flutter/src/rendering/object.dart:2907:7)
#103    RenderView.performLayout (package:flutter/src/rendering/view.dart:292:12)
#104    RenderObject._layoutWithoutResize (package:flutter/src/rendering/object.dart:2755:7)
#105    PipelineOwner.flushLayout (package:flutter/src/rendering/object.dart:1174:18)
#106    PipelineOwner.flushLayout (package:flutter/src/rendering/object.dart:1187:15)
#107    AutomatedTestWidgetsFlutterBinding.drawFrame (package:flutter_test/src/binding.dart:2433:27)
#108    RendererBinding._handlePersistentFrameCallback (package:flutter/src/rendering/binding.dart:509:5)
#109    SchedulerBinding._invokeFrameCallback (package:flutter/src/scheduler/binding.dart:1430:15)
#110    SchedulerBinding.handleDrawFrame (package:flutter/src/scheduler/binding.dart:1345:9)
#111    AutomatedTestWidgetsFlutterBinding.pump.<anonymous closure> (package:flutter_test/src/binding.dart:2260:9)
#114    TestAsyncUtils.guard (package:flutter_test/src/test_async_utils.dart:74:41)
#115    AutomatedTestWidgetsFlutterBinding.pump (package:flutter_test/src/binding.dart:2249:27)
#116    WidgetTester.pumpWidget.<anonymous closure> (package:flutter_test/src/widget_tester.dart:598:22)
#119    TestAsyncUtils.guard (package:flutter_test/src/test_async_utils.dart:74:41)
#120    WidgetTester.pumpWidget (package:flutter_test/src/widget_tester.dart:595:27)
#121    main.<anonymous closure>.<anonymous closure> (file:///Y:/AndroidStudioProject/Github/expert-project/test/presentation/pages/tv_detail_page_test.dart:100:20)
#122    testWidgets.<anonymous closure>.<anonymous closure> (package:flutter_test/src/widget_tester.dart:192:29)
<asynchronous suspension>
#123    TestWidgetsFlutterBinding._runTestBody (package:flutter_test/src/binding.dart:1952:5)
<asynchronous suspension>
<asynchronous suspension>
(elided 7 frames from class _AssertionError, dart:async, and package:stack_trace)

The following RenderObject was being processed when the exception was fired: _RenderScrollSemantics#55352 relayoutBoundary=up4 NEEDS-LAYOUT NEEDS-PAINT NEEDS-COMPOSITING-BITS-UPDATE:
  creator: _ScrollSemantics-[GlobalKey#b1548] ΓåÉ NotificationListener<ScrollMetricsNotification> ΓåÉ
    Transform ΓåÉ StretchEffect ΓåÉ ClipRect ΓåÉ AnimatedBuilder ΓåÉ NotificationListener<ScrollNotification>
    ΓåÉ StretchingOverscrollIndicator ΓåÉ Scrollable ΓåÉ SingleChildScrollView ΓåÉ Padding ΓåÉ Container ΓåÉ Γï»
  parentData: <none> (can use size)
  constraints: BoxConstraints(0.0<=w<=768.0, 0.0<=h<=240.0)
  semantic boundary
  size: MISSING
This RenderObject had the following descendants (showing up to depth 5):
    child: RenderPointerListener#cf6ac relayoutBoundary=up5 NEEDS-PAINT NEEDS-COMPOSITING-BITS-UPDATE
      child: RenderSemanticsGestureHandler#ed4ca relayoutBoundary=up6 NEEDS-PAINT NEEDS-COMPOSITING-BITS-UPDATE
        child: RenderPointerListener#57e03 relayoutBoundary=up7 NEEDS-PAINT NEEDS-COMPOSITING-BITS-UPDATE
          child: RenderSemanticsAnnotations#c5da4 relayoutBoundary=up8 NEEDS-PAINT NEEDS-COMPOSITING-BITS-UPDATE
            child: RenderIgnorePointer#81d64 relayoutBoundary=up9 NEEDS-PAINT NEEDS-COMPOSITING-BITS-UPDATE
ΓòÉΓòÉΓòÉΓòÉΓòÉΓòÉΓòÉΓòÉΓòÉΓòÉΓòÉΓòÉΓòÉΓòÉΓòÉΓòÉΓòÉΓòÉΓòÉΓòÉΓòÉΓòÉΓòÉΓòÉΓòÉΓòÉΓòÉΓòÉΓòÉΓòÉΓòÉΓòÉΓòÉΓòÉΓòÉΓòÉΓòÉΓòÉΓòÉΓòÉΓòÉΓòÉΓòÉΓòÉΓòÉΓòÉΓòÉΓòÉΓòÉΓòÉΓòÉΓòÉΓòÉΓòÉΓòÉΓòÉΓòÉΓòÉΓòÉΓòÉΓòÉΓòÉΓòÉΓòÉΓòÉΓòÉΓòÉΓòÉΓòÉΓòÉΓòÉΓòÉΓòÉΓòÉΓòÉΓòÉΓòÉΓòÉΓòÉΓòÉΓòÉΓòÉΓòÉΓòÉΓòÉΓòÉΓòÉΓòÉΓòÉΓòÉΓòÉΓòÉΓòÉΓòÉΓòÉΓòÉΓòÉΓòÉΓòÉΓòÉ
ΓòÉΓòÉΓòí EXCEPTION CAUGHT BY RENDERING LIBRARY Γò₧ΓòÉΓòÉΓòÉΓòÉΓòÉΓòÉΓòÉΓòÉΓòÉΓòÉΓòÉΓòÉΓòÉΓòÉΓòÉΓòÉΓòÉΓòÉΓòÉΓòÉΓòÉΓòÉΓòÉΓòÉΓòÉΓòÉΓòÉΓòÉΓòÉΓòÉΓòÉΓòÉΓòÉΓòÉΓòÉΓòÉΓòÉΓòÉΓòÉΓòÉΓòÉΓòÉΓòÉΓòÉΓòÉΓòÉΓòÉΓòÉΓòÉΓòÉΓòÉΓòÉΓòÉΓòÉΓòÉΓòÉΓòÉ
The following assertion was thrown during performLayout():
RenderBox was not laid out: _RenderScrollSemantics#55352 relayoutBoundary=up4 NEEDS-PAINT
NEEDS-COMPOSITING-BITS-UPDATE
'package:flutter/src/rendering/box.dart':
Failed assertion: line 2251 pos 12: 'hasSize'

Either the assertion indicates an error in the framework itself, or we should provide substantially
more information in this error message to help you determine and fix the underlying cause.
In either case, please report this assertion by filing a bug on GitHub:
  https://github.com/flutter/flutter/issues/new?template=02_bug.yml

The relevant error-causing widget was:
  SingleChildScrollView
  SingleChildScrollView:file:///Y:/AndroidStudioProject/Github/expert-project/lib/presentation/pages/tv_detail_page.dart:100:30

When the exception was thrown, this was the stack:
#2      RenderBox.size (package:flutter/src/rendering/box.dart:2251:12)
#3      RenderProxyBoxMixin.performLayout (package:flutter/src/rendering/proxy_box.dart:118:62)
#4      RenderObject.layout (package:flutter/src/rendering/object.dart:2907:7)
#5      RenderProxyBoxMixin.performLayout (package:flutter/src/rendering/proxy_box.dart:118:18)
#6      _RenderCustomClip.performLayout (package:flutter/src/rendering/proxy_box.dart:1549:11)
#7      RenderObject.layout (package:flutter/src/rendering/object.dart:2907:7)
#8      RenderPadding.performLayout (package:flutter/src/rendering/shifted_box.dart:262:12)
#9      RenderObject.layout (package:flutter/src/rendering/object.dart:2907:7)
#10     ChildLayoutHelper.layoutChild (package:flutter/src/rendering/layout_helper.dart:62:11)
#11     RenderStack._computeSize (package:flutter/src/rendering/stack.dart:647:43)
#12     RenderStack.performLayout (package:flutter/src/rendering/stack.dart:682:12)
#13     RenderObject.layout (package:flutter/src/rendering/object.dart:2907:7)
#14     RenderPadding.performLayout (package:flutter/src/rendering/shifted_box.dart:262:12)
#15     RenderObject.layout (package:flutter/src/rendering/object.dart:2907:7)
#16     RenderProxyBoxMixin.performLayout (package:flutter/src/rendering/proxy_box.dart:118:18)
#17     RenderObject.layout (package:flutter/src/rendering/object.dart:2907:7)
#18     RenderFractionallySizedOverflowBox.performLayout (package:flutter/src/rendering/shifted_box.dart:1298:14)
#19     RenderObject.layout (package:flutter/src/rendering/object.dart:2907:7)
#20     RenderConstrainedBox.performLayout (package:flutter/src/rendering/proxy_box.dart:296:14)
#21     RenderObject.layout (package:flutter/src/rendering/object.dart:2907:7)
#22     _RenderLayoutBuilder.performLayout (package:flutter/src/widgets/layout_builder.dart:449:14)
#23     RenderObject.layout (package:flutter/src/rendering/object.dart:2907:7)
#24     RenderPadding.performLayout (package:flutter/src/rendering/shifted_box.dart:262:12)
#25     RenderObject.layout (package:flutter/src/rendering/object.dart:2907:7)
#26     ChildLayoutHelper.layoutChild (package:flutter/src/rendering/layout_helper.dart:62:11)
#27     RenderStack._computeSize (package:flutter/src/rendering/stack.dart:647:43)
#28     RenderStack.performLayout (package:flutter/src/rendering/stack.dart:682:12)
#29     RenderObject.layout (package:flutter/src/rendering/object.dart:2907:7)
#30     RenderPadding.performLayout (package:flutter/src/rendering/shifted_box.dart:262:12)
#31     RenderObject.layout (package:flutter/src/rendering/object.dart:2907:7)
#32     MultiChildLayoutDelegate.layoutChild (package:flutter/src/rendering/custom_layout.dart:180:12)
#33     _ScaffoldLayout.performLayout (package:flutter/src/material/scaffold.dart:1113:7)
#34     MultiChildLayoutDelegate._callPerformLayout (package:flutter/src/rendering/custom_layout.dart:246:7)
#35     RenderCustomMultiChildLayoutBox.performLayout (package:flutter/src/rendering/custom_layout.dart:417:14)
#36     RenderObject.layout (package:flutter/src/rendering/object.dart:2907:7)
#37     RenderProxyBoxMixin.performLayout (package:flutter/src/rendering/proxy_box.dart:118:18)
#38     RenderObject.layout (package:flutter/src/rendering/object.dart:2907:7)
#39     RenderProxyBoxMixin.performLayout (package:flutter/src/rendering/proxy_box.dart:118:18)
#40     _RenderCustomClip.performLayout (package:flutter/src/rendering/proxy_box.dart:1549:11)
#41     RenderObject.layout (package:flutter/src/rendering/object.dart:2907:7)
#42     RenderProxyBoxMixin.performLayout (package:flutter/src/rendering/proxy_box.dart:118:18)
#43     RenderObject.layout (package:flutter/src/rendering/object.dart:2907:7)
#44     RenderProxyBoxMixin.performLayout (package:flutter/src/rendering/proxy_box.dart:118:18)
#45     RenderObject.layout (package:flutter/src/rendering/object.dart:2907:7)
#46     RenderProxyBoxMixin.performLayout (package:flutter/src/rendering/proxy_box.dart:118:18)
#47     RenderObject.layout (package:flutter/src/rendering/object.dart:2907:7)
#48     RenderProxyBoxMixin.performLayout (package:flutter/src/rendering/proxy_box.dart:118:18)
#49     RenderObject.layout (package:flutter/src/rendering/object.dart:2907:7)
#50     RenderProxyBoxMixin.performLayout (package:flutter/src/rendering/proxy_box.dart:118:18)
#51     RenderObject.layout (package:flutter/src/rendering/object.dart:2907:7)
#52     RenderProxyBoxMixin.performLayout (package:flutter/src/rendering/proxy_box.dart:118:18)
#53     RenderObject.layout (package:flutter/src/rendering/object.dart:2907:7)
#54     RenderProxyBoxMixin.performLayout (package:flutter/src/rendering/proxy_box.dart:118:18)
#55     RenderObject.layout (package:flutter/src/rendering/object.dart:2907:7)
#56     RenderProxyBoxMixin.performLayout (package:flutter/src/rendering/proxy_box.dart:118:18)
#57     RenderObject.layout (package:flutter/src/rendering/object.dart:2907:7)
#58     RenderProxyBoxMixin.performLayout (package:flutter/src/rendering/proxy_box.dart:118:18)
#59     RenderObject.layout (package:flutter/src/rendering/object.dart:2907:7)
#60     RenderProxyBoxMixin.performLayout (package:flutter/src/rendering/proxy_box.dart:118:18)
#61     RenderObject.layout (package:flutter/src/rendering/object.dart:2907:7)
#62     RenderProxyBoxMixin.performLayout (package:flutter/src/rendering/proxy_box.dart:118:18)
#63     RenderObject.layout (package:flutter/src/rendering/object.dart:2907:7)
#64     RenderProxyBoxMixin.performLayout (package:flutter/src/rendering/proxy_box.dart:118:18)
#65     RenderObject.layout (package:flutter/src/rendering/object.dart:2907:7)
#66     RenderProxyBoxMixin.performLayout (package:flutter/src/rendering/proxy_box.dart:118:18)
#67     RenderObject.layout (package:flutter/src/rendering/object.dart:2907:7)
#68     RenderProxyBoxMixin.performLayout (package:flutter/src/rendering/proxy_box.dart:118:18)
#69     RenderObject.layout (package:flutter/src/rendering/object.dart:2907:7)
#70     RenderProxyBoxMixin.performLayout (package:flutter/src/rendering/proxy_box.dart:118:18)
#71     RenderObject.layout (package:flutter/src/rendering/object.dart:2907:7)
#72     RenderProxyBoxMixin.performLayout (package:flutter/src/rendering/proxy_box.dart:118:18)
#73     RenderOffstage.performLayout (package:flutter/src/rendering/proxy_box.dart:3923:13)
#74     RenderObject.layout (package:flutter/src/rendering/object.dart:2907:7)
#75     RenderProxyBoxMixin.performLayout (package:flutter/src/rendering/proxy_box.dart:118:18)
#76     RenderObject.layout (package:flutter/src/rendering/object.dart:2907:7)
#77     _RenderTheaterMixin.layoutChild (package:flutter/src/widgets/overlay.dart:1124:13)
#78     _RenderTheater.performLayout (package:flutter/src/widgets/overlay.dart:1481:9)
#79     RenderObject.layout (package:flutter/src/rendering/object.dart:2907:7)
#80     RenderProxyBoxMixin.performLayout (package:flutter/src/rendering/proxy_box.dart:118:18)
#81     RenderObject.layout (package:flutter/src/rendering/object.dart:2907:7)
#82     RenderProxyBoxMixin.performLayout (package:flutter/src/rendering/proxy_box.dart:118:18)
#83     RenderObject.layout (package:flutter/src/rendering/object.dart:2907:7)
#84     RenderProxyBoxMixin.performLayout (package:flutter/src/rendering/proxy_box.dart:118:18)
#85     RenderObject.layout (package:flutter/src/rendering/object.dart:2907:7)
#86     RenderProxyBoxMixin.performLayout (package:flutter/src/rendering/proxy_box.dart:118:18)
#87     RenderCustomPaint.performLayout (package:flutter/src/rendering/custom_paint.dart:574:11)
#88     RenderObject.layout (package:flutter/src/rendering/object.dart:2907:7)
#89     RenderProxyBoxMixin.performLayout (package:flutter/src/rendering/proxy_box.dart:118:18)
#90     RenderObject.layout (package:flutter/src/rendering/object.dart:2907:7)
#91     RenderProxyBoxMixin.performLayout (package:flutter/src/rendering/proxy_box.dart:118:18)
#92     RenderObject.layout (package:flutter/src/rendering/object.dart:2907:7)
#93     RenderProxyBoxMixin.performLayout (package:flutter/src/rendering/proxy_box.dart:118:18)
#94     RenderObject.layout (package:flutter/src/rendering/object.dart:2907:7)
#95     RenderProxyBoxMixin.performLayout (package:flutter/src/rendering/proxy_box.dart:118:18)
#96     RenderObject.layout (package:flutter/src/rendering/object.dart:2907:7)
#97     RenderProxyBoxMixin.performLayout (package:flutter/src/rendering/proxy_box.dart:118:18)
#98     RenderObject.layout (package:flutter/src/rendering/object.dart:2907:7)
#99     RenderProxyBoxMixin.performLayout (package:flutter/src/rendering/proxy_box.dart:118:18)
#100    RenderObject.layout (package:flutter/src/rendering/object.dart:2907:7)
#101    RenderView.performLayout (package:flutter/src/rendering/view.dart:292:12)
#102    RenderObject._layoutWithoutResize (package:flutter/src/rendering/object.dart:2755:7)
#103    PipelineOwner.flushLayout (package:flutter/src/rendering/object.dart:1174:18)
#104    PipelineOwner.flushLayout (package:flutter/src/rendering/object.dart:1187:15)
#105    AutomatedTestWidgetsFlutterBinding.drawFrame (package:flutter_test/src/binding.dart:2433:27)
#106    RendererBinding._handlePersistentFrameCallback (package:flutter/src/rendering/binding.dart:509:5)
#107    SchedulerBinding._invokeFrameCallback (package:flutter/src/scheduler/binding.dart:1430:15)
#108    SchedulerBinding.handleDrawFrame (package:flutter/src/scheduler/binding.dart:1345:9)
#109    AutomatedTestWidgetsFlutterBinding.pump.<anonymous closure> (package:flutter_test/src/binding.dart:2260:9)
#112    TestAsyncUtils.guard (package:flutter_test/src/test_async_utils.dart:74:41)
#113    AutomatedTestWidgetsFlutterBinding.pump (package:flutter_test/src/binding.dart:2249:27)
#114    WidgetTester.pumpWidget.<anonymous closure> (package:flutter_test/src/widget_tester.dart:598:22)
#117    TestAsyncUtils.guard (package:flutter_test/src/test_async_utils.dart:74:41)
#118    WidgetTester.pumpWidget (package:flutter_test/src/widget_tester.dart:595:27)
#119    main.<anonymous closure>.<anonymous closure> (file:///Y:/AndroidStudioProject/Github/expert-project/test/presentation/pages/tv_detail_page_test.dart:100:20)
#120    testWidgets.<anonymous closure>.<anonymous closure> (package:flutter_test/src/widget_tester.dart:192:29)
<asynchronous suspension>
#121    TestWidgetsFlutterBinding._runTestBody (package:flutter_test/src/binding.dart:1952:5)
<asynchronous suspension>
<asynchronous suspension>
(elided 7 frames from class _AssertionError, dart:async, and package:stack_trace)

The following RenderObject was being processed when the exception was fired: RenderTransform#ca50f relayoutBoundary=up3 NEEDS-LAYOUT NEEDS-PAINT NEEDS-COMPOSITING-BITS-UPDATE:
  creator: Transform ΓåÉ StretchEffect ΓåÉ ClipRect ΓåÉ AnimatedBuilder ΓåÉ
    NotificationListener<ScrollNotification> ΓåÉ StretchingOverscrollIndicator ΓåÉ Scrollable ΓåÉ
    SingleChildScrollView ΓåÉ Padding ΓåÉ Container ΓåÉ Stack ΓåÉ Padding ΓåÉ Γï»
  parentData: <none> (can use size)
  constraints: BoxConstraints(0.0<=w<=768.0, 0.0<=h<=240.0)
  size: MISSING
  transform matrix:
    [0] 1.0,0.0,0.0,0.0
    [1] 0.0,1.0,0.0,0.0
    [2] 0.0,0.0,1.0,0.0
    [3] 0.0,0.0,0.0,1.0
  origin: null
  alignment: AlignmentDirectional.bottomCenter
  textDirection: ltr
  transformHitTests: true
This RenderObject had the following descendants (showing up to depth 5):
    child: _RenderScrollSemantics#55352 relayoutBoundary=up4 NEEDS-PAINT NEEDS-COMPOSITING-BITS-UPDATE
      child: RenderPointerListener#cf6ac relayoutBoundary=up5 NEEDS-PAINT NEEDS-COMPOSITING-BITS-UPDATE
        child: RenderSemanticsGestureHandler#ed4ca relayoutBoundary=up6 NEEDS-PAINT NEEDS-COMPOSITING-BITS-UPDATE
          child: RenderPointerListener#57e03 relayoutBoundary=up7 NEEDS-PAINT NEEDS-COMPOSITING-BITS-UPDATE
            child: RenderSemanticsAnnotations#c5da4 relayoutBoundary=up8 NEEDS-PAINT NEEDS-COMPOSITING-BITS-UPDATE
ΓòÉΓòÉΓòÉΓòÉΓòÉΓòÉΓòÉΓòÉΓòÉΓòÉΓòÉΓòÉΓòÉΓòÉΓòÉΓòÉΓòÉΓòÉΓòÉΓòÉΓòÉΓòÉΓòÉΓòÉΓòÉΓòÉΓòÉΓòÉΓòÉΓòÉΓòÉΓòÉΓòÉΓòÉΓòÉΓòÉΓòÉΓòÉΓòÉΓòÉΓòÉΓòÉΓòÉΓòÉΓòÉΓòÉΓòÉΓòÉΓòÉΓòÉΓòÉΓòÉΓòÉΓòÉΓòÉΓòÉΓòÉΓòÉΓòÉΓòÉΓòÉΓòÉΓòÉΓòÉΓòÉΓòÉΓòÉΓòÉΓòÉΓòÉΓòÉΓòÉΓòÉΓòÉΓòÉΓòÉΓòÉΓòÉΓòÉΓòÉΓòÉΓòÉΓòÉΓòÉΓòÉΓòÉΓòÉΓòÉΓòÉΓòÉΓòÉΓòÉΓòÉΓòÉΓòÉΓòÉΓòÉΓòÉΓòÉΓòÉ
ΓòÉΓòÉΓòí EXCEPTION CAUGHT BY RENDERING LIBRARY Γò₧ΓòÉΓòÉΓòÉΓòÉΓòÉΓòÉΓòÉΓòÉΓòÉΓòÉΓòÉΓòÉΓòÉΓòÉΓòÉΓòÉΓòÉΓòÉΓòÉΓòÉΓòÉΓòÉΓòÉΓòÉΓòÉΓòÉΓòÉΓòÉΓòÉΓòÉΓòÉΓòÉΓòÉΓòÉΓòÉΓòÉΓòÉΓòÉΓòÉΓòÉΓòÉΓòÉΓòÉΓòÉΓòÉΓòÉΓòÉΓòÉΓòÉΓòÉΓòÉΓòÉΓòÉΓòÉΓòÉΓòÉΓòÉ
The following assertion was thrown during performLayout():
RenderBox was not laid out: RenderTransform#ca50f relayoutBoundary=up3 NEEDS-PAINT
NEEDS-COMPOSITING-BITS-UPDATE
'package:flutter/src/rendering/box.dart':
Failed assertion: line 2251 pos 12: 'hasSize'

Either the assertion indicates an error in the framework itself, or we should provide substantially
more information in this error message to help you determine and fix the underlying cause.
In either case, please report this assertion by filing a bug on GitHub:
  https://github.com/flutter/flutter/issues/new?template=02_bug.yml

The relevant error-causing widget was:
  SingleChildScrollView
  SingleChildScrollView:file:///Y:/AndroidStudioProject/Github/expert-project/lib/presentation/pages/tv_detail_page.dart:100:30

When the exception was thrown, this was the stack:
#2      RenderBox.size (package:flutter/src/rendering/box.dart:2251:12)
#3      RenderProxyBoxMixin.performLayout (package:flutter/src/rendering/proxy_box.dart:118:62)
#4      _RenderCustomClip.performLayout (package:flutter/src/rendering/proxy_box.dart:1549:11)
#5      RenderObject.layout (package:flutter/src/rendering/object.dart:2907:7)
#6      RenderPadding.performLayout (package:flutter/src/rendering/shifted_box.dart:262:12)
#7      RenderObject.layout (package:flutter/src/rendering/object.dart:2907:7)
#8      ChildLayoutHelper.layoutChild (package:flutter/src/rendering/layout_helper.dart:62:11)
#9      RenderStack._computeSize (package:flutter/src/rendering/stack.dart:647:43)
#10     RenderStack.performLayout (package:flutter/src/rendering/stack.dart:682:12)
#11     RenderObject.layout (package:flutter/src/rendering/object.dart:2907:7)
#12     RenderPadding.performLayout (package:flutter/src/rendering/shifted_box.dart:262:12)
#13     RenderObject.layout (package:flutter/src/rendering/object.dart:2907:7)
#14     RenderProxyBoxMixin.performLayout (package:flutter/src/rendering/proxy_box.dart:118:18)
#15     RenderObject.layout (package:flutter/src/rendering/object.dart:2907:7)
#16     RenderFractionallySizedOverflowBox.performLayout (package:flutter/src/rendering/shifted_box.dart:1298:14)
#17     RenderObject.layout (package:flutter/src/rendering/object.dart:2907:7)
#18     RenderConstrainedBox.performLayout (package:flutter/src/rendering/proxy_box.dart:296:14)
#19     RenderObject.layout (package:flutter/src/rendering/object.dart:2907:7)
#20     _RenderLayoutBuilder.performLayout (package:flutter/src/widgets/layout_builder.dart:449:14)
#21     RenderObject.layout (package:flutter/src/rendering/object.dart:2907:7)
#22     RenderPadding.performLayout (package:flutter/src/rendering/shifted_box.dart:262:12)
#23     RenderObject.layout (package:flutter/src/rendering/object.dart:2907:7)
#24     ChildLayoutHelper.layoutChild (package:flutter/src/rendering/layout_helper.dart:62:11)
#25     RenderStack._computeSize (package:flutter/src/rendering/stack.dart:647:43)
#26     RenderStack.performLayout (package:flutter/src/rendering/stack.dart:682:12)
#27     RenderObject.layout (package:flutter/src/rendering/object.dart:2907:7)
#28     RenderPadding.performLayout (package:flutter/src/rendering/shifted_box.dart:262:12)
#29     RenderObject.layout (package:flutter/src/rendering/object.dart:2907:7)
#30     MultiChildLayoutDelegate.layoutChild (package:flutter/src/rendering/custom_layout.dart:180:12)
#31     _ScaffoldLayout.performLayout (package:flutter/src/material/scaffold.dart:1113:7)
#32     MultiChildLayoutDelegate._callPerformLayout (package:flutter/src/rendering/custom_layout.dart:246:7)
#33     RenderCustomMultiChildLayoutBox.performLayout (package:flutter/src/rendering/custom_layout.dart:417:14)
#34     RenderObject.layout (package:flutter/src/rendering/object.dart:2907:7)
#35     RenderProxyBoxMixin.performLayout (package:flutter/src/rendering/proxy_box.dart:118:18)
#36     RenderObject.layout (package:flutter/src/rendering/object.dart:2907:7)
#37     RenderProxyBoxMixin.performLayout (package:flutter/src/rendering/proxy_box.dart:118:18)
#38     _RenderCustomClip.performLayout (package:flutter/src/rendering/proxy_box.dart:1549:11)
#39     RenderObject.layout (package:flutter/src/rendering/object.dart:2907:7)
#40     RenderProxyBoxMixin.performLayout (package:flutter/src/rendering/proxy_box.dart:118:18)
#41     RenderObject.layout (package:flutter/src/rendering/object.dart:2907:7)
#42     RenderProxyBoxMixin.performLayout (package:flutter/src/rendering/proxy_box.dart:118:18)
#43     RenderObject.layout (package:flutter/src/rendering/object.dart:2907:7)
#44     RenderProxyBoxMixin.performLayout (package:flutter/src/rendering/proxy_box.dart:118:18)
#45     RenderObject.layout (package:flutter/src/rendering/object.dart:2907:7)
#46     RenderProxyBoxMixin.performLayout (package:flutter/src/rendering/proxy_box.dart:118:18)
#47     RenderObject.layout (package:flutter/src/rendering/object.dart:2907:7)
#48     RenderProxyBoxMixin.performLayout (package:flutter/src/rendering/proxy_box.dart:118:18)
#49     RenderObject.layout (package:flutter/src/rendering/object.dart:2907:7)
#50     RenderProxyBoxMixin.performLayout (package:flutter/src/rendering/proxy_box.dart:118:18)
#51     RenderObject.layout (package:flutter/src/rendering/object.dart:2907:7)
#52     RenderProxyBoxMixin.performLayout (package:flutter/src/rendering/proxy_box.dart:118:18)
#53     RenderObject.layout (package:flutter/src/rendering/object.dart:2907:7)
#54     RenderProxyBoxMixin.performLayout (package:flutter/src/rendering/proxy_box.dart:118:18)
#55     RenderObject.layout (package:flutter/src/rendering/object.dart:2907:7)
#56     RenderProxyBoxMixin.performLayout (package:flutter/src/rendering/proxy_box.dart:118:18)
#57     RenderObject.layout (package:flutter/src/rendering/object.dart:2907:7)
#58     RenderProxyBoxMixin.performLayout (package:flutter/src/rendering/proxy_box.dart:118:18)
#59     RenderObject.layout (package:flutter/src/rendering/object.dart:2907:7)
#60     RenderProxyBoxMixin.performLayout (package:flutter/src/rendering/proxy_box.dart:118:18)
#61     RenderObject.layout (package:flutter/src/rendering/object.dart:2907:7)
#62     RenderProxyBoxMixin.performLayout (package:flutter/src/rendering/proxy_box.dart:118:18)
#63     RenderObject.layout (package:flutter/src/rendering/object.dart:2907:7)
#64     RenderProxyBoxMixin.performLayout (package:flutter/src/rendering/proxy_box.dart:118:18)
#65     RenderObject.layout (package:flutter/src/rendering/object.dart:2907:7)
#66     RenderProxyBoxMixin.performLayout (package:flutter/src/rendering/proxy_box.dart:118:18)
#67     RenderObject.layout (package:flutter/src/rendering/object.dart:2907:7)
#68     RenderProxyBoxMixin.performLayout (package:flutter/src/rendering/proxy_box.dart:118:18)
#69     RenderObject.layout (package:flutter/src/rendering/object.dart:2907:7)
#70     RenderProxyBoxMixin.performLayout (package:flutter/src/rendering/proxy_box.dart:118:18)
#71     RenderOffstage.performLayout (package:flutter/src/rendering/proxy_box.dart:3923:13)
#72     RenderObject.layout (package:flutter/src/rendering/object.dart:2907:7)
#73     RenderProxyBoxMixin.performLayout (package:flutter/src/rendering/proxy_box.dart:118:18)
#74     RenderObject.layout (package:flutter/src/rendering/object.dart:2907:7)
#75     _RenderTheaterMixin.layoutChild (package:flutter/src/widgets/overlay.dart:1124:13)
#76     _RenderTheater.performLayout (package:flutter/src/widgets/overlay.dart:1481:9)
#77     RenderObject.layout (package:flutter/src/rendering/object.dart:2907:7)
#78     RenderProxyBoxMixin.performLayout (package:flutter/src/rendering/proxy_box.dart:118:18)
#79     RenderObject.layout (package:flutter/src/rendering/object.dart:2907:7)
#80     RenderProxyBoxMixin.performLayout (package:flutter/src/rendering/proxy_box.dart:118:18)
#81     RenderObject.layout (package:flutter/src/rendering/object.dart:2907:7)
#82     RenderProxyBoxMixin.performLayout (package:flutter/src/rendering/proxy_box.dart:118:18)
#83     RenderObject.layout (package:flutter/src/rendering/object.dart:2907:7)
#84     RenderProxyBoxMixin.performLayout (package:flutter/src/rendering/proxy_box.dart:118:18)
#85     RenderCustomPaint.performLayout (package:flutter/src/rendering/custom_paint.dart:574:11)
#86     RenderObject.layout (package:flutter/src/rendering/object.dart:2907:7)
#87     RenderProxyBoxMixin.performLayout (package:flutter/src/rendering/proxy_box.dart:118:18)
#88     RenderObject.layout (package:flutter/src/rendering/object.dart:2907:7)
#89     RenderProxyBoxMixin.performLayout (package:flutter/src/rendering/proxy_box.dart:118:18)
#90     RenderObject.layout (package:flutter/src/rendering/object.dart:2907:7)
#91     RenderProxyBoxMixin.performLayout (package:flutter/src/rendering/proxy_box.dart:118:18)
#92     RenderObject.layout (package:flutter/src/rendering/object.dart:2907:7)
#93     RenderProxyBoxMixin.performLayout (package:flutter/src/rendering/proxy_box.dart:118:18)
#94     RenderObject.layout (package:flutter/src/rendering/object.dart:2907:7)
#95     RenderProxyBoxMixin.performLayout (package:flutter/src/rendering/proxy_box.dart:118:18)
#96     RenderObject.layout (package:flutter/src/rendering/object.dart:2907:7)
#97     RenderProxyBoxMixin.performLayout (package:flutter/src/rendering/proxy_box.dart:118:18)
#98     RenderObject.layout (package:flutter/src/rendering/object.dart:2907:7)
#99     RenderView.performLayout (package:flutter/src/rendering/view.dart:292:12)
#100    RenderObject._layoutWithoutResize (package:flutter/src/rendering/object.dart:2755:7)
#101    PipelineOwner.flushLayout (package:flutter/src/rendering/object.dart:1174:18)
#102    PipelineOwner.flushLayout (package:flutter/src/rendering/object.dart:1187:15)
#103    AutomatedTestWidgetsFlutterBinding.drawFrame (package:flutter_test/src/binding.dart:2433:27)
#104    RendererBinding._handlePersistentFrameCallback (package:flutter/src/rendering/binding.dart:509:5)
#105    SchedulerBinding._invokeFrameCallback (package:flutter/src/scheduler/binding.dart:1430:15)
#106    SchedulerBinding.handleDrawFrame (package:flutter/src/scheduler/binding.dart:1345:9)
#107    AutomatedTestWidgetsFlutterBinding.pump.<anonymous closure> (package:flutter_test/src/binding.dart:2260:9)
#110    TestAsyncUtils.guard (package:flutter_test/src/test_async_utils.dart:74:41)
#111    AutomatedTestWidgetsFlutterBinding.pump (package:flutter_test/src/binding.dart:2249:27)
#112    WidgetTester.pumpWidget.<anonymous closure> (package:flutter_test/src/widget_tester.dart:598:22)
#115    TestAsyncUtils.guard (package:flutter_test/src/test_async_utils.dart:74:41)
#116    WidgetTester.pumpWidget (package:flutter_test/src/widget_tester.dart:595:27)
#117    main.<anonymous closure>.<anonymous closure> (file:///Y:/AndroidStudioProject/Github/expert-project/test/presentation/pages/tv_detail_page_test.dart:100:20)
#118    testWidgets.<anonymous closure>.<anonymous closure> (package:flutter_test/src/widget_tester.dart:192:29)
<asynchronous suspension>
#119    TestWidgetsFlutterBinding._runTestBody (package:flutter_test/src/binding.dart:1952:5)
<asynchronous suspension>
<asynchronous suspension>
(elided 7 frames from class _AssertionError, dart:async, and package:stack_trace)

The following RenderObject was being processed when the exception was fired: RenderClipRect#2512b relayoutBoundary=up2 NEEDS-LAYOUT NEEDS-PAINT NEEDS-COMPOSITING-BITS-UPDATE:
  creator: ClipRect ΓåÉ AnimatedBuilder ΓåÉ NotificationListener<ScrollNotification> ΓåÉ
    StretchingOverscrollIndicator ΓåÉ Scrollable ΓåÉ SingleChildScrollView ΓåÉ Padding ΓåÉ Container ΓåÉ Stack ΓåÉ
    Padding ΓåÉ DecoratedBox ΓåÉ Container ΓåÉ Γï»
  parentData: offset=Offset(0.0, 0.0) (can use size)
  constraints: BoxConstraints(0.0<=w<=768.0, 0.0<=h<=240.0)
  size: MISSING
This RenderObject had the following descendants (showing up to depth 5):
    child: RenderTransform#ca50f relayoutBoundary=up3 NEEDS-PAINT NEEDS-COMPOSITING-BITS-UPDATE
      child: _RenderScrollSemantics#55352 relayoutBoundary=up4 NEEDS-PAINT NEEDS-COMPOSITING-BITS-UPDATE
        child: RenderPointerListener#cf6ac relayoutBoundary=up5 NEEDS-PAINT NEEDS-COMPOSITING-BITS-UPDATE
          child: RenderSemanticsGestureHandler#ed4ca relayoutBoundary=up6 NEEDS-PAINT NEEDS-COMPOSITING-BITS-UPDATE
            child: RenderPointerListener#57e03 relayoutBoundary=up7 NEEDS-PAINT NEEDS-COMPOSITING-BITS-UPDATE
ΓòÉΓòÉΓòÉΓòÉΓòÉΓòÉΓòÉΓòÉΓòÉΓòÉΓòÉΓòÉΓòÉΓòÉΓòÉΓòÉΓòÉΓòÉΓòÉΓòÉΓòÉΓòÉΓòÉΓòÉΓòÉΓòÉΓòÉΓòÉΓòÉΓòÉΓòÉΓòÉΓòÉΓòÉΓòÉΓòÉΓòÉΓòÉΓòÉΓòÉΓòÉΓòÉΓòÉΓòÉΓòÉΓòÉΓòÉΓòÉΓòÉΓòÉΓòÉΓòÉΓòÉΓòÉΓòÉΓòÉΓòÉΓòÉΓòÉΓòÉΓòÉΓòÉΓòÉΓòÉΓòÉΓòÉΓòÉΓòÉΓòÉΓòÉΓòÉΓòÉΓòÉΓòÉΓòÉΓòÉΓòÉΓòÉΓòÉΓòÉΓòÉΓòÉΓòÉΓòÉΓòÉΓòÉΓòÉΓòÉΓòÉΓòÉΓòÉΓòÉΓòÉΓòÉΓòÉΓòÉΓòÉΓòÉΓòÉΓòÉ
ΓòÉΓòÉΓòí EXCEPTION CAUGHT BY RENDERING LIBRARY Γò₧ΓòÉΓòÉΓòÉΓòÉΓòÉΓòÉΓòÉΓòÉΓòÉΓòÉΓòÉΓòÉΓòÉΓòÉΓòÉΓòÉΓòÉΓòÉΓòÉΓòÉΓòÉΓòÉΓòÉΓòÉΓòÉΓòÉΓòÉΓòÉΓòÉΓòÉΓòÉΓòÉΓòÉΓòÉΓòÉΓòÉΓòÉΓòÉΓòÉΓòÉΓòÉΓòÉΓòÉΓòÉΓòÉΓòÉΓòÉΓòÉΓòÉΓòÉΓòÉΓòÉΓòÉΓòÉΓòÉΓòÉΓòÉ
The following assertion was thrown during performLayout():
RenderBox was not laid out: RenderClipRect#2512b relayoutBoundary=up2 NEEDS-PAINT
NEEDS-COMPOSITING-BITS-UPDATE
'package:flutter/src/rendering/box.dart':
Failed assertion: line 2251 pos 12: 'hasSize'

Either the assertion indicates an error in the framework itself, or we should provide substantially
more information in this error message to help you determine and fix the underlying cause.
In either case, please report this assertion by filing a bug on GitHub:
  https://github.com/flutter/flutter/issues/new?template=02_bug.yml

The relevant error-causing widget was:
  Container
  Container:file:///Y:/AndroidStudioProject/Github/expert-project/lib/presentation/pages/tv_detail_page.dart:98:21

When the exception was thrown, this was the stack:
#2      RenderBox.size (package:flutter/src/rendering/box.dart:2251:12)
#3      RenderPadding.performLayout (package:flutter/src/rendering/shifted_box.dart:266:40)
#4      RenderObject.layout (package:flutter/src/rendering/object.dart:2907:7)
#5      ChildLayoutHelper.layoutChild (package:flutter/src/rendering/layout_helper.dart:62:11)
#6      RenderStack._computeSize (package:flutter/src/rendering/stack.dart:647:43)
#7      RenderStack.performLayout (package:flutter/src/rendering/stack.dart:682:12)
#8      RenderObject.layout (package:flutter/src/rendering/object.dart:2907:7)
#9      RenderPadding.performLayout (package:flutter/src/rendering/shifted_box.dart:262:12)
#10     RenderObject.layout (package:flutter/src/rendering/object.dart:2907:7)
#11     RenderProxyBoxMixin.performLayout (package:flutter/src/rendering/proxy_box.dart:118:18)
#12     RenderObject.layout (package:flutter/src/rendering/object.dart:2907:7)
#13     RenderFractionallySizedOverflowBox.performLayout (package:flutter/src/rendering/shifted_box.dart:1298:14)
#14     RenderObject.layout (package:flutter/src/rendering/object.dart:2907:7)
#15     RenderConstrainedBox.performLayout (package:flutter/src/rendering/proxy_box.dart:296:14)
#16     RenderObject.layout (package:flutter/src/rendering/object.dart:2907:7)
#17     _RenderLayoutBuilder.performLayout (package:flutter/src/widgets/layout_builder.dart:449:14)
#18     RenderObject.layout (package:flutter/src/rendering/object.dart:2907:7)
#19     RenderPadding.performLayout (package:flutter/src/rendering/shifted_box.dart:262:12)
#20     RenderObject.layout (package:flutter/src/rendering/object.dart:2907:7)
#21     ChildLayoutHelper.layoutChild (package:flutter/src/rendering/layout_helper.dart:62:11)
#22     RenderStack._computeSize (package:flutter/src/rendering/stack.dart:647:43)
#23     RenderStack.performLayout (package:flutter/src/rendering/stack.dart:682:12)
#24     RenderObject.layout (package:flutter/src/rendering/object.dart:2907:7)
#25     RenderPadding.performLayout (package:flutter/src/rendering/shifted_box.dart:262:12)
#26     RenderObject.layout (package:flutter/src/rendering/object.dart:2907:7)
#27     MultiChildLayoutDelegate.layoutChild (package:flutter/src/rendering/custom_layout.dart:180:12)
#28     _ScaffoldLayout.performLayout (package:flutter/src/material/scaffold.dart:1113:7)
#29     MultiChildLayoutDelegate._callPerformLayout (package:flutter/src/rendering/custom_layout.dart:246:7)
#30     RenderCustomMultiChildLayoutBox.performLayout (package:flutter/src/rendering/custom_layout.dart:417:14)
#31     RenderObject.layout (package:flutter/src/rendering/object.dart:2907:7)
#32     RenderProxyBoxMixin.performLayout (package:flutter/src/rendering/proxy_box.dart:118:18)
#33     RenderObject.layout (package:flutter/src/rendering/object.dart:2907:7)
#34     RenderProxyBoxMixin.performLayout (package:flutter/src/rendering/proxy_box.dart:118:18)
#35     _RenderCustomClip.performLayout (package:flutter/src/rendering/proxy_box.dart:1549:11)
#36     RenderObject.layout (package:flutter/src/rendering/object.dart:2907:7)
#37     RenderProxyBoxMixin.performLayout (package:flutter/src/rendering/proxy_box.dart:118:18)
#38     RenderObject.layout (package:flutter/src/rendering/object.dart:2907:7)
#39     RenderProxyBoxMixin.performLayout (package:flutter/src/rendering/proxy_box.dart:118:18)
#40     RenderObject.layout (package:flutter/src/rendering/object.dart:2907:7)
#41     RenderProxyBoxMixin.performLayout (package:flutter/src/rendering/proxy_box.dart:118:18)
#42     RenderObject.layout (package:flutter/src/rendering/object.dart:2907:7)
#43     RenderProxyBoxMixin.performLayout (package:flutter/src/rendering/proxy_box.dart:118:18)
#44     RenderObject.layout (package:flutter/src/rendering/object.dart:2907:7)
#45     RenderProxyBoxMixin.performLayout (package:flutter/src/rendering/proxy_box.dart:118:18)
#46     RenderObject.layout (package:flutter/src/rendering/object.dart:2907:7)
#47     RenderProxyBoxMixin.performLayout (package:flutter/src/rendering/proxy_box.dart:118:18)
#48     RenderObject.layout (package:flutter/src/rendering/object.dart:2907:7)
#49     RenderProxyBoxMixin.performLayout (package:flutter/src/rendering/proxy_box.dart:118:18)
#50     RenderObject.layout (package:flutter/src/rendering/object.dart:2907:7)
#51     RenderProxyBoxMixin.performLayout (package:flutter/src/rendering/proxy_box.dart:118:18)
#52     RenderObject.layout (package:flutter/src/rendering/object.dart:2907:7)
#53     RenderProxyBoxMixin.performLayout (package:flutter/src/rendering/proxy_box.dart:118:18)
#54     RenderObject.layout (package:flutter/src/rendering/object.dart:2907:7)
#55     RenderProxyBoxMixin.performLayout (package:flutter/src/rendering/proxy_box.dart:118:18)
#56     RenderObject.layout (package:flutter/src/rendering/object.dart:2907:7)
#57     RenderProxyBoxMixin.performLayout (package:flutter/src/rendering/proxy_box.dart:118:18)
#58     RenderObject.layout (package:flutter/src/rendering/object.dart:2907:7)
#59     RenderProxyBoxMixin.performLayout (package:flutter/src/rendering/proxy_box.dart:118:18)
#60     RenderObject.layout (package:flutter/src/rendering/object.dart:2907:7)
#61     RenderProxyBoxMixin.performLayout (package:flutter/src/rendering/proxy_box.dart:118:18)
#62     RenderObject.layout (package:flutter/src/rendering/object.dart:2907:7)
#63     RenderProxyBoxMixin.performLayout (package:flutter/src/rendering/proxy_box.dart:118:18)
#64     RenderObject.layout (package:flutter/src/rendering/object.dart:2907:7)
#65     RenderProxyBoxMixin.performLayout (package:flutter/src/rendering/proxy_box.dart:118:18)
#66     RenderObject.layout (package:flutter/src/rendering/object.dart:2907:7)
#67     RenderProxyBoxMixin.performLayout (package:flutter/src/rendering/proxy_box.dart:118:18)
#68     RenderOffstage.performLayout (package:flutter/src/rendering/proxy_box.dart:3923:13)
#69     RenderObject.layout (package:flutter/src/rendering/object.dart:2907:7)
#70     RenderProxyBoxMixin.performLayout (package:flutter/src/rendering/proxy_box.dart:118:18)
#71     RenderObject.layout (package:flutter/src/rendering/object.dart:2907:7)
#72     _RenderTheaterMixin.layoutChild (package:flutter/src/widgets/overlay.dart:1124:13)
#73     _RenderTheater.performLayout (package:flutter/src/widgets/overlay.dart:1481:9)
#74     RenderObject.layout (package:flutter/src/rendering/object.dart:2907:7)
#75     RenderProxyBoxMixin.performLayout (package:flutter/src/rendering/proxy_box.dart:118:18)
#76     RenderObject.layout (package:flutter/src/rendering/object.dart:2907:7)
#77     RenderProxyBoxMixin.performLayout (package:flutter/src/rendering/proxy_box.dart:118:18)
#78     RenderObject.layout (package:flutter/src/rendering/object.dart:2907:7)
#79     RenderProxyBoxMixin.performLayout (package:flutter/src/rendering/proxy_box.dart:118:18)
#80     RenderObject.layout (package:flutter/src/rendering/object.dart:2907:7)
#81     RenderProxyBoxMixin.performLayout (package:flutter/src/rendering/proxy_box.dart:118:18)
#82     RenderCustomPaint.performLayout (package:flutter/src/rendering/custom_paint.dart:574:11)
#83     RenderObject.layout (package:flutter/src/rendering/object.dart:2907:7)
#84     RenderProxyBoxMixin.performLayout (package:flutter/src/rendering/proxy_box.dart:118:18)
#85     RenderObject.layout (package:flutter/src/rendering/object.dart:2907:7)
#86     RenderProxyBoxMixin.performLayout (package:flutter/src/rendering/proxy_box.dart:118:18)
#87     RenderObject.layout (package:flutter/src/rendering/object.dart:2907:7)
#88     RenderProxyBoxMixin.performLayout (package:flutter/src/rendering/proxy_box.dart:118:18)
#89     RenderObject.layout (package:flutter/src/rendering/object.dart:2907:7)
#90     RenderProxyBoxMixin.performLayout (package:flutter/src/rendering/proxy_box.dart:118:18)
#91     RenderObject.layout (package:flutter/src/rendering/object.dart:2907:7)
#92     RenderProxyBoxMixin.performLayout (package:flutter/src/rendering/proxy_box.dart:118:18)
#93     RenderObject.layout (package:flutter/src/rendering/object.dart:2907:7)
#94     RenderProxyBoxMixin.performLayout (package:flutter/src/rendering/proxy_box.dart:118:18)
#95     RenderObject.layout (package:flutter/src/rendering/object.dart:2907:7)
#96     RenderView.performLayout (package:flutter/src/rendering/view.dart:292:12)
#97     RenderObject._layoutWithoutResize (package:flutter/src/rendering/object.dart:2755:7)
#98     PipelineOwner.flushLayout (package:flutter/src/rendering/object.dart:1174:18)
#99     PipelineOwner.flushLayout (package:flutter/src/rendering/object.dart:1187:15)
#100    AutomatedTestWidgetsFlutterBinding.drawFrame (package:flutter_test/src/binding.dart:2433:27)
#101    RendererBinding._handlePersistentFrameCallback (package:flutter/src/rendering/binding.dart:509:5)
#102    SchedulerBinding._invokeFrameCallback (package:flutter/src/scheduler/binding.dart:1430:15)
#103    SchedulerBinding.handleDrawFrame (package:flutter/src/scheduler/binding.dart:1345:9)
#104    AutomatedTestWidgetsFlutterBinding.pump.<anonymous closure> (package:flutter_test/src/binding.dart:2260:9)
#107    TestAsyncUtils.guard (package:flutter_test/src/test_async_utils.dart:74:41)
#108    AutomatedTestWidgetsFlutterBinding.pump (package:flutter_test/src/binding.dart:2249:27)
#109    WidgetTester.pumpWidget.<anonymous closure> (package:flutter_test/src/widget_tester.dart:598:22)
#112    TestAsyncUtils.guard (package:flutter_test/src/test_async_utils.dart:74:41)
#113    WidgetTester.pumpWidget (package:flutter_test/src/widget_tester.dart:595:27)
#114    main.<anonymous closure>.<anonymous closure> (file:///Y:/AndroidStudioProject/Github/expert-project/test/presentation/pages/tv_detail_page_test.dart:100:20)
#115    testWidgets.<anonymous closure>.<anonymous closure> (package:flutter_test/src/widget_tester.dart:192:29)
<asynchronous suspension>
#116    TestWidgetsFlutterBinding._runTestBody (package:flutter_test/src/binding.dart:1952:5)
<asynchronous suspension>
<asynchronous suspension>
(elided 7 frames from class _AssertionError, dart:async, and package:stack_trace)

The following RenderObject was being processed when the exception was fired: RenderPadding#6d2c0 relayoutBoundary=up1 NEEDS-LAYOUT NEEDS-PAINT NEEDS-COMPOSITING-BITS-UPDATE:
  creator: Padding ΓåÉ Container ΓåÉ Stack ΓåÉ Padding ΓåÉ DecoratedBox ΓåÉ Container ΓåÉ FractionallySizedBox ΓåÉ
    SizedBox.expand ΓåÉ LayoutBuilder ΓåÉ ValueListenableBuilder<double> ΓåÉ DraggableScrollableSheet ΓåÉ
    Padding ΓåÉ Γï»
  parentData: not positioned; offset=Offset(0.0, 0.0) (can use size)
  constraints: BoxConstraints(0.0<=w<=768.0, 0.0<=h<=256.0)
  size: MISSING
  padding: EdgeInsets(0.0, 16.0, 0.0, 0.0)
  textDirection: ltr
This RenderObject had the following descendants (showing up to depth 5):
    child: RenderClipRect#2512b relayoutBoundary=up2 NEEDS-PAINT NEEDS-COMPOSITING-BITS-UPDATE
      child: RenderTransform#ca50f relayoutBoundary=up3 NEEDS-PAINT NEEDS-COMPOSITING-BITS-UPDATE
        child: _RenderScrollSemantics#55352 relayoutBoundary=up4 NEEDS-PAINT NEEDS-COMPOSITING-BITS-UPDATE
          child: RenderPointerListener#cf6ac relayoutBoundary=up5 NEEDS-PAINT NEEDS-COMPOSITING-BITS-UPDATE
            child: RenderSemanticsGestureHandler#ed4ca relayoutBoundary=up6 NEEDS-PAINT NEEDS-COMPOSITING-BITS-UPDATE
ΓòÉΓòÉΓòÉΓòÉΓòÉΓòÉΓòÉΓòÉΓòÉΓòÉΓòÉΓòÉΓòÉΓòÉΓòÉΓòÉΓòÉΓòÉΓòÉΓòÉΓòÉΓòÉΓòÉΓòÉΓòÉΓòÉΓòÉΓòÉΓòÉΓòÉΓòÉΓòÉΓòÉΓòÉΓòÉΓòÉΓòÉΓòÉΓòÉΓòÉΓòÉΓòÉΓòÉΓòÉΓòÉΓòÉΓòÉΓòÉΓòÉΓòÉΓòÉΓòÉΓòÉΓòÉΓòÉΓòÉΓòÉΓòÉΓòÉΓòÉΓòÉΓòÉΓòÉΓòÉΓòÉΓòÉΓòÉΓòÉΓòÉΓòÉΓòÉΓòÉΓòÉΓòÉΓòÉΓòÉΓòÉΓòÉΓòÉΓòÉΓòÉΓòÉΓòÉΓòÉΓòÉΓòÉΓòÉΓòÉΓòÉΓòÉΓòÉΓòÉΓòÉΓòÉΓòÉΓòÉΓòÉΓòÉΓòÉΓòÉ
ΓòÉΓòÉΓòí EXCEPTION CAUGHT BY RENDERING LIBRARY Γò₧ΓòÉΓòÉΓòÉΓòÉΓòÉΓòÉΓòÉΓòÉΓòÉΓòÉΓòÉΓòÉΓòÉΓòÉΓòÉΓòÉΓòÉΓòÉΓòÉΓòÉΓòÉΓòÉΓòÉΓòÉΓòÉΓòÉΓòÉΓòÉΓòÉΓòÉΓòÉΓòÉΓòÉΓòÉΓòÉΓòÉΓòÉΓòÉΓòÉΓòÉΓòÉΓòÉΓòÉΓòÉΓòÉΓòÉΓòÉΓòÉΓòÉΓòÉΓòÉΓòÉΓòÉΓòÉΓòÉΓòÉΓòÉ
The following assertion was thrown during performLayout():
RenderBox was not laid out: RenderPadding#6d2c0 relayoutBoundary=up1 NEEDS-PAINT
NEEDS-COMPOSITING-BITS-UPDATE
'package:flutter/src/rendering/box.dart':
Failed assertion: line 2251 pos 12: 'hasSize'

Either the assertion indicates an error in the framework itself, or we should provide substantially
more information in this error message to help you determine and fix the underlying cause.
In either case, please report this assertion by filing a bug on GitHub:
  https://github.com/flutter/flutter/issues/new?template=02_bug.yml

The relevant error-causing widget was:
  Stack
  Stack:file:///Y:/AndroidStudioProject/Github/expert-project/lib/presentation/pages/tv_detail_page.dart:96:24

When the exception was thrown, this was the stack:
#2      RenderBox.size (package:flutter/src/rendering/box.dart:2251:12)
#3      ChildLayoutHelper.layoutChild (package:flutter/src/rendering/layout_helper.dart:63:18)
#4      RenderStack._computeSize (package:flutter/src/rendering/stack.dart:647:43)
#5      RenderStack.performLayout (package:flutter/src/rendering/stack.dart:682:12)
#6      RenderObject.layout (package:flutter/src/rendering/object.dart:2907:7)
#7      RenderPadding.performLayout (package:flutter/src/rendering/shifted_box.dart:262:12)
#8      RenderObject.layout (package:flutter/src/rendering/object.dart:2907:7)
#9      RenderProxyBoxMixin.performLayout (package:flutter/src/rendering/proxy_box.dart:118:18)
#10     RenderObject.layout (package:flutter/src/rendering/object.dart:2907:7)
#11     RenderFractionallySizedOverflowBox.performLayout (package:flutter/src/rendering/shifted_box.dart:1298:14)
#12     RenderObject.layout (package:flutter/src/rendering/object.dart:2907:7)
#13     RenderConstrainedBox.performLayout (package:flutter/src/rendering/proxy_box.dart:296:14)
#14     RenderObject.layout (package:flutter/src/rendering/object.dart:2907:7)
#15     _RenderLayoutBuilder.performLayout (package:flutter/src/widgets/layout_builder.dart:449:14)
#16     RenderObject.layout (package:flutter/src/rendering/object.dart:2907:7)
#17     RenderPadding.performLayout (package:flutter/src/rendering/shifted_box.dart:262:12)
#18     RenderObject.layout (package:flutter/src/rendering/object.dart:2907:7)
#19     ChildLayoutHelper.layoutChild (package:flutter/src/rendering/layout_helper.dart:62:11)
#20     RenderStack._computeSize (package:flutter/src/rendering/stack.dart:647:43)
#21     RenderStack.performLayout (package:flutter/src/rendering/stack.dart:682:12)
#22     RenderObject.layout (package:flutter/src/rendering/object.dart:2907:7)
#23     RenderPadding.performLayout (package:flutter/src/rendering/shifted_box.dart:262:12)
#24     RenderObject.layout (package:flutter/src/rendering/object.dart:2907:7)
#25     MultiChildLayoutDelegate.layoutChild (package:flutter/src/rendering/custom_layout.dart:180:12)
#26     _ScaffoldLayout.performLayout (package:flutter/src/material/scaffold.dart:1113:7)
#27     MultiChildLayoutDelegate._callPerformLayout (package:flutter/src/rendering/custom_layout.dart:246:7)
#28     RenderCustomMultiChildLayoutBox.performLayout (package:flutter/src/rendering/custom_layout.dart:417:14)
#29     RenderObject.layout (package:flutter/src/rendering/object.dart:2907:7)
#30     RenderProxyBoxMixin.performLayout (package:flutter/src/rendering/proxy_box.dart:118:18)
#31     RenderObject.layout (package:flutter/src/rendering/object.dart:2907:7)
#32     RenderProxyBoxMixin.performLayout (package:flutter/src/rendering/proxy_box.dart:118:18)
#33     _RenderCustomClip.performLayout (package:flutter/src/rendering/proxy_box.dart:1549:11)
#34     RenderObject.layout (package:flutter/src/rendering/object.dart:2907:7)
#35     RenderProxyBoxMixin.performLayout (package:flutter/src/rendering/proxy_box.dart:118:18)
#36     RenderObject.layout (package:flutter/src/rendering/object.dart:2907:7)
#37     RenderProxyBoxMixin.performLayout (package:flutter/src/rendering/proxy_box.dart:118:18)
#38     RenderObject.layout (package:flutter/src/rendering/object.dart:2907:7)
#39     RenderProxyBoxMixin.performLayout (package:flutter/src/rendering/proxy_box.dart:118:18)
#40     RenderObject.layout (package:flutter/src/rendering/object.dart:2907:7)
#41     RenderProxyBoxMixin.performLayout (package:flutter/src/rendering/proxy_box.dart:118:18)
#42     RenderObject.layout (package:flutter/src/rendering/object.dart:2907:7)
#43     RenderProxyBoxMixin.performLayout (package:flutter/src/rendering/proxy_box.dart:118:18)
#44     RenderObject.layout (package:flutter/src/rendering/object.dart:2907:7)
#45     RenderProxyBoxMixin.performLayout (package:flutter/src/rendering/proxy_box.dart:118:18)
#46     RenderObject.layout (package:flutter/src/rendering/object.dart:2907:7)
#47     RenderProxyBoxMixin.performLayout (package:flutter/src/rendering/proxy_box.dart:118:18)
#48     RenderObject.layout (package:flutter/src/rendering/object.dart:2907:7)
#49     RenderProxyBoxMixin.performLayout (package:flutter/src/rendering/proxy_box.dart:118:18)
#50     RenderObject.layout (package:flutter/src/rendering/object.dart:2907:7)
#51     RenderProxyBoxMixin.performLayout (package:flutter/src/rendering/proxy_box.dart:118:18)
#52     RenderObject.layout (package:flutter/src/rendering/object.dart:2907:7)
#53     RenderProxyBoxMixin.performLayout (package:flutter/src/rendering/proxy_box.dart:118:18)
#54     RenderObject.layout (package:flutter/src/rendering/object.dart:2907:7)
#55     RenderProxyBoxMixin.performLayout (package:flutter/src/rendering/proxy_box.dart:118:18)
#56     RenderObject.layout (package:flutter/src/rendering/object.dart:2907:7)
#57     RenderProxyBoxMixin.performLayout (package:flutter/src/rendering/proxy_box.dart:118:18)
#58     RenderObject.layout (package:flutter/src/rendering/object.dart:2907:7)
#59     RenderProxyBoxMixin.performLayout (package:flutter/src/rendering/proxy_box.dart:118:18)
#60     RenderObject.layout (package:flutter/src/rendering/object.dart:2907:7)
#61     RenderProxyBoxMixin.performLayout (package:flutter/src/rendering/proxy_box.dart:118:18)
#62     RenderObject.layout (package:flutter/src/rendering/object.dart:2907:7)
#63     RenderProxyBoxMixin.performLayout (package:flutter/src/rendering/proxy_box.dart:118:18)
#64     RenderObject.layout (package:flutter/src/rendering/object.dart:2907:7)
#65     RenderProxyBoxMixin.performLayout (package:flutter/src/rendering/proxy_box.dart:118:18)
#66     RenderOffstage.performLayout (package:flutter/src/rendering/proxy_box.dart:3923:13)
#67     RenderObject.layout (package:flutter/src/rendering/object.dart:2907:7)
#68     RenderProxyBoxMixin.performLayout (package:flutter/src/rendering/proxy_box.dart:118:18)
#69     RenderObject.layout (package:flutter/src/rendering/object.dart:2907:7)
#70     _RenderTheaterMixin.layoutChild (package:flutter/src/widgets/overlay.dart:1124:13)
#71     _RenderTheater.performLayout (package:flutter/src/widgets/overlay.dart:1481:9)
#72     RenderObject.layout (package:flutter/src/rendering/object.dart:2907:7)
#73     RenderProxyBoxMixin.performLayout (package:flutter/src/rendering/proxy_box.dart:118:18)
#74     RenderObject.layout (package:flutter/src/rendering/object.dart:2907:7)
#75     RenderProxyBoxMixin.performLayout (package:flutter/src/rendering/proxy_box.dart:118:18)
#76     RenderObject.layout (package:flutter/src/rendering/object.dart:2907:7)
#77     RenderProxyBoxMixin.performLayout (package:flutter/src/rendering/proxy_box.dart:118:18)
#78     RenderObject.layout (package:flutter/src/rendering/object.dart:2907:7)
#79     RenderProxyBoxMixin.performLayout (package:flutter/src/rendering/proxy_box.dart:118:18)
#80     RenderCustomPaint.performLayout (package:flutter/src/rendering/custom_paint.dart:574:11)
#81     RenderObject.layout (package:flutter/src/rendering/object.dart:2907:7)
#82     RenderProxyBoxMixin.performLayout (package:flutter/src/rendering/proxy_box.dart:118:18)
#83     RenderObject.layout (package:flutter/src/rendering/object.dart:2907:7)
#84     RenderProxyBoxMixin.performLayout (package:flutter/src/rendering/proxy_box.dart:118:18)
#85     RenderObject.layout (package:flutter/src/rendering/object.dart:2907:7)
#86     RenderProxyBoxMixin.performLayout (package:flutter/src/rendering/proxy_box.dart:118:18)
#87     RenderObject.layout (package:flutter/src/rendering/object.dart:2907:7)
#88     RenderProxyBoxMixin.performLayout (package:flutter/src/rendering/proxy_box.dart:118:18)
#89     RenderObject.layout (package:flutter/src/rendering/object.dart:2907:7)
#90     RenderProxyBoxMixin.performLayout (package:flutter/src/rendering/proxy_box.dart:118:18)
#91     RenderObject.layout (package:flutter/src/rendering/object.dart:2907:7)
#92     RenderProxyBoxMixin.performLayout (package:flutter/src/rendering/proxy_box.dart:118:18)
#93     RenderObject.layout (package:flutter/src/rendering/object.dart:2907:7)
#94     RenderView.performLayout (package:flutter/src/rendering/view.dart:292:12)
#95     RenderObject._layoutWithoutResize (package:flutter/src/rendering/object.dart:2755:7)
#96     PipelineOwner.flushLayout (package:flutter/src/rendering/object.dart:1174:18)
#97     PipelineOwner.flushLayout (package:flutter/src/rendering/object.dart:1187:15)
#98     AutomatedTestWidgetsFlutterBinding.drawFrame (package:flutter_test/src/binding.dart:2433:27)
#99     RendererBinding._handlePersistentFrameCallback (package:flutter/src/rendering/binding.dart:509:5)
#100    SchedulerBinding._invokeFrameCallback (package:flutter/src/scheduler/binding.dart:1430:15)
#101    SchedulerBinding.handleDrawFrame (package:flutter/src/scheduler/binding.dart:1345:9)
#102    AutomatedTestWidgetsFlutterBinding.pump.<anonymous closure> (package:flutter_test/src/binding.dart:2260:9)
#105    TestAsyncUtils.guard (package:flutter_test/src/test_async_utils.dart:74:41)
#106    AutomatedTestWidgetsFlutterBinding.pump (package:flutter_test/src/binding.dart:2249:27)
#107    WidgetTester.pumpWidget.<anonymous closure> (package:flutter_test/src/widget_tester.dart:598:22)
#110    TestAsyncUtils.guard (package:flutter_test/src/test_async_utils.dart:74:41)
#111    WidgetTester.pumpWidget (package:flutter_test/src/widget_tester.dart:595:27)
#112    main.<anonymous closure>.<anonymous closure> (file:///Y:/AndroidStudioProject/Github/expert-project/test/presentation/pages/tv_detail_page_test.dart:100:20)
#113    testWidgets.<anonymous closure>.<anonymous closure> (package:flutter_test/src/widget_tester.dart:192:29)
<asynchronous suspension>
#114    TestWidgetsFlutterBinding._runTestBody (package:flutter_test/src/binding.dart:1952:5)
<asynchronous suspension>
<asynchronous suspension>
(elided 7 frames from class _AssertionError, dart:async, and package:stack_trace)

The following RenderObject was being processed when the exception was fired: RenderStack#753fa NEEDS-LAYOUT NEEDS-PAINT NEEDS-COMPOSITING-BITS-UPDATE:
  creator: Stack ΓåÉ Padding ΓåÉ DecoratedBox ΓåÉ Container ΓåÉ FractionallySizedBox ΓåÉ SizedBox.expand ΓåÉ
    LayoutBuilder ΓåÉ ValueListenableBuilder<double> ΓåÉ DraggableScrollableSheet ΓåÉ Padding ΓåÉ Container ΓåÉ
    Stack ΓåÉ Γï»
  parentData: offset=Offset(0.0, 0.0) (can use size)
  constraints: BoxConstraints(w=768.0, h=256.0)
  size: MISSING
  alignment: AlignmentDirectional.topStart
  textDirection: ltr
  fit: loose
This RenderObject had the following descendants (showing up to depth 5):
    child 1: RenderPadding#6d2c0 relayoutBoundary=up1 NEEDS-PAINT NEEDS-COMPOSITING-BITS-UPDATE
      child: RenderClipRect#2512b relayoutBoundary=up2 NEEDS-PAINT NEEDS-COMPOSITING-BITS-UPDATE
        child: RenderTransform#ca50f relayoutBoundary=up3 NEEDS-PAINT NEEDS-COMPOSITING-BITS-UPDATE
          child: _RenderScrollSemantics#55352 relayoutBoundary=up4 NEEDS-PAINT NEEDS-COMPOSITING-BITS-UPDATE
            child: RenderPointerListener#cf6ac relayoutBoundary=up5 NEEDS-PAINT NEEDS-COMPOSITING-BITS-UPDATE
    child 2: RenderPositionedBox#a3f39 NEEDS-LAYOUT NEEDS-PAINT NEEDS-COMPOSITING-BITS-UPDATE
      child: RenderConstrainedBox#1f897 NEEDS-LAYOUT NEEDS-PAINT NEEDS-COMPOSITING-BITS-UPDATE
        child: _RenderColoredBox#f3a6d NEEDS-LAYOUT NEEDS-PAINT
ΓòÉΓòÉΓòÉΓòÉΓòÉΓòÉΓòÉΓòÉΓòÉΓòÉΓòÉΓòÉΓòÉΓòÉΓòÉΓòÉΓòÉΓòÉΓòÉΓòÉΓòÉΓòÉΓòÉΓòÉΓòÉΓòÉΓòÉΓòÉΓòÉΓòÉΓòÉΓòÉΓòÉΓòÉΓòÉΓòÉΓòÉΓòÉΓòÉΓòÉΓòÉΓòÉΓòÉΓòÉΓòÉΓòÉΓòÉΓòÉΓòÉΓòÉΓòÉΓòÉΓòÉΓòÉΓòÉΓòÉΓòÉΓòÉΓòÉΓòÉΓòÉΓòÉΓòÉΓòÉΓòÉΓòÉΓòÉΓòÉΓòÉΓòÉΓòÉΓòÉΓòÉΓòÉΓòÉΓòÉΓòÉΓòÉΓòÉΓòÉΓòÉΓòÉΓòÉΓòÉΓòÉΓòÉΓòÉΓòÉΓòÉΓòÉΓòÉΓòÉΓòÉΓòÉΓòÉΓòÉΓòÉΓòÉΓòÉΓòÉ
ΓòÉΓòÉΓòí EXCEPTION CAUGHT BY RENDERING LIBRARY Γò₧ΓòÉΓòÉΓòÉΓòÉΓòÉΓòÉΓòÉΓòÉΓòÉΓòÉΓòÉΓòÉΓòÉΓòÉΓòÉΓòÉΓòÉΓòÉΓòÉΓòÉΓòÉΓòÉΓòÉΓòÉΓòÉΓòÉΓòÉΓòÉΓòÉΓòÉΓòÉΓòÉΓòÉΓòÉΓòÉΓòÉΓòÉΓòÉΓòÉΓòÉΓòÉΓòÉΓòÉΓòÉΓòÉΓòÉΓòÉΓòÉΓòÉΓòÉΓòÉΓòÉΓòÉΓòÉΓòÉΓòÉΓòÉ
The following assertion was thrown during performLayout():
RenderBox was not laid out: RenderStack#753fa NEEDS-PAINT NEEDS-COMPOSITING-BITS-UPDATE
'package:flutter/src/rendering/box.dart':
Failed assertion: line 2251 pos 12: 'hasSize'

Either the assertion indicates an error in the framework itself, or we should provide substantially
more information in this error message to help you determine and fix the underlying cause.
In either case, please report this assertion by filing a bug on GitHub:
  https://github.com/flutter/flutter/issues/new?template=02_bug.yml

The relevant error-causing widget was:
  Container
  Container:file:///Y:/AndroidStudioProject/Github/expert-project/lib/presentation/pages/tv_detail_page.dart:86:22

When the exception was thrown, this was the stack:
#2      RenderBox.size (package:flutter/src/rendering/box.dart:2251:12)
#3      RenderPadding.performLayout (package:flutter/src/rendering/shifted_box.dart:266:40)
#4      RenderObject.layout (package:flutter/src/rendering/object.dart:2907:7)
#5      RenderProxyBoxMixin.performLayout (package:flutter/src/rendering/proxy_box.dart:118:18)
#6      RenderObject.layout (package:flutter/src/rendering/object.dart:2907:7)
#7      RenderFractionallySizedOverflowBox.performLayout (package:flutter/src/rendering/shifted_box.dart:1298:14)
#8      RenderObject.layout (package:flutter/src/rendering/object.dart:2907:7)
#9      RenderConstrainedBox.performLayout (package:flutter/src/rendering/proxy_box.dart:296:14)
#10     RenderObject.layout (package:flutter/src/rendering/object.dart:2907:7)
#11     _RenderLayoutBuilder.performLayout (package:flutter/src/widgets/layout_builder.dart:449:14)
#12     RenderObject.layout (package:flutter/src/rendering/object.dart:2907:7)
#13     RenderPadding.performLayout (package:flutter/src/rendering/shifted_box.dart:262:12)
#14     RenderObject.layout (package:flutter/src/rendering/object.dart:2907:7)
#15     ChildLayoutHelper.layoutChild (package:flutter/src/rendering/layout_helper.dart:62:11)
#16     RenderStack._computeSize (package:flutter/src/rendering/stack.dart:647:43)
#17     RenderStack.performLayout (package:flutter/src/rendering/stack.dart:682:12)
#18     RenderObject.layout (package:flutter/src/rendering/object.dart:2907:7)
#19     RenderPadding.performLayout (package:flutter/src/rendering/shifted_box.dart:262:12)
#20     RenderObject.layout (package:flutter/src/rendering/object.dart:2907:7)
#21     MultiChildLayoutDelegate.layoutChild (package:flutter/src/rendering/custom_layout.dart:180:12)
#22     _ScaffoldLayout.performLayout (package:flutter/src/material/scaffold.dart:1113:7)
#23     MultiChildLayoutDelegate._callPerformLayout (package:flutter/src/rendering/custom_layout.dart:246:7)
#24     RenderCustomMultiChildLayoutBox.performLayout (package:flutter/src/rendering/custom_layout.dart:417:14)
#25     RenderObject.layout (package:flutter/src/rendering/object.dart:2907:7)
#26     RenderProxyBoxMixin.performLayout (package:flutter/src/rendering/proxy_box.dart:118:18)
#27     RenderObject.layout (package:flutter/src/rendering/object.dart:2907:7)
#28     RenderProxyBoxMixin.performLayout (package:flutter/src/rendering/proxy_box.dart:118:18)
#29     _RenderCustomClip.performLayout (package:flutter/src/rendering/proxy_box.dart:1549:11)
#30     RenderObject.layout (package:flutter/src/rendering/object.dart:2907:7)
#31     RenderProxyBoxMixin.performLayout (package:flutter/src/rendering/proxy_box.dart:118:18)
#32     RenderObject.layout (package:flutter/src/rendering/object.dart:2907:7)
#33     RenderProxyBoxMixin.performLayout (package:flutter/src/rendering/proxy_box.dart:118:18)
#34     RenderObject.layout (package:flutter/src/rendering/object.dart:2907:7)
#35     RenderProxyBoxMixin.performLayout (package:flutter/src/rendering/proxy_box.dart:118:18)
#36     RenderObject.layout (package:flutter/src/rendering/object.dart:2907:7)
#37     RenderProxyBoxMixin.performLayout (package:flutter/src/rendering/proxy_box.dart:118:18)
#38     RenderObject.layout (package:flutter/src/rendering/object.dart:2907:7)
#39     RenderProxyBoxMixin.performLayout (package:flutter/src/rendering/proxy_box.dart:118:18)
#40     RenderObject.layout (package:flutter/src/rendering/object.dart:2907:7)
#41     RenderProxyBoxMixin.performLayout (package:flutter/src/rendering/proxy_box.dart:118:18)
#42     RenderObject.layout (package:flutter/src/rendering/object.dart:2907:7)
#43     RenderProxyBoxMixin.performLayout (package:flutter/src/rendering/proxy_box.dart:118:18)
#44     RenderObject.layout (package:flutter/src/rendering/object.dart:2907:7)
#45     RenderProxyBoxMixin.performLayout (package:flutter/src/rendering/proxy_box.dart:118:18)
#46     RenderObject.layout (package:flutter/src/rendering/object.dart:2907:7)
#47     RenderProxyBoxMixin.performLayout (package:flutter/src/rendering/proxy_box.dart:118:18)
#48     RenderObject.layout (package:flutter/src/rendering/object.dart:2907:7)
#49     RenderProxyBoxMixin.performLayout (package:flutter/src/rendering/proxy_box.dart:118:18)
#50     RenderObject.layout (package:flutter/src/rendering/object.dart:2907:7)
#51     RenderProxyBoxMixin.performLayout (package:flutter/src/rendering/proxy_box.dart:118:18)
#52     RenderObject.layout (package:flutter/src/rendering/object.dart:2907:7)
#53     RenderProxyBoxMixin.performLayout (package:flutter/src/rendering/proxy_box.dart:118:18)
#54     RenderObject.layout (package:flutter/src/rendering/object.dart:2907:7)
#55     RenderProxyBoxMixin.performLayout (package:flutter/src/rendering/proxy_box.dart:118:18)
#56     RenderObject.layout (package:flutter/src/rendering/object.dart:2907:7)
#57     RenderProxyBoxMixin.performLayout (package:flutter/src/rendering/proxy_box.dart:118:18)
#58     RenderObject.layout (package:flutter/src/rendering/object.dart:2907:7)
#59     RenderProxyBoxMixin.performLayout (package:flutter/src/rendering/proxy_box.dart:118:18)
#60     RenderObject.layout (package:flutter/src/rendering/object.dart:2907:7)
#61     RenderProxyBoxMixin.performLayout (package:flutter/src/rendering/proxy_box.dart:118:18)
#62     RenderOffstage.performLayout (package:flutter/src/rendering/proxy_box.dart:3923:13)
#63     RenderObject.layout (package:flutter/src/rendering/object.dart:2907:7)
#64     RenderProxyBoxMixin.performLayout (package:flutter/src/rendering/proxy_box.dart:118:18)
#65     RenderObject.layout (package:flutter/src/rendering/object.dart:2907:7)
#66     _RenderTheaterMixin.layoutChild (package:flutter/src/widgets/overlay.dart:1124:13)
#67     _RenderTheater.performLayout (package:flutter/src/widgets/overlay.dart:1481:9)
#68     RenderObject.layout (package:flutter/src/rendering/object.dart:2907:7)
#69     RenderProxyBoxMixin.performLayout (package:flutter/src/rendering/proxy_box.dart:118:18)
#70     RenderObject.layout (package:flutter/src/rendering/object.dart:2907:7)
#71     RenderProxyBoxMixin.performLayout (package:flutter/src/rendering/proxy_box.dart:118:18)
#72     RenderObject.layout (package:flutter/src/rendering/object.dart:2907:7)
#73     RenderProxyBoxMixin.performLayout (package:flutter/src/rendering/proxy_box.dart:118:18)
#74     RenderObject.layout (package:flutter/src/rendering/object.dart:2907:7)
#75     RenderProxyBoxMixin.performLayout (package:flutter/src/rendering/proxy_box.dart:118:18)
#76     RenderCustomPaint.performLayout (package:flutter/src/rendering/custom_paint.dart:574:11)
#77     RenderObject.layout (package:flutter/src/rendering/object.dart:2907:7)
#78     RenderProxyBoxMixin.performLayout (package:flutter/src/rendering/proxy_box.dart:118:18)
#79     RenderObject.layout (package:flutter/src/rendering/object.dart:2907:7)
#80     RenderProxyBoxMixin.performLayout (package:flutter/src/rendering/proxy_box.dart:118:18)
#81     RenderObject.layout (package:flutter/src/rendering/object.dart:2907:7)
#82     RenderProxyBoxMixin.performLayout (package:flutter/src/rendering/proxy_box.dart:118:18)
#83     RenderObject.layout (package:flutter/src/rendering/object.dart:2907:7)
#84     RenderProxyBoxMixin.performLayout (package:flutter/src/rendering/proxy_box.dart:118:18)
#85     RenderObject.layout (package:flutter/src/rendering/object.dart:2907:7)
#86     RenderProxyBoxMixin.performLayout (package:flutter/src/rendering/proxy_box.dart:118:18)
#87     RenderObject.layout (package:flutter/src/rendering/object.dart:2907:7)
#88     RenderProxyBoxMixin.performLayout (package:flutter/src/rendering/proxy_box.dart:118:18)
#89     RenderObject.layout (package:flutter/src/rendering/object.dart:2907:7)
#90     RenderView.performLayout (package:flutter/src/rendering/view.dart:292:12)
#91     RenderObject._layoutWithoutResize (package:flutter/src/rendering/object.dart:2755:7)
#92     PipelineOwner.flushLayout (package:flutter/src/rendering/object.dart:1174:18)
#93     PipelineOwner.flushLayout (package:flutter/src/rendering/object.dart:1187:15)
#94     AutomatedTestWidgetsFlutterBinding.drawFrame (package:flutter_test/src/binding.dart:2433:27)
#95     RendererBinding._handlePersistentFrameCallback (package:flutter/src/rendering/binding.dart:509:5)
#96     SchedulerBinding._invokeFrameCallback (package:flutter/src/scheduler/binding.dart:1430:15)
#97     SchedulerBinding.handleDrawFrame (package:flutter/src/scheduler/binding.dart:1345:9)
#98     AutomatedTestWidgetsFlutterBinding.pump.<anonymous closure> (package:flutter_test/src/binding.dart:2260:9)
#101    TestAsyncUtils.guard (package:flutter_test/src/test_async_utils.dart:74:41)
#102    AutomatedTestWidgetsFlutterBinding.pump (package:flutter_test/src/binding.dart:2249:27)
#103    WidgetTester.pumpWidget.<anonymous closure> (package:flutter_test/src/widget_tester.dart:598:22)
#106    TestAsyncUtils.guard (package:flutter_test/src/test_async_utils.dart:74:41)
#107    WidgetTester.pumpWidget (package:flutter_test/src/widget_tester.dart:595:27)
#108    main.<anonymous closure>.<anonymous closure> (file:///Y:/AndroidStudioProject/Github/expert-project/test/presentation/pages/tv_detail_page_test.dart:100:20)
#109    testWidgets.<anonymous closure>.<anonymous closure> (package:flutter_test/src/widget_tester.dart:192:29)
<asynchronous suspension>
#110    TestWidgetsFlutterBinding._runTestBody (package:flutter_test/src/binding.dart:1952:5)
<asynchronous suspension>
<asynchronous suspension>
(elided 7 frames from class _AssertionError, dart:async, and package:stack_trace)

The following RenderObject was being processed when the exception was fired: RenderPadding#b3578 NEEDS-LAYOUT NEEDS-PAINT NEEDS-COMPOSITING-BITS-UPDATE:
  creator: Padding ΓåÉ DecoratedBox ΓåÉ Container ΓåÉ FractionallySizedBox ΓåÉ SizedBox.expand ΓåÉ LayoutBuilder
    ΓåÉ ValueListenableBuilder<double> ΓåÉ DraggableScrollableSheet ΓåÉ Padding ΓåÉ Container ΓåÉ Stack ΓåÉ
    TvDetailContent ΓåÉ Γï»
  parentData: <none> (can use size)
  constraints: BoxConstraints(w=800.0, h=272.0)
  size: MISSING
  padding: EdgeInsets(16.0, 16.0, 16.0, 0.0)
  textDirection: ltr
This RenderObject had the following descendants (showing up to depth 5):
    child: RenderStack#753fa NEEDS-PAINT NEEDS-COMPOSITING-BITS-UPDATE
      child 1: RenderPadding#6d2c0 relayoutBoundary=up1 NEEDS-PAINT NEEDS-COMPOSITING-BITS-UPDATE
        child: RenderClipRect#2512b relayoutBoundary=up2 NEEDS-PAINT NEEDS-COMPOSITING-BITS-UPDATE
          child: RenderTransform#ca50f relayoutBoundary=up3 NEEDS-PAINT NEEDS-COMPOSITING-BITS-UPDATE
            child: _RenderScrollSemantics#55352 relayoutBoundary=up4 NEEDS-PAINT NEEDS-COMPOSITING-BITS-UPDATE
      child 2: RenderPositionedBox#a3f39 NEEDS-LAYOUT NEEDS-PAINT NEEDS-COMPOSITING-BITS-UPDATE
        child: RenderConstrainedBox#1f897 NEEDS-LAYOUT NEEDS-PAINT NEEDS-COMPOSITING-BITS-UPDATE
          child: _RenderColoredBox#f3a6d NEEDS-LAYOUT NEEDS-PAINT
ΓòÉΓòÉΓòÉΓòÉΓòÉΓòÉΓòÉΓòÉΓòÉΓòÉΓòÉΓòÉΓòÉΓòÉΓòÉΓòÉΓòÉΓòÉΓòÉΓòÉΓòÉΓòÉΓòÉΓòÉΓòÉΓòÉΓòÉΓòÉΓòÉΓòÉΓòÉΓòÉΓòÉΓòÉΓòÉΓòÉΓòÉΓòÉΓòÉΓòÉΓòÉΓòÉΓòÉΓòÉΓòÉΓòÉΓòÉΓòÉΓòÉΓòÉΓòÉΓòÉΓòÉΓòÉΓòÉΓòÉΓòÉΓòÉΓòÉΓòÉΓòÉΓòÉΓòÉΓòÉΓòÉΓòÉΓòÉΓòÉΓòÉΓòÉΓòÉΓòÉΓòÉΓòÉΓòÉΓòÉΓòÉΓòÉΓòÉΓòÉΓòÉΓòÉΓòÉΓòÉΓòÉΓòÉΓòÉΓòÉΓòÉΓòÉΓòÉΓòÉΓòÉΓòÉΓòÉΓòÉΓòÉΓòÉΓòÉΓòÉ
ΓòÉΓòÉΓòí EXCEPTION CAUGHT BY RENDERING LIBRARY Γò₧ΓòÉΓòÉΓòÉΓòÉΓòÉΓòÉΓòÉΓòÉΓòÉΓòÉΓòÉΓòÉΓòÉΓòÉΓòÉΓòÉΓòÉΓòÉΓòÉΓòÉΓòÉΓòÉΓòÉΓòÉΓòÉΓòÉΓòÉΓòÉΓòÉΓòÉΓòÉΓòÉΓòÉΓòÉΓòÉΓòÉΓòÉΓòÉΓòÉΓòÉΓòÉΓòÉΓòÉΓòÉΓòÉΓòÉΓòÉΓòÉΓòÉΓòÉΓòÉΓòÉΓòÉΓòÉΓòÉΓòÉΓòÉ
The following assertion was thrown during performLayout():
RenderBox was not laid out: RenderPadding#b3578 NEEDS-PAINT NEEDS-COMPOSITING-BITS-UPDATE
'package:flutter/src/rendering/box.dart':
Failed assertion: line 2251 pos 12: 'hasSize'

Either the assertion indicates an error in the framework itself, or we should provide substantially
more information in this error message to help you determine and fix the underlying cause.
In either case, please report this assertion by filing a bug on GitHub:
  https://github.com/flutter/flutter/issues/new?template=02_bug.yml

The relevant error-causing widget was:
  Container
  Container:file:///Y:/AndroidStudioProject/Github/expert-project/lib/presentation/pages/tv_detail_page.dart:86:22

When the exception was thrown, this was the stack:
#2      RenderBox.size (package:flutter/src/rendering/box.dart:2251:12)
#3      RenderProxyBoxMixin.performLayout (package:flutter/src/rendering/proxy_box.dart:118:62)
#4      RenderObject.layout (package:flutter/src/rendering/object.dart:2907:7)
#5      RenderFractionallySizedOverflowBox.performLayout (package:flutter/src/rendering/shifted_box.dart:1298:14)
#6      RenderObject.layout (package:flutter/src/rendering/object.dart:2907:7)
#7      RenderConstrainedBox.performLayout (package:flutter/src/rendering/proxy_box.dart:296:14)
#8      RenderObject.layout (package:flutter/src/rendering/object.dart:2907:7)
#9      _RenderLayoutBuilder.performLayout (package:flutter/src/widgets/layout_builder.dart:449:14)
#10     RenderObject.layout (package:flutter/src/rendering/object.dart:2907:7)
#11     RenderPadding.performLayout (package:flutter/src/rendering/shifted_box.dart:262:12)
#12     RenderObject.layout (package:flutter/src/rendering/object.dart:2907:7)
#13     ChildLayoutHelper.layoutChild (package:flutter/src/rendering/layout_helper.dart:62:11)
#14     RenderStack._computeSize (package:flutter/src/rendering/stack.dart:647:43)
#15     RenderStack.performLayout (package:flutter/src/rendering/stack.dart:682:12)
#16     RenderObject.layout (package:flutter/src/rendering/object.dart:2907:7)
#17     RenderPadding.performLayout (package:flutter/src/rendering/shifted_box.dart:262:12)
#18     RenderObject.layout (package:flutter/src/rendering/object.dart:2907:7)
#19     MultiChildLayoutDelegate.layoutChild (package:flutter/src/rendering/custom_layout.dart:180:12)
#20     _ScaffoldLayout.performLayout (package:flutter/src/material/scaffold.dart:1113:7)
#21     MultiChildLayoutDelegate._callPerformLayout (package:flutter/src/rendering/custom_layout.dart:246:7)
#22     RenderCustomMultiChildLayoutBox.performLayout (package:flutter/src/rendering/custom_layout.dart:417:14)
#23     RenderObject.layout (package:flutter/src/rendering/object.dart:2907:7)
#24     RenderProxyBoxMixin.performLayout (package:flutter/src/rendering/proxy_box.dart:118:18)
#25     RenderObject.layout (package:flutter/src/rendering/object.dart:2907:7)
#26     RenderProxyBoxMixin.performLayout (package:flutter/src/rendering/proxy_box.dart:118:18)
#27     _RenderCustomClip.performLayout (package:flutter/src/rendering/proxy_box.dart:1549:11)
#28     RenderObject.layout (package:flutter/src/rendering/object.dart:2907:7)
#29     RenderProxyBoxMixin.performLayout (package:flutter/src/rendering/proxy_box.dart:118:18)
#30     RenderObject.layout (package:flutter/src/rendering/object.dart:2907:7)
#31     RenderProxyBoxMixin.performLayout (package:flutter/src/rendering/proxy_box.dart:118:18)
#32     RenderObject.layout (package:flutter/src/rendering/object.dart:2907:7)
#33     RenderProxyBoxMixin.performLayout (package:flutter/src/rendering/proxy_box.dart:118:18)
#34     RenderObject.layout (package:flutter/src/rendering/object.dart:2907:7)
#35     RenderProxyBoxMixin.performLayout (package:flutter/src/rendering/proxy_box.dart:118:18)
#36     RenderObject.layout (package:flutter/src/rendering/object.dart:2907:7)
#37     RenderProxyBoxMixin.performLayout (package:flutter/src/rendering/proxy_box.dart:118:18)
#38     RenderObject.layout (package:flutter/src/rendering/object.dart:2907:7)
#39     RenderProxyBoxMixin.performLayout (package:flutter/src/rendering/proxy_box.dart:118:18)
#40     RenderObject.layout (package:flutter/src/rendering/object.dart:2907:7)
#41     RenderProxyBoxMixin.performLayout (package:flutter/src/rendering/proxy_box.dart:118:18)
#42     RenderObject.layout (package:flutter/src/rendering/object.dart:2907:7)
#43     RenderProxyBoxMixin.performLayout (package:flutter/src/rendering/proxy_box.dart:118:18)
#44     RenderObject.layout (package:flutter/src/rendering/object.dart:2907:7)
#45     RenderProxyBoxMixin.performLayout (package:flutter/src/rendering/proxy_box.dart:118:18)
#46     RenderObject.layout (package:flutter/src/rendering/object.dart:2907:7)
#47     RenderProxyBoxMixin.performLayout (package:flutter/src/rendering/proxy_box.dart:118:18)
#48     RenderObject.layout (package:flutter/src/rendering/object.dart:2907:7)
#49     RenderProxyBoxMixin.performLayout (package:flutter/src/rendering/proxy_box.dart:118:18)
#50     RenderObject.layout (package:flutter/src/rendering/object.dart:2907:7)
#51     RenderProxyBoxMixin.performLayout (package:flutter/src/rendering/proxy_box.dart:118:18)
#52     RenderObject.layout (package:flutter/src/rendering/object.dart:2907:7)
#53     RenderProxyBoxMixin.performLayout (package:flutter/src/rendering/proxy_box.dart:118:18)
#54     RenderObject.layout (package:flutter/src/rendering/object.dart:2907:7)
#55     RenderProxyBoxMixin.performLayout (package:flutter/src/rendering/proxy_box.dart:118:18)
#56     RenderObject.layout (package:flutter/src/rendering/object.dart:2907:7)
#57     RenderProxyBoxMixin.performLayout (package:flutter/src/rendering/proxy_box.dart:118:18)
#58     RenderObject.layout (package:flutter/src/rendering/object.dart:2907:7)
#59     RenderProxyBoxMixin.performLayout (package:flutter/src/rendering/proxy_box.dart:118:18)
#60     RenderOffstage.performLayout (package:flutter/src/rendering/proxy_box.dart:3923:13)
#61     RenderObject.layout (package:flutter/src/rendering/object.dart:2907:7)
#62     RenderProxyBoxMixin.performLayout (package:flutter/src/rendering/proxy_box.dart:118:18)
#63     RenderObject.layout (package:flutter/src/rendering/object.dart:2907:7)
#64     _RenderTheaterMixin.layoutChild (package:flutter/src/widgets/overlay.dart:1124:13)
#65     _RenderTheater.performLayout (package:flutter/src/widgets/overlay.dart:1481:9)
#66     RenderObject.layout (package:flutter/src/rendering/object.dart:2907:7)
#67     RenderProxyBoxMixin.performLayout (package:flutter/src/rendering/proxy_box.dart:118:18)
#68     RenderObject.layout (package:flutter/src/rendering/object.dart:2907:7)
#69     RenderProxyBoxMixin.performLayout (package:flutter/src/rendering/proxy_box.dart:118:18)
#70     RenderObject.layout (package:flutter/src/rendering/object.dart:2907:7)
#71     RenderProxyBoxMixin.performLayout (package:flutter/src/rendering/proxy_box.dart:118:18)
#72     RenderObject.layout (package:flutter/src/rendering/object.dart:2907:7)
#73     RenderProxyBoxMixin.performLayout (package:flutter/src/rendering/proxy_box.dart:118:18)
#74     RenderCustomPaint.performLayout (package:flutter/src/rendering/custom_paint.dart:574:11)
#75     RenderObject.layout (package:flutter/src/rendering/object.dart:2907:7)
#76     RenderProxyBoxMixin.performLayout (package:flutter/src/rendering/proxy_box.dart:118:18)
#77     RenderObject.layout (package:flutter/src/rendering/object.dart:2907:7)
#78     RenderProxyBoxMixin.performLayout (package:flutter/src/rendering/proxy_box.dart:118:18)
#79     RenderObject.layout (package:flutter/src/rendering/object.dart:2907:7)
#80     RenderProxyBoxMixin.performLayout (package:flutter/src/rendering/proxy_box.dart:118:18)
#81     RenderObject.layout (package:flutter/src/rendering/object.dart:2907:7)
#82     RenderProxyBoxMixin.performLayout (package:flutter/src/rendering/proxy_box.dart:118:18)
#83     RenderObject.layout (package:flutter/src/rendering/object.dart:2907:7)
#84     RenderProxyBoxMixin.performLayout (package:flutter/src/rendering/proxy_box.dart:118:18)
#85     RenderObject.layout (package:flutter/src/rendering/object.dart:2907:7)
#86     RenderProxyBoxMixin.performLayout (package:flutter/src/rendering/proxy_box.dart:118:18)
#87     RenderObject.layout (package:flutter/src/rendering/object.dart:2907:7)
#88     RenderView.performLayout (package:flutter/src/rendering/view.dart:292:12)
#89     RenderObject._layoutWithoutResize (package:flutter/src/rendering/object.dart:2755:7)
#90     PipelineOwner.flushLayout (package:flutter/src/rendering/object.dart:1174:18)
#91     PipelineOwner.flushLayout (package:flutter/src/rendering/object.dart:1187:15)
#92     AutomatedTestWidgetsFlutterBinding.drawFrame (package:flutter_test/src/binding.dart:2433:27)
#93     RendererBinding._handlePersistentFrameCallback (package:flutter/src/rendering/binding.dart:509:5)
#94     SchedulerBinding._invokeFrameCallback (package:flutter/src/scheduler/binding.dart:1430:15)
#95     SchedulerBinding.handleDrawFrame (package:flutter/src/scheduler/binding.dart:1345:9)
#96     AutomatedTestWidgetsFlutterBinding.pump.<anonymous closure> (package:flutter_test/src/binding.dart:2260:9)
#99     TestAsyncUtils.guard (package:flutter_test/src/test_async_utils.dart:74:41)
#100    AutomatedTestWidgetsFlutterBinding.pump (package:flutter_test/src/binding.dart:2249:27)
#101    WidgetTester.pumpWidget.<anonymous closure> (package:flutter_test/src/widget_tester.dart:598:22)
#104    TestAsyncUtils.guard (package:flutter_test/src/test_async_utils.dart:74:41)
#105    WidgetTester.pumpWidget (package:flutter_test/src/widget_tester.dart:595:27)
#106    main.<anonymous closure>.<anonymous closure> (file:///Y:/AndroidStudioProject/Github/expert-project/test/presentation/pages/tv_detail_page_test.dart:100:20)
#107    testWidgets.<anonymous closure>.<anonymous closure> (package:flutter_test/src/widget_tester.dart:192:29)
<asynchronous suspension>
#108    TestWidgetsFlutterBinding._runTestBody (package:flutter_test/src/binding.dart:1952:5)
<asynchronous suspension>
<asynchronous suspension>
(elided 7 frames from class _AssertionError, dart:async, and package:stack_trace)

The following RenderObject was being processed when the exception was fired: RenderDecoratedBox#7e62b NEEDS-LAYOUT NEEDS-PAINT NEEDS-COMPOSITING-BITS-UPDATE:
  creator: DecoratedBox ΓåÉ Container ΓåÉ FractionallySizedBox ΓåÉ SizedBox.expand ΓåÉ LayoutBuilder ΓåÉ
    ValueListenableBuilder<double> ΓåÉ DraggableScrollableSheet ΓåÉ Padding ΓåÉ Container ΓåÉ Stack ΓåÉ
    TvDetailContent ΓåÉ MediaQuery ΓåÉ Γï»
  parentData: offset=Offset(0.0, 0.0) (can use size)
  constraints: BoxConstraints(w=800.0, h=272.0)
  size: MISSING
  decoration: BoxDecoration:
    color: Color(alpha: 1.0000, red: 0.0000, green: 0.0314, blue: 0.0784, colorSpace: ColorSpace.sRGB)
    borderRadius: BorderRadius.only(topLeft: Radius.circular(16.0), topRight: Radius.circular(16.0))
  configuration: ImageConfiguration(bundle: PlatformAssetBundle#d63c3(), devicePixelRatio: 3.0,
    locale: en_US, textDirection: TextDirection.ltr, platform: android)
This RenderObject had the following descendants (showing up to depth 5):
    child: RenderPadding#b3578 NEEDS-PAINT NEEDS-COMPOSITING-BITS-UPDATE
      child: RenderStack#753fa NEEDS-PAINT NEEDS-COMPOSITING-BITS-UPDATE
        child 1: RenderPadding#6d2c0 relayoutBoundary=up1 NEEDS-PAINT NEEDS-COMPOSITING-BITS-UPDATE
          child: RenderClipRect#2512b relayoutBoundary=up2 NEEDS-PAINT NEEDS-COMPOSITING-BITS-UPDATE
            child: RenderTransform#ca50f relayoutBoundary=up3 NEEDS-PAINT NEEDS-COMPOSITING-BITS-UPDATE
        child 2: RenderPositionedBox#a3f39 NEEDS-LAYOUT NEEDS-PAINT NEEDS-COMPOSITING-BITS-UPDATE
          child: RenderConstrainedBox#1f897 NEEDS-LAYOUT NEEDS-PAINT NEEDS-COMPOSITING-BITS-UPDATE
            child: _RenderColoredBox#f3a6d NEEDS-LAYOUT NEEDS-PAINT
ΓòÉΓòÉΓòÉΓòÉΓòÉΓòÉΓòÉΓòÉΓòÉΓòÉΓòÉΓòÉΓòÉΓòÉΓòÉΓòÉΓòÉΓòÉΓòÉΓòÉΓòÉΓòÉΓòÉΓòÉΓòÉΓòÉΓòÉΓòÉΓòÉΓòÉΓòÉΓòÉΓòÉΓòÉΓòÉΓòÉΓòÉΓòÉΓòÉΓòÉΓòÉΓòÉΓòÉΓòÉΓòÉΓòÉΓòÉΓòÉΓòÉΓòÉΓòÉΓòÉΓòÉΓòÉΓòÉΓòÉΓòÉΓòÉΓòÉΓòÉΓòÉΓòÉΓòÉΓòÉΓòÉΓòÉΓòÉΓòÉΓòÉΓòÉΓòÉΓòÉΓòÉΓòÉΓòÉΓòÉΓòÉΓòÉΓòÉΓòÉΓòÉΓòÉΓòÉΓòÉΓòÉΓòÉΓòÉΓòÉΓòÉΓòÉΓòÉΓòÉΓòÉΓòÉΓòÉΓòÉΓòÉΓòÉΓòÉΓòÉ
ΓòÉΓòÉΓòí EXCEPTION CAUGHT BY RENDERING LIBRARY Γò₧ΓòÉΓòÉΓòÉΓòÉΓòÉΓòÉΓòÉΓòÉΓòÉΓòÉΓòÉΓòÉΓòÉΓòÉΓòÉΓòÉΓòÉΓòÉΓòÉΓòÉΓòÉΓòÉΓòÉΓòÉΓòÉΓòÉΓòÉΓòÉΓòÉΓòÉΓòÉΓòÉΓòÉΓòÉΓòÉΓòÉΓòÉΓòÉΓòÉΓòÉΓòÉΓòÉΓòÉΓòÉΓòÉΓòÉΓòÉΓòÉΓòÉΓòÉΓòÉΓòÉΓòÉΓòÉΓòÉΓòÉΓòÉ
The following assertion was thrown during performLayout():
RenderBox was not laid out: RenderDecoratedBox#7e62b NEEDS-PAINT NEEDS-COMPOSITING-BITS-UPDATE
'package:flutter/src/rendering/box.dart':
Failed assertion: line 2251 pos 12: 'hasSize'

Either the assertion indicates an error in the framework itself, or we should provide substantially
more information in this error message to help you determine and fix the underlying cause.
In either case, please report this assertion by filing a bug on GitHub:
  https://github.com/flutter/flutter/issues/new?template=02_bug.yml

The relevant error-causing widget was:
  DraggableScrollableSheet
  DraggableScrollableSheet:file:///Y:/AndroidStudioProject/Github/expert-project/lib/presentation/pages/tv_detail_page.dart:84:18

When the exception was thrown, this was the stack:
#2      RenderBox.size (package:flutter/src/rendering/box.dart:2251:12)
#3      RenderFractionallySizedOverflowBox.performLayout (package:flutter/src/rendering/shifted_box.dart:1299:43)
#4      RenderObject.layout (package:flutter/src/rendering/object.dart:2907:7)
#5      RenderConstrainedBox.performLayout (package:flutter/src/rendering/proxy_box.dart:296:14)
#6      RenderObject.layout (package:flutter/src/rendering/object.dart:2907:7)
#7      _RenderLayoutBuilder.performLayout (package:flutter/src/widgets/layout_builder.dart:449:14)
#8      RenderObject.layout (package:flutter/src/rendering/object.dart:2907:7)
#9      RenderPadding.performLayout (package:flutter/src/rendering/shifted_box.dart:262:12)
#10     RenderObject.layout (package:flutter/src/rendering/object.dart:2907:7)
#11     ChildLayoutHelper.layoutChild (package:flutter/src/rendering/layout_helper.dart:62:11)
#12     RenderStack._computeSize (package:flutter/src/rendering/stack.dart:647:43)
#13     RenderStack.performLayout (package:flutter/src/rendering/stack.dart:682:12)
#14     RenderObject.layout (package:flutter/src/rendering/object.dart:2907:7)
#15     RenderPadding.performLayout (package:flutter/src/rendering/shifted_box.dart:262:12)
#16     RenderObject.layout (package:flutter/src/rendering/object.dart:2907:7)
#17     MultiChildLayoutDelegate.layoutChild (package:flutter/src/rendering/custom_layout.dart:180:12)
#18     _ScaffoldLayout.performLayout (package:flutter/src/material/scaffold.dart:1113:7)
#19     MultiChildLayoutDelegate._callPerformLayout (package:flutter/src/rendering/custom_layout.dart:246:7)
#20     RenderCustomMultiChildLayoutBox.performLayout (package:flutter/src/rendering/custom_layout.dart:417:14)
#21     RenderObject.layout (package:flutter/src/rendering/object.dart:2907:7)
#22     RenderProxyBoxMixin.performLayout (package:flutter/src/rendering/proxy_box.dart:118:18)
#23     RenderObject.layout (package:flutter/src/rendering/object.dart:2907:7)
#24     RenderProxyBoxMixin.performLayout (package:flutter/src/rendering/proxy_box.dart:118:18)
#25     _RenderCustomClip.performLayout (package:flutter/src/rendering/proxy_box.dart:1549:11)
#26     RenderObject.layout (package:flutter/src/rendering/object.dart:2907:7)
#27     RenderProxyBoxMixin.performLayout (package:flutter/src/rendering/proxy_box.dart:118:18)
#28     RenderObject.layout (package:flutter/src/rendering/object.dart:2907:7)
#29     RenderProxyBoxMixin.performLayout (package:flutter/src/rendering/proxy_box.dart:118:18)
#30     RenderObject.layout (package:flutter/src/rendering/object.dart:2907:7)
#31     RenderProxyBoxMixin.performLayout (package:flutter/src/rendering/proxy_box.dart:118:18)
#32     RenderObject.layout (package:flutter/src/rendering/object.dart:2907:7)
#33     RenderProxyBoxMixin.performLayout (package:flutter/src/rendering/proxy_box.dart:118:18)
#34     RenderObject.layout (package:flutter/src/rendering/object.dart:2907:7)
#35     RenderProxyBoxMixin.performLayout (package:flutter/src/rendering/proxy_box.dart:118:18)
#36     RenderObject.layout (package:flutter/src/rendering/object.dart:2907:7)
#37     RenderProxyBoxMixin.performLayout (package:flutter/src/rendering/proxy_box.dart:118:18)
#38     RenderObject.layout (package:flutter/src/rendering/object.dart:2907:7)
#39     RenderProxyBoxMixin.performLayout (package:flutter/src/rendering/proxy_box.dart:118:18)
#40     RenderObject.layout (package:flutter/src/rendering/object.dart:2907:7)
#41     RenderProxyBoxMixin.performLayout (package:flutter/src/rendering/proxy_box.dart:118:18)
#42     RenderObject.layout (package:flutter/src/rendering/object.dart:2907:7)
#43     RenderProxyBoxMixin.performLayout (package:flutter/src/rendering/proxy_box.dart:118:18)
#44     RenderObject.layout (package:flutter/src/rendering/object.dart:2907:7)
#45     RenderProxyBoxMixin.performLayout (package:flutter/src/rendering/proxy_box.dart:118:18)
#46     RenderObject.layout (package:flutter/src/rendering/object.dart:2907:7)
#47     RenderProxyBoxMixin.performLayout (package:flutter/src/rendering/proxy_box.dart:118:18)
#48     RenderObject.layout (package:flutter/src/rendering/object.dart:2907:7)
#49     RenderProxyBoxMixin.performLayout (package:flutter/src/rendering/proxy_box.dart:118:18)
#50     RenderObject.layout (package:flutter/src/rendering/object.dart:2907:7)
#51     RenderProxyBoxMixin.performLayout (package:flutter/src/rendering/proxy_box.dart:118:18)
#52     RenderObject.layout (package:flutter/src/rendering/object.dart:2907:7)
#53     RenderProxyBoxMixin.performLayout (package:flutter/src/rendering/proxy_box.dart:118:18)
#54     RenderObject.layout (package:flutter/src/rendering/object.dart:2907:7)
#55     RenderProxyBoxMixin.performLayout (package:flutter/src/rendering/proxy_box.dart:118:18)
#56     RenderObject.layout (package:flutter/src/rendering/object.dart:2907:7)
#57     RenderProxyBoxMixin.performLayout (package:flutter/src/rendering/proxy_box.dart:118:18)
#58     RenderOffstage.performLayout (package:flutter/src/rendering/proxy_box.dart:3923:13)
#59     RenderObject.layout (package:flutter/src/rendering/object.dart:2907:7)
#60     RenderProxyBoxMixin.performLayout (package:flutter/src/rendering/proxy_box.dart:118:18)
#61     RenderObject.layout (package:flutter/src/rendering/object.dart:2907:7)
#62     _RenderTheaterMixin.layoutChild (package:flutter/src/widgets/overlay.dart:1124:13)
#63     _RenderTheater.performLayout (package:flutter/src/widgets/overlay.dart:1481:9)
#64     RenderObject.layout (package:flutter/src/rendering/object.dart:2907:7)
#65     RenderProxyBoxMixin.performLayout (package:flutter/src/rendering/proxy_box.dart:118:18)
#66     RenderObject.layout (package:flutter/src/rendering/object.dart:2907:7)
#67     RenderProxyBoxMixin.performLayout (package:flutter/src/rendering/proxy_box.dart:118:18)
#68     RenderObject.layout (package:flutter/src/rendering/object.dart:2907:7)
#69     RenderProxyBoxMixin.performLayout (package:flutter/src/rendering/proxy_box.dart:118:18)
#70     RenderObject.layout (package:flutter/src/rendering/object.dart:2907:7)
#71     RenderProxyBoxMixin.performLayout (package:flutter/src/rendering/proxy_box.dart:118:18)
#72     RenderCustomPaint.performLayout (package:flutter/src/rendering/custom_paint.dart:574:11)
#73     RenderObject.layout (package:flutter/src/rendering/object.dart:2907:7)
#74     RenderProxyBoxMixin.performLayout (package:flutter/src/rendering/proxy_box.dart:118:18)
#75     RenderObject.layout (package:flutter/src/rendering/object.dart:2907:7)
#76     RenderProxyBoxMixin.performLayout (package:flutter/src/rendering/proxy_box.dart:118:18)
#77     RenderObject.layout (package:flutter/src/rendering/object.dart:2907:7)
#78     RenderProxyBoxMixin.performLayout (package:flutter/src/rendering/proxy_box.dart:118:18)
#79     RenderObject.layout (package:flutter/src/rendering/object.dart:2907:7)
#80     RenderProxyBoxMixin.performLayout (package:flutter/src/rendering/proxy_box.dart:118:18)
#81     RenderObject.layout (package:flutter/src/rendering/object.dart:2907:7)
#82     RenderProxyBoxMixin.performLayout (package:flutter/src/rendering/proxy_box.dart:118:18)
#83     RenderObject.layout (package:flutter/src/rendering/object.dart:2907:7)
#84     RenderProxyBoxMixin.performLayout (package:flutter/src/rendering/proxy_box.dart:118:18)
#85     RenderObject.layout (package:flutter/src/rendering/object.dart:2907:7)
#86     RenderView.performLayout (package:flutter/src/rendering/view.dart:292:12)
#87     RenderObject._layoutWithoutResize (package:flutter/src/rendering/object.dart:2755:7)
#88     PipelineOwner.flushLayout (package:flutter/src/rendering/object.dart:1174:18)
#89     PipelineOwner.flushLayout (package:flutter/src/rendering/object.dart:1187:15)
#90     AutomatedTestWidgetsFlutterBinding.drawFrame (package:flutter_test/src/binding.dart:2433:27)
#91     RendererBinding._handlePersistentFrameCallback (package:flutter/src/rendering/binding.dart:509:5)
#92     SchedulerBinding._invokeFrameCallback (package:flutter/src/scheduler/binding.dart:1430:15)
#93     SchedulerBinding.handleDrawFrame (package:flutter/src/scheduler/binding.dart:1345:9)
#94     AutomatedTestWidgetsFlutterBinding.pump.<anonymous closure> (package:flutter_test/src/binding.dart:2260:9)
#97     TestAsyncUtils.guard (package:flutter_test/src/test_async_utils.dart:74:41)
#98     AutomatedTestWidgetsFlutterBinding.pump (package:flutter_test/src/binding.dart:2249:27)
#99     WidgetTester.pumpWidget.<anonymous closure> (package:flutter_test/src/widget_tester.dart:598:22)
#102    TestAsyncUtils.guard (package:flutter_test/src/test_async_utils.dart:74:41)
#103    WidgetTester.pumpWidget (package:flutter_test/src/widget_tester.dart:595:27)
#104    main.<anonymous closure>.<anonymous closure> (file:///Y:/AndroidStudioProject/Github/expert-project/test/presentation/pages/tv_detail_page_test.dart:100:20)
#105    testWidgets.<anonymous closure>.<anonymous closure> (package:flutter_test/src/widget_tester.dart:192:29)
<asynchronous suspension>
#106    TestWidgetsFlutterBinding._runTestBody (package:flutter_test/src/binding.dart:1952:5)
<asynchronous suspension>
<asynchronous suspension>
(elided 7 frames from class _AssertionError, dart:async, and package:stack_trace)

The following RenderObject was being processed when the exception was fired: RenderFractionallySizedOverflowBox#77847 NEEDS-LAYOUT NEEDS-PAINT NEEDS-COMPOSITING-BITS-UPDATE:
  creator: FractionallySizedBox ΓåÉ SizedBox.expand ΓåÉ LayoutBuilder ΓåÉ ValueListenableBuilder<double> ΓåÉ
    DraggableScrollableSheet ΓåÉ Padding ΓåÉ Container ΓåÉ Stack ΓåÉ TvDetailContent ΓåÉ MediaQuery ΓåÉ Padding ΓåÉ
    SafeArea ΓåÉ Γï»
  parentData: <none> (can use size)
  constraints: BoxConstraints(w=800.0, h=544.0)
  size: MISSING
  alignment: Alignment.bottomCenter
  textDirection: ltr
  widthFactor: pass-through
  heightFactor: 0.5
This RenderObject had the following descendants (showing up to depth 5):
    child: RenderDecoratedBox#7e62b NEEDS-PAINT NEEDS-COMPOSITING-BITS-UPDATE
      child: RenderPadding#b3578 NEEDS-PAINT NEEDS-COMPOSITING-BITS-UPDATE
        child: RenderStack#753fa NEEDS-PAINT NEEDS-COMPOSITING-BITS-UPDATE
          child 1: RenderPadding#6d2c0 relayoutBoundary=up1 NEEDS-PAINT NEEDS-COMPOSITING-BITS-UPDATE
            child: RenderClipRect#2512b relayoutBoundary=up2 NEEDS-PAINT NEEDS-COMPOSITING-BITS-UPDATE
          child 2: RenderPositionedBox#a3f39 NEEDS-LAYOUT NEEDS-PAINT NEEDS-COMPOSITING-BITS-UPDATE
            child: RenderConstrainedBox#1f897 NEEDS-LAYOUT NEEDS-PAINT NEEDS-COMPOSITING-BITS-UPDATE
ΓòÉΓòÉΓòÉΓòÉΓòÉΓòÉΓòÉΓòÉΓòÉΓòÉΓòÉΓòÉΓòÉΓòÉΓòÉΓòÉΓòÉΓòÉΓòÉΓòÉΓòÉΓòÉΓòÉΓòÉΓòÉΓòÉΓòÉΓòÉΓòÉΓòÉΓòÉΓòÉΓòÉΓòÉΓòÉΓòÉΓòÉΓòÉΓòÉΓòÉΓòÉΓòÉΓòÉΓòÉΓòÉΓòÉΓòÉΓòÉΓòÉΓòÉΓòÉΓòÉΓòÉΓòÉΓòÉΓòÉΓòÉΓòÉΓòÉΓòÉΓòÉΓòÉΓòÉΓòÉΓòÉΓòÉΓòÉΓòÉΓòÉΓòÉΓòÉΓòÉΓòÉΓòÉΓòÉΓòÉΓòÉΓòÉΓòÉΓòÉΓòÉΓòÉΓòÉΓòÉΓòÉΓòÉΓòÉΓòÉΓòÉΓòÉΓòÉΓòÉΓòÉΓòÉΓòÉΓòÉΓòÉΓòÉΓòÉΓòÉ
ΓòÉΓòÉΓòí EXCEPTION CAUGHT BY RENDERING LIBRARY Γò₧ΓòÉΓòÉΓòÉΓòÉΓòÉΓòÉΓòÉΓòÉΓòÉΓòÉΓòÉΓòÉΓòÉΓòÉΓòÉΓòÉΓòÉΓòÉΓòÉΓòÉΓòÉΓòÉΓòÉΓòÉΓòÉΓòÉΓòÉΓòÉΓòÉΓòÉΓòÉΓòÉΓòÉΓòÉΓòÉΓòÉΓòÉΓòÉΓòÉΓòÉΓòÉΓòÉΓòÉΓòÉΓòÉΓòÉΓòÉΓòÉΓòÉΓòÉΓòÉΓòÉΓòÉΓòÉΓòÉΓòÉΓòÉ
The following assertion was thrown during performLayout():
RenderBox was not laid out: RenderFractionallySizedOverflowBox#77847 NEEDS-PAINT
NEEDS-COMPOSITING-BITS-UPDATE
'package:flutter/src/rendering/box.dart':
Failed assertion: line 2251 pos 12: 'hasSize'

Either the assertion indicates an error in the framework itself, or we should provide substantially
more information in this error message to help you determine and fix the underlying cause.
In either case, please report this assertion by filing a bug on GitHub:
  https://github.com/flutter/flutter/issues/new?template=02_bug.yml

The relevant error-causing widget was:
  DraggableScrollableSheet
  DraggableScrollableSheet:file:///Y:/AndroidStudioProject/Github/expert-project/lib/presentation/pages/tv_detail_page.dart:84:18

When the exception was thrown, this was the stack:
#2      RenderBox.size (package:flutter/src/rendering/box.dart:2251:12)
#3      RenderConstrainedBox.performLayout (package:flutter/src/rendering/proxy_box.dart:297:21)
#4      RenderObject.layout (package:flutter/src/rendering/object.dart:2907:7)
#5      _RenderLayoutBuilder.performLayout (package:flutter/src/widgets/layout_builder.dart:449:14)
#6      RenderObject.layout (package:flutter/src/rendering/object.dart:2907:7)
#7      RenderPadding.performLayout (package:flutter/src/rendering/shifted_box.dart:262:12)
#8      RenderObject.layout (package:flutter/src/rendering/object.dart:2907:7)
#9      ChildLayoutHelper.layoutChild (package:flutter/src/rendering/layout_helper.dart:62:11)
#10     RenderStack._computeSize (package:flutter/src/rendering/stack.dart:647:43)
#11     RenderStack.performLayout (package:flutter/src/rendering/stack.dart:682:12)
#12     RenderObject.layout (package:flutter/src/rendering/object.dart:2907:7)
#13     RenderPadding.performLayout (package:flutter/src/rendering/shifted_box.dart:262:12)
#14     RenderObject.layout (package:flutter/src/rendering/object.dart:2907:7)
#15     MultiChildLayoutDelegate.layoutChild (package:flutter/src/rendering/custom_layout.dart:180:12)
#16     _ScaffoldLayout.performLayout (package:flutter/src/material/scaffold.dart:1113:7)
#17     MultiChildLayoutDelegate._callPerformLayout (package:flutter/src/rendering/custom_layout.dart:246:7)
#18     RenderCustomMultiChildLayoutBox.performLayout (package:flutter/src/rendering/custom_layout.dart:417:14)
#19     RenderObject.layout (package:flutter/src/rendering/object.dart:2907:7)
#20     RenderProxyBoxMixin.performLayout (package:flutter/src/rendering/proxy_box.dart:118:18)
#21     RenderObject.layout (package:flutter/src/rendering/object.dart:2907:7)
#22     RenderProxyBoxMixin.performLayout (package:flutter/src/rendering/proxy_box.dart:118:18)
#23     _RenderCustomClip.performLayout (package:flutter/src/rendering/proxy_box.dart:1549:11)
#24     RenderObject.layout (package:flutter/src/rendering/object.dart:2907:7)
#25     RenderProxyBoxMixin.performLayout (package:flutter/src/rendering/proxy_box.dart:118:18)
#26     RenderObject.layout (package:flutter/src/rendering/object.dart:2907:7)
#27     RenderProxyBoxMixin.performLayout (package:flutter/src/rendering/proxy_box.dart:118:18)
#28     RenderObject.layout (package:flutter/src/rendering/object.dart:2907:7)
#29     RenderProxyBoxMixin.performLayout (package:flutter/src/rendering/proxy_box.dart:118:18)
#30     RenderObject.layout (package:flutter/src/rendering/object.dart:2907:7)
#31     RenderProxyBoxMixin.performLayout (package:flutter/src/rendering/proxy_box.dart:118:18)
#32     RenderObject.layout (package:flutter/src/rendering/object.dart:2907:7)
#33     RenderProxyBoxMixin.performLayout (package:flutter/src/rendering/proxy_box.dart:118:18)
#34     RenderObject.layout (package:flutter/src/rendering/object.dart:2907:7)
#35     RenderProxyBoxMixin.performLayout (package:flutter/src/rendering/proxy_box.dart:118:18)
#36     RenderObject.layout (package:flutter/src/rendering/object.dart:2907:7)
#37     RenderProxyBoxMixin.performLayout (package:flutter/src/rendering/proxy_box.dart:118:18)
#38     RenderObject.layout (package:flutter/src/rendering/object.dart:2907:7)
#39     RenderProxyBoxMixin.performLayout (package:flutter/src/rendering/proxy_box.dart:118:18)
#40     RenderObject.layout (package:flutter/src/rendering/object.dart:2907:7)
#41     RenderProxyBoxMixin.performLayout (package:flutter/src/rendering/proxy_box.dart:118:18)
#42     RenderObject.layout (package:flutter/src/rendering/object.dart:2907:7)
#43     RenderProxyBoxMixin.performLayout (package:flutter/src/rendering/proxy_box.dart:118:18)
#44     RenderObject.layout (package:flutter/src/rendering/object.dart:2907:7)
#45     RenderProxyBoxMixin.performLayout (package:flutter/src/rendering/proxy_box.dart:118:18)
#46     RenderObject.layout (package:flutter/src/rendering/object.dart:2907:7)
#47     RenderProxyBoxMixin.performLayout (package:flutter/src/rendering/proxy_box.dart:118:18)
#48     RenderObject.layout (package:flutter/src/rendering/object.dart:2907:7)
#49     RenderProxyBoxMixin.performLayout (package:flutter/src/rendering/proxy_box.dart:118:18)
#50     RenderObject.layout (package:flutter/src/rendering/object.dart:2907:7)
#51     RenderProxyBoxMixin.performLayout (package:flutter/src/rendering/proxy_box.dart:118:18)
#52     RenderObject.layout (package:flutter/src/rendering/object.dart:2907:7)
#53     RenderProxyBoxMixin.performLayout (package:flutter/src/rendering/proxy_box.dart:118:18)
#54     RenderObject.layout (package:flutter/src/rendering/object.dart:2907:7)
#55     RenderProxyBoxMixin.performLayout (package:flutter/src/rendering/proxy_box.dart:118:18)
#56     RenderOffstage.performLayout (package:flutter/src/rendering/proxy_box.dart:3923:13)
#57     RenderObject.layout (package:flutter/src/rendering/object.dart:2907:7)
#58     RenderProxyBoxMixin.performLayout (package:flutter/src/rendering/proxy_box.dart:118:18)
#59     RenderObject.layout (package:flutter/src/rendering/object.dart:2907:7)
#60     _RenderTheaterMixin.layoutChild (package:flutter/src/widgets/overlay.dart:1124:13)
#61     _RenderTheater.performLayout (package:flutter/src/widgets/overlay.dart:1481:9)
#62     RenderObject.layout (package:flutter/src/rendering/object.dart:2907:7)
#63     RenderProxyBoxMixin.performLayout (package:flutter/src/rendering/proxy_box.dart:118:18)
#64     RenderObject.layout (package:flutter/src/rendering/object.dart:2907:7)
#65     RenderProxyBoxMixin.performLayout (package:flutter/src/rendering/proxy_box.dart:118:18)
#66     RenderObject.layout (package:flutter/src/rendering/object.dart:2907:7)
#67     RenderProxyBoxMixin.performLayout (package:flutter/src/rendering/proxy_box.dart:118:18)
#68     RenderObject.layout (package:flutter/src/rendering/object.dart:2907:7)
#69     RenderProxyBoxMixin.performLayout (package:flutter/src/rendering/proxy_box.dart:118:18)
#70     RenderCustomPaint.performLayout (package:flutter/src/rendering/custom_paint.dart:574:11)
#71     RenderObject.layout (package:flutter/src/rendering/object.dart:2907:7)
#72     RenderProxyBoxMixin.performLayout (package:flutter/src/rendering/proxy_box.dart:118:18)
#73     RenderObject.layout (package:flutter/src/rendering/object.dart:2907:7)
#74     RenderProxyBoxMixin.performLayout (package:flutter/src/rendering/proxy_box.dart:118:18)
#75     RenderObject.layout (package:flutter/src/rendering/object.dart:2907:7)
#76     RenderProxyBoxMixin.performLayout (package:flutter/src/rendering/proxy_box.dart:118:18)
#77     RenderObject.layout (package:flutter/src/rendering/object.dart:2907:7)
#78     RenderProxyBoxMixin.performLayout (package:flutter/src/rendering/proxy_box.dart:118:18)
#79     RenderObject.layout (package:flutter/src/rendering/object.dart:2907:7)
#80     RenderProxyBoxMixin.performLayout (package:flutter/src/rendering/proxy_box.dart:118:18)
#81     RenderObject.layout (package:flutter/src/rendering/object.dart:2907:7)
#82     RenderProxyBoxMixin.performLayout (package:flutter/src/rendering/proxy_box.dart:118:18)
#83     RenderObject.layout (package:flutter/src/rendering/object.dart:2907:7)
#84     RenderView.performLayout (package:flutter/src/rendering/view.dart:292:12)
#85     RenderObject._layoutWithoutResize (package:flutter/src/rendering/object.dart:2755:7)
#86     PipelineOwner.flushLayout (package:flutter/src/rendering/object.dart:1174:18)
#87     PipelineOwner.flushLayout (package:flutter/src/rendering/object.dart:1187:15)
#88     AutomatedTestWidgetsFlutterBinding.drawFrame (package:flutter_test/src/binding.dart:2433:27)
#89     RendererBinding._handlePersistentFrameCallback (package:flutter/src/rendering/binding.dart:509:5)
#90     SchedulerBinding._invokeFrameCallback (package:flutter/src/scheduler/binding.dart:1430:15)
#91     SchedulerBinding.handleDrawFrame (package:flutter/src/scheduler/binding.dart:1345:9)
#92     AutomatedTestWidgetsFlutterBinding.pump.<anonymous closure> (package:flutter_test/src/binding.dart:2260:9)
#95     TestAsyncUtils.guard (package:flutter_test/src/test_async_utils.dart:74:41)
#96     AutomatedTestWidgetsFlutterBinding.pump (package:flutter_test/src/binding.dart:2249:27)
#97     WidgetTester.pumpWidget.<anonymous closure> (package:flutter_test/src/widget_tester.dart:598:22)
#100    TestAsyncUtils.guard (package:flutter_test/src/test_async_utils.dart:74:41)
#101    WidgetTester.pumpWidget (package:flutter_test/src/widget_tester.dart:595:27)
#102    main.<anonymous closure>.<anonymous closure> (file:///Y:/AndroidStudioProject/Github/expert-project/test/presentation/pages/tv_detail_page_test.dart:100:20)
#103    testWidgets.<anonymous closure>.<anonymous closure> (package:flutter_test/src/widget_tester.dart:192:29)
<asynchronous suspension>
#104    TestWidgetsFlutterBinding._runTestBody (package:flutter_test/src/binding.dart:1952:5)
<asynchronous suspension>
<asynchronous suspension>
(elided 7 frames from class _AssertionError, dart:async, and package:stack_trace)

The following RenderObject was being processed when the exception was fired: RenderConstrainedBox#92644 relayoutBoundary=up5 NEEDS-LAYOUT NEEDS-PAINT NEEDS-COMPOSITING-BITS-UPDATE:
  creator: SizedBox.expand ΓåÉ LayoutBuilder ΓåÉ ValueListenableBuilder<double> ΓåÉ DraggableScrollableSheet
    ΓåÉ Padding ΓåÉ Container ΓåÉ Stack ΓåÉ TvDetailContent ΓåÉ MediaQuery ΓåÉ Padding ΓåÉ SafeArea ΓåÉ
    Consumer<TvDetailNotifier> ΓåÉ Γï»
  parentData: offset=Offset(0.0, 0.0) (can use size)
  constraints: BoxConstraints(0.0<=w<=800.0, 0.0<=h<=544.0)
  size: MISSING
  additionalConstraints: BoxConstraints(biggest)
This RenderObject had the following descendants (showing up to depth 5):
    child: RenderFractionallySizedOverflowBox#77847 NEEDS-PAINT NEEDS-COMPOSITING-BITS-UPDATE
      child: RenderDecoratedBox#7e62b NEEDS-PAINT NEEDS-COMPOSITING-BITS-UPDATE
        child: RenderPadding#b3578 NEEDS-PAINT NEEDS-COMPOSITING-BITS-UPDATE
          child: RenderStack#753fa NEEDS-PAINT NEEDS-COMPOSITING-BITS-UPDATE
            child 1: RenderPadding#6d2c0 relayoutBoundary=up1 NEEDS-PAINT NEEDS-COMPOSITING-BITS-UPDATE
            child 2: RenderPositionedBox#a3f39 NEEDS-LAYOUT NEEDS-PAINT NEEDS-COMPOSITING-BITS-UPDATE
ΓòÉΓòÉΓòÉΓòÉΓòÉΓòÉΓòÉΓòÉΓòÉΓòÉΓòÉΓòÉΓòÉΓòÉΓòÉΓòÉΓòÉΓòÉΓòÉΓòÉΓòÉΓòÉΓòÉΓòÉΓòÉΓòÉΓòÉΓòÉΓòÉΓòÉΓòÉΓòÉΓòÉΓòÉΓòÉΓòÉΓòÉΓòÉΓòÉΓòÉΓòÉΓòÉΓòÉΓòÉΓòÉΓòÉΓòÉΓòÉΓòÉΓòÉΓòÉΓòÉΓòÉΓòÉΓòÉΓòÉΓòÉΓòÉΓòÉΓòÉΓòÉΓòÉΓòÉΓòÉΓòÉΓòÉΓòÉΓòÉΓòÉΓòÉΓòÉΓòÉΓòÉΓòÉΓòÉΓòÉΓòÉΓòÉΓòÉΓòÉΓòÉΓòÉΓòÉΓòÉΓòÉΓòÉΓòÉΓòÉΓòÉΓòÉΓòÉΓòÉΓòÉΓòÉΓòÉΓòÉΓòÉΓòÉΓòÉΓòÉ
ΓòÉΓòÉΓòí EXCEPTION CAUGHT BY RENDERING LIBRARY Γò₧ΓòÉΓòÉΓòÉΓòÉΓòÉΓòÉΓòÉΓòÉΓòÉΓòÉΓòÉΓòÉΓòÉΓòÉΓòÉΓòÉΓòÉΓòÉΓòÉΓòÉΓòÉΓòÉΓòÉΓòÉΓòÉΓòÉΓòÉΓòÉΓòÉΓòÉΓòÉΓòÉΓòÉΓòÉΓòÉΓòÉΓòÉΓòÉΓòÉΓòÉΓòÉΓòÉΓòÉΓòÉΓòÉΓòÉΓòÉΓòÉΓòÉΓòÉΓòÉΓòÉΓòÉΓòÉΓòÉΓòÉΓòÉ
The following assertion was thrown during performLayout():
RenderBox was not laid out: RenderConstrainedBox#92644 relayoutBoundary=up5 NEEDS-PAINT
NEEDS-COMPOSITING-BITS-UPDATE
'package:flutter/src/rendering/box.dart':
Failed assertion: line 2251 pos 12: 'hasSize'

Either the assertion indicates an error in the framework itself, or we should provide substantially
more information in this error message to help you determine and fix the underlying cause.
In either case, please report this assertion by filing a bug on GitHub:
  https://github.com/flutter/flutter/issues/new?template=02_bug.yml

The relevant error-causing widget was:
  DraggableScrollableSheet
  DraggableScrollableSheet:file:///Y:/AndroidStudioProject/Github/expert-project/lib/presentation/pages/tv_detail_page.dart:84:18

When the exception was thrown, this was the stack:
#2      RenderBox.size (package:flutter/src/rendering/box.dart:2251:12)
#3      _RenderLayoutBuilder.performLayout (package:flutter/src/widgets/layout_builder.dart:450:43)
#4      RenderObject.layout (package:flutter/src/rendering/object.dart:2907:7)
#5      RenderPadding.performLayout (package:flutter/src/rendering/shifted_box.dart:262:12)
#6      RenderObject.layout (package:flutter/src/rendering/object.dart:2907:7)
#7      ChildLayoutHelper.layoutChild (package:flutter/src/rendering/layout_helper.dart:62:11)
#8      RenderStack._computeSize (package:flutter/src/rendering/stack.dart:647:43)
#9      RenderStack.performLayout (package:flutter/src/rendering/stack.dart:682:12)
#10     RenderObject.layout (package:flutter/src/rendering/object.dart:2907:7)
#11     RenderPadding.performLayout (package:flutter/src/rendering/shifted_box.dart:262:12)
#12     RenderObject.layout (package:flutter/src/rendering/object.dart:2907:7)
#13     MultiChildLayoutDelegate.layoutChild (package:flutter/src/rendering/custom_layout.dart:180:12)
#14     _ScaffoldLayout.performLayout (package:flutter/src/material/scaffold.dart:1113:7)
#15     MultiChildLayoutDelegate._callPerformLayout (package:flutter/src/rendering/custom_layout.dart:246:7)
#16     RenderCustomMultiChildLayoutBox.performLayout (package:flutter/src/rendering/custom_layout.dart:417:14)
#17     RenderObject.layout (package:flutter/src/rendering/object.dart:2907:7)
#18     RenderProxyBoxMixin.performLayout (package:flutter/src/rendering/proxy_box.dart:118:18)
#19     RenderObject.layout (package:flutter/src/rendering/object.dart:2907:7)
#20     RenderProxyBoxMixin.performLayout (package:flutter/src/rendering/proxy_box.dart:118:18)
#21     _RenderCustomClip.performLayout (package:flutter/src/rendering/proxy_box.dart:1549:11)
#22     RenderObject.layout (package:flutter/src/rendering/object.dart:2907:7)
#23     RenderProxyBoxMixin.performLayout (package:flutter/src/rendering/proxy_box.dart:118:18)
#24     RenderObject.layout (package:flutter/src/rendering/object.dart:2907:7)
#25     RenderProxyBoxMixin.performLayout (package:flutter/src/rendering/proxy_box.dart:118:18)
#26     RenderObject.layout (package:flutter/src/rendering/object.dart:2907:7)
#27     RenderProxyBoxMixin.performLayout (package:flutter/src/rendering/proxy_box.dart:118:18)
#28     RenderObject.layout (package:flutter/src/rendering/object.dart:2907:7)
#29     RenderProxyBoxMixin.performLayout (package:flutter/src/rendering/proxy_box.dart:118:18)
#30     RenderObject.layout (package:flutter/src/rendering/object.dart:2907:7)
#31     RenderProxyBoxMixin.performLayout (package:flutter/src/rendering/proxy_box.dart:118:18)
#32     RenderObject.layout (package:flutter/src/rendering/object.dart:2907:7)
#33     RenderProxyBoxMixin.performLayout (package:flutter/src/rendering/proxy_box.dart:118:18)
#34     RenderObject.layout (package:flutter/src/rendering/object.dart:2907:7)
#35     RenderProxyBoxMixin.performLayout (package:flutter/src/rendering/proxy_box.dart:118:18)
#36     RenderObject.layout (package:flutter/src/rendering/object.dart:2907:7)
#37     RenderProxyBoxMixin.performLayout (package:flutter/src/rendering/proxy_box.dart:118:18)
#38     RenderObject.layout (package:flutter/src/rendering/object.dart:2907:7)
#39     RenderProxyBoxMixin.performLayout (package:flutter/src/rendering/proxy_box.dart:118:18)
#40     RenderObject.layout (package:flutter/src/rendering/object.dart:2907:7)
#41     RenderProxyBoxMixin.performLayout (package:flutter/src/rendering/proxy_box.dart:118:18)
#42     RenderObject.layout (package:flutter/src/rendering/object.dart:2907:7)
#43     RenderProxyBoxMixin.performLayout (package:flutter/src/rendering/proxy_box.dart:118:18)
#44     RenderObject.layout (package:flutter/src/rendering/object.dart:2907:7)
#45     RenderProxyBoxMixin.performLayout (package:flutter/src/rendering/proxy_box.dart:118:18)
#46     RenderObject.layout (package:flutter/src/rendering/object.dart:2907:7)
#47     RenderProxyBoxMixin.performLayout (package:flutter/src/rendering/proxy_box.dart:118:18)
#48     RenderObject.layout (package:flutter/src/rendering/object.dart:2907:7)
#49     RenderProxyBoxMixin.performLayout (package:flutter/src/rendering/proxy_box.dart:118:18)
#50     RenderObject.layout (package:flutter/src/rendering/object.dart:2907:7)
#51     RenderProxyBoxMixin.performLayout (package:flutter/src/rendering/proxy_box.dart:118:18)
#52     RenderObject.layout (package:flutter/src/rendering/object.dart:2907:7)
#53     RenderProxyBoxMixin.performLayout (package:flutter/src/rendering/proxy_box.dart:118:18)
#54     RenderOffstage.performLayout (package:flutter/src/rendering/proxy_box.dart:3923:13)
#55     RenderObject.layout (package:flutter/src/rendering/object.dart:2907:7)
#56     RenderProxyBoxMixin.performLayout (package:flutter/src/rendering/proxy_box.dart:118:18)
#57     RenderObject.layout (package:flutter/src/rendering/object.dart:2907:7)
#58     _RenderTheaterMixin.layoutChild (package:flutter/src/widgets/overlay.dart:1124:13)
#59     _RenderTheater.performLayout (package:flutter/src/widgets/overlay.dart:1481:9)
#60     RenderObject.layout (package:flutter/src/rendering/object.dart:2907:7)
#61     RenderProxyBoxMixin.performLayout (package:flutter/src/rendering/proxy_box.dart:118:18)
#62     RenderObject.layout (package:flutter/src/rendering/object.dart:2907:7)
#63     RenderProxyBoxMixin.performLayout (package:flutter/src/rendering/proxy_box.dart:118:18)
#64     RenderObject.layout (package:flutter/src/rendering/object.dart:2907:7)
#65     RenderProxyBoxMixin.performLayout (package:flutter/src/rendering/proxy_box.dart:118:18)
#66     RenderObject.layout (package:flutter/src/rendering/object.dart:2907:7)
#67     RenderProxyBoxMixin.performLayout (package:flutter/src/rendering/proxy_box.dart:118:18)
#68     RenderCustomPaint.performLayout (package:flutter/src/rendering/custom_paint.dart:574:11)
#69     RenderObject.layout (package:flutter/src/rendering/object.dart:2907:7)
#70     RenderProxyBoxMixin.performLayout (package:flutter/src/rendering/proxy_box.dart:118:18)
#71     RenderObject.layout (package:flutter/src/rendering/object.dart:2907:7)
#72     RenderProxyBoxMixin.performLayout (package:flutter/src/rendering/proxy_box.dart:118:18)
#73     RenderObject.layout (package:flutter/src/rendering/object.dart:2907:7)
#74     RenderProxyBoxMixin.performLayout (package:flutter/src/rendering/proxy_box.dart:118:18)
#75     RenderObject.layout (package:flutter/src/rendering/object.dart:2907:7)
#76     RenderProxyBoxMixin.performLayout (package:flutter/src/rendering/proxy_box.dart:118:18)
#77     RenderObject.layout (package:flutter/src/rendering/object.dart:2907:7)
#78     RenderProxyBoxMixin.performLayout (package:flutter/src/rendering/proxy_box.dart:118:18)
#79     RenderObject.layout (package:flutter/src/rendering/object.dart:2907:7)
#80     RenderProxyBoxMixin.performLayout (package:flutter/src/rendering/proxy_box.dart:118:18)
#81     RenderObject.layout (package:flutter/src/rendering/object.dart:2907:7)
#82     RenderView.performLayout (package:flutter/src/rendering/view.dart:292:12)
#83     RenderObject._layoutWithoutResize (package:flutter/src/rendering/object.dart:2755:7)
#84     PipelineOwner.flushLayout (package:flutter/src/rendering/object.dart:1174:18)
#85     PipelineOwner.flushLayout (package:flutter/src/rendering/object.dart:1187:15)
#86     AutomatedTestWidgetsFlutterBinding.drawFrame (package:flutter_test/src/binding.dart:2433:27)
#87     RendererBinding._handlePersistentFrameCallback (package:flutter/src/rendering/binding.dart:509:5)
#88     SchedulerBinding._invokeFrameCallback (package:flutter/src/scheduler/binding.dart:1430:15)
#89     SchedulerBinding.handleDrawFrame (package:flutter/src/scheduler/binding.dart:1345:9)
#90     AutomatedTestWidgetsFlutterBinding.pump.<anonymous closure> (package:flutter_test/src/binding.dart:2260:9)
#93     TestAsyncUtils.guard (package:flutter_test/src/test_async_utils.dart:74:41)
#94     AutomatedTestWidgetsFlutterBinding.pump (package:flutter_test/src/binding.dart:2249:27)
#95     WidgetTester.pumpWidget.<anonymous closure> (package:flutter_test/src/widget_tester.dart:598:22)
#98     TestAsyncUtils.guard (package:flutter_test/src/test_async_utils.dart:74:41)
#99     WidgetTester.pumpWidget (package:flutter_test/src/widget_tester.dart:595:27)
#100    main.<anonymous closure>.<anonymous closure> (file:///Y:/AndroidStudioProject/Github/expert-project/test/presentation/pages/tv_detail_page_test.dart:100:20)
#101    testWidgets.<anonymous closure>.<anonymous closure> (package:flutter_test/src/widget_tester.dart:192:29)
<asynchronous suspension>
#102    TestWidgetsFlutterBinding._runTestBody (package:flutter_test/src/binding.dart:1952:5)
<asynchronous suspension>
<asynchronous suspension>
(elided 7 frames from class _AssertionError, dart:async, and package:stack_trace)

The following RenderObject was being processed when the exception was fired: _RenderLayoutBuilder#4b700 relayoutBoundary=up4 NEEDS-LAYOUT NEEDS-PAINT NEEDS-COMPOSITING-BITS-UPDATE:
  creator: LayoutBuilder ΓåÉ ValueListenableBuilder<double> ΓåÉ DraggableScrollableSheet ΓåÉ Padding ΓåÉ
    Container ΓåÉ Stack ΓåÉ TvDetailContent ΓåÉ MediaQuery ΓåÉ Padding ΓåÉ SafeArea ΓåÉ Consumer<TvDetailNotifier>
    ΓåÉ KeyedSubtree-[GlobalKey#c5cd7] ΓåÉ Γï»
  parentData: offset=Offset(0.0, 0.0) (can use size)
  constraints: BoxConstraints(0.0<=w<=800.0, 0.0<=h<=544.0)
  size: MISSING
This RenderObject had the following descendants (showing up to depth 5):
    child: RenderConstrainedBox#92644 relayoutBoundary=up5 NEEDS-PAINT NEEDS-COMPOSITING-BITS-UPDATE
      child: RenderFractionallySizedOverflowBox#77847 NEEDS-PAINT NEEDS-COMPOSITING-BITS-UPDATE
        child: RenderDecoratedBox#7e62b NEEDS-PAINT NEEDS-COMPOSITING-BITS-UPDATE
          child: RenderPadding#b3578 NEEDS-PAINT NEEDS-COMPOSITING-BITS-UPDATE
            child: RenderStack#753fa NEEDS-PAINT NEEDS-COMPOSITING-BITS-UPDATE
ΓòÉΓòÉΓòÉΓòÉΓòÉΓòÉΓòÉΓòÉΓòÉΓòÉΓòÉΓòÉΓòÉΓòÉΓòÉΓòÉΓòÉΓòÉΓòÉΓòÉΓòÉΓòÉΓòÉΓòÉΓòÉΓòÉΓòÉΓòÉΓòÉΓòÉΓòÉΓòÉΓòÉΓòÉΓòÉΓòÉΓòÉΓòÉΓòÉΓòÉΓòÉΓòÉΓòÉΓòÉΓòÉΓòÉΓòÉΓòÉΓòÉΓòÉΓòÉΓòÉΓòÉΓòÉΓòÉΓòÉΓòÉΓòÉΓòÉΓòÉΓòÉΓòÉΓòÉΓòÉΓòÉΓòÉΓòÉΓòÉΓòÉΓòÉΓòÉΓòÉΓòÉΓòÉΓòÉΓòÉΓòÉΓòÉΓòÉΓòÉΓòÉΓòÉΓòÉΓòÉΓòÉΓòÉΓòÉΓòÉΓòÉΓòÉΓòÉΓòÉΓòÉΓòÉΓòÉΓòÉΓòÉΓòÉΓòÉΓòÉ
ΓòÉΓòÉΓòí EXCEPTION CAUGHT BY RENDERING LIBRARY Γò₧ΓòÉΓòÉΓòÉΓòÉΓòÉΓòÉΓòÉΓòÉΓòÉΓòÉΓòÉΓòÉΓòÉΓòÉΓòÉΓòÉΓòÉΓòÉΓòÉΓòÉΓòÉΓòÉΓòÉΓòÉΓòÉΓòÉΓòÉΓòÉΓòÉΓòÉΓòÉΓòÉΓòÉΓòÉΓòÉΓòÉΓòÉΓòÉΓòÉΓòÉΓòÉΓòÉΓòÉΓòÉΓòÉΓòÉΓòÉΓòÉΓòÉΓòÉΓòÉΓòÉΓòÉΓòÉΓòÉΓòÉΓòÉ
The following assertion was thrown during performLayout():
RenderBox was not laid out: _RenderLayoutBuilder#4b700 relayoutBoundary=up4 NEEDS-PAINT
NEEDS-COMPOSITING-BITS-UPDATE
'package:flutter/src/rendering/box.dart':
Failed assertion: line 2251 pos 12: 'hasSize'

Either the assertion indicates an error in the framework itself, or we should provide substantially
more information in this error message to help you determine and fix the underlying cause.
In either case, please report this assertion by filing a bug on GitHub:
  https://github.com/flutter/flutter/issues/new?template=02_bug.yml

The relevant error-causing widget was:
  Container
  Container:file:///Y:/AndroidStudioProject/Github/expert-project/lib/presentation/pages/tv_detail_page.dart:82:9

When the exception was thrown, this was the stack:
#2      RenderBox.size (package:flutter/src/rendering/box.dart:2251:12)
#3      RenderPadding.performLayout (package:flutter/src/rendering/shifted_box.dart:266:40)
#4      RenderObject.layout (package:flutter/src/rendering/object.dart:2907:7)
#5      ChildLayoutHelper.layoutChild (package:flutter/src/rendering/layout_helper.dart:62:11)
#6      RenderStack._computeSize (package:flutter/src/rendering/stack.dart:647:43)
#7      RenderStack.performLayout (package:flutter/src/rendering/stack.dart:682:12)
#8      RenderObject.layout (package:flutter/src/rendering/object.dart:2907:7)
#9      RenderPadding.performLayout (package:flutter/src/rendering/shifted_box.dart:262:12)
#10     RenderObject.layout (package:flutter/src/rendering/object.dart:2907:7)
#11     MultiChildLayoutDelegate.layoutChild (package:flutter/src/rendering/custom_layout.dart:180:12)
#12     _ScaffoldLayout.performLayout (package:flutter/src/material/scaffold.dart:1113:7)
#13     MultiChildLayoutDelegate._callPerformLayout (package:flutter/src/rendering/custom_layout.dart:246:7)
#14     RenderCustomMultiChildLayoutBox.performLayout (package:flutter/src/rendering/custom_layout.dart:417:14)
#15     RenderObject.layout (package:flutter/src/rendering/object.dart:2907:7)
#16     RenderProxyBoxMixin.performLayout (package:flutter/src/rendering/proxy_box.dart:118:18)
#17     RenderObject.layout (package:flutter/src/rendering/object.dart:2907:7)
#18     RenderProxyBoxMixin.performLayout (package:flutter/src/rendering/proxy_box.dart:118:18)
#19     _RenderCustomClip.performLayout (package:flutter/src/rendering/proxy_box.dart:1549:11)
#20     RenderObject.layout (package:flutter/src/rendering/object.dart:2907:7)
#21     RenderProxyBoxMixin.performLayout (package:flutter/src/rendering/proxy_box.dart:118:18)
#22     RenderObject.layout (package:flutter/src/rendering/object.dart:2907:7)
#23     RenderProxyBoxMixin.performLayout (package:flutter/src/rendering/proxy_box.dart:118:18)
#24     RenderObject.layout (package:flutter/src/rendering/object.dart:2907:7)
#25     RenderProxyBoxMixin.performLayout (package:flutter/src/rendering/proxy_box.dart:118:18)
#26     RenderObject.layout (package:flutter/src/rendering/object.dart:2907:7)
#27     RenderProxyBoxMixin.performLayout (package:flutter/src/rendering/proxy_box.dart:118:18)
#28     RenderObject.layout (package:flutter/src/rendering/object.dart:2907:7)
#29     RenderProxyBoxMixin.performLayout (package:flutter/src/rendering/proxy_box.dart:118:18)
#30     RenderObject.layout (package:flutter/src/rendering/object.dart:2907:7)
#31     RenderProxyBoxMixin.performLayout (package:flutter/src/rendering/proxy_box.dart:118:18)
#32     RenderObject.layout (package:flutter/src/rendering/object.dart:2907:7)
#33     RenderProxyBoxMixin.performLayout (package:flutter/src/rendering/proxy_box.dart:118:18)
#34     RenderObject.layout (package:flutter/src/rendering/object.dart:2907:7)
#35     RenderProxyBoxMixin.performLayout (package:flutter/src/rendering/proxy_box.dart:118:18)
#36     RenderObject.layout (package:flutter/src/rendering/object.dart:2907:7)
#37     RenderProxyBoxMixin.performLayout (package:flutter/src/rendering/proxy_box.dart:118:18)
#38     RenderObject.layout (package:flutter/src/rendering/object.dart:2907:7)
#39     RenderProxyBoxMixin.performLayout (package:flutter/src/rendering/proxy_box.dart:118:18)
#40     RenderObject.layout (package:flutter/src/rendering/object.dart:2907:7)
#41     RenderProxyBoxMixin.performLayout (package:flutter/src/rendering/proxy_box.dart:118:18)
#42     RenderObject.layout (package:flutter/src/rendering/object.dart:2907:7)
#43     RenderProxyBoxMixin.performLayout (package:flutter/src/rendering/proxy_box.dart:118:18)
#44     RenderObject.layout (package:flutter/src/rendering/object.dart:2907:7)
#45     RenderProxyBoxMixin.performLayout (package:flutter/src/rendering/proxy_box.dart:118:18)
#46     RenderObject.layout (package:flutter/src/rendering/object.dart:2907:7)
#47     RenderProxyBoxMixin.performLayout (package:flutter/src/rendering/proxy_box.dart:118:18)
#48     RenderObject.layout (package:flutter/src/rendering/object.dart:2907:7)
#49     RenderProxyBoxMixin.performLayout (package:flutter/src/rendering/proxy_box.dart:118:18)
#50     RenderObject.layout (package:flutter/src/rendering/object.dart:2907:7)
#51     RenderProxyBoxMixin.performLayout (package:flutter/src/rendering/proxy_box.dart:118:18)
#52     RenderOffstage.performLayout (package:flutter/src/rendering/proxy_box.dart:3923:13)
#53     RenderObject.layout (package:flutter/src/rendering/object.dart:2907:7)
#54     RenderProxyBoxMixin.performLayout (package:flutter/src/rendering/proxy_box.dart:118:18)
#55     RenderObject.layout (package:flutter/src/rendering/object.dart:2907:7)
#56     _RenderTheaterMixin.layoutChild (package:flutter/src/widgets/overlay.dart:1124:13)
#57     _RenderTheater.performLayout (package:flutter/src/widgets/overlay.dart:1481:9)
#58     RenderObject.layout (package:flutter/src/rendering/object.dart:2907:7)
#59     RenderProxyBoxMixin.performLayout (package:flutter/src/rendering/proxy_box.dart:118:18)
#60     RenderObject.layout (package:flutter/src/rendering/object.dart:2907:7)
#61     RenderProxyBoxMixin.performLayout (package:flutter/src/rendering/proxy_box.dart:118:18)
#62     RenderObject.layout (package:flutter/src/rendering/object.dart:2907:7)
#63     RenderProxyBoxMixin.performLayout (package:flutter/src/rendering/proxy_box.dart:118:18)
#64     RenderObject.layout (package:flutter/src/rendering/object.dart:2907:7)
#65     RenderProxyBoxMixin.performLayout (package:flutter/src/rendering/proxy_box.dart:118:18)
#66     RenderCustomPaint.performLayout (package:flutter/src/rendering/custom_paint.dart:574:11)
#67     RenderObject.layout (package:flutter/src/rendering/object.dart:2907:7)
#68     RenderProxyBoxMixin.performLayout (package:flutter/src/rendering/proxy_box.dart:118:18)
#69     RenderObject.layout (package:flutter/src/rendering/object.dart:2907:7)
#70     RenderProxyBoxMixin.performLayout (package:flutter/src/rendering/proxy_box.dart:118:18)
#71     RenderObject.layout (package:flutter/src/rendering/object.dart:2907:7)
#72     RenderProxyBoxMixin.performLayout (package:flutter/src/rendering/proxy_box.dart:118:18)
#73     RenderObject.layout (package:flutter/src/rendering/object.dart:2907:7)
#74     RenderProxyBoxMixin.performLayout (package:flutter/src/rendering/proxy_box.dart:118:18)
#75     RenderObject.layout (package:flutter/src/rendering/object.dart:2907:7)
#76     RenderProxyBoxMixin.performLayout (package:flutter/src/rendering/proxy_box.dart:118:18)
#77     RenderObject.layout (package:flutter/src/rendering/object.dart:2907:7)
#78     RenderProxyBoxMixin.performLayout (package:flutter/src/rendering/proxy_box.dart:118:18)
#79     RenderObject.layout (package:flutter/src/rendering/object.dart:2907:7)
#80     RenderView.performLayout (package:flutter/src/rendering/view.dart:292:12)
#81     RenderObject._layoutWithoutResize (package:flutter/src/rendering/object.dart:2755:7)
#82     PipelineOwner.flushLayout (package:flutter/src/rendering/object.dart:1174:18)
#83     PipelineOwner.flushLayout (package:flutter/src/rendering/object.dart:1187:15)
#84     AutomatedTestWidgetsFlutterBinding.drawFrame (package:flutter_test/src/binding.dart:2433:27)
#85     RendererBinding._handlePersistentFrameCallback (package:flutter/src/rendering/binding.dart:509:5)
#86     SchedulerBinding._invokeFrameCallback (package:flutter/src/scheduler/binding.dart:1430:15)
#87     SchedulerBinding.handleDrawFrame (package:flutter/src/scheduler/binding.dart:1345:9)
#88     AutomatedTestWidgetsFlutterBinding.pump.<anonymous closure> (package:flutter_test/src/binding.dart:2260:9)
#91     TestAsyncUtils.guard (package:flutter_test/src/test_async_utils.dart:74:41)
#92     AutomatedTestWidgetsFlutterBinding.pump (package:flutter_test/src/binding.dart:2249:27)
#93     WidgetTester.pumpWidget.<anonymous closure> (package:flutter_test/src/widget_tester.dart:598:22)
#96     TestAsyncUtils.guard (package:flutter_test/src/test_async_utils.dart:74:41)
#97     WidgetTester.pumpWidget (package:flutter_test/src/widget_tester.dart:595:27)
#98     main.<anonymous closure>.<anonymous closure> (file:///Y:/AndroidStudioProject/Github/expert-project/test/presentation/pages/tv_detail_page_test.dart:100:20)
#99     testWidgets.<anonymous closure>.<anonymous closure> (package:flutter_test/src/widget_tester.dart:192:29)
<asynchronous suspension>
#100    TestWidgetsFlutterBinding._runTestBody (package:flutter_test/src/binding.dart:1952:5)
<asynchronous suspension>
<asynchronous suspension>
(elided 7 frames from class _AssertionError, dart:async, and package:stack_trace)

The following RenderObject was being processed when the exception was fired: RenderPadding#b9165 relayoutBoundary=up3 NEEDS-LAYOUT NEEDS-PAINT NEEDS-COMPOSITING-BITS-UPDATE:
  creator: Padding ΓåÉ Container ΓåÉ Stack ΓåÉ TvDetailContent ΓåÉ MediaQuery ΓåÉ Padding ΓåÉ SafeArea ΓåÉ
    Consumer<TvDetailNotifier> ΓåÉ KeyedSubtree-[GlobalKey#c5cd7] ΓåÉ _BodyBuilder ΓåÉ MediaQuery ΓåÉ
    LayoutId-[<_ScaffoldSlot.body>] ΓåÉ Γï»
  parentData: not positioned; offset=Offset(0.0, 0.0) (can use size)
  constraints: BoxConstraints(0.0<=w<=800.0, 0.0<=h<=600.0)
  size: MISSING
  padding: EdgeInsets(0.0, 56.0, 0.0, 0.0)
  textDirection: ltr
This RenderObject had the following descendants (showing up to depth 5):
    child: _RenderLayoutBuilder#4b700 relayoutBoundary=up4 NEEDS-PAINT NEEDS-COMPOSITING-BITS-UPDATE
      child: RenderConstrainedBox#92644 relayoutBoundary=up5 NEEDS-PAINT NEEDS-COMPOSITING-BITS-UPDATE
        child: RenderFractionallySizedOverflowBox#77847 NEEDS-PAINT NEEDS-COMPOSITING-BITS-UPDATE
          child: RenderDecoratedBox#7e62b NEEDS-PAINT NEEDS-COMPOSITING-BITS-UPDATE
            child: RenderPadding#b3578 NEEDS-PAINT NEEDS-COMPOSITING-BITS-UPDATE
ΓòÉΓòÉΓòÉΓòÉΓòÉΓòÉΓòÉΓòÉΓòÉΓòÉΓòÉΓòÉΓòÉΓòÉΓòÉΓòÉΓòÉΓòÉΓòÉΓòÉΓòÉΓòÉΓòÉΓòÉΓòÉΓòÉΓòÉΓòÉΓòÉΓòÉΓòÉΓòÉΓòÉΓòÉΓòÉΓòÉΓòÉΓòÉΓòÉΓòÉΓòÉΓòÉΓòÉΓòÉΓòÉΓòÉΓòÉΓòÉΓòÉΓòÉΓòÉΓòÉΓòÉΓòÉΓòÉΓòÉΓòÉΓòÉΓòÉΓòÉΓòÉΓòÉΓòÉΓòÉΓòÉΓòÉΓòÉΓòÉΓòÉΓòÉΓòÉΓòÉΓòÉΓòÉΓòÉΓòÉΓòÉΓòÉΓòÉΓòÉΓòÉΓòÉΓòÉΓòÉΓòÉΓòÉΓòÉΓòÉΓòÉΓòÉΓòÉΓòÉΓòÉΓòÉΓòÉΓòÉΓòÉΓòÉΓòÉΓòÉ
ΓòÉΓòÉΓòí EXCEPTION CAUGHT BY RENDERING LIBRARY Γò₧ΓòÉΓòÉΓòÉΓòÉΓòÉΓòÉΓòÉΓòÉΓòÉΓòÉΓòÉΓòÉΓòÉΓòÉΓòÉΓòÉΓòÉΓòÉΓòÉΓòÉΓòÉΓòÉΓòÉΓòÉΓòÉΓòÉΓòÉΓòÉΓòÉΓòÉΓòÉΓòÉΓòÉΓòÉΓòÉΓòÉΓòÉΓòÉΓòÉΓòÉΓòÉΓòÉΓòÉΓòÉΓòÉΓòÉΓòÉΓòÉΓòÉΓòÉΓòÉΓòÉΓòÉΓòÉΓòÉΓòÉΓòÉ
The following assertion was thrown during performLayout():
RenderBox was not laid out: RenderPadding#b9165 relayoutBoundary=up3 NEEDS-PAINT
NEEDS-COMPOSITING-BITS-UPDATE
'package:flutter/src/rendering/box.dart':
Failed assertion: line 2251 pos 12: 'hasSize'

Either the assertion indicates an error in the framework itself, or we should provide substantially
more information in this error message to help you determine and fix the underlying cause.
In either case, please report this assertion by filing a bug on GitHub:
  https://github.com/flutter/flutter/issues/new?template=02_bug.yml

The relevant error-causing widget was:
  Stack
  Stack:file:///Y:/AndroidStudioProject/Github/expert-project/lib/presentation/pages/tv_detail_page.dart:72:12

When the exception was thrown, this was the stack:
#2      RenderBox.size (package:flutter/src/rendering/box.dart:2251:12)
#3      ChildLayoutHelper.layoutChild (package:flutter/src/rendering/layout_helper.dart:63:18)
#4      RenderStack._computeSize (package:flutter/src/rendering/stack.dart:647:43)
#5      RenderStack.performLayout (package:flutter/src/rendering/stack.dart:682:12)
#6      RenderObject.layout (package:flutter/src/rendering/object.dart:2907:7)
#7      RenderPadding.performLayout (package:flutter/src/rendering/shifted_box.dart:262:12)
#8      RenderObject.layout (package:flutter/src/rendering/object.dart:2907:7)
#9      MultiChildLayoutDelegate.layoutChild (package:flutter/src/rendering/custom_layout.dart:180:12)
#10     _ScaffoldLayout.performLayout (package:flutter/src/material/scaffold.dart:1113:7)
#11     MultiChildLayoutDelegate._callPerformLayout (package:flutter/src/rendering/custom_layout.dart:246:7)
#12     RenderCustomMultiChildLayoutBox.performLayout (package:flutter/src/rendering/custom_layout.dart:417:14)
#13     RenderObject.layout (package:flutter/src/rendering/object.dart:2907:7)
#14     RenderProxyBoxMixin.performLayout (package:flutter/src/rendering/proxy_box.dart:118:18)
#15     RenderObject.layout (package:flutter/src/rendering/object.dart:2907:7)
#16     RenderProxyBoxMixin.performLayout (package:flutter/src/rendering/proxy_box.dart:118:18)
#17     _RenderCustomClip.performLayout (package:flutter/src/rendering/proxy_box.dart:1549:11)
#18     RenderObject.layout (package:flutter/src/rendering/object.dart:2907:7)
#19     RenderProxyBoxMixin.performLayout (package:flutter/src/rendering/proxy_box.dart:118:18)
#20     RenderObject.layout (package:flutter/src/rendering/object.dart:2907:7)
#21     RenderProxyBoxMixin.performLayout (package:flutter/src/rendering/proxy_box.dart:118:18)
#22     RenderObject.layout (package:flutter/src/rendering/object.dart:2907:7)
#23     RenderProxyBoxMixin.performLayout (package:flutter/src/rendering/proxy_box.dart:118:18)
#24     RenderObject.layout (package:flutter/src/rendering/object.dart:2907:7)
#25     RenderProxyBoxMixin.performLayout (package:flutter/src/rendering/proxy_box.dart:118:18)
#26     RenderObject.layout (package:flutter/src/rendering/object.dart:2907:7)
#27     RenderProxyBoxMixin.performLayout (package:flutter/src/rendering/proxy_box.dart:118:18)
#28     RenderObject.layout (package:flutter/src/rendering/object.dart:2907:7)
#29     RenderProxyBoxMixin.performLayout (package:flutter/src/rendering/proxy_box.dart:118:18)
#30     RenderObject.layout (package:flutter/src/rendering/object.dart:2907:7)
#31     RenderProxyBoxMixin.performLayout (package:flutter/src/rendering/proxy_box.dart:118:18)
#32     RenderObject.layout (package:flutter/src/rendering/object.dart:2907:7)
#33     RenderProxyBoxMixin.performLayout (package:flutter/src/rendering/proxy_box.dart:118:18)
#34     RenderObject.layout (package:flutter/src/rendering/object.dart:2907:7)
#35     RenderProxyBoxMixin.performLayout (package:flutter/src/rendering/proxy_box.dart:118:18)
#36     RenderObject.layout (package:flutter/src/rendering/object.dart:2907:7)
#37     RenderProxyBoxMixin.performLayout (package:flutter/src/rendering/proxy_box.dart:118:18)
#38     RenderObject.layout (package:flutter/src/rendering/object.dart:2907:7)
#39     RenderProxyBoxMixin.performLayout (package:flutter/src/rendering/proxy_box.dart:118:18)
#40     RenderObject.layout (package:flutter/src/rendering/object.dart:2907:7)
#41     RenderProxyBoxMixin.performLayout (package:flutter/src/rendering/proxy_box.dart:118:18)
#42     RenderObject.layout (package:flutter/src/rendering/object.dart:2907:7)
#43     RenderProxyBoxMixin.performLayout (package:flutter/src/rendering/proxy_box.dart:118:18)
#44     RenderObject.layout (package:flutter/src/rendering/object.dart:2907:7)
#45     RenderProxyBoxMixin.performLayout (package:flutter/src/rendering/proxy_box.dart:118:18)
#46     RenderObject.layout (package:flutter/src/rendering/object.dart:2907:7)
#47     RenderProxyBoxMixin.performLayout (package:flutter/src/rendering/proxy_box.dart:118:18)
#48     RenderObject.layout (package:flutter/src/rendering/object.dart:2907:7)
#49     RenderProxyBoxMixin.performLayout (package:flutter/src/rendering/proxy_box.dart:118:18)
#50     RenderOffstage.performLayout (package:flutter/src/rendering/proxy_box.dart:3923:13)
#51     RenderObject.layout (package:flutter/src/rendering/object.dart:2907:7)
#52     RenderProxyBoxMixin.performLayout (package:flutter/src/rendering/proxy_box.dart:118:18)
#53     RenderObject.layout (package:flutter/src/rendering/object.dart:2907:7)
#54     _RenderTheaterMixin.layoutChild (package:flutter/src/widgets/overlay.dart:1124:13)
#55     _RenderTheater.performLayout (package:flutter/src/widgets/overlay.dart:1481:9)
#56     RenderObject.layout (package:flutter/src/rendering/object.dart:2907:7)
#57     RenderProxyBoxMixin.performLayout (package:flutter/src/rendering/proxy_box.dart:118:18)
#58     RenderObject.layout (package:flutter/src/rendering/object.dart:2907:7)
#59     RenderProxyBoxMixin.performLayout (package:flutter/src/rendering/proxy_box.dart:118:18)
#60     RenderObject.layout (package:flutter/src/rendering/object.dart:2907:7)
#61     RenderProxyBoxMixin.performLayout (package:flutter/src/rendering/proxy_box.dart:118:18)
#62     RenderObject.layout (package:flutter/src/rendering/object.dart:2907:7)
#63     RenderProxyBoxMixin.performLayout (package:flutter/src/rendering/proxy_box.dart:118:18)
#64     RenderCustomPaint.performLayout (package:flutter/src/rendering/custom_paint.dart:574:11)
#65     RenderObject.layout (package:flutter/src/rendering/object.dart:2907:7)
#66     RenderProxyBoxMixin.performLayout (package:flutter/src/rendering/proxy_box.dart:118:18)
#67     RenderObject.layout (package:flutter/src/rendering/object.dart:2907:7)
#68     RenderProxyBoxMixin.performLayout (package:flutter/src/rendering/proxy_box.dart:118:18)
#69     RenderObject.layout (package:flutter/src/rendering/object.dart:2907:7)
#70     RenderProxyBoxMixin.performLayout (package:flutter/src/rendering/proxy_box.dart:118:18)
#71     RenderObject.layout (package:flutter/src/rendering/object.dart:2907:7)
#72     RenderProxyBoxMixin.performLayout (package:flutter/src/rendering/proxy_box.dart:118:18)
#73     RenderObject.layout (package:flutter/src/rendering/object.dart:2907:7)
#74     RenderProxyBoxMixin.performLayout (package:flutter/src/rendering/proxy_box.dart:118:18)
#75     RenderObject.layout (package:flutter/src/rendering/object.dart:2907:7)
#76     RenderProxyBoxMixin.performLayout (package:flutter/src/rendering/proxy_box.dart:118:18)
#77     RenderObject.layout (package:flutter/src/rendering/object.dart:2907:7)
#78     RenderView.performLayout (package:flutter/src/rendering/view.dart:292:12)
#79     RenderObject._layoutWithoutResize (package:flutter/src/rendering/object.dart:2755:7)
#80     PipelineOwner.flushLayout (package:flutter/src/rendering/object.dart:1174:18)
#81     PipelineOwner.flushLayout (package:flutter/src/rendering/object.dart:1187:15)
#82     AutomatedTestWidgetsFlutterBinding.drawFrame (package:flutter_test/src/binding.dart:2433:27)
#83     RendererBinding._handlePersistentFrameCallback (package:flutter/src/rendering/binding.dart:509:5)
#84     SchedulerBinding._invokeFrameCallback (package:flutter/src/scheduler/binding.dart:1430:15)
#85     SchedulerBinding.handleDrawFrame (package:flutter/src/scheduler/binding.dart:1345:9)
#86     AutomatedTestWidgetsFlutterBinding.pump.<anonymous closure> (package:flutter_test/src/binding.dart:2260:9)
#89     TestAsyncUtils.guard (package:flutter_test/src/test_async_utils.dart:74:41)
#90     AutomatedTestWidgetsFlutterBinding.pump (package:flutter_test/src/binding.dart:2249:27)
#91     WidgetTester.pumpWidget.<anonymous closure> (package:flutter_test/src/widget_tester.dart:598:22)
#94     TestAsyncUtils.guard (package:flutter_test/src/test_async_utils.dart:74:41)
#95     WidgetTester.pumpWidget (package:flutter_test/src/widget_tester.dart:595:27)
#96     main.<anonymous closure>.<anonymous closure> (file:///Y:/AndroidStudioProject/Github/expert-project/test/presentation/pages/tv_detail_page_test.dart:100:20)
#97     testWidgets.<anonymous closure>.<anonymous closure> (package:flutter_test/src/widget_tester.dart:192:29)
<asynchronous suspension>
#98     TestWidgetsFlutterBinding._runTestBody (package:flutter_test/src/binding.dart:1952:5)
<asynchronous suspension>
<asynchronous suspension>
(elided 7 frames from class _AssertionError, dart:async, and package:stack_trace)

The following RenderObject was being processed when the exception was fired: RenderStack#619a8 relayoutBoundary=up2 NEEDS-LAYOUT NEEDS-PAINT NEEDS-COMPOSITING-BITS-UPDATE:
  creator: Stack ΓåÉ TvDetailContent ΓåÉ MediaQuery ΓåÉ Padding ΓåÉ SafeArea ΓåÉ Consumer<TvDetailNotifier> ΓåÉ
    KeyedSubtree-[GlobalKey#c5cd7] ΓåÉ _BodyBuilder ΓåÉ MediaQuery ΓåÉ LayoutId-[<_ScaffoldSlot.body>] ΓåÉ
    CustomMultiChildLayout ΓåÉ _ActionsScope ΓåÉ Γï»
  parentData: offset=Offset(0.0, 0.0) (can use size)
  constraints: BoxConstraints(0.0<=w<=800.0, 0.0<=h<=600.0)
  size: MISSING
  alignment: AlignmentDirectional.topStart
  textDirection: ltr
  fit: loose
This RenderObject had the following descendants (showing up to depth 5):
    child 1: RenderConstrainedBox#e79c7 relayoutBoundary=up3 NEEDS-PAINT NEEDS-COMPOSITING-BITS-UPDATE
      child: RenderPositionedBox#c4b00 relayoutBoundary=up4 NEEDS-PAINT NEEDS-COMPOSITING-BITS-UPDATE
        child: RenderSemanticsAnnotations#ed7c4 relayoutBoundary=up5 NEEDS-PAINT NEEDS-COMPOSITING-BITS-UPDATE
          child: RenderConstrainedBox#4e720 relayoutBoundary=up6 NEEDS-PAINT NEEDS-COMPOSITING-BITS-UPDATE
            child: RenderCustomPaint#9d91a relayoutBoundary=up7 NEEDS-PAINT
    child 2: RenderPadding#b9165 relayoutBoundary=up3 NEEDS-PAINT NEEDS-COMPOSITING-BITS-UPDATE
      child: _RenderLayoutBuilder#4b700 relayoutBoundary=up4 NEEDS-PAINT NEEDS-COMPOSITING-BITS-UPDATE
        child: RenderConstrainedBox#92644 relayoutBoundary=up5 NEEDS-PAINT NEEDS-COMPOSITING-BITS-UPDATE
          child: RenderFractionallySizedOverflowBox#77847 NEEDS-PAINT NEEDS-COMPOSITING-BITS-UPDATE
            child: RenderDecoratedBox#7e62b NEEDS-PAINT NEEDS-COMPOSITING-BITS-UPDATE
    child 3: RenderPadding#42c68 NEEDS-LAYOUT NEEDS-PAINT NEEDS-COMPOSITING-BITS-UPDATE
      child: RenderConstrainedBox#7df01 NEEDS-LAYOUT NEEDS-PAINT NEEDS-COMPOSITING-BITS-UPDATE
        child: RenderDecoratedBox#cad17 NEEDS-LAYOUT NEEDS-PAINT NEEDS-COMPOSITING-BITS-UPDATE
          child: RenderPadding#3f3fb NEEDS-LAYOUT NEEDS-PAINT NEEDS-COMPOSITING-BITS-UPDATE
            child: RenderPositionedBox#d62fa NEEDS-LAYOUT NEEDS-PAINT NEEDS-COMPOSITING-BITS-UPDATE
ΓòÉΓòÉΓòÉΓòÉΓòÉΓòÉΓòÉΓòÉΓòÉΓòÉΓòÉΓòÉΓòÉΓòÉΓòÉΓòÉΓòÉΓòÉΓòÉΓòÉΓòÉΓòÉΓòÉΓòÉΓòÉΓòÉΓòÉΓòÉΓòÉΓòÉΓòÉΓòÉΓòÉΓòÉΓòÉΓòÉΓòÉΓòÉΓòÉΓòÉΓòÉΓòÉΓòÉΓòÉΓòÉΓòÉΓòÉΓòÉΓòÉΓòÉΓòÉΓòÉΓòÉΓòÉΓòÉΓòÉΓòÉΓòÉΓòÉΓòÉΓòÉΓòÉΓòÉΓòÉΓòÉΓòÉΓòÉΓòÉΓòÉΓòÉΓòÉΓòÉΓòÉΓòÉΓòÉΓòÉΓòÉΓòÉΓòÉΓòÉΓòÉΓòÉΓòÉΓòÉΓòÉΓòÉΓòÉΓòÉΓòÉΓòÉΓòÉΓòÉΓòÉΓòÉΓòÉΓòÉΓòÉΓòÉΓòÉΓòÉ
ΓòÉΓòÉΓòí EXCEPTION CAUGHT BY RENDERING LIBRARY Γò₧ΓòÉΓòÉΓòÉΓòÉΓòÉΓòÉΓòÉΓòÉΓòÉΓòÉΓòÉΓòÉΓòÉΓòÉΓòÉΓòÉΓòÉΓòÉΓòÉΓòÉΓòÉΓòÉΓòÉΓòÉΓòÉΓòÉΓòÉΓòÉΓòÉΓòÉΓòÉΓòÉΓòÉΓòÉΓòÉΓòÉΓòÉΓòÉΓòÉΓòÉΓòÉΓòÉΓòÉΓòÉΓòÉΓòÉΓòÉΓòÉΓòÉΓòÉΓòÉΓòÉΓòÉΓòÉΓòÉΓòÉΓòÉ
The following assertion was thrown during performLayout():
RenderBox was not laid out: RenderStack#619a8 relayoutBoundary=up2 NEEDS-PAINT
NEEDS-COMPOSITING-BITS-UPDATE
'package:flutter/src/rendering/box.dart':
Failed assertion: line 2251 pos 12: 'hasSize'

Either the assertion indicates an error in the framework itself, or we should provide substantially
more information in this error message to help you determine and fix the underlying cause.
In either case, please report this assertion by filing a bug on GitHub:
  https://github.com/flutter/flutter/issues/new?template=02_bug.yml

The relevant error-causing widget was:
  SafeArea
  SafeArea:file:///Y:/AndroidStudioProject/Github/expert-project/lib/presentation/pages/tv_detail_page.dart:46:20

When the exception was thrown, this was the stack:
#2      RenderBox.size (package:flutter/src/rendering/box.dart:2251:12)
#3      RenderPadding.performLayout (package:flutter/src/rendering/shifted_box.dart:266:40)
#4      RenderObject.layout (package:flutter/src/rendering/object.dart:2907:7)
#5      MultiChildLayoutDelegate.layoutChild (package:flutter/src/rendering/custom_layout.dart:180:12)
#6      _ScaffoldLayout.performLayout (package:flutter/src/material/scaffold.dart:1113:7)
#7      MultiChildLayoutDelegate._callPerformLayout (package:flutter/src/rendering/custom_layout.dart:246:7)
#8      RenderCustomMultiChildLayoutBox.performLayout (package:flutter/src/rendering/custom_layout.dart:417:14)
#9      RenderObject.layout (package:flutter/src/rendering/object.dart:2907:7)
#10     RenderProxyBoxMixin.performLayout (package:flutter/src/rendering/proxy_box.dart:118:18)
#11     RenderObject.layout (package:flutter/src/rendering/object.dart:2907:7)
#12     RenderProxyBoxMixin.performLayout (package:flutter/src/rendering/proxy_box.dart:118:18)
#13     _RenderCustomClip.performLayout (package:flutter/src/rendering/proxy_box.dart:1549:11)
#14     RenderObject.layout (package:flutter/src/rendering/object.dart:2907:7)
#15     RenderProxyBoxMixin.performLayout (package:flutter/src/rendering/proxy_box.dart:118:18)
#16     RenderObject.layout (package:flutter/src/rendering/object.dart:2907:7)
#17     RenderProxyBoxMixin.performLayout (package:flutter/src/rendering/proxy_box.dart:118:18)
#18     RenderObject.layout (package:flutter/src/rendering/object.dart:2907:7)
#19     RenderProxyBoxMixin.performLayout (package:flutter/src/rendering/proxy_box.dart:118:18)
#20     RenderObject.layout (package:flutter/src/rendering/object.dart:2907:7)
#21     RenderProxyBoxMixin.performLayout (package:flutter/src/rendering/proxy_box.dart:118:18)
#22     RenderObject.layout (package:flutter/src/rendering/object.dart:2907:7)
#23     RenderProxyBoxMixin.performLayout (package:flutter/src/rendering/proxy_box.dart:118:18)
#24     RenderObject.layout (package:flutter/src/rendering/object.dart:2907:7)
#25     RenderProxyBoxMixin.performLayout (package:flutter/src/rendering/proxy_box.dart:118:18)
#26     RenderObject.layout (package:flutter/src/rendering/object.dart:2907:7)
#27     RenderProxyBoxMixin.performLayout (package:flutter/src/rendering/proxy_box.dart:118:18)
#28     RenderObject.layout (package:flutter/src/rendering/object.dart:2907:7)
#29     RenderProxyBoxMixin.performLayout (package:flutter/src/rendering/proxy_box.dart:118:18)
#30     RenderObject.layout (package:flutter/src/rendering/object.dart:2907:7)
#31     RenderProxyBoxMixin.performLayout (package:flutter/src/rendering/proxy_box.dart:118:18)
#32     RenderObject.layout (package:flutter/src/rendering/object.dart:2907:7)
#33     RenderProxyBoxMixin.performLayout (package:flutter/src/rendering/proxy_box.dart:118:18)
#34     RenderObject.layout (package:flutter/src/rendering/object.dart:2907:7)
#35     RenderProxyBoxMixin.performLayout (package:flutter/src/rendering/proxy_box.dart:118:18)
#36     RenderObject.layout (package:flutter/src/rendering/object.dart:2907:7)
#37     RenderProxyBoxMixin.performLayout (package:flutter/src/rendering/proxy_box.dart:118:18)
#38     RenderObject.layout (package:flutter/src/rendering/object.dart:2907:7)
#39     RenderProxyBoxMixin.performLayout (package:flutter/src/rendering/proxy_box.dart:118:18)
#40     RenderObject.layout (package:flutter/src/rendering/object.dart:2907:7)
#41     RenderProxyBoxMixin.performLayout (package:flutter/src/rendering/proxy_box.dart:118:18)
#42     RenderObject.layout (package:flutter/src/rendering/object.dart:2907:7)
#43     RenderProxyBoxMixin.performLayout (package:flutter/src/rendering/proxy_box.dart:118:18)
#44     RenderObject.layout (package:flutter/src/rendering/object.dart:2907:7)
#45     RenderProxyBoxMixin.performLayout (package:flutter/src/rendering/proxy_box.dart:118:18)
#46     RenderOffstage.performLayout (package:flutter/src/rendering/proxy_box.dart:3923:13)
#47     RenderObject.layout (package:flutter/src/rendering/object.dart:2907:7)
#48     RenderProxyBoxMixin.performLayout (package:flutter/src/rendering/proxy_box.dart:118:18)
#49     RenderObject.layout (package:flutter/src/rendering/object.dart:2907:7)
#50     _RenderTheaterMixin.layoutChild (package:flutter/src/widgets/overlay.dart:1124:13)
#51     _RenderTheater.performLayout (package:flutter/src/widgets/overlay.dart:1481:9)
#52     RenderObject.layout (package:flutter/src/rendering/object.dart:2907:7)
#53     RenderProxyBoxMixin.performLayout (package:flutter/src/rendering/proxy_box.dart:118:18)
#54     RenderObject.layout (package:flutter/src/rendering/object.dart:2907:7)
#55     RenderProxyBoxMixin.performLayout (package:flutter/src/rendering/proxy_box.dart:118:18)
#56     RenderObject.layout (package:flutter/src/rendering/object.dart:2907:7)
#57     RenderProxyBoxMixin.performLayout (package:flutter/src/rendering/proxy_box.dart:118:18)
#58     RenderObject.layout (package:flutter/src/rendering/object.dart:2907:7)
#59     RenderProxyBoxMixin.performLayout (package:flutter/src/rendering/proxy_box.dart:118:18)
#60     RenderCustomPaint.performLayout (package:flutter/src/rendering/custom_paint.dart:574:11)
#61     RenderObject.layout (package:flutter/src/rendering/object.dart:2907:7)
#62     RenderProxyBoxMixin.performLayout (package:flutter/src/rendering/proxy_box.dart:118:18)
#63     RenderObject.layout (package:flutter/src/rendering/object.dart:2907:7)
#64     RenderProxyBoxMixin.performLayout (package:flutter/src/rendering/proxy_box.dart:118:18)
#65     RenderObject.layout (package:flutter/src/rendering/object.dart:2907:7)
#66     RenderProxyBoxMixin.performLayout (package:flutter/src/rendering/proxy_box.dart:118:18)
#67     RenderObject.layout (package:flutter/src/rendering/object.dart:2907:7)
#68     RenderProxyBoxMixin.performLayout (package:flutter/src/rendering/proxy_box.dart:118:18)
#69     RenderObject.layout (package:flutter/src/rendering/object.dart:2907:7)
#70     RenderProxyBoxMixin.performLayout (package:flutter/src/rendering/proxy_box.dart:118:18)
#71     RenderObject.layout (package:flutter/src/rendering/object.dart:2907:7)
#72     RenderProxyBoxMixin.performLayout (package:flutter/src/rendering/proxy_box.dart:118:18)
#73     RenderObject.layout (package:flutter/src/rendering/object.dart:2907:7)
#74     RenderView.performLayout (package:flutter/src/rendering/view.dart:292:12)
#75     RenderObject._layoutWithoutResize (package:flutter/src/rendering/object.dart:2755:7)
#76     PipelineOwner.flushLayout (package:flutter/src/rendering/object.dart:1174:18)
#77     PipelineOwner.flushLayout (package:flutter/src/rendering/object.dart:1187:15)
#78     AutomatedTestWidgetsFlutterBinding.drawFrame (package:flutter_test/src/binding.dart:2433:27)
#79     RendererBinding._handlePersistentFrameCallback (package:flutter/src/rendering/binding.dart:509:5)
#80     SchedulerBinding._invokeFrameCallback (package:flutter/src/scheduler/binding.dart:1430:15)
#81     SchedulerBinding.handleDrawFrame (package:flutter/src/scheduler/binding.dart:1345:9)
#82     AutomatedTestWidgetsFlutterBinding.pump.<anonymous closure> (package:flutter_test/src/binding.dart:2260:9)
#85     TestAsyncUtils.guard (package:flutter_test/src/test_async_utils.dart:74:41)
#86     AutomatedTestWidgetsFlutterBinding.pump (package:flutter_test/src/binding.dart:2249:27)
#87     WidgetTester.pumpWidget.<anonymous closure> (package:flutter_test/src/widget_tester.dart:598:22)
#90     TestAsyncUtils.guard (package:flutter_test/src/test_async_utils.dart:74:41)
#91     WidgetTester.pumpWidget (package:flutter_test/src/widget_tester.dart:595:27)
#92     main.<anonymous closure>.<anonymous closure> (file:///Y:/AndroidStudioProject/Github/expert-project/test/presentation/pages/tv_detail_page_test.dart:100:20)
#93     testWidgets.<anonymous closure>.<anonymous closure> (package:flutter_test/src/widget_tester.dart:192:29)
<asynchronous suspension>
#94     TestWidgetsFlutterBinding._runTestBody (package:flutter_test/src/binding.dart:1952:5)
<asynchronous suspension>
<asynchronous suspension>
(elided 7 frames from class _AssertionError, dart:async, and package:stack_trace)

The following RenderObject was being processed when the exception was fired: RenderPadding#bb3ff relayoutBoundary=up1 NEEDS-LAYOUT NEEDS-PAINT NEEDS-COMPOSITING-BITS-UPDATE:
  creator: Padding ΓåÉ SafeArea ΓåÉ Consumer<TvDetailNotifier> ΓåÉ KeyedSubtree-[GlobalKey#c5cd7] ΓåÉ
    _BodyBuilder ΓåÉ MediaQuery ΓåÉ LayoutId-[<_ScaffoldSlot.body>] ΓåÉ CustomMultiChildLayout ΓåÉ
    _ActionsScope ΓåÉ Actions ΓåÉ Builder ΓåÉ DefaultTextStyle ΓåÉ Γï»
  parentData: offset=Offset(0.0, 0.0); id=_ScaffoldSlot.body (can use size)
  constraints: BoxConstraints(0.0<=w<=800.0, 0.0<=h<=600.0)
  size: MISSING
  padding: EdgeInsets.zero
  textDirection: ltr
This RenderObject had the following descendants (showing up to depth 5):
    child: RenderStack#619a8 relayoutBoundary=up2 NEEDS-PAINT NEEDS-COMPOSITING-BITS-UPDATE
      child 1: RenderConstrainedBox#e79c7 relayoutBoundary=up3 NEEDS-PAINT NEEDS-COMPOSITING-BITS-UPDATE
        child: RenderPositionedBox#c4b00 relayoutBoundary=up4 NEEDS-PAINT NEEDS-COMPOSITING-BITS-UPDATE
          child: RenderSemanticsAnnotations#ed7c4 relayoutBoundary=up5 NEEDS-PAINT NEEDS-COMPOSITING-BITS-UPDATE
            child: RenderConstrainedBox#4e720 relayoutBoundary=up6 NEEDS-PAINT NEEDS-COMPOSITING-BITS-UPDATE
      child 2: RenderPadding#b9165 relayoutBoundary=up3 NEEDS-PAINT NEEDS-COMPOSITING-BITS-UPDATE
        child: _RenderLayoutBuilder#4b700 relayoutBoundary=up4 NEEDS-PAINT NEEDS-COMPOSITING-BITS-UPDATE
          child: RenderConstrainedBox#92644 relayoutBoundary=up5 NEEDS-PAINT NEEDS-COMPOSITING-BITS-UPDATE
            child: RenderFractionallySizedOverflowBox#77847 NEEDS-PAINT NEEDS-COMPOSITING-BITS-UPDATE
      child 3: RenderPadding#42c68 NEEDS-LAYOUT NEEDS-PAINT NEEDS-COMPOSITING-BITS-UPDATE
        child: RenderConstrainedBox#7df01 NEEDS-LAYOUT NEEDS-PAINT NEEDS-COMPOSITING-BITS-UPDATE
          child: RenderDecoratedBox#cad17 NEEDS-LAYOUT NEEDS-PAINT NEEDS-COMPOSITING-BITS-UPDATE
            child: RenderPadding#3f3fb NEEDS-LAYOUT NEEDS-PAINT NEEDS-COMPOSITING-BITS-UPDATE
ΓòÉΓòÉΓòÉΓòÉΓòÉΓòÉΓòÉΓòÉΓòÉΓòÉΓòÉΓòÉΓòÉΓòÉΓòÉΓòÉΓòÉΓòÉΓòÉΓòÉΓòÉΓòÉΓòÉΓòÉΓòÉΓòÉΓòÉΓòÉΓòÉΓòÉΓòÉΓòÉΓòÉΓòÉΓòÉΓòÉΓòÉΓòÉΓòÉΓòÉΓòÉΓòÉΓòÉΓòÉΓòÉΓòÉΓòÉΓòÉΓòÉΓòÉΓòÉΓòÉΓòÉΓòÉΓòÉΓòÉΓòÉΓòÉΓòÉΓòÉΓòÉΓòÉΓòÉΓòÉΓòÉΓòÉΓòÉΓòÉΓòÉΓòÉΓòÉΓòÉΓòÉΓòÉΓòÉΓòÉΓòÉΓòÉΓòÉΓòÉΓòÉΓòÉΓòÉΓòÉΓòÉΓòÉΓòÉΓòÉΓòÉΓòÉΓòÉΓòÉΓòÉΓòÉΓòÉΓòÉΓòÉΓòÉΓòÉΓòÉ
ΓòÉΓòÉΓòí EXCEPTION CAUGHT BY RENDERING LIBRARY Γò₧ΓòÉΓòÉΓòÉΓòÉΓòÉΓòÉΓòÉΓòÉΓòÉΓòÉΓòÉΓòÉΓòÉΓòÉΓòÉΓòÉΓòÉΓòÉΓòÉΓòÉΓòÉΓòÉΓòÉΓòÉΓòÉΓòÉΓòÉΓòÉΓòÉΓòÉΓòÉΓòÉΓòÉΓòÉΓòÉΓòÉΓòÉΓòÉΓòÉΓòÉΓòÉΓòÉΓòÉΓòÉΓòÉΓòÉΓòÉΓòÉΓòÉΓòÉΓòÉΓòÉΓòÉΓòÉΓòÉΓòÉΓòÉ
The following assertion was thrown during performLayout():
RenderBox was not laid out: RenderPadding#bb3ff relayoutBoundary=up1 NEEDS-PAINT
NEEDS-COMPOSITING-BITS-UPDATE
'package:flutter/src/rendering/box.dart':
Failed assertion: line 2251 pos 12: 'hasSize'

Either the assertion indicates an error in the framework itself, or we should provide substantially
more information in this error message to help you determine and fix the underlying cause.
In either case, please report this assertion by filing a bug on GitHub:
  https://github.com/flutter/flutter/issues/new?template=02_bug.yml

The relevant error-causing widget was:
  Scaffold
  Scaffold:file:///Y:/AndroidStudioProject/Github/expert-project/lib/presentation/pages/tv_detail_page.dart:37:12

When the exception was thrown, this was the stack:
#2      RenderBox.size (package:flutter/src/rendering/box.dart:2251:12)
#3      MultiChildLayoutDelegate.layoutChild (package:flutter/src/rendering/custom_layout.dart:181:18)
#4      _ScaffoldLayout.performLayout (package:flutter/src/material/scaffold.dart:1113:7)
#5      MultiChildLayoutDelegate._callPerformLayout (package:flutter/src/rendering/custom_layout.dart:246:7)
#6      RenderCustomMultiChildLayoutBox.performLayout (package:flutter/src/rendering/custom_layout.dart:417:14)
#7      RenderObject.layout (package:flutter/src/rendering/object.dart:2907:7)
#8      RenderProxyBoxMixin.performLayout (package:flutter/src/rendering/proxy_box.dart:118:18)
#9      RenderObject.layout (package:flutter/src/rendering/object.dart:2907:7)
#10     RenderProxyBoxMixin.performLayout (package:flutter/src/rendering/proxy_box.dart:118:18)
#11     _RenderCustomClip.performLayout (package:flutter/src/rendering/proxy_box.dart:1549:11)
#12     RenderObject.layout (package:flutter/src/rendering/object.dart:2907:7)
#13     RenderProxyBoxMixin.performLayout (package:flutter/src/rendering/proxy_box.dart:118:18)
#14     RenderObject.layout (package:flutter/src/rendering/object.dart:2907:7)
#15     RenderProxyBoxMixin.performLayout (package:flutter/src/rendering/proxy_box.dart:118:18)
#16     RenderObject.layout (package:flutter/src/rendering/object.dart:2907:7)
#17     RenderProxyBoxMixin.performLayout (package:flutter/src/rendering/proxy_box.dart:118:18)
#18     RenderObject.layout (package:flutter/src/rendering/object.dart:2907:7)
#19     RenderProxyBoxMixin.performLayout (package:flutter/src/rendering/proxy_box.dart:118:18)
#20     RenderObject.layout (package:flutter/src/rendering/object.dart:2907:7)
#21     RenderProxyBoxMixin.performLayout (package:flutter/src/rendering/proxy_box.dart:118:18)
#22     RenderObject.layout (package:flutter/src/rendering/object.dart:2907:7)
#23     RenderProxyBoxMixin.performLayout (package:flutter/src/rendering/proxy_box.dart:118:18)
#24     RenderObject.layout (package:flutter/src/rendering/object.dart:2907:7)
#25     RenderProxyBoxMixin.performLayout (package:flutter/src/rendering/proxy_box.dart:118:18)
#26     RenderObject.layout (package:flutter/src/rendering/object.dart:2907:7)
#27     RenderProxyBoxMixin.performLayout (package:flutter/src/rendering/proxy_box.dart:118:18)
#28     RenderObject.layout (package:flutter/src/rendering/object.dart:2907:7)
#29     RenderProxyBoxMixin.performLayout (package:flutter/src/rendering/proxy_box.dart:118:18)
#30     RenderObject.layout (package:flutter/src/rendering/object.dart:2907:7)
#31     RenderProxyBoxMixin.performLayout (package:flutter/src/rendering/proxy_box.dart:118:18)
#32     RenderObject.layout (package:flutter/src/rendering/object.dart:2907:7)
#33     RenderProxyBoxMixin.performLayout (package:flutter/src/rendering/proxy_box.dart:118:18)
#34     RenderObject.layout (package:flutter/src/rendering/object.dart:2907:7)
#35     RenderProxyBoxMixin.performLayout (package:flutter/src/rendering/proxy_box.dart:118:18)
#36     RenderObject.layout (package:flutter/src/rendering/object.dart:2907:7)
#37     RenderProxyBoxMixin.performLayout (package:flutter/src/rendering/proxy_box.dart:118:18)
#38     RenderObject.layout (package:flutter/src/rendering/object.dart:2907:7)
#39     RenderProxyBoxMixin.performLayout (package:flutter/src/rendering/proxy_box.dart:118:18)
#40     RenderObject.layout (package:flutter/src/rendering/object.dart:2907:7)
#41     RenderProxyBoxMixin.performLayout (package:flutter/src/rendering/proxy_box.dart:118:18)
#42     RenderObject.layout (package:flutter/src/rendering/object.dart:2907:7)
#43     RenderProxyBoxMixin.performLayout (package:flutter/src/rendering/proxy_box.dart:118:18)
#44     RenderOffstage.performLayout (package:flutter/src/rendering/proxy_box.dart:3923:13)
#45     RenderObject.layout (package:flutter/src/rendering/object.dart:2907:7)
#46     RenderProxyBoxMixin.performLayout (package:flutter/src/rendering/proxy_box.dart:118:18)
#47     RenderObject.layout (package:flutter/src/rendering/object.dart:2907:7)
#48     _RenderTheaterMixin.layoutChild (package:flutter/src/widgets/overlay.dart:1124:13)
#49     _RenderTheater.performLayout (package:flutter/src/widgets/overlay.dart:1481:9)
#50     RenderObject.layout (package:flutter/src/rendering/object.dart:2907:7)
#51     RenderProxyBoxMixin.performLayout (package:flutter/src/rendering/proxy_box.dart:118:18)
#52     RenderObject.layout (package:flutter/src/rendering/object.dart:2907:7)
#53     RenderProxyBoxMixin.performLayout (package:flutter/src/rendering/proxy_box.dart:118:18)
#54     RenderObject.layout (package:flutter/src/rendering/object.dart:2907:7)
#55     RenderProxyBoxMixin.performLayout (package:flutter/src/rendering/proxy_box.dart:118:18)
#56     RenderObject.layout (package:flutter/src/rendering/object.dart:2907:7)
#57     RenderProxyBoxMixin.performLayout (package:flutter/src/rendering/proxy_box.dart:118:18)
#58     RenderCustomPaint.performLayout (package:flutter/src/rendering/custom_paint.dart:574:11)
#59     RenderObject.layout (package:flutter/src/rendering/object.dart:2907:7)
#60     RenderProxyBoxMixin.performLayout (package:flutter/src/rendering/proxy_box.dart:118:18)
#61     RenderObject.layout (package:flutter/src/rendering/object.dart:2907:7)
#62     RenderProxyBoxMixin.performLayout (package:flutter/src/rendering/proxy_box.dart:118:18)
#63     RenderObject.layout (package:flutter/src/rendering/object.dart:2907:7)
#64     RenderProxyBoxMixin.performLayout (package:flutter/src/rendering/proxy_box.dart:118:18)
#65     RenderObject.layout (package:flutter/src/rendering/object.dart:2907:7)
#66     RenderProxyBoxMixin.performLayout (package:flutter/src/rendering/proxy_box.dart:118:18)
#67     RenderObject.layout (package:flutter/src/rendering/object.dart:2907:7)
#68     RenderProxyBoxMixin.performLayout (package:flutter/src/rendering/proxy_box.dart:118:18)
#69     RenderObject.layout (package:flutter/src/rendering/object.dart:2907:7)
#70     RenderProxyBoxMixin.performLayout (package:flutter/src/rendering/proxy_box.dart:118:18)
#71     RenderObject.layout (package:flutter/src/rendering/object.dart:2907:7)
#72     RenderView.performLayout (package:flutter/src/rendering/view.dart:292:12)
#73     RenderObject._layoutWithoutResize (package:flutter/src/rendering/object.dart:2755:7)
#74     PipelineOwner.flushLayout (package:flutter/src/rendering/object.dart:1174:18)
#75     PipelineOwner.flushLayout (package:flutter/src/rendering/object.dart:1187:15)
#76     AutomatedTestWidgetsFlutterBinding.drawFrame (package:flutter_test/src/binding.dart:2433:27)
#77     RendererBinding._handlePersistentFrameCallback (package:flutter/src/rendering/binding.dart:509:5)
#78     SchedulerBinding._invokeFrameCallback (package:flutter/src/scheduler/binding.dart:1430:15)
#79     SchedulerBinding.handleDrawFrame (package:flutter/src/scheduler/binding.dart:1345:9)
#80     AutomatedTestWidgetsFlutterBinding.pump.<anonymous closure> (package:flutter_test/src/binding.dart:2260:9)
#83     TestAsyncUtils.guard (package:flutter_test/src/test_async_utils.dart:74:41)
#84     AutomatedTestWidgetsFlutterBinding.pump (package:flutter_test/src/binding.dart:2249:27)
#85     WidgetTester.pumpWidget.<anonymous closure> (package:flutter_test/src/widget_tester.dart:598:22)
#88     TestAsyncUtils.guard (package:flutter_test/src/test_async_utils.dart:74:41)
#89     WidgetTester.pumpWidget (package:flutter_test/src/widget_tester.dart:595:27)
#90     main.<anonymous closure>.<anonymous closure> (file:///Y:/AndroidStudioProject/Github/expert-project/test/presentation/pages/tv_detail_page_test.dart:100:20)
#91     testWidgets.<anonymous closure>.<anonymous closure> (package:flutter_test/src/widget_tester.dart:192:29)
<asynchronous suspension>
#92     TestWidgetsFlutterBinding._runTestBody (package:flutter_test/src/binding.dart:1952:5)
<asynchronous suspension>
<asynchronous suspension>
(elided 7 frames from class _AssertionError, dart:async, and package:stack_trace)

The following RenderObject was being processed when the exception was fired: RenderCustomMultiChildLayoutBox#5bc7a NEEDS-LAYOUT NEEDS-PAINT NEEDS-COMPOSITING-BITS-UPDATE:
  creator: CustomMultiChildLayout ΓåÉ _ActionsScope ΓåÉ Actions ΓåÉ Builder ΓåÉ DefaultTextStyle ΓåÉ
    AnimatedDefaultTextStyle ΓåÉ _InkFeatures-[GlobalKey#356d4 ink renderer] ΓåÉ
    NotificationListener<LayoutChangedNotification> ΓåÉ PhysicalModel ΓåÉ AnimatedPhysicalModel ΓåÉ Material
    ΓåÉ _ScrollNotificationObserverScope ΓåÉ Γï»
  parentData: <none> (can use size)
  constraints: BoxConstraints(w=800.0, h=600.0)
  size: Size(800.0, 600.0)
This RenderObject had the following descendants (showing up to depth 5):
    child 1: RenderPadding#bb3ff relayoutBoundary=up1 NEEDS-PAINT NEEDS-COMPOSITING-BITS-UPDATE
      child: RenderStack#619a8 relayoutBoundary=up2 NEEDS-PAINT NEEDS-COMPOSITING-BITS-UPDATE
        child 1: RenderConstrainedBox#e79c7 relayoutBoundary=up3 NEEDS-PAINT NEEDS-COMPOSITING-BITS-UPDATE
          child: RenderPositionedBox#c4b00 relayoutBoundary=up4 NEEDS-PAINT NEEDS-COMPOSITING-BITS-UPDATE
            child: RenderSemanticsAnnotations#ed7c4 relayoutBoundary=up5 NEEDS-PAINT NEEDS-COMPOSITING-BITS-UPDATE
        child 2: RenderPadding#b9165 relayoutBoundary=up3 NEEDS-PAINT NEEDS-COMPOSITING-BITS-UPDATE
          child: _RenderLayoutBuilder#4b700 relayoutBoundary=up4 NEEDS-PAINT NEEDS-COMPOSITING-BITS-UPDATE
            child: RenderConstrainedBox#92644 relayoutBoundary=up5 NEEDS-PAINT NEEDS-COMPOSITING-BITS-UPDATE
        child 3: RenderPadding#42c68 NEEDS-LAYOUT NEEDS-PAINT NEEDS-COMPOSITING-BITS-UPDATE
          child: RenderConstrainedBox#7df01 NEEDS-LAYOUT NEEDS-PAINT NEEDS-COMPOSITING-BITS-UPDATE
            child: RenderDecoratedBox#cad17 NEEDS-LAYOUT NEEDS-PAINT NEEDS-COMPOSITING-BITS-UPDATE
    child 2: RenderStack#b1935 NEEDS-LAYOUT NEEDS-PAINT NEEDS-COMPOSITING-BITS-UPDATE
      child 1: RenderTransform#a6e4b NEEDS-LAYOUT NEEDS-PAINT NEEDS-COMPOSITING-BITS-UPDATE
        child: RenderTransform#56a5d NEEDS-LAYOUT NEEDS-PAINT
ΓòÉΓòÉΓòÉΓòÉΓòÉΓòÉΓòÉΓòÉΓòÉΓòÉΓòÉΓòÉΓòÉΓòÉΓòÉΓòÉΓòÉΓòÉΓòÉΓòÉΓòÉΓòÉΓòÉΓòÉΓòÉΓòÉΓòÉΓòÉΓòÉΓòÉΓòÉΓòÉΓòÉΓòÉΓòÉΓòÉΓòÉΓòÉΓòÉΓòÉΓòÉΓòÉΓòÉΓòÉΓòÉΓòÉΓòÉΓòÉΓòÉΓòÉΓòÉΓòÉΓòÉΓòÉΓòÉΓòÉΓòÉΓòÉΓòÉΓòÉΓòÉΓòÉΓòÉΓòÉΓòÉΓòÉΓòÉΓòÉΓòÉΓòÉΓòÉΓòÉΓòÉΓòÉΓòÉΓòÉΓòÉΓòÉΓòÉΓòÉΓòÉΓòÉΓòÉΓòÉΓòÉΓòÉΓòÉΓòÉΓòÉΓòÉΓòÉΓòÉΓòÉΓòÉΓòÉΓòÉΓòÉΓòÉΓòÉΓòÉ
ΓòÉΓòÉΓòí EXCEPTION CAUGHT BY RENDERING LIBRARY Γò₧ΓòÉΓòÉΓòÉΓòÉΓòÉΓòÉΓòÉΓòÉΓòÉΓòÉΓòÉΓòÉΓòÉΓòÉΓòÉΓòÉΓòÉΓòÉΓòÉΓòÉΓòÉΓòÉΓòÉΓòÉΓòÉΓòÉΓòÉΓòÉΓòÉΓòÉΓòÉΓòÉΓòÉΓòÉΓòÉΓòÉΓòÉΓòÉΓòÉΓòÉΓòÉΓòÉΓòÉΓòÉΓòÉΓòÉΓòÉΓòÉΓòÉΓòÉΓòÉΓòÉΓòÉΓòÉΓòÉΓòÉΓòÉ
The following assertion was thrown during paint():
RenderBox was not laid out: RenderDecoratedBox#7e62b
'package:flutter/src/rendering/box.dart':
Failed assertion: line 2251 pos 12: 'hasSize'

Either the assertion indicates an error in the framework itself, or we should provide substantially
more information in this error message to help you determine and fix the underlying cause.
In either case, please report this assertion by filing a bug on GitHub:
  https://github.com/flutter/flutter/issues/new?template=02_bug.yml

The relevant error-causing widget was:
  Container
  Container:file:///Y:/AndroidStudioProject/Github/expert-project/lib/presentation/pages/tv_detail_page.dart:86:22

When the exception was thrown, this was the stack:
#2      RenderBox.size (package:flutter/src/rendering/box.dart:2251:12)
#3      RenderDecoratedBox.paint (package:flutter/src/rendering/proxy_box.dart:2475:81)
#4      RenderObject._paintWithContext (package:flutter/src/rendering/object.dart:3568:7)
#5      PaintingContext.paintChild (package:flutter/src/rendering/object.dart:265:13)
#6      RenderShiftedBox.paint (package:flutter/src/rendering/shifted_box.dart:98:15)
#7      RenderObject._paintWithContext (package:flutter/src/rendering/object.dart:3568:7)
#8      PaintingContext.paintChild (package:flutter/src/rendering/object.dart:265:13)
#9      RenderProxyBoxMixin.paint (package:flutter/src/rendering/proxy_box.dart:143:13)
#10     RenderObject._paintWithContext (package:flutter/src/rendering/object.dart:3568:7)
#11     PaintingContext.paintChild (package:flutter/src/rendering/object.dart:265:13)
#12     _RenderLayoutBuilder.paint (package:flutter/src/widgets/layout_builder.dart:470:15)
#13     RenderObject._paintWithContext (package:flutter/src/rendering/object.dart:3568:7)
#14     PaintingContext.paintChild (package:flutter/src/rendering/object.dart:265:13)
#15     RenderShiftedBox.paint (package:flutter/src/rendering/shifted_box.dart:98:15)
#16     RenderObject._paintWithContext (package:flutter/src/rendering/object.dart:3568:7)
#17     PaintingContext.paintChild (package:flutter/src/rendering/object.dart:265:13)
#18     RenderBoxContainerDefaultsMixin.defaultPaint (package:flutter/src/rendering/box.dart:3368:15)
#19     RenderStack.paintStack (package:flutter/src/rendering/stack.dart:713:5)
#20     RenderStack.paint (package:flutter/src/rendering/stack.dart:729:7)
#21     RenderObject._paintWithContext (package:flutter/src/rendering/object.dart:3568:7)
#22     PaintingContext.paintChild (package:flutter/src/rendering/object.dart:265:13)
#23     RenderShiftedBox.paint (package:flutter/src/rendering/shifted_box.dart:98:15)
#24     RenderObject._paintWithContext (package:flutter/src/rendering/object.dart:3568:7)
#25     PaintingContext.paintChild (package:flutter/src/rendering/object.dart:265:13)
#26     RenderBoxContainerDefaultsMixin.defaultPaint (package:flutter/src/rendering/box.dart:3368:15)
#27     RenderCustomMultiChildLayoutBox.paint (package:flutter/src/rendering/custom_layout.dart:422:5)
#28     RenderObject._paintWithContext (package:flutter/src/rendering/object.dart:3568:7)
#29     PaintingContext.paintChild (package:flutter/src/rendering/object.dart:265:13)
#30     RenderProxyBoxMixin.paint (package:flutter/src/rendering/proxy_box.dart:143:13)
#31     _RenderInkFeatures.paint (package:flutter/src/material/material.dart:634:11)
#32     RenderObject._paintWithContext (package:flutter/src/rendering/object.dart:3568:7)
#33     PaintingContext.paintChild (package:flutter/src/rendering/object.dart:265:13)
#34     RenderProxyBoxMixin.paint (package:flutter/src/rendering/proxy_box.dart:143:13)
#35     RenderPhysicalModel.paint.<anonymous closure> (package:flutter/src/rendering/proxy_box.dart:2252:15)
#36     PaintingContext.pushClipRRect (package:flutter/src/rendering/object.dart:626:14)
#37     RenderPhysicalModel.paint (package:flutter/src/rendering/proxy_box.dart:2239:21)
#38     RenderObject._paintWithContext (package:flutter/src/rendering/object.dart:3568:7)
#39     PaintingContext.paintChild (package:flutter/src/rendering/object.dart:265:13)
#40     RenderProxyBoxMixin.paint (package:flutter/src/rendering/proxy_box.dart:143:13)
#41     RenderObject._paintWithContext (package:flutter/src/rendering/object.dart:3568:7)
#42     PaintingContext.paintChild (package:flutter/src/rendering/object.dart:265:13)
#43     RenderProxyBoxMixin.paint (package:flutter/src/rendering/proxy_box.dart:143:13)
#44     RenderObject._paintWithContext (package:flutter/src/rendering/object.dart:3568:7)
#45     PaintingContext._repaintCompositedChild (package:flutter/src/rendering/object.dart:180:11)
#46     PaintingContext.repaintCompositedChild (package:flutter/src/rendering/object.dart:125:5)
#47     PaintingContext._compositeChild (package:flutter/src/rendering/object.dart:276:7)
#48     PaintingContext.paintChild (package:flutter/src/rendering/object.dart:257:7)
#49     RenderProxyBoxMixin.paint (package:flutter/src/rendering/proxy_box.dart:143:13)
#50     RenderObject._paintWithContext (package:flutter/src/rendering/object.dart:3568:7)
#51     PaintingContext.paintChild (package:flutter/src/rendering/object.dart:265:13)
#52     RenderProxyBoxMixin.paint (package:flutter/src/rendering/proxy_box.dart:143:13)
#53     RenderFractionalTranslation.paint (package:flutter/src/rendering/proxy_box.dart:3138:13)
#54     RenderObject._paintWithContext (package:flutter/src/rendering/object.dart:3568:7)
#55     PaintingContext.paintChild (package:flutter/src/rendering/object.dart:265:13)
#56     RenderProxyBoxMixin.paint (package:flutter/src/rendering/proxy_box.dart:143:13)
#57     RenderAnimatedOpacityMixin.paint (package:flutter/src/rendering/proxy_box.dart:1079:11)
#58     RenderObject._paintWithContext (package:flutter/src/rendering/object.dart:3568:7)
#59     PaintingContext._repaintCompositedChild (package:flutter/src/rendering/object.dart:180:11)
#60     PaintingContext.repaintCompositedChild (package:flutter/src/rendering/object.dart:125:5)
#61     PaintingContext._compositeChild (package:flutter/src/rendering/object.dart:276:7)
#62     PaintingContext.paintChild (package:flutter/src/rendering/object.dart:257:7)
#63     RenderProxyBoxMixin.paint (package:flutter/src/rendering/proxy_box.dart:143:13)
#64     RenderFractionalTranslation.paint (package:flutter/src/rendering/proxy_box.dart:3138:13)
#65     RenderObject._paintWithContext (package:flutter/src/rendering/object.dart:3568:7)
#66     PaintingContext.paintChild (package:flutter/src/rendering/object.dart:265:13)
#67     RenderProxyBoxMixin.paint (package:flutter/src/rendering/proxy_box.dart:143:13)
#68     RenderAnimatedOpacityMixin.paint (package:flutter/src/rendering/proxy_box.dart:1079:11)
#69     RenderObject._paintWithContext (package:flutter/src/rendering/object.dart:3568:7)
#70     PaintingContext._repaintCompositedChild (package:flutter/src/rendering/object.dart:180:11)
#71     PaintingContext.repaintCompositedChild (package:flutter/src/rendering/object.dart:125:5)
#72     PaintingContext._compositeChild (package:flutter/src/rendering/object.dart:276:7)
#73     PaintingContext.paintChild (package:flutter/src/rendering/object.dart:257:7)
#74     _RenderColoredBox.paint (package:flutter/src/widgets/basic.dart:8570:15)
#75     RenderObject._paintWithContext (package:flutter/src/rendering/object.dart:3568:7)
#76     PaintingContext.paintChild (package:flutter/src/rendering/object.dart:265:13)
#77     RenderProxyBoxMixin.paint (package:flutter/src/rendering/proxy_box.dart:143:13)
#78     RenderFractionalTranslation.paint (package:flutter/src/rendering/proxy_box.dart:3138:13)
#79     RenderObject._paintWithContext (package:flutter/src/rendering/object.dart:3568:7)
#80     PaintingContext.paintChild (package:flutter/src/rendering/object.dart:265:13)
#81     RenderProxyBoxMixin.paint (package:flutter/src/rendering/proxy_box.dart:143:13)
#82     RenderAnimatedOpacityMixin.paint (package:flutter/src/rendering/proxy_box.dart:1079:11)
#83     RenderObject._paintWithContext (package:flutter/src/rendering/object.dart:3568:7)
#84     PaintingContext._repaintCompositedChild (package:flutter/src/rendering/object.dart:180:11)
#85     PaintingContext.repaintCompositedChild (package:flutter/src/rendering/object.dart:125:5)
#86     PaintingContext._compositeChild (package:flutter/src/rendering/object.dart:276:7)
#87     PaintingContext.paintChild (package:flutter/src/rendering/object.dart:257:7)
#88     RenderProxyBoxMixin.paint (package:flutter/src/rendering/proxy_box.dart:143:13)
#89     RenderObject._paintWithContext (package:flutter/src/rendering/object.dart:3568:7)
#90     PaintingContext.paintChild (package:flutter/src/rendering/object.dart:265:13)
#91     RenderProxyBoxMixin.paint (package:flutter/src/rendering/proxy_box.dart:143:13)
#92     RenderFractionalTranslation.paint (package:flutter/src/rendering/proxy_box.dart:3138:13)
#93     RenderObject._paintWithContext (package:flutter/src/rendering/object.dart:3568:7)
#94     PaintingContext.paintChild (package:flutter/src/rendering/object.dart:265:13)
#95     RenderProxyBoxMixin.paint (package:flutter/src/rendering/proxy_box.dart:143:13)
#96     RenderAnimatedOpacityMixin.paint (package:flutter/src/rendering/proxy_box.dart:1079:11)
#97     RenderObject._paintWithContext (package:flutter/src/rendering/object.dart:3568:7)
#98     PaintingContext._repaintCompositedChild (package:flutter/src/rendering/object.dart:180:11)
#99     PaintingContext.repaintCompositedChild (package:flutter/src/rendering/object.dart:125:5)
#100    PaintingContext._compositeChild (package:flutter/src/rendering/object.dart:276:7)
#101    PaintingContext.paintChild (package:flutter/src/rendering/object.dart:257:7)
#102    RenderProxyBoxMixin.paint (package:flutter/src/rendering/proxy_box.dart:143:13)
#103    RenderObject._paintWithContext (package:flutter/src/rendering/object.dart:3568:7)
#104    PaintingContext._repaintCompositedChild (package:flutter/src/rendering/object.dart:180:11)
#105    PaintingContext.repaintCompositedChild (package:flutter/src/rendering/object.dart:125:5)
#106    PaintingContext._compositeChild (package:flutter/src/rendering/object.dart:276:7)
#107    PaintingContext.paintChild (package:flutter/src/rendering/object.dart:257:7)
#108    RenderProxyBoxMixin.paint (package:flutter/src/rendering/proxy_box.dart:143:13)
#109    RenderObject._paintWithContext (package:flutter/src/rendering/object.dart:3568:7)
#110    PaintingContext.paintChild (package:flutter/src/rendering/object.dart:265:13)
#111    RenderProxyBoxMixin.paint (package:flutter/src/rendering/proxy_box.dart:143:13)
#112    RenderOffstage.paint (package:flutter/src/rendering/proxy_box.dart:3943:11)
#113    RenderObject._paintWithContext (package:flutter/src/rendering/object.dart:3568:7)
#114    PaintingContext.paintChild (package:flutter/src/rendering/object.dart:265:13)
#115    RenderProxyBoxMixin.paint (package:flutter/src/rendering/proxy_box.dart:143:13)
#116    RenderObject._paintWithContext (package:flutter/src/rendering/object.dart:3568:7)
#117    PaintingContext.paintChild (package:flutter/src/rendering/object.dart:265:13)
#118    _RenderTheaterMixin.paint (package:flutter/src/widgets/overlay.dart:1159:15)
#119    _RenderTheater.paint (package:flutter/src/widgets/overlay.dart:1542:13)
#120    RenderObject._paintWithContext (package:flutter/src/rendering/object.dart:3568:7)
#121    PaintingContext.paintChild (package:flutter/src/rendering/object.dart:265:13)
#122    RenderProxyBoxMixin.paint (package:flutter/src/rendering/proxy_box.dart:143:13)
#123    RenderObject._paintWithContext (package:flutter/src/rendering/object.dart:3568:7)
#124    PaintingContext.paintChild (package:flutter/src/rendering/object.dart:265:13)
#125    RenderProxyBoxMixin.paint (package:flutter/src/rendering/proxy_box.dart:143:13)
#126    RenderObject._paintWithContext (package:flutter/src/rendering/object.dart:3568:7)
#127    PaintingContext.paintChild (package:flutter/src/rendering/object.dart:265:13)
#128    RenderProxyBoxMixin.paint (package:flutter/src/rendering/proxy_box.dart:143:13)
#129    RenderObject._paintWithContext (package:flutter/src/rendering/object.dart:3568:7)
#130    PaintingContext.paintChild (package:flutter/src/rendering/object.dart:265:13)
#131    RenderProxyBoxMixin.paint (package:flutter/src/rendering/proxy_box.dart:143:13)
#132    RenderCustomPaint.paint (package:flutter/src/rendering/custom_paint.dart:644:11)
#133    RenderObject._paintWithContext (package:flutter/src/rendering/object.dart:3568:7)
#134    PaintingContext.paintChild (package:flutter/src/rendering/object.dart:265:13)
#135    RenderProxyBoxMixin.paint (package:flutter/src/rendering/proxy_box.dart:143:13)
#136    RenderObject._paintWithContext (package:flutter/src/rendering/object.dart:3568:7)
#137    PaintingContext.paintChild (package:flutter/src/rendering/object.dart:265:13)
#138    RenderProxyBoxMixin.paint (package:flutter/src/rendering/proxy_box.dart:143:13)
#139    RenderObject._paintWithContext (package:flutter/src/rendering/object.dart:3568:7)
#140    PaintingContext.paintChild (package:flutter/src/rendering/object.dart:265:13)
#141    RenderProxyBoxMixin.paint (package:flutter/src/rendering/proxy_box.dart:143:13)
#142    RenderObject._paintWithContext (package:flutter/src/rendering/object.dart:3568:7)
#143    PaintingContext.paintChild (package:flutter/src/rendering/object.dart:265:13)
#144    RenderProxyBoxMixin.paint (package:flutter/src/rendering/proxy_box.dart:143:13)
#145    RenderObject._paintWithContext (package:flutter/src/rendering/object.dart:3568:7)
#146    PaintingContext.paintChild (package:flutter/src/rendering/object.dart:265:13)
#147    RenderProxyBoxMixin.paint (package:flutter/src/rendering/proxy_box.dart:143:13)
#148    RenderObject._paintWithContext (package:flutter/src/rendering/object.dart:3568:7)
#149    PaintingContext.paintChild (package:flutter/src/rendering/object.dart:265:13)
#150    RenderProxyBoxMixin.paint (package:flutter/src/rendering/proxy_box.dart:143:13)
#151    RenderObject._paintWithContext (package:flutter/src/rendering/object.dart:3568:7)
#152    PaintingContext.paintChild (package:flutter/src/rendering/object.dart:265:13)
#153    RenderView.paint (package:flutter/src/rendering/view.dart:320:15)
#154    RenderObject._paintWithContext (package:flutter/src/rendering/object.dart:3568:7)
#155    PaintingContext._repaintCompositedChild (package:flutter/src/rendering/object.dart:180:11)
#156    PaintingContext.repaintCompositedChild (package:flutter/src/rendering/object.dart:125:5)
#157    PipelineOwner.flushPaint (package:flutter/src/rendering/object.dart:1325:31)
#158    PipelineOwner.flushPaint (package:flutter/src/rendering/object.dart:1335:15)
#159    AutomatedTestWidgetsFlutterBinding.drawFrame (package:flutter_test/src/binding.dart:2437:31)
#160    RendererBinding._handlePersistentFrameCallback (package:flutter/src/rendering/binding.dart:509:5)
#161    SchedulerBinding._invokeFrameCallback (package:flutter/src/scheduler/binding.dart:1430:15)
#162    SchedulerBinding.handleDrawFrame (package:flutter/src/scheduler/binding.dart:1345:9)
#163    AutomatedTestWidgetsFlutterBinding.pump.<anonymous closure> (package:flutter_test/src/binding.dart:2260:9)
#166    TestAsyncUtils.guard (package:flutter_test/src/test_async_utils.dart:74:41)
#167    AutomatedTestWidgetsFlutterBinding.pump (package:flutter_test/src/binding.dart:2249:27)
#168    WidgetTester.pumpWidget.<anonymous closure> (package:flutter_test/src/widget_tester.dart:598:22)
#171    TestAsyncUtils.guard (package:flutter_test/src/test_async_utils.dart:74:41)
#172    WidgetTester.pumpWidget (package:flutter_test/src/widget_tester.dart:595:27)
#173    main.<anonymous closure>.<anonymous closure> (file:///Y:/AndroidStudioProject/Github/expert-project/test/presentation/pages/tv_detail_page_test.dart:100:20)
#174    testWidgets.<anonymous closure>.<anonymous closure> (package:flutter_test/src/widget_tester.dart:192:29)
<asynchronous suspension>
#175    TestWidgetsFlutterBinding._runTestBody (package:flutter_test/src/binding.dart:1952:5)
<asynchronous suspension>
<asynchronous suspension>
(elided 7 frames from class _AssertionError, dart:async, and package:stack_trace)

The following RenderObject was being processed when the exception was fired: RenderDecoratedBox#7e62b:
  needs compositing
  creator: DecoratedBox ΓåÉ Container ΓåÉ FractionallySizedBox ΓåÉ SizedBox.expand ΓåÉ LayoutBuilder ΓåÉ
    ValueListenableBuilder<double> ΓåÉ DraggableScrollableSheet ΓåÉ Padding ΓåÉ Container ΓåÉ Stack ΓåÉ
    TvDetailContent ΓåÉ MediaQuery ΓåÉ Γï»
  parentData: offset=Offset(0.0, 0.0) (can use size)
  constraints: BoxConstraints(w=800.0, h=272.0)
  size: MISSING
  decoration: BoxDecoration:
    color: Color(alpha: 1.0000, red: 0.0000, green: 0.0314, blue: 0.0784, colorSpace: ColorSpace.sRGB)
    borderRadius: BorderRadius.only(topLeft: Radius.circular(16.0), topRight: Radius.circular(16.0))
  configuration: ImageConfiguration(bundle: PlatformAssetBundle#d63c3(), devicePixelRatio: 3.0,
    locale: en_US, textDirection: TextDirection.ltr, platform: android)
This RenderObject had the following descendants (showing up to depth 5):
    child: RenderPadding#b3578 NEEDS-PAINT
      child: RenderStack#753fa NEEDS-PAINT
        child 1: RenderPadding#6d2c0 relayoutBoundary=up1 NEEDS-PAINT
          child: RenderClipRect#2512b relayoutBoundary=up2 NEEDS-PAINT
            child: RenderTransform#ca50f relayoutBoundary=up3 NEEDS-PAINT
        child 2: RenderPositionedBox#a3f39 NEEDS-LAYOUT NEEDS-PAINT
          child: RenderConstrainedBox#1f897 NEEDS-LAYOUT NEEDS-PAINT
            child: _RenderColoredBox#f3a6d NEEDS-LAYOUT NEEDS-PAINT
ΓòÉΓòÉΓòÉΓòÉΓòÉΓòÉΓòÉΓòÉΓòÉΓòÉΓòÉΓòÉΓòÉΓòÉΓòÉΓòÉΓòÉΓòÉΓòÉΓòÉΓòÉΓòÉΓòÉΓòÉΓòÉΓòÉΓòÉΓòÉΓòÉΓòÉΓòÉΓòÉΓòÉΓòÉΓòÉΓòÉΓòÉΓòÉΓòÉΓòÉΓòÉΓòÉΓòÉΓòÉΓòÉΓòÉΓòÉΓòÉΓòÉΓòÉΓòÉΓòÉΓòÉΓòÉΓòÉΓòÉΓòÉΓòÉΓòÉΓòÉΓòÉΓòÉΓòÉΓòÉΓòÉΓòÉΓòÉΓòÉΓòÉΓòÉΓòÉΓòÉΓòÉΓòÉΓòÉΓòÉΓòÉΓòÉΓòÉΓòÉΓòÉΓòÉΓòÉΓòÉΓòÉΓòÉΓòÉΓòÉΓòÉΓòÉΓòÉΓòÉΓòÉΓòÉΓòÉΓòÉΓòÉΓòÉΓòÉΓòÉ
ΓòÉΓòÉΓòí EXCEPTION CAUGHT BY SCHEDULER LIBRARY Γò₧ΓòÉΓòÉΓòÉΓòÉΓòÉΓòÉΓòÉΓòÉΓòÉΓòÉΓòÉΓòÉΓòÉΓòÉΓòÉΓòÉΓòÉΓòÉΓòÉΓòÉΓòÉΓòÉΓòÉΓòÉΓòÉΓòÉΓòÉΓòÉΓòÉΓòÉΓòÉΓòÉΓòÉΓòÉΓòÉΓòÉΓòÉΓòÉΓòÉΓòÉΓòÉΓòÉΓòÉΓòÉΓòÉΓòÉΓòÉΓòÉΓòÉΓòÉΓòÉΓòÉΓòÉΓòÉΓòÉΓòÉΓòÉ
The following _TypeError was thrown during a scheduler callback:
Null check operator used on a null value

When the exception was thrown, this was the stack:
#0      RenderViewportBase.visitChildrenForSemantics.<anonymous closure> (package:flutter/src/rendering/viewport.dart:478:30)
#1      WhereIterator.moveNext (dart:_internal/iterable.dart:468:13)
#2      Iterable.forEach (dart:core/iterable.dart:366:23)
#3      RenderViewportBase.visitChildrenForSemantics (package:flutter/src/rendering/viewport.dart:482:10)
#4      _RenderObjectSemantics.isBlockingPreviousSibling (package:flutter/src/rendering/object.dart:5737:18)
#5      _RenderObjectSemantics.isBlockingPreviousSibling.<anonymous closure> (package:flutter/src/rendering/object.dart:5739:26)
#6      RenderObjectWithChildMixin.visitChildren (package:flutter/src/rendering/object.dart:4244:14)
#7      RenderObject.visitChildrenForSemantics (package:flutter/src/rendering/object.dart:3929:5)
#8      RenderIgnorePointer.visitChildrenForSemantics (package:flutter/src/rendering/proxy_box.dart:3806:11)
#9      _RenderObjectSemantics.isBlockingPreviousSibling (package:flutter/src/rendering/object.dart:5737:18)
#10     _RenderObjectSemantics.isBlockingPreviousSibling.<anonymous closure> (package:flutter/src/rendering/object.dart:5739:26)
#11     RenderObjectWithChildMixin.visitChildren (package:flutter/src/rendering/object.dart:4244:14)
#12     RenderObject.visitChildrenForSemantics (package:flutter/src/rendering/object.dart:3929:5)
#13     SemanticsAnnotationsMixin.visitChildrenForSemantics (package:flutter/src/rendering/object.dart:4923:11)
#14     _RenderObjectSemantics.isBlockingPreviousSibling (package:flutter/src/rendering/object.dart:5737:18)
#15     _RenderObjectSemantics.isBlockingPreviousSibling.<anonymous closure> (package:flutter/src/rendering/object.dart:5739:26)
#16     RenderObjectWithChildMixin.visitChildren (package:flutter/src/rendering/object.dart:4244:14)
#17     RenderObject.visitChildrenForSemantics (package:flutter/src/rendering/object.dart:3929:5)
#18     _RenderObjectSemantics.isBlockingPreviousSibling (package:flutter/src/rendering/object.dart:5737:18)
#19     _RenderObjectSemantics.isBlockingPreviousSibling.<anonymous closure> (package:flutter/src/rendering/object.dart:5739:26)
#20     RenderObjectWithChildMixin.visitChildren (package:flutter/src/rendering/object.dart:4244:14)
#21     RenderObject.visitChildrenForSemantics (package:flutter/src/rendering/object.dart:3929:5)
#22     _RenderObjectSemantics.isBlockingPreviousSibling (package:flutter/src/rendering/object.dart:5737:18)
#23     _RenderObjectSemantics.isBlockingPreviousSibling.<anonymous closure> (package:flutter/src/rendering/object.dart:5739:26)
#24     RenderObjectWithChildMixin.visitChildren (package:flutter/src/rendering/object.dart:4244:14)
#25     RenderObject.visitChildrenForSemantics (package:flutter/src/rendering/object.dart:3929:5)
#26     _RenderObjectSemantics.isBlockingPreviousSibling (package:flutter/src/rendering/object.dart:5737:18)
#27     _RenderObjectSemantics._getNonBlockedChildren.<anonymous closure> (package:flutter/src/rendering/object.dart:5926:34)
#28     RenderObjectWithChildMixin.visitChildren (package:flutter/src/rendering/object.dart:4244:14)
#29     RenderObject.visitChildrenForSemantics (package:flutter/src/rendering/object.dart:3929:5)
#30     _RenderObjectSemantics._getNonBlockedChildren (package:flutter/src/rendering/object.dart:5925:18)
#31     _RenderObjectSemantics._collectChildMergeUpAndSiblingGroup (package:flutter/src/rendering/object.dart:5993:57)
#32     _RenderObjectSemantics.updateChildren (package:flutter/src/rendering/object.dart:5825:50)
#33     _RenderObjectSemantics._didUpdateParentData (package:flutter/src/rendering/object.dart:6071:5)
#34     _RenderObjectSemantics._collectChildMergeUpAndSiblingGroup (package:flutter/src/rendering/object.dart:5995:22)
#35     _RenderObjectSemantics.updateChildren (package:flutter/src/rendering/object.dart:5825:50)
#36     _RenderObjectSemantics._didUpdateParentData (package:flutter/src/rendering/object.dart:6071:5)
#37     _RenderObjectSemantics._collectChildMergeUpAndSiblingGroup (package:flutter/src/rendering/object.dart:5995:22)
#38     _RenderObjectSemantics.updateChildren (package:flutter/src/rendering/object.dart:5825:50)
#39     _RenderObjectSemantics._didUpdateParentData (package:flutter/src/rendering/object.dart:6071:5)
#40     _RenderObjectSemantics._collectChildMergeUpAndSiblingGroup (package:flutter/src/rendering/object.dart:5995:22)
#41     _RenderObjectSemantics.updateChildren (package:flutter/src/rendering/object.dart:5825:50)
#42     _RenderObjectSemantics._didUpdateParentData (package:flutter/src/rendering/object.dart:6071:5)
#43     _RenderObjectSemantics._collectChildMergeUpAndSiblingGroup (package:flutter/src/rendering/object.dart:5995:22)
#44     _RenderObjectSemantics.updateChildren (package:flutter/src/rendering/object.dart:5825:50)
#45     _RenderObjectSemantics._didUpdateParentData (package:flutter/src/rendering/object.dart:6071:5)
#46     _RenderObjectSemantics._collectChildMergeUpAndSiblingGroup (package:flutter/src/rendering/object.dart:5995:22)
#47     _RenderObjectSemantics.updateChildren (package:flutter/src/rendering/object.dart:5825:50)
#48     _RenderObjectSemantics._didUpdateParentData (package:flutter/src/rendering/object.dart:6071:5)
#49     _RenderObjectSemantics._collectChildMergeUpAndSiblingGroup (package:flutter/src/rendering/object.dart:5995:22)
#50     _RenderObjectSemantics.updateChildren (package:flutter/src/rendering/object.dart:5825:50)
#51     _RenderObjectSemantics._didUpdateParentData (package:flutter/src/rendering/object.dart:6071:5)
#52     _RenderObjectSemantics._collectChildMergeUpAndSiblingGroup (package:flutter/src/rendering/object.dart:5995:22)
#53     _RenderObjectSemantics.updateChildren (package:flutter/src/rendering/object.dart:5825:50)
#54     _RenderObjectSemantics._didUpdateParentData (package:flutter/src/rendering/object.dart:6071:5)
#55     _RenderObjectSemantics._collectChildMergeUpAndSiblingGroup (package:flutter/src/rendering/object.dart:5995:22)
#56     _RenderObjectSemantics.updateChildren (package:flutter/src/rendering/object.dart:5825:50)
#57     _RenderObjectSemantics._didUpdateParentData (package:flutter/src/rendering/object.dart:6071:5)
#58     _RenderObjectSemantics._collectChildMergeUpAndSiblingGroup (package:flutter/src/rendering/object.dart:5995:22)
#59     _RenderObjectSemantics.updateChildren (package:flutter/src/rendering/object.dart:5825:50)
#60     _RenderObjectSemantics._didUpdateParentData (package:flutter/src/rendering/object.dart:6071:5)
#61     _RenderObjectSemantics._collectChildMergeUpAndSiblingGroup (package:flutter/src/rendering/object.dart:5995:22)
#62     _RenderObjectSemantics.updateChildren (package:flutter/src/rendering/object.dart:5825:50)
#63     _RenderObjectSemantics._didUpdateParentData (package:flutter/src/rendering/object.dart:6071:5)
#64     _RenderObjectSemantics._collectChildMergeUpAndSiblingGroup (package:flutter/src/rendering/object.dart:5995:22)
#65     _RenderObjectSemantics.updateChildren (package:flutter/src/rendering/object.dart:5825:50)
#66     _RenderObjectSemantics._didUpdateParentData (package:flutter/src/rendering/object.dart:6071:5)
#67     _RenderObjectSemantics._collectChildMergeUpAndSiblingGroup (package:flutter/src/rendering/object.dart:5995:22)
#68     _RenderObjectSemantics.updateChildren (package:flutter/src/rendering/object.dart:5825:50)
#69     _RenderObjectSemantics._didUpdateParentData (package:flutter/src/rendering/object.dart:6071:5)
#70     _RenderObjectSemantics._collectChildMergeUpAndSiblingGroup (package:flutter/src/rendering/object.dart:5995:22)
#71     _RenderObjectSemantics.updateChildren (package:flutter/src/rendering/object.dart:5825:50)
#72     _RenderObjectSemantics._didUpdateParentData (package:flutter/src/rendering/object.dart:6071:5)
#73     _RenderObjectSemantics._collectChildMergeUpAndSiblingGroup (package:flutter/src/rendering/object.dart:5995:22)
#74     _RenderObjectSemantics.updateChildren (package:flutter/src/rendering/object.dart:5825:50)
#75     _RenderObjectSemantics._didUpdateParentData (package:flutter/src/rendering/object.dart:6071:5)
#76     _RenderObjectSemantics._collectChildMergeUpAndSiblingGroup (package:flutter/src/rendering/object.dart:5995:22)
#77     _RenderObjectSemantics.updateChildren (package:flutter/src/rendering/object.dart:5825:50)
#78     _RenderObjectSemantics._didUpdateParentData (package:flutter/src/rendering/object.dart:6071:5)
#79     _RenderObjectSemantics._collectChildMergeUpAndSiblingGroup (package:flutter/src/rendering/object.dart:5995:22)
#80     _RenderObjectSemantics.updateChildren (package:flutter/src/rendering/object.dart:5825:50)
#81     _RenderObjectSemantics._didUpdateParentData (package:flutter/src/rendering/object.dart:6071:5)
#82     _RenderObjectSemantics._collectChildMergeUpAndSiblingGroup (package:flutter/src/rendering/object.dart:5995:22)
#83     _RenderObjectSemantics.updateChildren (package:flutter/src/rendering/object.dart:5825:50)
#84     _RenderObjectSemantics._didUpdateParentData (package:flutter/src/rendering/object.dart:6071:5)
#85     _RenderObjectSemantics._collectChildMergeUpAndSiblingGroup (package:flutter/src/rendering/object.dart:5995:22)
#86     _RenderObjectSemantics.updateChildren (package:flutter/src/rendering/object.dart:5825:50)
#87     _RenderObjectSemantics._didUpdateParentData (package:flutter/src/rendering/object.dart:6071:5)
#88     _RenderObjectSemantics._collectChildMergeUpAndSiblingGroup (package:flutter/src/rendering/object.dart:5995:22)
#89     _RenderObjectSemantics.updateChildren (package:flutter/src/rendering/object.dart:5825:50)
#90     _RenderObjectSemantics._didUpdateParentData (package:flutter/src/rendering/object.dart:6071:5)
#91     _RenderObjectSemantics._collectChildMergeUpAndSiblingGroup (package:flutter/src/rendering/object.dart:5995:22)
#92     _RenderObjectSemantics.updateChildren (package:flutter/src/rendering/object.dart:5825:50)
#93     _RenderObjectSemantics._didUpdateParentData (package:flutter/src/rendering/object.dart:6071:5)
#94     _RenderObjectSemantics._collectChildMergeUpAndSiblingGroup (package:flutter/src/rendering/object.dart:5995:22)
#95     _RenderObjectSemantics.updateChildren (package:flutter/src/rendering/object.dart:5825:50)
#96     _RenderObjectSemantics._didUpdateParentData (package:flutter/src/rendering/object.dart:6071:5)
#97     _RenderObjectSemantics._collectChildMergeUpAndSiblingGroup (package:flutter/src/rendering/object.dart:5995:22)
#98     _RenderObjectSemantics.updateChildren (package:flutter/src/rendering/object.dart:5825:50)
#99     _RenderObjectSemantics._didUpdateParentData (package:flutter/src/rendering/object.dart:6071:5)
#100    _RenderObjectSemantics._collectChildMergeUpAndSiblingGroup (package:flutter/src/rendering/object.dart:5995:22)
#101    _RenderObjectSemantics.updateChildren (package:flutter/src/rendering/object.dart:5825:50)
#102    _RenderObjectSemantics._didUpdateParentData (package:flutter/src/rendering/object.dart:6071:5)
#103    _RenderObjectSemantics._collectChildMergeUpAndSiblingGroup (package:flutter/src/rendering/object.dart:5995:22)
#104    _RenderObjectSemantics.updateChildren (package:flutter/src/rendering/object.dart:5825:50)
#105    _RenderObjectSemantics._didUpdateParentData (package:flutter/src/rendering/object.dart:6071:5)
#106    _RenderObjectSemantics._collectChildMergeUpAndSiblingGroup (package:flutter/src/rendering/object.dart:5995:22)
#107    _RenderObjectSemantics.updateChildren (package:flutter/src/rendering/object.dart:5825:50)
#108    _RenderObjectSemantics._didUpdateParentData (package:flutter/src/rendering/object.dart:6071:5)
#109    _RenderObjectSemantics._collectChildMergeUpAndSiblingGroup (package:flutter/src/rendering/object.dart:5995:22)
#110    _RenderObjectSemantics.updateChildren (package:flutter/src/rendering/object.dart:5825:50)
#111    _RenderObjectSemantics._didUpdateParentData (package:flutter/src/rendering/object.dart:6071:5)
#112    _RenderObjectSemantics._collectChildMergeUpAndSiblingGroup (package:flutter/src/rendering/object.dart:5995:22)
#113    _RenderObjectSemantics.updateChildren (package:flutter/src/rendering/object.dart:5825:50)
#114    _RenderObjectSemantics._didUpdateParentData (package:flutter/src/rendering/object.dart:6071:5)
#115    _RenderObjectSemantics._collectChildMergeUpAndSiblingGroup (package:flutter/src/rendering/object.dart:5995:22)
#116    _RenderObjectSemantics.updateChildren (package:flutter/src/rendering/object.dart:5825:50)
#117    _RenderObjectSemantics._didUpdateParentData (package:flutter/src/rendering/object.dart:6071:5)
#118    _RenderObjectSemantics._collectChildMergeUpAndSiblingGroup (package:flutter/src/rendering/object.dart:5995:22)
#119    _RenderObjectSemantics.updateChildren (package:flutter/src/rendering/object.dart:5825:50)
#120    _RenderObjectSemantics._didUpdateParentData (package:flutter/src/rendering/object.dart:6071:5)
#121    _RenderObjectSemantics._collectChildMergeUpAndSiblingGroup (package:flutter/src/rendering/object.dart:5995:22)
#122    _RenderObjectSemantics.updateChildren (package:flutter/src/rendering/object.dart:5825:50)
#123    _RenderObjectSemantics._didUpdateParentData (package:flutter/src/rendering/object.dart:6071:5)
#124    _RenderObjectSemantics._collectChildMergeUpAndSiblingGroup (package:flutter/src/rendering/object.dart:5995:22)
#125    _RenderObjectSemantics.updateChildren (package:flutter/src/rendering/object.dart:5825:50)
#126    _RenderObjectSemantics._didUpdateParentData (package:flutter/src/rendering/object.dart:6071:5)
#127    _RenderObjectSemantics._collectChildMergeUpAndSiblingGroup (package:flutter/src/rendering/object.dart:5995:22)
#128    _RenderObjectSemantics.updateChildren (package:flutter/src/rendering/object.dart:5825:50)
#129    _RenderObjectSemantics._didUpdateParentData (package:flutter/src/rendering/object.dart:6071:5)
#130    _RenderObjectSemantics._collectChildMergeUpAndSiblingGroup (package:flutter/src/rendering/object.dart:5995:22)
#131    _RenderObjectSemantics.updateChildren (package:flutter/src/rendering/object.dart:5825:50)
#132    _RenderObjectSemantics._didUpdateParentData (package:flutter/src/rendering/object.dart:6071:5)
#133    _RenderObjectSemantics._collectChildMergeUpAndSiblingGroup (package:flutter/src/rendering/object.dart:5995:22)
#134    _RenderObjectSemantics.updateChildren (package:flutter/src/rendering/object.dart:5825:50)
#135    _RenderObjectSemantics._didUpdateParentData (package:flutter/src/rendering/object.dart:6071:5)
#136    _RenderObjectSemantics._collectChildMergeUpAndSiblingGroup (package:flutter/src/rendering/object.dart:5995:22)
#137    _RenderObjectSemantics.updateChildren (package:flutter/src/rendering/object.dart:5825:50)
#138    _RenderObjectSemantics._didUpdateParentData (package:flutter/src/rendering/object.dart:6071:5)
#139    _RenderObjectSemantics._collectChildMergeUpAndSiblingGroup (package:flutter/src/rendering/object.dart:5995:22)
#140    _RenderObjectSemantics.updateChildren (package:flutter/src/rendering/object.dart:5825:50)
#141    _RenderObjectSemantics._didUpdateParentData (package:flutter/src/rendering/object.dart:6071:5)
#142    _RenderObjectSemantics._collectChildMergeUpAndSiblingGroup (package:flutter/src/rendering/object.dart:5995:22)
#143    _RenderObjectSemantics.updateChildren (package:flutter/src/rendering/object.dart:5825:50)
#144    _RenderObjectSemantics._didUpdateParentData (package:flutter/src/rendering/object.dart:6071:5)
#145    _RenderObjectSemantics._collectChildMergeUpAndSiblingGroup (package:flutter/src/rendering/object.dart:5995:22)
#146    _RenderObjectSemantics.updateChildren (package:flutter/src/rendering/object.dart:5825:50)
#147    _RenderObjectSemantics._didUpdateParentData (package:flutter/src/rendering/object.dart:6071:5)
#148    _RenderObjectSemantics._collectChildMergeUpAndSiblingGroup (package:flutter/src/rendering/object.dart:5995:22)
#149    _RenderObjectSemantics.updateChildren (package:flutter/src/rendering/object.dart:5825:50)
#150    _RenderObjectSemantics._didUpdateParentData (package:flutter/src/rendering/object.dart:6071:5)
#151    _RenderObjectSemantics._collectChildMergeUpAndSiblingGroup (package:flutter/src/rendering/object.dart:5995:22)
#152    _RenderObjectSemantics.updateChildren (package:flutter/src/rendering/object.dart:5825:50)
#153    _RenderObjectSemantics._didUpdateParentData (package:flutter/src/rendering/object.dart:6071:5)
#154    _RenderObjectSemantics._collectChildMergeUpAndSiblingGroup (package:flutter/src/rendering/object.dart:5995:22)
#155    _RenderObjectSemantics.updateChildren (package:flutter/src/rendering/object.dart:5825:50)
#156    _RenderObjectSemantics._didUpdateParentData (package:flutter/src/rendering/object.dart:6071:5)
#157    _RenderObjectSemantics._collectChildMergeUpAndSiblingGroup (package:flutter/src/rendering/object.dart:5995:22)
#158    _RenderObjectSemantics.updateChildren (package:flutter/src/rendering/object.dart:5825:50)
#159    _RenderObjectSemantics._didUpdateParentData (package:flutter/src/rendering/object.dart:6071:5)
#160    _RenderObjectSemantics._collectChildMergeUpAndSiblingGroup (package:flutter/src/rendering/object.dart:5995:22)
#161    _RenderObjectSemantics.updateChildren (package:flutter/src/rendering/object.dart:5825:50)
#162    _RenderObjectSemantics._didUpdateParentData (package:flutter/src/rendering/object.dart:6071:5)
#163    _RenderObjectSemantics._collectChildMergeUpAndSiblingGroup (package:flutter/src/rendering/object.dart:5995:22)
#164    _RenderObjectSemantics.updateChildren (package:flutter/src/rendering/object.dart:5825:50)
#165    _RenderObjectSemantics._didUpdateParentData (package:flutter/src/rendering/object.dart:6071:5)
#166    _RenderObjectSemantics._collectChildMergeUpAndSiblingGroup (package:flutter/src/rendering/object.dart:5995:22)
#167    _RenderObjectSemantics.updateChildren (package:flutter/src/rendering/object.dart:5825:50)
#168    _RenderObjectSemantics._didUpdateParentData (package:flutter/src/rendering/object.dart:6071:5)
#169    _RenderObjectSemantics._collectChildMergeUpAndSiblingGroup (package:flutter/src/rendering/object.dart:5995:22)
#170    _RenderObjectSemantics.updateChildren (package:flutter/src/rendering/object.dart:5825:50)
#171    _RenderObjectSemantics._didUpdateParentData (package:flutter/src/rendering/object.dart:6071:5)
#172    _RenderObjectSemantics._collectChildMergeUpAndSiblingGroup (package:flutter/src/rendering/object.dart:5995:22)
#173    _RenderObjectSemantics.updateChildren (package:flutter/src/rendering/object.dart:5825:50)
#174    _RenderObjectSemantics._didUpdateParentData (package:flutter/src/rendering/object.dart:6071:5)
#175    _RenderObjectSemantics._collectChildMergeUpAndSiblingGroup (package:flutter/src/rendering/object.dart:5995:22)
#176    _RenderObjectSemantics.updateChildren (package:flutter/src/rendering/object.dart:5825:50)
#177    _RenderObjectSemantics._didUpdateParentData (package:flutter/src/rendering/object.dart:6071:5)
#178    _RenderObjectSemantics._collectChildMergeUpAndSiblingGroup (package:flutter/src/rendering/object.dart:5995:22)
#179    _RenderObjectSemantics.updateChildren (package:flutter/src/rendering/object.dart:5825:50)
#180    _RenderObjectSemantics._didUpdateParentData (package:flutter/src/rendering/object.dart:6071:5)
#181    _RenderObjectSemantics._collectChildMergeUpAndSiblingGroup (package:flutter/src/rendering/object.dart:5995:22)
#182    _RenderObjectSemantics.updateChildren (package:flutter/src/rendering/object.dart:5825:50)
#183    _RenderObjectSemantics._didUpdateParentData (package:flutter/src/rendering/object.dart:6071:5)
#184    _RenderObjectSemantics._collectChildMergeUpAndSiblingGroup (package:flutter/src/rendering/object.dart:5995:22)
#185    _RenderObjectSemantics.updateChildren (package:flutter/src/rendering/object.dart:5825:50)
#186    _RenderObjectSemantics._didUpdateParentData (package:flutter/src/rendering/object.dart:6071:5)
#187    _RenderObjectSemantics._collectChildMergeUpAndSiblingGroup (package:flutter/src/rendering/object.dart:5995:22)
#188    _RenderObjectSemantics.updateChildren (package:flutter/src/rendering/object.dart:5825:50)
#189    _RenderObjectSemantics._didUpdateParentData (package:flutter/src/rendering/object.dart:6071:5)
#190    _RenderObjectSemantics._collectChildMergeUpAndSiblingGroup (package:flutter/src/rendering/object.dart:5995:22)
#191    _RenderObjectSemantics.updateChildren (package:flutter/src/rendering/object.dart:5825:50)
#192    _RenderObjectSemantics._didUpdateParentData (package:flutter/src/rendering/object.dart:6071:5)
#193    _RenderObjectSemantics._collectChildMergeUpAndSiblingGroup (package:flutter/src/rendering/object.dart:5995:22)
#194    _RenderObjectSemantics.updateChildren (package:flutter/src/rendering/object.dart:5825:50)
#195    PipelineOwner.flushSemantics (package:flutter/src/rendering/object.dart:1489:25)
#196    PipelineOwner.flushSemantics (package:flutter/src/rendering/object.dart:1653:15)
#197    AutomatedTestWidgetsFlutterBinding.drawFrame (package:flutter_test/src/binding.dart:2444:35)
#198    RendererBinding._handlePersistentFrameCallback (package:flutter/src/rendering/binding.dart:509:5)
#199    SchedulerBinding._invokeFrameCallback (package:flutter/src/scheduler/binding.dart:1430:15)
#200    SchedulerBinding.handleDrawFrame (package:flutter/src/scheduler/binding.dart:1345:9)
#201    AutomatedTestWidgetsFlutterBinding.pump.<anonymous closure> (package:flutter_test/src/binding.dart:2260:9)
#204    TestAsyncUtils.guard (package:flutter_test/src/test_async_utils.dart:74:41)
#205    AutomatedTestWidgetsFlutterBinding.pump (package:flutter_test/src/binding.dart:2249:27)
#206    WidgetTester.pumpWidget.<anonymous closure> (package:flutter_test/src/widget_tester.dart:598:22)
#209    TestAsyncUtils.guard (package:flutter_test/src/test_async_utils.dart:74:41)
#210    WidgetTester.pumpWidget (package:flutter_test/src/widget_tester.dart:595:27)
#211    main.<anonymous closure>.<anonymous closure> (file:///Y:/AndroidStudioProject/Github/expert-project/test/presentation/pages/tv_detail_page_test.dart:100:20)
#212    testWidgets.<anonymous closure>.<anonymous closure> (package:flutter_test/src/widget_tester.dart:192:29)
<asynchronous suspension>
#213    TestWidgetsFlutterBinding._runTestBody (package:flutter_test/src/binding.dart:1952:5)
<asynchronous suspension>
<asynchronous suspension>
(elided 5 frames from dart:async and package:stack_trace)
ΓòÉΓòÉΓòÉΓòÉΓòÉΓòÉΓòÉΓòÉΓòÉΓòÉΓòÉΓòÉΓòÉΓòÉΓòÉΓòÉΓòÉΓòÉΓòÉΓòÉΓòÉΓòÉΓòÉΓòÉΓòÉΓòÉΓòÉΓòÉΓòÉΓòÉΓòÉΓòÉΓòÉΓòÉΓòÉΓòÉΓòÉΓòÉΓòÉΓòÉΓòÉΓòÉΓòÉΓòÉΓòÉΓòÉΓòÉΓòÉΓòÉΓòÉΓòÉΓòÉΓòÉΓòÉΓòÉΓòÉΓòÉΓòÉΓòÉΓòÉΓòÉΓòÉΓòÉΓòÉΓòÉΓòÉΓòÉΓòÉΓòÉΓòÉΓòÉΓòÉΓòÉΓòÉΓòÉΓòÉΓòÉΓòÉΓòÉΓòÉΓòÉΓòÉΓòÉΓòÉΓòÉΓòÉΓòÉΓòÉΓòÉΓòÉΓòÉΓòÉΓòÉΓòÉΓòÉΓòÉΓòÉΓòÉΓòÉΓòÉ
ΓòÉΓòÉΓòí EXCEPTION CAUGHT BY FLUTTER TEST FRAMEWORK Γò₧ΓòÉΓòÉΓòÉΓòÉΓòÉΓòÉΓòÉΓòÉΓòÉΓòÉΓòÉΓòÉΓòÉΓòÉΓòÉΓòÉΓòÉΓòÉΓòÉΓòÉΓòÉΓòÉΓòÉΓòÉΓòÉΓòÉΓòÉΓòÉΓòÉΓòÉΓòÉΓòÉΓòÉΓòÉΓòÉΓòÉΓòÉΓòÉΓòÉΓòÉΓòÉΓòÉΓòÉΓòÉΓòÉΓòÉΓòÉΓòÉΓòÉΓòÉΓòÉΓòÉ
The following assertion was thrown running a test:
'package:flutter_test/src/matchers.dart': Failed assertion: line 1392 pos 12: 'max != null && count
> min!': is not true.

When the exception was thrown, this was the stack:
#2      _FindsCountMatcher.describeMismatch (package:flutter_test/src/matchers.dart:1392:12)
#3      _expect.<anonymous closure> (package:matcher/src/expect/expect.dart:105:13)
#4      _expect (package:matcher/src/expect/expect.dart:182:17)
#5      expect (package:matcher/src/expect/expect.dart:65:3)
#6      expect (package:flutter_test/src/widget_tester.dart:473:18)
#7      main.<anonymous closure>.<anonymous closure> (file:///Y:/AndroidStudioProject/Github/expert-project/test/presentation/pages/tv_detail_page_test.dart:102:7)
<asynchronous suspension>
#8      testWidgets.<anonymous closure>.<anonymous closure> (package:flutter_test/src/widget_tester.dart:192:15)
<asynchronous suspension>
#9      TestWidgetsFlutterBinding._runTestBody (package:flutter_test/src/binding.dart:1952:5)
<asynchronous suspension>
<asynchronous suspension>
(elided 3 frames from class _AssertionError and package:stack_trace)

The test description was:
  Watchlist button should display check icon when tv is added
ΓòÉΓòÉΓòÉΓòÉΓòÉΓòÉΓòÉΓòÉΓòÉΓòÉΓòÉΓòÉΓòÉΓòÉΓòÉΓòÉΓòÉΓòÉΓòÉΓòÉΓòÉΓòÉΓòÉΓòÉΓòÉΓòÉΓòÉΓòÉΓòÉΓòÉΓòÉΓòÉΓòÉΓòÉΓòÉΓòÉΓòÉΓòÉΓòÉΓòÉΓòÉΓòÉΓòÉΓòÉΓòÉΓòÉΓòÉΓòÉΓòÉΓòÉΓòÉΓòÉΓòÉΓòÉΓòÉΓòÉΓòÉΓòÉΓòÉΓòÉΓòÉΓòÉΓòÉΓòÉΓòÉΓòÉΓòÉΓòÉΓòÉΓòÉΓòÉΓòÉΓòÉΓòÉΓòÉΓòÉΓòÉΓòÉΓòÉΓòÉΓòÉΓòÉΓòÉΓòÉΓòÉΓòÉΓòÉΓòÉΓòÉΓòÉΓòÉΓòÉΓòÉΓòÉΓòÉΓòÉΓòÉΓòÉΓòÉΓòÉ
ΓòÉΓòÉΓòí EXCEPTION CAUGHT BY FLUTTER TEST FRAMEWORK Γò₧ΓòÉΓòÉΓòÉΓòÉΓòÉΓòÉΓòÉΓòÉΓòÉΓòÉΓòÉΓòÉΓòÉΓòÉΓòÉΓòÉΓòÉΓòÉΓòÉΓòÉΓòÉΓòÉΓòÉΓòÉΓòÉΓòÉΓòÉΓòÉΓòÉΓòÉΓòÉΓòÉΓòÉΓòÉΓòÉΓòÉΓòÉΓòÉΓòÉΓòÉΓòÉΓòÉΓòÉΓòÉΓòÉΓòÉΓòÉΓòÉΓòÉΓòÉΓòÉΓòÉ
The following message was thrown:
Multiple exceptions (35) were detected during the running of the current test, and at least one was
unexpected.
ΓòÉΓòÉΓòÉΓòÉΓòÉΓòÉΓòÉΓòÉΓòÉΓòÉΓòÉΓòÉΓòÉΓòÉΓòÉΓòÉΓòÉΓòÉΓòÉΓòÉΓòÉΓòÉΓòÉΓòÉΓòÉΓòÉΓòÉΓòÉΓòÉΓòÉΓòÉΓòÉΓòÉΓòÉΓòÉΓòÉΓòÉΓòÉΓòÉΓòÉΓòÉΓòÉΓòÉΓòÉΓòÉΓòÉΓòÉΓòÉΓòÉΓòÉΓòÉΓòÉΓòÉΓòÉΓòÉΓòÉΓòÉΓòÉΓòÉΓòÉΓòÉΓòÉΓòÉΓòÉΓòÉΓòÉΓòÉΓòÉΓòÉΓòÉΓòÉΓòÉΓòÉΓòÉΓòÉΓòÉΓòÉΓòÉΓòÉΓòÉΓòÉΓòÉΓòÉΓòÉΓòÉΓòÉΓòÉΓòÉΓòÉΓòÉΓòÉΓòÉΓòÉΓòÉΓòÉΓòÉΓòÉΓòÉΓòÉΓòÉ
00:50 +270 -27: Y:/AndroidStudioProject/Github/expert-project/test/presentation/pages/tv_detail_page_test.dart: TvDetailPage Widget Watchlist button should display check icon when tv is added [E]
  Test failed. See exception logs above.
  The test description was: Watchlist button should display check icon when tv is added
  
00:50 +270 -27: Y:/AndroidStudioProject/Github/expert-project/test/presentation/pages/tv_detail_page_test.dart: TvDetailPage Widget Page should have correct route name
00:50 +271 -27: loading Y:/AndroidStudioProject/Github/expert-project/test/presentation/provider/movie_list_notifier_test.dart
00:51 +271 -27: Y:/AndroidStudioProject/Github/expert-project/test/presentation/provider/movie_list_notifier_test.dart: now playing movies initialState should be Empty
00:51 +272 -27: Y:/AndroidStudioProject/Github/expert-project/test/presentation/provider/movie_list_notifier_test.dart: now playing movies should get data from the usecase
00:51 +273 -27: Y:/AndroidStudioProject/Github/expert-project/test/presentation/provider/movie_list_notifier_test.dart: now playing movies should change state to Loading when usecase is called
00:51 +274 -27: Y:/AndroidStudioProject/Github/expert-project/test/presentation/provider/movie_list_notifier_test.dart: now playing movies should change movies when data is gotten successfully
00:51 +275 -27: Y:/AndroidStudioProject/Github/expert-project/test/presentation/provider/movie_list_notifier_test.dart: now playing movies should return error when data is unsuccessful
00:51 +276 -27: Y:/AndroidStudioProject/Github/expert-project/test/presentation/provider/movie_list_notifier_test.dart: popular movies should change state to loading when usecase is called
00:51 +277 -27: Y:/AndroidStudioProject/Github/expert-project/test/presentation/provider/movie_list_notifier_test.dart: popular movies should change movies data when data is gotten successfully
00:51 +278 -27: Y:/AndroidStudioProject/Github/expert-project/test/presentation/provider/movie_list_notifier_test.dart: popular movies should return error when data is unsuccessful
00:51 +279 -27: Y:/AndroidStudioProject/Github/expert-project/test/presentation/provider/movie_list_notifier_test.dart: top rated movies should change state to loading when usecase is called
00:51 +280 -27: Y:/AndroidStudioProject/Github/expert-project/test/presentation/provider/movie_list_notifier_test.dart: top rated movies should change movies data when data is gotten successfully
00:51 +281 -27: Y:/AndroidStudioProject/Github/expert-project/test/presentation/provider/movie_list_notifier_test.dart: top rated movies should return error when data is unsuccessful
00:52 +282 -27: Y:/AndroidStudioProject/Github/expert-project/test/presentation/provider/movie_search_notifier_test.dart: search movies should change state to loading when usecase is called
00:52 +283 -27: Y:/AndroidStudioProject/Github/expert-project/test/presentation/provider/movie_search_notifier_test.dart: search movies should change search result data when data is gotten successfully
00:52 +284 -27: Y:/AndroidStudioProject/Github/expert-project/test/presentation/provider/movie_search_notifier_test.dart: search movies should return error when data is unsuccessful
00:52 +285 -27: Y:/AndroidStudioProject/Github/expert-project/test/presentation/provider/on_the_air_tv_notifier_test.dart: should change state to loading when usecase is called
00:52 +286 -27: Y:/AndroidStudioProject/Github/expert-project/test/presentation/provider/on_the_air_tv_notifier_test.dart: should change tv data when data is gotten successfully
00:52 +287 -27: Y:/AndroidStudioProject/Github/expert-project/test/presentation/provider/on_the_air_tv_notifier_test.dart: should return error when data is unsuccessful
00:52 +288 -27: Y:/AndroidStudioProject/Github/expert-project/test/presentation/provider/popular_movies_notifier_test.dart: should change state to loading when usecase is called
00:52 +289 -27: Y:/AndroidStudioProject/Github/expert-project/test/presentation/provider/popular_movies_notifier_test.dart: should change movies data when data is gotten successfully
00:52 +290 -27: Y:/AndroidStudioProject/Github/expert-project/test/presentation/provider/popular_movies_notifier_test.dart: should return error when data is unsuccessful
00:53 +291 -27: loading Y:/AndroidStudioProject/Github/expert-project/test/presentation/provider/popular_tv_notifier_test.dart
00:54 +291 -27: Y:/AndroidStudioProject/Github/expert-project/test/presentation/provider/popular_tv_notifier_test.dart: should change state to loading when usecase is called
00:54 +292 -27: Y:/AndroidStudioProject/Github/expert-project/test/presentation/provider/popular_tv_notifier_test.dart: should change tv data when data is gotten successfully
00:54 +293 -27: Y:/AndroidStudioProject/Github/expert-project/test/presentation/provider/popular_tv_notifier_test.dart: should return error when data is unsuccessful
00:55 +294 -27: Y:/AndroidStudioProject/Github/expert-project/test/presentation/provider/top_rated_movies_notifier_test.dart: should change state to loading when usecase is called
00:55 +295 -27: Y:/AndroidStudioProject/Github/expert-project/test/presentation/provider/top_rated_movies_notifier_test.dart: should change movies data when data is gotten successfully
00:55 +296 -27: Y:/AndroidStudioProject/Github/expert-project/test/presentation/provider/top_rated_movies_notifier_test.dart: should return error when data is unsuccessful
00:55 +297 -27: Y:/AndroidStudioProject/Github/expert-project/test/presentation/provider/top_rated_tv_notifier_test.dart: should change state to loading when usecase is called
00:55 +298 -27: Y:/AndroidStudioProject/Github/expert-project/test/presentation/provider/top_rated_tv_notifier_test.dart: should change tv data when data is gotten successfully
00:55 +299 -27: Y:/AndroidStudioProject/Github/expert-project/test/presentation/provider/top_rated_tv_notifier_test.dart: should return error when data is unsuccessful
00:56 +300 -27: Y:/AndroidStudioProject/Github/expert-project/test/presentation/provider/tv_detail_notifier_test.dart: Get TV Detail should get data from the usecase
00:56 +301 -27: Y:/AndroidStudioProject/Github/expert-project/test/presentation/provider/tv_detail_notifier_test.dart: Get TV Detail should change state to Loading when usecase is called
00:56 +302 -27: Y:/AndroidStudioProject/Github/expert-project/test/presentation/provider/tv_detail_notifier_test.dart: Get TV Detail should change tv when data is gotten successfully
00:56 +303 -27: Y:/AndroidStudioProject/Github/expert-project/test/presentation/provider/tv_detail_notifier_test.dart: Get TV Detail should change recommendation state when data is gotten successfully
00:56 +304 -27: Y:/AndroidStudioProject/Github/expert-project/test/presentation/provider/tv_detail_notifier_test.dart: Watchlist should get the watchlist status
00:56 +305 -27: Y:/AndroidStudioProject/Github/expert-project/test/presentation/provider/tv_detail_notifier_test.dart: Watchlist should execute save watchlist when function called
00:56 +306 -27: Y:/AndroidStudioProject/Github/expert-project/test/presentation/provider/tv_detail_notifier_test.dart: Watchlist should execute remove watchlist when function called
00:56 +307 -27: Y:/AndroidStudioProject/Github/expert-project/test/presentation/provider/tv_detail_notifier_test.dart: Watchlist should update watchlist status when add watchlist success
00:56 +308 -27: Y:/AndroidStudioProject/Github/expert-project/test/presentation/provider/tv_detail_notifier_test.dart: Watchlist should update watchlist message when add watchlist failed
00:56 +309 -27: Y:/AndroidStudioProject/Github/expert-project/test/presentation/provider/tv_detail_notifier_test.dart: on Error should return error when data is unsuccessful
00:56 +310 -27: loading Y:/AndroidStudioProject/Github/expert-project/test/presentation/provider/tv_list_notifier_test.dart
00:58 +310 -27: Y:/AndroidStudioProject/Github/expert-project/test/presentation/provider/tv_list_notifier_test.dart: on the air tv initialState should be Empty
00:58 +311 -27: Y:/AndroidStudioProject/Github/expert-project/test/presentation/provider/tv_list_notifier_test.dart: on the air tv should get data from the usecase
00:58 +312 -27: Y:/AndroidStudioProject/Github/expert-project/test/presentation/provider/tv_list_notifier_test.dart: on the air tv should change state to Loading when usecase is called
00:58 +313 -27: Y:/AndroidStudioProject/Github/expert-project/test/presentation/provider/tv_list_notifier_test.dart: on the air tv should change tv when data is gotten successfully
00:58 +314 -27: Y:/AndroidStudioProject/Github/expert-project/test/presentation/provider/tv_list_notifier_test.dart: on the air tv should return error when data is unsuccessful
00:58 +315 -27: Y:/AndroidStudioProject/Github/expert-project/test/presentation/provider/tv_list_notifier_test.dart: popular tv should change state to loading when usecase is called
00:58 +316 -27: Y:/AndroidStudioProject/Github/expert-project/test/presentation/provider/tv_list_notifier_test.dart: popular tv should change tv data when data is gotten successfully
00:58 +317 -27: Y:/AndroidStudioProject/Github/expert-project/test/presentation/provider/tv_list_notifier_test.dart: popular tv should return error when data is unsuccessful
00:58 +318 -27: Y:/AndroidStudioProject/Github/expert-project/test/presentation/provider/tv_list_notifier_test.dart: top rated tv should change state to loading when usecase is called
00:58 +319 -27: Y:/AndroidStudioProject/Github/expert-project/test/presentation/provider/tv_list_notifier_test.dart: top rated tv should change tv data when data is gotten successfully
00:58 +320 -27: Y:/AndroidStudioProject/Github/expert-project/test/presentation/provider/tv_list_notifier_test.dart: top rated tv should return error when data is unsuccessful
00:58 +321 -27: Y:/AndroidStudioProject/Github/expert-project/test/presentation/provider/tv_search_notifier_test.dart: should change state to loading when usecase is called
00:58 +322 -27: Y:/AndroidStudioProject/Github/expert-project/test/presentation/provider/tv_search_notifier_test.dart: should change search result data when data is gotten successfully
00:58 +323 -27: Y:/AndroidStudioProject/Github/expert-project/test/presentation/provider/tv_search_notifier_test.dart: should return error when data is unsuccessful
00:58 +324 -27: Y:/AndroidStudioProject/Github/expert-project/test/presentation/provider/watchlist_notifier_test.dart: should change state to Loading when usecase is called
00:59 +325 -27: Y:/AndroidStudioProject/Github/expert-project/test/presentation/provider/watchlist_notifier_test.dart: should change watchlist data when data is gotten successfully
00:59 +326 -27: Y:/AndroidStudioProject/Github/expert-project/test/presentation/provider/watchlist_notifier_test.dart: should return error when data is unsuccessful
00:59 +327 -27: Y:/AndroidStudioProject/Github/expert-project/test/presentation/widgets/custom_drawer_test.dart: should display all menu items
01:01 +328 -27: Y:/AndroidStudioProject/Github/expert-project/test/presentation/widgets/movie_card_list_test.dart: MovieCard Widget MovieCard should display movie title
01:02 +329 -27: Y:/AndroidStudioProject/Github/expert-project/test/presentation/widgets/tv_card_list_test.dart: TvCard Widget TvCard should display tv series name
01:02 +330 -27: Y:/AndroidStudioProject/Github/expert-project/test/presentation/widgets/tv_card_list_test.dart: TvCard Widget TvCard should display tv series name
01:02 +331 -27: Y:/AndroidStudioProject/Github/expert-project/test/presentation/widgets/tv_card_list_test.dart: TvCard Widget TvCard should display tv series name
01:02 +332 -27: Y:/AndroidStudioProject/Github/expert-project/test/presentation/widgets/watchlist_grid_card_test.dart: should display title and type label
01:03 +333 -27: Y:/AndroidStudioProject/Github/expert-project/test/presentation/widgets/watchlist_grid_card_test.dart: should display title and type label
01:03 +334 -27: Y:/AndroidStudioProject/Github/expert-project/test/presentation/widgets/watchlist_grid_card_test.dart: should display title and type label
01:03 +335 -27: Y:/AndroidStudioProject/Github/expert-project/test/presentation/widgets/watchlist_grid_card_test.dart: should display title and type label
01:03 +336 -27: Y:/AndroidStudioProject/Github/expert-project/test/presentation/widgets/watchlist_grid_card_test.dart: should display title and type label
01:03 +337 -27: Y:/AndroidStudioProject/Github/expert-project/test/presentation/widgets/watchlist_grid_card_test.dart: should display title and type label
01:03 +338 -27: Y:/AndroidStudioProject/Github/expert-project/test/presentation/widgets/watchlist_grid_card_test.dart: should display title and type label
01:03 +339 -27: Y:/AndroidStudioProject/Github/expert-project/test/presentation/widgets/watchlist_grid_card_test.dart: should display title and type label
01:03 +340 -27: Y:/AndroidStudioProject/Github/expert-project/test/presentation/widgets/tv_card_list_test.dart: TvCard Widget TvCard should navigate on tap
01:03 +341 -27: Y:/AndroidStudioProject/Github/expert-project/test/presentation/widgets/watchlist_grid_card_test.dart: should display TV SERIES label for tv type
01:03 +342 -27: Y:/AndroidStudioProject/Github/expert-project/test/presentation/widgets/watchlist_grid_card_test.dart: should display TV SERIES label for tv type
01:03 +343 -27: Y:/AndroidStudioProject/Github/expert-project/test/presentation/widgets/tv_card_list_test.dart: TvCard Widget TvCard should display ClipRRect for image border radius
01:03 +344 -27: Y:/AndroidStudioProject/Github/expert-project/test/presentation/widgets/tv_card_list_test.dart: TvCard Widget TvCard with null name should display dash
01:03 +345 -27: Y:/AndroidStudioProject/Github/expert-project/test/presentation/widgets/tv_card_list_test.dart: TvCard Widget TvCard with null overview should display dash
01:03 +346 -27: Y:/AndroidStudioProject/Github/expert-project/test/presentation/widgets/tv_card_list_test.dart: TvCard Widget TvCard should have Stack layout
01:03 +347 -27: Y:/AndroidStudioProject/Github/expert-project/test/presentation/widgets/tv_card_list_test.dart: TvCard Widget TvCard should have margin between cards
01:04 +348 -27: Some tests failed.

Failing tests:
  Y:/AndroidStudioProject/Github/expert-project/test/data/database_helper_test.dart: DatabaseHelper DatabaseHelper should handle multiple operations
  Y:/AndroidStudioProject/Github/expert-project/test/data/database_helper_test.dart: DatabaseHelper Different cache categories should be separate
  Y:/AndroidStudioProject/Github/expert-project/test/data/database_helper_test.dart: DatabaseHelper clearCache should return integer
  Y:/AndroidStudioProject/Github/expert-project/test/data/database_helper_test.dart: DatabaseHelper database getter should initialize database
  ... and 23 more
